Archive member included because of file (symbol)

icomlib.a(etimer.o)           ssv6060-main.o (etimer_set)
icomlib.a(printf.o)           ssv6060-main.o (printf)
icomlib.a(process.o)          icomlib.a(etimer.o) (process_post)
icomlib.a(strformat.o)        icomlib.a(printf.o) (format_str_v)
icomlib.a(timer.o)            icomlib.a(etimer.o) (timer_set)
icomlib.a(atcmd_icomm.o)      ssv6060-main.o (At_Disconnect)
icomlib.a(boot-hiflying.o)    /tmp/ccphMyfd.o (boot_main)
icomlib.a(clock.o)            icomlib.a(etimer.o) (clock_time)
icomlib.a(contiki-main.o)     icomlib.a(boot-hiflying.o) (main)
icomlib.a(debug-uart.o)       icomlib.a(printf.o) (dbg_send_bytes)
icomlib.a(gpio_api.o)         ssv6060-main.o (pinMode)
icomlib.a(drv_timer.o)        icomlib.a(clock.o) (hwtmr_start)
icomlib.a(drv_uart.o)         icomlib.a(debug-uart.o) (drv_uart_tx)
icomlib.a(hw_init.o)          icomlib.a(drv_uart.o) (ssv_delay)
icomlib.a(hw_regs_api.o)      icomlib.a(hw_init.o) (hw_reg_write)
icomlib.a(ssv_lib.o)          icomlib.a(printf.o) (strlen)
icomlib.a(ssv_lib_slow.o)     icomlib.a(atcmd_icomm.o) (dbg_dump_binary)
icomlib.a(swpwm.o)            icomlib.a(clock.o) (initSwPWM)
icomlib.a(systemconf.o)       icomlib.a(atcmd_icomm.o) (gwifistatus)
icomlib.a(wdog_api.o)         ssv6060-main.o (api_wdog_reboot)
icomlib.a(xmem.o)             icomlib.a(contiki-main.o) (cabrio_flash_init)
icomlib.a(bsp.o)              icomlib.a(hw_init.o) (set_mrx_filter_sta)
icomlib.a(crypthw.o)          icomlib.a(hw_init.o) (g_soc_table)
icomlib.a(dbg-atcmd-api.o)    icomlib.a(hw_init.o) (UpdateConf)
icomlib.a(drv_mac.o)          icomlib.a(dbg-atcmd-api.o) (SET_STA_MAC)
icomlib.a(drv_phy.o)          icomlib.a(hw_init.o) (drv_phy_init)
icomlib.a(drv_pktbuf.o)       icomlib.a(dbg-atcmd-api.o) (setpacketbuf_len)
icomlib.a(drv_pktbuf_slow)    icomlib.a(atcmd_icomm.o) (ssv6xxx_pbuf_dump_reg)
icomlib.a(hash_alg.o)         icomlib.a(atcmd_icomm.o) (pbkdf2_sha1)
icomlib.a(hmac_md5.o)         icomlib.a(hash_alg.o) (hmac_md5_init)
icomlib.a(hmac_sha1.o)        icomlib.a(hash_alg.o) (hmac_sha1_init)
icomlib.a(ieee80211_mgmt.)    icomlib.a(atcmd_icomm.o) (getAvailableIndex)
icomlib.a(ieee80211_rdc.o)    icomlib.a(dbg-atcmd-api.o) (ieee80211_rdc)
icomlib.a(irq.o)              icomlib.a(wdog_api.o) (irq_mask_disable)
icomlib.a(netstack.o)         icomlib.a(contiki-main.o) (netstack_init)
icomlib.a(powersave.o)        icomlib.a(ieee80211_mgmt.) (is_waketime_alive)
icomlib.a(rate_control.o)     icomlib.a(ieee80211_mgmt.) (init_ratecontrol)
icomlib.a(sha1.o)             icomlib.a(hmac_sha1.o) (sha1hw_init)
icomlib.a(soft_ap.o)          icomlib.a(bsp.o) (softap_get_sta_connected)
icomlib.a(ssv6200_rx.o)       icomlib.a(powersave.o) (is_tx_active)
icomlib.a(ssvradio.o)         icomlib.a(ssv6200_rx.o) (ssv6200_radio_retrans)
icomlib.a(wpa.o)              icomlib.a(ieee80211_mgmt.) (init_wpa_ctx)
icomlib.a(sys_status_api.)    icomlib.a(atcmd_icomm.o) (get_local_mac)
icomlib.a(AES_decrypt.o)      icomlib.a(wpa.o) (aes_wrap)
icomlib.a(arc4.o)             icomlib.a(wpa.o) (arc4_skip)
icomlib.a(md5.o)              icomlib.a(hmac_md5.o) (MD5Init)
icomlib.a(wep.o)              icomlib.a(ieee80211_mgmt.) (getAuthChallengeTextLen)
icomlib.a(autostart.o)        icomlib.a(contiki-main.o) (autostart_start)
icomlib.a(shell-ping.o)       icomlib.a(atcmd_icomm.o) (ping_start)
icomlib.a(random.o)           icomlib.a(clock.o) (random_init)
icomlib.a(airkiss.o)          icomlib.a(ieee80211_mgmt.) (clearAirKissBuf)
icomlib.a(bsp_info.o)         icomlib.a(contiki-main.o) (bsp_get_boot_info)
icomlib.a(cfs-coffee.o)       icomlib.a(systemconf.o) (cfs_open)
icomlib.a(console.o)          icomlib.a(contiki-main.o) (console_init)
icomlib.a(drv_flash.o)        icomlib.a(systemconf.o) (drv_flash_get_cache_addr)
icomlib.a(drv_gpio.o)         icomlib.a(swpwm.o) (get_PAD_Addr)
icomlib.a(drv_pmu.o)          icomlib.a(powersave.o) (drv_pmu_powersave_mode)
icomlib.a(drv_wdog.o)         icomlib.a(wdog_api.o) (drv_wdog_reboot)
icomlib.a(fence.o)            icomlib.a(bsp.o) (fence_init)
icomlib.a(flash_api.o)        icomlib.a(systemconf.o) (spi_flash_sector_erase)
icomlib.a(smartComm.o)        icomlib.a(sys_status_api.) (set_slink_ready_ack)
icomlib.a(smartConf.o)        icomlib.a(ieee80211_mgmt.) (clearSmartLinkBuf)
icomlib.a(userSmart.o)        icomlib.a(ssv6200_rx.o) (rx_process_userSmart)
icomlib.a(ieee80211_mac.o)    icomlib.a(ieee80211_mgmt.) (rx_skb)
icomlib.a(ieee80211_net.o)    icomlib.a(netstack.o) (ieee80211_net)
icomlib.a(ssv6200_tx.o)       icomlib.a(ssvradio.o) (ssv6200_transmit)
icomlib.a(drv_fence.o)        icomlib.a(fence.o) (hwfence_init)
icomlib.a(drv_mbox.o)         icomlib.a(ssv6200_tx.o) (drv_mailbox_cpu_ff)
icomlib.a(EAPOL.o)            icomlib.a(ieee80211_net.o) (rx_process_eapol)
icomapps.a(atcmd.o)           icomlib.a(atcmd_icomm.o) (At_ParserInd)
icomapps.a(socket_app.o)      icomlib.a(smartComm.o) (setRemoteMAC)
[...]
Memory Configuration

Name             Origin             Length             Attributes
flash            0x03000000         0x00080000         xr
ram              0x02000000         0x00030000         xrw
*default*        0x00000000         0xffffffff

Linker script and memory map

                0x00080000                _flash_size_ = 0x80000
                0x00030000                _ram_size_ = 0x30000
                0x0202fffc                __stack_end__ = ((ORIGIN (ram) + 0x30000) - 0x4)
                0x00004000                _boot_size = 0x4000
                0x03000000                . = ORIGIN (flash)
                0x03000000                _sitxt0 = .

startup         0x03000000      0x1e0
 *(.startup1)
 .startup1      0x03000000       0x50 /tmp/ccphMyfd.o
 *(.startup2)
 .startup2      0x03000050      0x184 /tmp/ccphMyfd.o
                0x03000194                endless_loop
                0x030001e0                . = ALIGN (0x10)
 *fill*         0x030001d4        0xc 
                0x02029000                _vma_boot_text_beg = ((ORIGIN (ram) + 0x30000) - 0x7000)
                0x030001e0                _sitxt0a = (_sitxt0 + SIZEOF (startup))
                0x03004000                . = (ORIGIN (flash) + _boot_size)
                0x03004000                _sitxt2 = .

prog_in_flash   0x03004000    0x3270c
 *(.vars_second_boot)
 .vars_second_boot
                0x03004000       0x48 /tmp/ccphMyfd.o
 icomlib.a:contiki-main.o(.text.startup.main)
 .text.startup.main
                0x03004048      0x104 icomlib.a(contiki-main.o)
                0x03004048                main
 *(EXCLUDE_FILE(icomlib.a:ssv_lib.o icomlib.a:sha256.o icomlib.a:sha384.o icomlib.a:sha512.o icomlib.a:x905.o icomlib.a:asn1.o icomlib.a:pstmsqrcomba.o icomlib.a:pstmmulcomba.o icomlib.a:pstmmonreduce.o icomlib.a:pstm.o contikilib.a:socket_driver.o icomlib.a:powersave.o icomlib.a:hw_regs_api.o icomlib.a:flash_api.o icomlib.a:drv_flash.o icomlib.a:xmem.o icomlib.a:soft_ap.o icomlib.a:debug-uart.o icomlib.a:dbg-puts.o icomlib.a:strformat.o icomlib.a:dbg-printf.o icomlib.a:rate_control.o icomlib.a:throughput.o icomlib.a:ssv6200_tx.o icomlib.a:ssv6200_rx.o icomlib.a:ssvradio.o icomlib.a:drv_pktbuf.o icomlib.a:packetbuf.o icomlib.a:ieee80211_rdc.o icomlib.a:ieee80211_net.o contikilib.a:tcpip.o icomlib.a:etimer.o icomlib.a:clock.o icomlib.a:timer.o contikilib.a:uip.o icomlib.a:AES_decrypt.o icomlib.a:boot-hiflying.o) .text*)
 .text          0x0300414c        0x0 /tmp/ccphMyfd.o
 .text          0x0300414c        0x0 ssv6060-main.o
 .text.AT_Customer
                0x0300414c       0x18 ssv6060-main.o
                0x0300414c                AT_Customer
 .text.AT_Customer2
                0x03004164       0x50 ssv6060-main.o
                0x03004164                AT_Customer2
 .text.process_thread_ac_nslookup_process
                0x030041b4       0xec ssv6060-main.o
 .text.process_thread_ac_tcp_connect_process
                0x030042a0      0x228 ssv6060-main.o
 .text.AT_SmartLink
                0x030044c8       0x14 ssv6060-main.o
                0x030044c8                AT_SmartLink
 .text.AT_WIFIUART_DEMO
                0x030044dc       0x78 ssv6060-main.o
                0x030044dc                AT_WIFIUART_DEMO
 .text.AT_TCPSERVER_DEMO
                0x03004554       0x78 ssv6060-main.o
                0x03004554                AT_TCPSERVER_DEMO
 .text.allocate_buffer_in_ext
                0x030045cc       0x40 ssv6060-main.o
                0x030045cc                allocate_buffer_in_ext
 .text.TurnOffAllLED
                0x0300460c       0x70 ssv6060-main.o
                0x0300460c                TurnOffAllLED
 .text.SetLED   0x0300467c       0x50 ssv6060-main.o
                0x0300467c                SetLED
 .text.Ac_Dns   0x030046cc       0x24 ssv6060-main.o
                0x030046cc                Ac_Dns
 .text.Ac_ConnectGateway
                0x030046f0       0x30 ssv6060-main.o
                0x030046f0                Ac_ConnectGateway
 .text.Ac_BcInit
                0x03004720       0x4c ssv6060-main.o
                0x03004720                Ac_BcInit
 .text.process_thread_main_process
                0x0300476c       0xa8 ssv6060-main.o
 .text          0x03004814        0x0 icomlib.a(printf.o)
 .text.write_str
                0x03004814       0x1c icomlib.a(printf.o)
 .text.printf   0x03004830       0x30 icomlib.a(printf.o)
                0x03004830                printf
 .text.uart_tx1
                0x03004860       0x14 icomlib.a(printf.o)
                0x03004860                uart_tx1
 .text.printchar
                0x03004874       0x50 icomlib.a(printf.o)
 .text.prints   0x030048c4      0x10c icomlib.a(printf.o)
 .text.printi   0x030049d0      0x118 icomlib.a(printf.o)
 .text.print    0x03004ae8      0x1f8 icomlib.a(printf.o)
                0x03004ae8                print
 .text.sprintf  0x03004ce0       0x30 icomlib.a(printf.o)
                0x03004ce0                sprintf
 .text.vsprintf
                0x03004d10       0x1c icomlib.a(printf.o)
                0x03004d10                vsprintf
 .text.set_log_all_group_enable
                0x03004d2c       0x24 icomlib.a(printf.o)
                0x03004d2c                set_log_all_group_enable
 .text.set_log_all_group_disable
                0x03004d50       0x24 icomlib.a(printf.o)
                0x03004d50                set_log_all_group_disable
 .text.set_log_all_group
                0x03004d74       0x2c icomlib.a(printf.o)
                0x03004d74                set_log_all_group
 .text.set_log_all_level
                0x03004da0       0x8c icomlib.a(printf.o)
                0x03004da0                set_log_all_level
 .text.set_log_single_group_level
                0x03004e2c       0x40 icomlib.a(printf.o)
                0x03004e2c                set_log_single_group_level
 .text.dump_log_control_info
                0x03004e6c       0x78 icomlib.a(printf.o)
                0x03004e6c                dump_log_control_info
 .text          0x03004ee4        0x0 icomlib.a(process.o)
 .text.process_alloc_event
                0x03004ee4       0x18 icomlib.a(process.o)
                0x03004ee4                process_alloc_event
 .text.check_process_in_que
                0x03004efc       0x64 icomlib.a(process.o)
                0x03004efc                check_process_in_que
 .text.process_debug
                0x03004f60      0x150 icomlib.a(process.o)
                0x03004f60                process_debug
 .text          0x030050b0        0x0 icomlib.a(atcmd_icomm.o)
 .text.ip2int   0x030050b0       0xe4 icomlib.a(atcmd_icomm.o)
                0x030050b0                ip2int
 .text.At_RespOK
                0x03005194       0x74 icomlib.a(atcmd_icomm.o)
                0x03005194                At_RespOK
 .text.At_GetLocalMac
                0x03005208       0x4c icomlib.a(atcmd_icomm.o)
                0x03005208                At_GetLocalMac
 .text.At_GetVersion
                0x03005254       0x2c icomlib.a(atcmd_icomm.o)
                0x03005254                At_GetVersion
 .text.At_GetManufactureInfo
                0x03005280       0x2c icomlib.a(atcmd_icomm.o)
                0x03005280                At_GetManufactureInfo
 .text.At_SetWifiConfig
                0x030052ac      0x214 icomlib.a(atcmd_icomm.o)
                0x030052ac                At_SetWifiConfig
 .text.At_GetConfigure
                0x030054c0       0xb4 icomlib.a(atcmd_icomm.o)
                0x030054c0                At_GetConfigure
 .text.At_SetIfConfigure
                0x03005574      0x19c icomlib.a(atcmd_icomm.o)
                0x03005574                At_SetIfConfigure
 .text.At_GetNetStatus
                0x03005710       0x30 icomlib.a(atcmd_icomm.o)
                0x03005710                At_GetNetStatus
 .text.At_Ping  0x03005740       0x80 icomlib.a(atcmd_icomm.o)
                0x03005740                At_Ping
 .text.At_Help  0x030057c0      0x210 icomlib.a(atcmd_icomm.o)
                0x030057c0                At_Help
 .text.At_GetApStatus
                0x030059d0       0x70 icomlib.a(atcmd_icomm.o)
                0x030059d0                At_GetApStatus
 .text.At_GetWifiStatus
                0x03005a40      0x350 icomlib.a(atcmd_icomm.o)
                0x03005a40                At_GetWifiStatus
 .text.At_GetMRX
                0x03005d90      0x130 icomlib.a(atcmd_icomm.o)
                0x03005d90                At_GetMRX
 .text.At_TestMemRead
                0x03005ec0       0x88 icomlib.a(atcmd_icomm.o)
                0x03005ec0                At_TestMemRead
 .text.At_MboxDump
                0x03005f48       0x10 icomlib.a(atcmd_icomm.o)
                0x03005f48                At_MboxDump
 .text.At_WifiReset
                0x03005f58       0x10 icomlib.a(atcmd_icomm.o)
                0x03005f58                At_WifiReset
 .text.At_GetIPconf
                0x03005f68       0x4c icomlib.a(atcmd_icomm.o)
                0x03005f68                At_GetIPconf
 .text.At_NetScan
                0x03005fb4       0x14 icomlib.a(atcmd_icomm.o)
                0x03005fb4                At_NetScan
 .text.At_NetScan_Custom
                0x03005fc8       0xb4 icomlib.a(atcmd_icomm.o)
                0x03005fc8                At_NetScan_Custom
 .text.At_Connect
                0x0300607c       0x58 icomlib.a(atcmd_icomm.o)
                0x0300607c                At_Connect
 .text.process_thread_Cabrio_ate_process
                0x030060d4      0x120 icomlib.a(atcmd_icomm.o)
 .text.At_Disconnect
                0x030061f4       0x10 icomlib.a(atcmd_icomm.o)
                0x030061f4                At_Disconnect
 .text.At_POWERSAVE
                0x03006204       0x34 icomlib.a(atcmd_icomm.o)
                0x03006204                At_POWERSAVE
 .text.At_WriteReg32
                0x03006238       0xd4 icomlib.a(atcmd_icomm.o)
                0x03006238                At_WriteReg32
 .text.At_ReadReg32
                0x0300630c       0x94 icomlib.a(atcmd_icomm.o)
                0x0300630c                At_ReadReg32
 .text.At_SetChannel
                0x030063a0       0x9c icomlib.a(atcmd_icomm.o)
                0x030063a0                At_SetChannel
 .text.At_GetRfStatus
                0x0300643c      0x198 icomlib.a(atcmd_icomm.o)
                0x0300643c                At_GetRfStatus
 .text.At_ShowRfCommand
                0x030065d4      0x1cc icomlib.a(atcmd_icomm.o)
                0x030065d4                At_ShowRfCommand
 .text.AT_RemoveCfsConf
                0x030067a0        0x4 icomlib.a(atcmd_icomm.o)
                0x030067a0                AT_RemoveCfsConf
 .text.At_bmode_count
                0x030067a4       0x44 icomlib.a(atcmd_icomm.o)
                0x030067a4                At_bmode_count
 .text.At_bmode_reset
                0x030067e8       0x1c icomlib.a(atcmd_icomm.o)
                0x030067e8                At_bmode_reset
 .text.At_gmode_count
                0x03006804       0x48 icomlib.a(atcmd_icomm.o)
                0x03006804                At_gmode_count
 .text.At_gmode_reset
                0x0300684c       0x20 icomlib.a(atcmd_icomm.o)
                0x0300684c                At_gmode_reset
 .text.At_filter_reset
                0x0300686c      0x1f0 icomlib.a(atcmd_icomm.o)
                0x0300686c                At_filter_reset
 .text.At_filter_count
                0x03006a5c       0x5c icomlib.a(atcmd_icomm.o)
                0x03006a5c                At_filter_count
 .text.at_cmd_start
                0x03006ab8       0x1c icomlib.a(atcmd_icomm.o)
                0x03006ab8                at_cmd_start
 .text.at_cmd_exit
                0x03006ad4       0x18 icomlib.a(atcmd_icomm.o)
                0x03006ad4                at_cmd_exit
 .text          0x03006aec        0x0 icomlib.a(contiki-main.o)
 .text.test_rtimer
                0x03006aec        0xc icomlib.a(contiki-main.o)
                0x03006aec                test_rtimer
 .text.send_frame_rtimer
                0x03006af8        0xc icomlib.a(contiki-main.o)
                0x03006af8                send_frame_rtimer
 .text.dump_boot_message
                0x03006b04       0x60 icomlib.a(contiki-main.o)
                0x03006b04                dump_boot_message
 .text.get_all_config
                0x03006b64       0x38 icomlib.a(contiki-main.o)
                0x03006b64                get_all_config
 .text.log_init
                0x03006b9c       0x10 icomlib.a(contiki-main.o)
                0x03006b9c                log_init
 .text          0x03006bac        0x0 icomlib.a(gpio_api.o)
 .text.pinMode  0x03006bac       0x44 icomlib.a(gpio_api.o)
                0x03006bac                pinMode
 .text.digitalWrite
                0x03006bf0       0x10 icomlib.a(gpio_api.o)
                0x03006bf0                digitalWrite
 .text.digitalRead
                0x03006c00        0x4 icomlib.a(gpio_api.o)
                0x03006c00                digitalRead
 .text.gpio_irq_enable
                0x03006c04       0x40 icomlib.a(gpio_api.o)
                0x03006c04                gpio_irq_enable
 .text.gpio_irq_disable
                0x03006c44       0x10 icomlib.a(gpio_api.o)
                0x03006c44                gpio_irq_disable
 .text          0x03006c54        0x0 icomlib.a(drv_timer.o)
 .text.hwtmr_stop
                0x03006c54       0x20 icomlib.a(drv_timer.o)
                0x03006c54                hwtmr_stop
 .text.hwtmr_start
                0x03006c74       0x34 icomlib.a(drv_timer.o)
                0x03006c74                hwtmr_start
 .text.hwtmr_init
                0x03006ca8       0x2c icomlib.a(drv_timer.o)
                0x03006ca8                hwtmr_init
 .text          0x03006cd4        0x0 icomlib.a(drv_uart.o)
 .text.drv_uart_init
                0x03006cd4       0x78 icomlib.a(drv_uart.o)
                0x03006cd4                drv_uart_init
 .text.drv_uart_tx_0
                0x03006d4c        0xc icomlib.a(drv_uart.o)
                0x03006d4c                drv_uart_tx_0
 .text.drv_uart_is_tx_busy_0
                0x03006d58       0x18 icomlib.a(drv_uart.o)
                0x03006d58                drv_uart_is_tx_busy_0
 .text.drv_uart_multiple_tx_0
                0x03006d70       0x28 icomlib.a(drv_uart.o)
                0x03006d70                drv_uart_multiple_tx_0
 .text.drv_uart_get_uart_fifo_length_0
                0x03006d98        0x8 icomlib.a(drv_uart.o)
                0x03006d98                drv_uart_get_uart_fifo_length_0
 .text.drv_uart_enable_tx_int_0
                0x03006da0       0x14 icomlib.a(drv_uart.o)
                0x03006da0                drv_uart_enable_tx_int_0
 .text.drv_uart_disable_tx_int_0
                0x03006db4       0x14 icomlib.a(drv_uart.o)
                0x03006db4                drv_uart_disable_tx_int_0
 .text.drv_uart_enable_rx_int_0
                0x03006dc8       0x14 icomlib.a(drv_uart.o)
                0x03006dc8                drv_uart_enable_rx_int_0
 .text.drv_uart_disable_rx_int_0
                0x03006ddc       0x14 icomlib.a(drv_uart.o)
                0x03006ddc                drv_uart_disable_rx_int_0
 .text.drv_datauart_init
                0x03006df0      0x160 icomlib.a(drv_uart.o)
                0x03006df0                drv_datauart_init
 .text.drv_datauart_Deinit
                0x03006f50       0x58 icomlib.a(drv_uart.o)
                0x03006f50                drv_datauart_Deinit
 .text.drv_datauart_conf
                0x03006fa8       0x7c icomlib.a(drv_uart.o)
                0x03006fa8                drv_datauart_conf
 .text          0x03007024        0x0 icomlib.a(hw_init.o)
 .text.hw_tbl_write
                0x03007024       0x60 icomlib.a(hw_init.o)
 .text.modulator_and_pll_reset
                0x03007084       0xd4 icomlib.a(hw_init.o)
                0x03007084                modulator_and_pll_reset
 .text.ssv6xxx_phy_disable
                0x03007158       0x14 icomlib.a(hw_init.o)
                0x03007158                ssv6xxx_phy_disable
 .text.ssv6xxx_mac_disable
                0x0300716c       0x14 icomlib.a(hw_init.o)
                0x0300716c                ssv6xxx_mac_disable
 .text.ssv6xxx_hw_rf_phy_mac_reset
                0x03007180      0x1a8 icomlib.a(hw_init.o)
                0x03007180                ssv6xxx_hw_rf_phy_mac_reset
 .text.ssv6xxx_hw_radio_init
                0x03007328      0x1b0 icomlib.a(hw_init.o)
                0x03007328                ssv6xxx_hw_radio_init
 .text          0x030074d8        0x0 icomlib.a(ssv_lib_slow.o)
 .text.mac_atoi
                0x030074d8       0x44 icomlib.a(ssv_lib_slow.o)
                0x030074d8                mac_atoi
 .text.dbg_dump_reg_pc
                0x0300751c       0x10 icomlib.a(ssv_lib_slow.o)
                0x0300751c                dbg_dump_reg_pc
 .text.dbg_dump_reg_sp
                0x0300752c       0x10 icomlib.a(ssv_lib_slow.o)
                0x0300752c                dbg_dump_reg_sp
 .text.dbg_dump_reg_cpsr
                0x0300753c       0xa0 icomlib.a(ssv_lib_slow.o)
                0x0300753c                dbg_dump_reg_cpsr
 .text.dbg_dump_binary
                0x030075dc       0x78 icomlib.a(ssv_lib_slow.o)
                0x030075dc                dbg_dump_binary
 .text.dbg_dump_mac
                0x03007654       0x48 icomlib.a(ssv_lib_slow.o)
                0x03007654                dbg_dump_mac
 .text.dbg_dump_ip
                0x0300769c       0x38 icomlib.a(ssv_lib_slow.o)
                0x0300769c                dbg_dump_ip
 .text          0x030076d4        0x0 icomlib.a(swpwm.o)
 .text.initSwPWM
                0x030076d4       0x28 icomlib.a(swpwm.o)
                0x030076d4                initSwPWM
 .text.pwm_unregister
                0x030076fc       0xa0 icomlib.a(swpwm.o)
                0x030076fc                pwm_unregister
 .text.disableSwPWM
                0x0300779c       0x34 icomlib.a(swpwm.o)
                0x0300779c                disableSwPWM
 .text.pwm_register
                0x030077d0       0xe4 icomlib.a(swpwm.o)
                0x030077d0                pwm_register
 .text.enableSwPWM
                0x030078b4       0x6c icomlib.a(swpwm.o)
                0x030078b4                enableSwPWM
 .text          0x03007920        0x0 icomlib.a(systemconf.o)
 .text.gconfig_gen_header_to_mem
                0x03007920       0x3c icomlib.a(systemconf.o)
                0x03007920                gconfig_gen_header_to_mem
 .text.gconfig_gen_config_to_mem
                0x0300795c       0x48 icomlib.a(systemconf.o)
                0x0300795c                gconfig_gen_config_to_mem
 .text.gconfig_gen_config_table
                0x030079a4      0x114 icomlib.a(systemconf.o)
                0x030079a4                gconfig_gen_config_table
 .text.gconfig_save_config
                0x03007ab8       0x48 icomlib.a(systemconf.o)
                0x03007ab8                gconfig_save_config
 .text.gconfig_set_softap_ssid
                0x03007b00       0xb4 icomlib.a(systemconf.o)
                0x03007b00                gconfig_set_softap_ssid
 .text.gconfig_set_enable_smart
                0x03007bb4       0x78 icomlib.a(systemconf.o)
                0x03007bb4                gconfig_set_enable_smart
 .text.gconfig_set_auto_connect
                0x03007c2c       0x40 icomlib.a(systemconf.o)
                0x03007c2c                gconfig_set_auto_connect
 .text.gconfig_init_global_conf_by_define
                0x03007c6c       0x14 icomlib.a(systemconf.o)
                0x03007c6c                gconfig_init_global_conf_by_define
 .text.reset_global_conf
                0x03007c80       0x3c icomlib.a(systemconf.o)
                0x03007c80                reset_global_conf
 .text.remove_sysconfig
                0x03007cbc       0x58 icomlib.a(systemconf.o)
                0x03007cbc                remove_sysconfig
 .text.write_wifi_config
                0x03007d14       0xa4 icomlib.a(systemconf.o)
                0x03007d14                write_wifi_config
 .text.read_wifi_config
                0x03007db8       0x90 icomlib.a(systemconf.o)
                0x03007db8                read_wifi_config
 .text.init_global_conf
                0x03007e48      0x144 icomlib.a(systemconf.o)
                0x03007e48                init_global_conf
 .text.clear_ap_lists
                0x03007f8c       0x3c icomlib.a(systemconf.o)
                0x03007f8c                clear_ap_lists
 .text          0x03007fc8        0x0 icomlib.a(wdog_api.o)
 .text.process_thread_watchdog_process
                0x03007fc8       0xf4 icomlib.a(wdog_api.o)
 .text.api_wdog_reboot
                0x030080bc        0x4 icomlib.a(wdog_api.o)
                0x030080bc                api_wdog_reboot
 .text.api_wdog_period_5000ms
                0x030080c0        0x4 icomlib.a(wdog_api.o)
                0x030080c0                api_wdog_period_5000ms
 .text.api_wdog_period_10000ms
                0x030080c4        0x4 icomlib.a(wdog_api.o)
                0x030080c4                api_wdog_period_10000ms
 .text.api_wdog_period_cutommed
                0x030080c8        0x4 icomlib.a(wdog_api.o)
                0x030080c8                api_wdog_period_cutommed
 .text.api_wdog_stop
                0x030080cc        0x4 icomlib.a(wdog_api.o)
                0x030080cc                api_wdog_stop
 .text.clear_rx_fifo
                0x030080d0       0xc8 icomlib.a(wdog_api.o)
                0x030080d0                clear_rx_fifo
 .text          0x03008198        0x0 icomlib.a(bsp.o)
 .text.set_mrx_filter_sta
                0x03008198      0x254 icomlib.a(bsp.o)
                0x03008198                set_mrx_filter_sta
 .text.set_softap_trap_enable
                0x030083ec       0x14 icomlib.a(bsp.o)
                0x030083ec                set_softap_trap_enable
 .text.set_softap_trap_disable
                0x03008400       0x14 icomlib.a(bsp.o)
                0x03008400                set_softap_trap_disable
 .text.set_mrx_filter_softap
                0x03008414      0x2ac icomlib.a(bsp.o)
                0x03008414                set_mrx_filter_softap
 .text.chk_chip_valid
                0x030086c0       0x2c icomlib.a(bsp.o)
                0x030086c0                chk_chip_valid
 .text.bsp_init
                0x030086ec       0x8c icomlib.a(bsp.o)
                0x030086ec                bsp_init
 .text.enable_dcdc_mode
                0x03008778       0x20 icomlib.a(bsp.o)
                0x03008778                enable_dcdc_mode
 .text          0x03008798        0x0 icomlib.a(crypthw.o)
 .text.drv_id_mng_alloc
                0x03008798       0x7c icomlib.a(crypthw.o)
                0x03008798                drv_id_mng_alloc
 .text.PBUF_MAlloc_Raw
                0x03008814       0x50 icomlib.a(crypthw.o)
                0x03008814                PBUF_MAlloc_Raw
 .text.wpa_drv_init
                0x03008864       0x40 icomlib.a(crypthw.o)
                0x03008864                wpa_drv_init
 .text.soft_mac_init
                0x030088a4       0x68 icomlib.a(crypthw.o)
                0x030088a4                soft_mac_init
 .text          0x0300890c        0x0 icomlib.a(dbg-atcmd-api.o)
 .text.LogTemperature
                0x0300890c       0x94 icomlib.a(dbg-atcmd-api.o)
                0x0300890c                LogTemperature
 .text.Channel2Index
                0x030089a0       0x1c icomlib.a(dbg-atcmd-api.o)
                0x030089a0                Channel2Index
 .text.Gain2Power
                0x030089bc      0x15c icomlib.a(dbg-atcmd-api.o)
                0x030089bc                Gain2Power
 .text.Power2BGain
                0x03008b18      0x1a0 icomlib.a(dbg-atcmd-api.o)
                0x03008b18                Power2BGain
 .text.Power2GGain
                0x03008cb8      0x188 icomlib.a(dbg-atcmd-api.o)
                0x03008cb8                Power2GGain
 .text.GetDefaultGain
                0x03008e40       0xb4 icomlib.a(dbg-atcmd-api.o)
                0x03008e40                GetDefaultGain
 .text.Freq2P   0x03008ef4        0xc icomlib.a(dbg-atcmd-api.o)
                0x03008ef4                Freq2P
 .text.Freq2N   0x03008f00        0xc icomlib.a(dbg-atcmd-api.o)
                0x03008f00                Freq2N
 .text.UpdateConf
                0x03008f0c      0x368 icomlib.a(dbg-atcmd-api.o)
                0x03008f0c                UpdateConf
 .text.drv_phy_wait_rdy2
                0x03009274       0x30 icomlib.a(dbg-atcmd-api.o)
                0x03009274                drv_phy_wait_rdy2
 .text.mac_transfer
                0x030092a4       0x40 icomlib.a(dbg-atcmd-api.o)
                0x030092a4                mac_transfer
 .text.serial_transfer
                0x030092e4       0x58 icomlib.a(dbg-atcmd-api.o)
                0x030092e4                serial_transfer
 .text._DBG_AT_SET_PEERMAC
                0x0300933c       0x2c icomlib.a(dbg-atcmd-api.o)
                0x0300933c                _DBG_AT_SET_PEERMAC
 .text._DBG_AT_SET_PEERMAC_SOFTAP
                0x03009368       0x38 icomlib.a(dbg-atcmd-api.o)
                0x03009368                _DBG_AT_SET_PEERMAC_SOFTAP
 .text._DBG_AT_RESET_PEERMAC_SOFTAP
                0x030093a0       0x38 icomlib.a(dbg-atcmd-api.o)
                0x030093a0                _DBG_AT_RESET_PEERMAC_SOFTAP
 .text._DBG_AT_SET_CHANNEL
                0x030093d8       0x50 icomlib.a(dbg-atcmd-api.o)
                0x030093d8                _DBG_AT_SET_CHANNEL
 .text._DBG_AT_SET_MAC
                0x03009428        0x4 icomlib.a(dbg-atcmd-api.o)
                0x03009428                _DBG_AT_SET_MAC
 .text._DBG_AT_SET_BSSID
                0x0300942c        0x4 icomlib.a(dbg-atcmd-api.o)
                0x0300942c                _DBG_AT_SET_BSSID
 .text._DBG_AT_SEND
                0x03009430       0x58 icomlib.a(dbg-atcmd-api.o)
                0x03009430                _DBG_AT_SEND
 .text.process_thread_start_tx_process
                0x03009488      0x120 icomlib.a(dbg-atcmd-api.o)
 .text.RFStart  0x030095a8      0x2b8 icomlib.a(dbg-atcmd-api.o)
                0x030095a8                RFStart
 .text.process_thread_rf_start_process
                0x03009860       0xf0 icomlib.a(dbg-atcmd-api.o)
 .text.RFRate   0x03009950      0x2ac icomlib.a(dbg-atcmd-api.o)
                0x03009950                RFRate
 .text.RFBGain  0x03009bfc       0x88 icomlib.a(dbg-atcmd-api.o)
                0x03009bfc                RFBGain
 .text.RFGNGain
                0x03009c84       0x88 icomlib.a(dbg-atcmd-api.o)
                0x03009c84                RFGNGain
 .text.RFIQPhase
                0x03009d0c       0x88 icomlib.a(dbg-atcmd-api.o)
                0x03009d0c                RFIQPhase
 .text.RFIQAmp  0x03009d94       0x88 icomlib.a(dbg-atcmd-api.o)
                0x03009d94                RFIQAmp
 .text.RFStop   0x03009e1c       0x3c icomlib.a(dbg-atcmd-api.o)
                0x03009e1c                RFStop
 .text.RFReset  0x03009e58      0x454 icomlib.a(dbg-atcmd-api.o)
                0x03009e58                RFReset
 .text.RFCount  0x0300a2ac       0x58 icomlib.a(dbg-atcmd-api.o)
                0x0300a2ac                RFCount
 .text.RFFreqOffset
                0x0300a304       0xf0 icomlib.a(dbg-atcmd-api.o)
                0x0300a304                RFFreqOffset
 .text.RFTempcsHT
                0x0300a3f4       0xa8 icomlib.a(dbg-atcmd-api.o)
                0x0300a3f4                RFTempcsHT
 .text.RFTempcsRT
                0x0300a49c       0xa8 icomlib.a(dbg-atcmd-api.o)
                0x0300a49c                RFTempcsRT
 .text.RFTempcsLT
                0x0300a544       0xa8 icomlib.a(dbg-atcmd-api.o)
                0x0300a544                RFTempcsLT
 .text.ReadTemperature
                0x0300a5ec       0xc8 icomlib.a(dbg-atcmd-api.o)
                0x0300a5ec                ReadTemperature
 .text.process_thread_temperature_compensator_process
                0x0300a6b4      0x298 icomlib.a(dbg-atcmd-api.o)
 .text.EnableTemperatureCompensator
                0x0300a94c       0x1c icomlib.a(dbg-atcmd-api.o)
                0x0300a94c                EnableTemperatureCompensator
 .text.DumpRFParam
                0x0300a968       0xec icomlib.a(dbg-atcmd-api.o)
                0x0300a968                DumpRFParam
 .text.WriteParam2Flash
                0x0300aa54      0x2e0 icomlib.a(dbg-atcmd-api.o)
                0x0300aa54                WriteParam2Flash
 .text.RFSetLDO
                0x0300ad34       0x7c icomlib.a(dbg-atcmd-api.o)
                0x0300ad34                RFSetLDO
 .text.RFSetPA1
                0x0300adb0       0x5c icomlib.a(dbg-atcmd-api.o)
                0x0300adb0                RFSetPA1
 .text.RFSetPA2
                0x0300ae0c       0x60 icomlib.a(dbg-atcmd-api.o)
                0x0300ae0c                RFSetPA2
 .text.RFSetPA3
                0x0300ae6c       0x5c icomlib.a(dbg-atcmd-api.o)
                0x0300ae6c                RFSetPA3
 .text.RFSetXTAL
                0x0300aec8       0x60 icomlib.a(dbg-atcmd-api.o)
                0x0300aec8                RFSetXTAL
 .text.RFSetFlashXTAL
                0x0300af28       0x9c icomlib.a(dbg-atcmd-api.o)
                0x0300af28                RFSetFlashXTAL
 .text.SetTemperatureBoundary
                0x0300afc4       0x90 icomlib.a(dbg-atcmd-api.o)
                0x0300afc4                SetTemperatureBoundary
 .text.Radio_Command
                0x0300b054     0x10c4 icomlib.a(dbg-atcmd-api.o)
                0x0300b054                Radio_Command
 .text.Parse_Radio_Command
                0x0300c118       0x88 icomlib.a(dbg-atcmd-api.o)
                0x0300c118                Parse_Radio_Command
 .text          0x0300c1a0        0x0 icomlib.a(drv_mac.o)
 .text.SET_STA_MAC
                0x0300c1a0       0x74 icomlib.a(drv_mac.o)
                0x0300c1a0                SET_STA_MAC
 .text.GET_STA_MAC
                0x0300c214       0x4c icomlib.a(drv_mac.o)
                0x0300c214                GET_STA_MAC
 .text.SET_BSSID
                0x0300c260       0x74 icomlib.a(drv_mac.o)
                0x0300c260                SET_BSSID
 .text.GET_BSSID
                0x0300c2d4       0x4c icomlib.a(drv_mac.o)
                0x0300c2d4                GET_BSSID
 .text.SET_PEER_MAC0
                0x0300c320       0x74 icomlib.a(drv_mac.o)
                0x0300c320                SET_PEER_MAC0
 .text.GET_PEER_MAC0
                0x0300c394       0x4c icomlib.a(drv_mac.o)
                0x0300c394                GET_PEER_MAC0
 .text.SET_PEER_MAC1
                0x0300c3e0       0x74 icomlib.a(drv_mac.o)
                0x0300c3e0                SET_PEER_MAC1
 .text.GET_PEER_MAC1
                0x0300c454       0x4c icomlib.a(drv_mac.o)
                0x0300c454                GET_PEER_MAC1
 .text.SET_MRX_MCAST_TB0
                0x0300c4a0       0x74 icomlib.a(drv_mac.o)
                0x0300c4a0                SET_MRX_MCAST_TB0
 .text.GET_MRX_MCAST_TB0
                0x0300c514       0x4c icomlib.a(drv_mac.o)
                0x0300c514                GET_MRX_MCAST_TB0
 .text.SET_MRX_MCAST_TB1
                0x0300c560       0x74 icomlib.a(drv_mac.o)
                0x0300c560                SET_MRX_MCAST_TB1
 .text.GET_MRX_MCAST_TB1
                0x0300c5d4       0x4c icomlib.a(drv_mac.o)
                0x0300c5d4                GET_MRX_MCAST_TB1
 .text.SET_MRX_MCAST_TB2
                0x0300c620       0x74 icomlib.a(drv_mac.o)
                0x0300c620                SET_MRX_MCAST_TB2
 .text.GET_MRX_MCAST_TB2
                0x0300c694       0x4c icomlib.a(drv_mac.o)
                0x0300c694                GET_MRX_MCAST_TB2
 .text.SET_MRX_MCAST_TB3
                0x0300c6e0       0x74 icomlib.a(drv_mac.o)
                0x0300c6e0                SET_MRX_MCAST_TB3
 .text.GET_MRX_MCAST_TB3
                0x0300c754       0x4c icomlib.a(drv_mac.o)
                0x0300c754                GET_MRX_MCAST_TB3
 .text.SET_MRX_MCAST_MASK0
                0x0300c7a0       0x74 icomlib.a(drv_mac.o)
                0x0300c7a0                SET_MRX_MCAST_MASK0
 .text.GET_MRX_MCAST_MASK0
                0x0300c814       0x4c icomlib.a(drv_mac.o)
                0x0300c814                GET_MRX_MCAST_MASK0
 .text.SET_MRX_MCAST_MASK1
                0x0300c860       0x74 icomlib.a(drv_mac.o)
                0x0300c860                SET_MRX_MCAST_MASK1
 .text.GET_MRX_MCAST_MASK1
                0x0300c8d4       0x4c icomlib.a(drv_mac.o)
                0x0300c8d4                GET_MRX_MCAST_MASK1
 .text.SET_MRX_MCAST_MASK2
                0x0300c920       0x74 icomlib.a(drv_mac.o)
                0x0300c920                SET_MRX_MCAST_MASK2
 .text.GET_MRX_MCAST_MASK2
                0x0300c994       0x4c icomlib.a(drv_mac.o)
                0x0300c994                GET_MRX_MCAST_MASK2
 .text.SET_MRX_MCAST_MASK3
                0x0300c9e0       0x74 icomlib.a(drv_mac.o)
                0x0300c9e0                SET_MRX_MCAST_MASK3
 .text.GET_MRX_MCAST_MASK3
                0x0300ca54       0x4c icomlib.a(drv_mac.o)
                0x0300ca54                GET_MRX_MCAST_MASK3
 .text.SET_BA_TA
                0x0300caa0       0x74 icomlib.a(drv_mac.o)
                0x0300caa0                SET_BA_TA
 .text.GET_BA_TA
                0x0300cb14       0x4c icomlib.a(drv_mac.o)
                0x0300cb14                GET_BA_TA
 .text.SET_ACK_GEN_RA
                0x0300cb60       0x74 icomlib.a(drv_mac.o)
                0x0300cb60                SET_ACK_GEN_RA
 .text.GET_ACK_GEN_RA
                0x0300cbd4       0x4c icomlib.a(drv_mac.o)
                0x0300cbd4                GET_ACK_GEN_RA
 .text          0x0300cc20        0x0 icomlib.a(drv_phy.o)
 .text.rg_idacai_pgag0_load
                0x0300cc20       0x1c icomlib.a(drv_phy.o)
                0x0300cc20                rg_idacai_pgag0_load
 .text.rg_idacai_pgag1_load
                0x0300cc3c       0x1c icomlib.a(drv_phy.o)
                0x0300cc3c                rg_idacai_pgag1_load
 .text.rg_idacai_pgag2_load
                0x0300cc58       0x1c icomlib.a(drv_phy.o)
                0x0300cc58                rg_idacai_pgag2_load
 .text.rg_idacai_pgag3_load
                0x0300cc74       0x1c icomlib.a(drv_phy.o)
                0x0300cc74                rg_idacai_pgag3_load
 .text.rg_idacai_pgag4_load
                0x0300cc90       0x1c icomlib.a(drv_phy.o)
                0x0300cc90                rg_idacai_pgag4_load
 .text.rg_idacai_pgag5_load
                0x0300ccac       0x1c icomlib.a(drv_phy.o)
                0x0300ccac                rg_idacai_pgag5_load
 .text.rg_idacai_pgag6_load
                0x0300ccc8       0x1c icomlib.a(drv_phy.o)
                0x0300ccc8                rg_idacai_pgag6_load
 .text.rg_idacai_pgag7_load
                0x0300cce4       0x1c icomlib.a(drv_phy.o)
                0x0300cce4                rg_idacai_pgag7_load
 .text.rg_idacai_pgag8_load
                0x0300cd00       0x1c icomlib.a(drv_phy.o)
                0x0300cd00                rg_idacai_pgag8_load
 .text.rg_idacai_pgag9_load
                0x0300cd1c       0x1c icomlib.a(drv_phy.o)
                0x0300cd1c                rg_idacai_pgag9_load
 .text.rg_idacai_pgag10_load
                0x0300cd38       0x1c icomlib.a(drv_phy.o)
                0x0300cd38                rg_idacai_pgag10_load
 .text.rg_idacai_pgag11_load
                0x0300cd54       0x1c icomlib.a(drv_phy.o)
                0x0300cd54                rg_idacai_pgag11_load
 .text.rg_idacai_pgag12_load
                0x0300cd70       0x1c icomlib.a(drv_phy.o)
                0x0300cd70                rg_idacai_pgag12_load
 .text.rg_idacai_pgag13_load
                0x0300cd8c       0x1c icomlib.a(drv_phy.o)
                0x0300cd8c                rg_idacai_pgag13_load
 .text.rg_idacai_pgag14_load
                0x0300cda8       0x1c icomlib.a(drv_phy.o)
                0x0300cda8                rg_idacai_pgag14_load
 .text.rg_idacai_pgag15_load
                0x0300cdc4       0x1c icomlib.a(drv_phy.o)
                0x0300cdc4                rg_idacai_pgag15_load
 .text.rg_idacaq_pgag0_load
                0x0300cde0       0x1c icomlib.a(drv_phy.o)
                0x0300cde0                rg_idacaq_pgag0_load
 .text.rg_idacaq_pgag1_load
                0x0300cdfc       0x1c icomlib.a(drv_phy.o)
                0x0300cdfc                rg_idacaq_pgag1_load
 .text.rg_idacaq_pgag2_load
                0x0300ce18       0x1c icomlib.a(drv_phy.o)
                0x0300ce18                rg_idacaq_pgag2_load
 .text.rg_idacaq_pgag3_load
                0x0300ce34       0x1c icomlib.a(drv_phy.o)
                0x0300ce34                rg_idacaq_pgag3_load
 .text.rg_idacaq_pgag4_load
                0x0300ce50       0x1c icomlib.a(drv_phy.o)
                0x0300ce50                rg_idacaq_pgag4_load
 .text.rg_idacaq_pgag5_load
                0x0300ce6c       0x1c icomlib.a(drv_phy.o)
                0x0300ce6c                rg_idacaq_pgag5_load
 .text.rg_idacaq_pgag6_load
                0x0300ce88       0x1c icomlib.a(drv_phy.o)
                0x0300ce88                rg_idacaq_pgag6_load
 .text.rg_idacaq_pgag7_load
                0x0300cea4       0x1c icomlib.a(drv_phy.o)
                0x0300cea4                rg_idacaq_pgag7_load
 .text.rg_idacaq_pgag8_load
                0x0300cec0       0x1c icomlib.a(drv_phy.o)
                0x0300cec0                rg_idacaq_pgag8_load
 .text.rg_idacaq_pgag9_load
                0x0300cedc       0x1c icomlib.a(drv_phy.o)
                0x0300cedc                rg_idacaq_pgag9_load
 .text.rg_idacaq_pgag10_load
                0x0300cef8       0x1c icomlib.a(drv_phy.o)
                0x0300cef8                rg_idacaq_pgag10_load
 .text.rg_idacaq_pgag11_load
                0x0300cf14       0x1c icomlib.a(drv_phy.o)
                0x0300cf14                rg_idacaq_pgag11_load
 .text.rg_idacaq_pgag12_load
                0x0300cf30       0x1c icomlib.a(drv_phy.o)
                0x0300cf30                rg_idacaq_pgag12_load
 .text.rg_idacaq_pgag13_load
                0x0300cf4c       0x1c icomlib.a(drv_phy.o)
                0x0300cf4c                rg_idacaq_pgag13_load
 .text.rg_idacaq_pgag14_load
                0x0300cf68       0x1c icomlib.a(drv_phy.o)
                0x0300cf68                rg_idacaq_pgag14_load
 .text.rg_idacaq_pgag15_load
                0x0300cf84       0x1c icomlib.a(drv_phy.o)
                0x0300cf84                rg_idacaq_pgag15_load
 .text.rfreg_byxtal_load
                0x0300cfa0       0x84 icomlib.a(drv_phy.o)
                0x0300cfa0                rfreg_byxtal_load
 .text.rfreg_bych_load
                0x0300d024       0x7c icomlib.a(drv_phy.o)
                0x0300d024                rfreg_bych_load
 .text.rfreg_bypa_load
                0x0300d0a0       0x44 icomlib.a(drv_phy.o)
                0x0300d0a0                rfreg_bypa_load
 .text.drv_phy_tbl_load
                0x0300d0e4       0x38 icomlib.a(drv_phy.o)
                0x0300d0e4                drv_phy_tbl_load
 .text.drv_phy_cfgtbl_load
                0x0300d11c       0x20 icomlib.a(drv_phy.o)
                0x0300d11c                drv_phy_cfgtbl_load
 .text.drv_phy_wait_rdy
                0x0300d13c       0x30 icomlib.a(drv_phy.o)
                0x0300d13c                drv_phy_wait_rdy
 .text.drv_phy_cali_rcal
                0x0300d16c       0x68 icomlib.a(drv_phy.o)
                0x0300d16c                drv_phy_cali_rcal
 .text.drv_phy_cali_tssi
                0x0300d1d4      0x1b8 icomlib.a(drv_phy.o)
                0x0300d1d4                drv_phy_cali_tssi
 .text.drv_phy_temperature
                0x0300d38c       0x90 icomlib.a(drv_phy.o)
                0x0300d38c                drv_phy_temperature
 .text.drv_phy_cali_papd_learning
                0x0300d41c      0x1ec icomlib.a(drv_phy.o)
                0x0300d41c                drv_phy_cali_papd_learning
 .text.drv_phy_channel_change
                0x0300d608       0x74 icomlib.a(drv_phy.o)
                0x0300d608                drv_phy_channel_change
 .text.drv_phy_sprm
                0x0300d67c       0x64 icomlib.a(drv_phy.o)
                0x0300d67c                drv_phy_sprm
 .text.drv_phy_cali_txlo
                0x0300d6e0      0x16c icomlib.a(drv_phy.o)
                0x0300d6e0                drv_phy_cali_txlo
 .text.drv_phy_cali_txiq
                0x0300d84c      0x160 icomlib.a(drv_phy.o)
                0x0300d84c                drv_phy_cali_txiq
 .text.drv_phy_cali_rxrc
                0x0300d9ac      0x23c icomlib.a(drv_phy.o)
                0x0300d9ac                drv_phy_cali_rxrc
 .text.drv_phy_fft_enrg
                0x0300dbe8       0x54 icomlib.a(drv_phy.o)
                0x0300dbe8                drv_phy_fft_enrg
 .text.drv_phy_cali_rxiq_fft
                0x0300dc3c      0x1a4 icomlib.a(drv_phy.o)
                0x0300dc3c                drv_phy_cali_rxiq_fft
 .text.rtbl_cali_reg_rmw
                0x0300dde0       0x28 icomlib.a(drv_phy.o)
                0x0300dde0                rtbl_cali_reg_rmw
 .text.rtbl_cali_pre_load
                0x0300de08       0x68 icomlib.a(drv_phy.o)
                0x0300de08                rtbl_cali_pre_load
 .text.drv_phy_cali_rxdc
                0x0300de70      0x224 icomlib.a(drv_phy.o)
                0x0300de70                drv_phy_cali_rxdc
 .text.rtbl_cali_load
                0x0300e094       0x24 icomlib.a(drv_phy.o)
                0x0300e094                rtbl_cali_load
 .text.rtbl_cali_export
                0x0300e0b8       0x18 icomlib.a(drv_phy.o)
                0x0300e0b8                rtbl_cali_export
 .text.rtbl_cali_load_def
                0x0300e0d0       0x68 icomlib.a(drv_phy.o)
                0x0300e0d0                rtbl_cali_load_def
 .text.rtbl_cali_reset
                0x0300e138       0x38 icomlib.a(drv_phy.o)
                0x0300e138                rtbl_cali_reset
 .text.rtbl_cali_set
                0x0300e170       0x84 icomlib.a(drv_phy.o)
                0x0300e170                rtbl_cali_set
 .text.drv_phy_init
                0x0300e1f4       0x90 icomlib.a(drv_phy.o)
                0x0300e1f4                drv_phy_init
 .text.drv_phy_off
                0x0300e284       0x14 icomlib.a(drv_phy.o)
                0x0300e284                drv_phy_off
 .text.drv_phy_b_only
                0x0300e298       0x10 icomlib.a(drv_phy.o)
                0x0300e298                drv_phy_b_only
 .text.drv_phy_bgn
                0x0300e2a8       0x14 icomlib.a(drv_phy.o)
                0x0300e2a8                drv_phy_bgn
 .text.drv_phy_on
                0x0300e2bc       0x14 icomlib.a(drv_phy.o)
                0x0300e2bc                drv_phy_on
 .text.drv_phy_cali_ro_iqcal_o
                0x0300e2d0        0xc icomlib.a(drv_phy.o)
                0x0300e2d0                drv_phy_cali_ro_iqcal_o
 .text.drv_phy_cali_papd_div
                0x0300e2dc       0x84 icomlib.a(drv_phy.o)
                0x0300e2dc                drv_phy_cali_papd_div
 .text.drv_phy_cali_papd_gain_est
                0x0300e360      0x160 icomlib.a(drv_phy.o)
                0x0300e360                drv_phy_cali_papd_gain_est
 .text.drv_phy_cali_ph_wrap
                0x0300e4c0       0x1c icomlib.a(drv_phy.o)
                0x0300e4c0                drv_phy_cali_ph_wrap
 .text.drv_phy_cali_papd
                0x0300e4dc      0x5a4 icomlib.a(drv_phy.o)
                0x0300e4dc                drv_phy_cali_papd
 .text.drv_phy_reg_init
                0x0300ea80       0xd0 icomlib.a(drv_phy.o)
                0x0300ea80                drv_phy_reg_init
 .text.drv_phy_cali_rtbl_load
                0x0300eb50       0x5c icomlib.a(drv_phy.o)
                0x0300eb50                drv_phy_cali_rtbl_load
 .text.phy_cali_config_load
                0x0300ebac      0x124 icomlib.a(drv_phy.o)
                0x0300ebac                phy_cali_config_load
 .text.drv_phy_cali_rtbl_load_def
                0x0300ecd0       0x5c icomlib.a(drv_phy.o)
                0x0300ecd0                drv_phy_cali_rtbl_load_def
 .text.drv_phy_cali_rtbl_reset
                0x0300ed2c       0x5c icomlib.a(drv_phy.o)
                0x0300ed2c                drv_phy_cali_rtbl_reset
 .text.drv_phy_cali_rtbl_set
                0x0300ed88       0x5c icomlib.a(drv_phy.o)
                0x0300ed88                drv_phy_cali_rtbl_set
 .text.drv_phy_cali_rtbl_export
                0x0300ede4        0x4 icomlib.a(drv_phy.o)
                0x0300ede4                drv_phy_cali_rtbl_export
 .text.drv_phy_init_cali
                0x0300ede8       0xc4 icomlib.a(drv_phy.o)
                0x0300ede8                drv_phy_init_cali
 .text.drv_phy_evm_tk
                0x0300eeac       0x5c icomlib.a(drv_phy.o)
                0x0300eeac                drv_phy_evm_tk
 .text.drv_phy_tone_tk
                0x0300ef08       0x38 icomlib.a(drv_phy.o)
                0x0300ef08                drv_phy_tone_tk
 .text          0x0300ef40        0x0 icomlib.a(drv_pktbuf_slow)
 .text.ssv6xxx_pbuf_dump_reg
                0x0300ef40      0x4d0 icomlib.a(drv_pktbuf_slow)
                0x0300ef40                ssv6xxx_pbuf_dump_reg
 .text          0x0300f410        0x0 icomlib.a(hash_alg.o)
 .text          0x0300f410        0x0 icomlib.a(hmac_md5.o)
 .text          0x0300f410        0x0 icomlib.a(hmac_sha1.o)
 .text          0x0300f410        0x0 icomlib.a(ieee80211_mgmt.)
 .text.process_thread_scan_channel_process
                0x0300f410       0xd8 icomlib.a(ieee80211_mgmt.)
 .text.process_thread_beacon_process
                0x0300f4e8      0x25c icomlib.a(ieee80211_mgmt.)
 .text.addAvailableIndex
                0x0300f744       0x3c icomlib.a(ieee80211_mgmt.)
                0x0300f744                addAvailableIndex
 .text.reset_AvailableIndex
                0x0300f780       0x14 icomlib.a(ieee80211_mgmt.)
                0x0300f780                reset_AvailableIndex
 .text.is_action
                0x0300f794       0x14 icomlib.a(ieee80211_mgmt.)
                0x0300f794                is_action
 .text.htinfo_detect
                0x0300f7a8       0x74 icomlib.a(ieee80211_mgmt.)
                0x0300f7a8                htinfo_detect
 .text.tx_probe_req
                0x0300f81c      0x190 icomlib.a(ieee80211_mgmt.)
                0x0300f81c                tx_probe_req
 .text.tx_authentication_req_seq1
                0x0300f9ac      0x168 icomlib.a(ieee80211_mgmt.)
                0x0300f9ac                tx_authentication_req_seq1
 .text.tx_authentication_req_seq3
                0x0300fb14      0x128 icomlib.a(ieee80211_mgmt.)
                0x0300fb14                tx_authentication_req_seq3
 .text.tx_deauthentication_req
                0x0300fc3c       0xcc icomlib.a(ieee80211_mgmt.)
                0x0300fc3c                tx_deauthentication_req
 .text.tx_association_req
                0x0300fd08      0x218 icomlib.a(ieee80211_mgmt.)
                0x0300fd08                tx_association_req
 .text.tx_deassociation_req
                0x0300ff20      0x110 icomlib.a(ieee80211_mgmt.)
                0x0300ff20                tx_deassociation_req
 .text.tx_action_BA_rsp
                0x03010030       0xec icomlib.a(ieee80211_mgmt.)
                0x03010030                tx_action_BA_rsp
 .text.rx_probe_rsp
                0x0301011c      0x378 icomlib.a(ieee80211_mgmt.)
                0x0301011c                rx_probe_rsp
 .text.rx_authentication_rsp
                0x03010494      0x1c0 icomlib.a(ieee80211_mgmt.)
                0x03010494                rx_authentication_rsp
 .text.rx_association_rsp
                0x03010654       0x78 icomlib.a(ieee80211_mgmt.)
                0x03010654                rx_association_rsp
 .text.rx_action_rsp
                0x030106cc       0x24 icomlib.a(ieee80211_mgmt.)
                0x030106cc                rx_action_rsp
 .text.rx_disassoc_rsp
                0x030106f0       0x94 icomlib.a(ieee80211_mgmt.)
                0x030106f0                rx_disassoc_rsp
 .text.rx_deauth_rsp
                0x03010784       0x94 icomlib.a(ieee80211_mgmt.)
                0x03010784                rx_deauth_rsp
 .text.calculateSignalLevel
                0x03010818       0x44 icomlib.a(ieee80211_mgmt.)
                0x03010818                calculateSignalLevel
 .text.startrecordAP
                0x0301085c       0x14 icomlib.a(ieee80211_mgmt.)
                0x0301085c                startrecordAP
 .text.stoprecordAP
                0x03010870       0x14 icomlib.a(ieee80211_mgmt.)
                0x03010870                stoprecordAP
 .text.removeAP_fromlist
                0x03010884       0xe0 icomlib.a(ieee80211_mgmt.)
                0x03010884                removeAP_fromlist
 .text.bss_mgmt_reboot
                0x03010964       0x60 icomlib.a(ieee80211_mgmt.)
                0x03010964                bss_mgmt_reboot
 .text.bss_mgmt_scan
                0x030109c4       0x40 icomlib.a(ieee80211_mgmt.)
                0x030109c4                bss_mgmt_scan
 .text.bss_mgmt_scan_custom
                0x03010a04       0x34 icomlib.a(ieee80211_mgmt.)
                0x03010a04                bss_mgmt_scan_custom
 .text.bss_mgmt_connect
                0x03010a38       0x78 icomlib.a(ieee80211_mgmt.)
                0x03010a38                bss_mgmt_connect
 .text.bss_mgmt_disconnect
                0x03010ab0       0x68 icomlib.a(ieee80211_mgmt.)
                0x03010ab0                bss_mgmt_disconnect
 .text.bss_mgmt_init
                0x03010b18       0xd4 icomlib.a(ieee80211_mgmt.)
                0x03010b18                bss_mgmt_init
 .text.startscanchannel
                0x03010bec       0x1c icomlib.a(ieee80211_mgmt.)
                0x03010bec                startscanchannel
 .text.stopscanchannel
                0x03010c08       0x14 icomlib.a(ieee80211_mgmt.)
                0x03010c08                stopscanchannel
 .text.recordAP
                0x03010c1c       0xc0 icomlib.a(ieee80211_mgmt.)
                0x03010c1c                recordAP
 .text.removeAP
                0x03010cdc       0xdc icomlib.a(ieee80211_mgmt.)
                0x03010cdc                removeAP
 .text.process_thread_bss_reconnect_process
                0x03010db8      0x554 icomlib.a(ieee80211_mgmt.)
 .text.bss_nslookup
                0x0301130c       0x3c icomlib.a(ieee80211_mgmt.)
                0x0301130c                bss_nslookup
 .text          0x03011348        0x0 icomlib.a(irq.o)
 .text.irq_request
                0x03011348      0x1c0 icomlib.a(irq.o)
                0x03011348                irq_request
 .text.irq_init
                0x03011508       0xb0 icomlib.a(irq.o)
                0x03011508                irq_init
 .text          0x030115b8        0x0 icomlib.a(netstack.o)
 .text.netstack_init
                0x030115b8       0x38 icomlib.a(netstack.o)
                0x030115b8                netstack_init
 .text          0x030115f0        0x0 icomlib.a(sha1.o)
 .text          0x030115f0        0x0 icomlib.a(wpa.o)
 .text.wpa_derive_ptk
                0x030115f0       0xf4 icomlib.a(wpa.o)
 .text.init_wpa_ctx
                0x030116e4       0x48 icomlib.a(wpa.o)
                0x030116e4                init_wpa_ctx
 .text.init_AP_wpa_ctx
                0x0301172c       0xec icomlib.a(wpa.o)
                0x0301172c                init_AP_wpa_ctx
 .text.get_oui_subtype
                0x03011818       0x50 icomlib.a(wpa.o)
                0x03011818                get_oui_subtype
 .text.find_group_oui
                0x03011868       0x20 icomlib.a(wpa.o)
                0x03011868                find_group_oui
 .text.find_pairwise_oui_for_autoScan
                0x03011888       0x80 icomlib.a(wpa.o)
                0x03011888                find_pairwise_oui_for_autoScan
 .text.find_pairwise_oui
                0x03011908       0xf0 icomlib.a(wpa.o)
                0x03011908                find_pairwise_oui
 .text.find_akm_oui
                0x030119f8       0xe4 icomlib.a(wpa.o)
                0x030119f8                find_akm_oui
 .text.sec80211_detect
                0x03011adc      0x14c icomlib.a(wpa.o)
                0x03011adc                sec80211_detect
 .text.sec80211_detect_for_autoScan
                0x03011c28       0xe4 icomlib.a(wpa.o)
                0x03011c28                sec80211_detect_for_autoScan
 .text.pack_wpa2
                0x03011d0c       0x40 icomlib.a(wpa.o)
                0x03011d0c                pack_wpa2
 .text.cal_mic  0x03011d4c       0x68 icomlib.a(wpa.o)
                0x03011d4c                cal_mic
 .text.check_mic
                0x03011db4       0x74 icomlib.a(wpa.o)
                0x03011db4                check_mic
 .text.decrypt_keydata
                0x03011e28       0xb4 icomlib.a(wpa.o)
                0x03011e28                decrypt_keydata
 .text.install_key
                0x03011edc       0x9c icomlib.a(wpa.o)
                0x03011edc                install_key
 .text.InitPacketbuffer
                0x03011f78       0x6c icomlib.a(wpa.o)
                0x03011f78                InitPacketbuffer
 .text.tx_wpa_2_of_4
                0x03011fe4      0x110 icomlib.a(wpa.o)
                0x03011fe4                tx_wpa_2_of_4
 .text.rx_wpa_1_of_4
                0x030120f4       0x5c icomlib.a(wpa.o)
                0x030120f4                rx_wpa_1_of_4
 .text.tx_wpa_4_of_4
                0x03012150      0x140 icomlib.a(wpa.o)
                0x03012150                tx_wpa_4_of_4
 .text.rx_wpa_3_of_4
                0x03012290      0x1ac icomlib.a(wpa.o)
                0x03012290                rx_wpa_3_of_4
 .text.rx_wpa_1_of_2
                0x0301243c      0x1b8 icomlib.a(wpa.o)
                0x0301243c                rx_wpa_1_of_2
 .text.tx_wpa_1_of_4
                0x030125f4       0xcc icomlib.a(wpa.o)
                0x030125f4                tx_wpa_1_of_4
 .text.rx_wpa_2_of_4
                0x030126c0      0x1d8 icomlib.a(wpa.o)
                0x030126c0                rx_wpa_2_of_4
 .text.tx_wpa_3_of_4
                0x03012898      0x1c8 icomlib.a(wpa.o)
                0x03012898                tx_wpa_3_of_4
 .text          0x03012a60        0x0 icomlib.a(sys_status_api.)
 .text.get_local_mac
                0x03012a60       0x38 icomlib.a(sys_status_api.)
                0x03012a60                get_local_mac
 .text.get_connectAP_mac
                0x03012a98       0x38 icomlib.a(sys_status_api.)
                0x03012a98                get_connectAP_mac
 .text.get_wifi_connect_status
                0x03012ad0       0x10 icomlib.a(sys_status_api.)
                0x03012ad0                get_wifi_connect_status
 .text.get_wifi_connected
                0x03012ae0       0x10 icomlib.a(sys_status_api.)
                0x03012ae0                get_wifi_connected
 .text.get_ap_lsit_total_num
                0x03012af0        0x4 icomlib.a(sys_status_api.)
                0x03012af0                get_ap_lsit_total_num
 .text.set_nslookup
                0x03012af4        0x4 icomlib.a(sys_status_api.)
                0x03012af4                set_nslookup
 .text.set_slink_ready_and_ack
                0x03012af8        0x4 icomlib.a(sys_status_api.)
                0x03012af8                set_slink_ready_and_ack
 .text          0x03012afc        0x0 icomlib.a(arc4.o)
 .text          0x03012afc        0x0 icomlib.a(md5.o)
 .text.Encode   0x03012afc       0x48 icomlib.a(md5.o)
 .text.MD5Transform
                0x03012b44      0xa54 icomlib.a(md5.o)
 .text          0x03013598        0x0 icomlib.a(wep.o)
 .text.crc32_le.constprop.0
                0x03013598       0x50 icomlib.a(wep.o)
 .text.getAuthChallengeTextLen
                0x030135e8       0x10 icomlib.a(wep.o)
                0x030135e8                getAuthChallengeTextLen
 .text.getAuthAlgNum
                0x030135f8       0x10 icomlib.a(wep.o)
                0x030135f8                getAuthAlgNum
 .text.getAuthSeqNum
                0x03013608       0x10 icomlib.a(wep.o)
                0x03013608                getAuthSeqNum
 .text.getAuthStatus
                0x03013618       0x10 icomlib.a(wep.o)
                0x03013618                getAuthStatus
 .text.SetAuthChallengeText
                0x03013628       0x30 icomlib.a(wep.o)
                0x03013628                SetAuthChallengeText
 .text.SetAuthChallengeTextLen
                0x03013658       0x18 icomlib.a(wep.o)
                0x03013658                SetAuthChallengeTextLen
 .text.SetAuthAlgNum
                0x03013670       0x10 icomlib.a(wep.o)
                0x03013670                SetAuthAlgNum
 .text.setAuthSeqNum
                0x03013680       0x10 icomlib.a(wep.o)
                0x03013680                setAuthSeqNum
 .text.setAuthStatus
                0x03013690       0x10 icomlib.a(wep.o)
                0x03013690                setAuthStatus
 .text.setKeyAndIV
                0x030136a0       0x48 icomlib.a(wep.o)
                0x030136a0                setKeyAndIV
 .text.saveAftEncData
                0x030136e8       0x84 icomlib.a(wep.o)
                0x030136e8                saveAftEncData
 .text.setBefEncData
                0x0301376c       0x84 icomlib.a(wep.o)
                0x0301376c                setBefEncData
 .text.getEncDecData
                0x030137f0       0xbc icomlib.a(wep.o)
                0x030137f0                getEncDecData
 .text.encDecSrcData
                0x030138ac       0xa4 icomlib.a(wep.o)
                0x030138ac                encDecSrcData
 .text.initKeyAndIV
                0x03013950       0x2c icomlib.a(wep.o)
                0x03013950                initKeyAndIV
 .text.randIV   0x0301397c       0x3c icomlib.a(wep.o)
                0x0301397c                randIV
 .text.savePassToTotalKey
                0x030139b8      0x180 icomlib.a(wep.o)
                0x030139b8                savePassToTotalKey
 .text.initWEP  0x03013b38       0x80 icomlib.a(wep.o)
                0x03013b38                initWEP
 .text.clearParaWithWEP
                0x03013bb8       0x24 icomlib.a(wep.o)
                0x03013bb8                clearParaWithWEP
 .text          0x03013bdc        0x0 icomlib.a(autostart.o)
 .text.autostart_start
                0x03013bdc       0x24 icomlib.a(autostart.o)
                0x03013bdc                autostart_start
 .text.autostart_exit
                0x03013c00       0x20 icomlib.a(autostart.o)
                0x03013c00                autostart_exit
 .text          0x03013c20        0x0 icomlib.a(shell-ping.o)
 .text.process_thread_shell_ping_process
                0x03013c20      0x250 icomlib.a(shell-ping.o)
 .text.ping_start
                0x03013e70       0x34 icomlib.a(shell-ping.o)
                0x03013e70                ping_start
 .text          0x03013ea4        0x0 icomlib.a(random.o)
 .text.random_init
                0x03013ea4        0x4 icomlib.a(random.o)
                0x03013ea4                random_init
 .text.random_rand
                0x03013ea8       0x14 icomlib.a(random.o)
                0x03013ea8                random_rand
 .text          0x03013ebc        0x0 icomlib.a(airkiss.o)
 .text.airKissResult
                0x03013ebc       0xd4 icomlib.a(airkiss.o)
                0x03013ebc                airKissResult
 .text.airKissPrintVersion
                0x03013f90       0x1c icomlib.a(airkiss.o)
                0x03013f90                airKissPrintVersion
 .text.airKissInit
                0x03013fac       0x20 icomlib.a(airkiss.o)
                0x03013fac                airKissInit
 .text.SetAirkissStart
                0x03013fcc       0x40 icomlib.a(airkiss.o)
                0x03013fcc                SetAirkissStart
 .text.clearAirKissBuf
                0x0301400c       0x30 icomlib.a(airkiss.o)
                0x0301400c                clearAirKissBuf
 .text.resetAirkiss
                0x0301403c       0x24 icomlib.a(airkiss.o)
                0x0301403c                resetAirkiss
 .text.process_thread_airkiss_conf_process
                0x03014060      0x12c icomlib.a(airkiss.o)
 .text.initAirKiss
                0x0301418c       0x50 icomlib.a(airkiss.o)
                0x0301418c                initAirKiss
 .text          0x030141dc        0x0 icomlib.a(bsp_info.o)
 .text.bsp_get_boot_info
                0x030141dc       0xbc icomlib.a(bsp_info.o)
                0x030141dc                bsp_get_boot_info
 .text.get_boot_stack_fence
                0x03014298       0x3c icomlib.a(bsp_info.o)
                0x03014298                get_boot_stack_fence
 .text.bsp_get_mp_info
                0x030142d4      0x534 icomlib.a(bsp_info.o)
                0x030142d4                bsp_get_mp_info
 .text.bsp_get_define_info
                0x03014808       0xc4 icomlib.a(bsp_info.o)
                0x03014808                bsp_get_define_info
 .text.bsp_get_config_info
                0x030148cc      0x374 icomlib.a(bsp_info.o)
                0x030148cc                bsp_get_config_info
 .text          0x03014c40        0x0 icomlib.a(cfs-coffee.o)
 .text.load_file
                0x03014c40       0xa8 icomlib.a(cfs-coffee.o)
 .text.read_header
                0x03014ce8       0x18 icomlib.a(cfs-coffee.o)
 .text.file_end
                0x03014d00       0x94 icomlib.a(cfs-coffee.o)
 .text.write_header
                0x03014d94       0x24 icomlib.a(cfs-coffee.o)
 .text.next_file.isra.0
                0x03014db8       0x2c icomlib.a(cfs-coffee.o)
 .text.find_file
                0x03014de4       0xec icomlib.a(cfs-coffee.o)
 .text.find_contiguous_pages
                0x03014ed0       0xe4 icomlib.a(cfs-coffee.o)
 .text.remove_by_page.isra.1
                0x03014fb4      0x118 icomlib.a(cfs-coffee.o)
 .text.reserve.constprop.3
                0x030150cc      0x354 icomlib.a(cfs-coffee.o)
 .text.cfs_open
                0x03015420       0xf0 icomlib.a(cfs-coffee.o)
                0x03015420                cfs_open
 .text.cfs_close
                0x03015510       0x44 icomlib.a(cfs-coffee.o)
                0x03015510                cfs_close
 .text.cfs_seek
                0x03015554       0x94 icomlib.a(cfs-coffee.o)
                0x03015554                cfs_seek
 .text.cfs_remove
                0x030155e8       0x34 icomlib.a(cfs-coffee.o)
                0x030155e8                cfs_remove
 .text.cfs_read
                0x0301561c       0x9c icomlib.a(cfs-coffee.o)
                0x0301561c                cfs_read
 .text.cfs_write
                0x030156b8      0x298 icomlib.a(cfs-coffee.o)
                0x030156b8                cfs_write
 .text.cfs_opendir
                0x03015950       0x18 icomlib.a(cfs-coffee.o)
                0x03015950                cfs_opendir
 .text.cfs_readdir
                0x03015968       0xe4 icomlib.a(cfs-coffee.o)
                0x03015968                cfs_readdir
 .text.cfs_closedir
                0x03015a4c        0x4 icomlib.a(cfs-coffee.o)
                0x03015a4c                cfs_closedir
 .text.cfs_coffee_reserve
                0x03015a50       0x2c icomlib.a(cfs-coffee.o)
                0x03015a50                cfs_coffee_reserve
 .text.cfs_coffee_configure_log
                0x03015a7c       0x9c icomlib.a(cfs-coffee.o)
                0x03015a7c                cfs_coffee_configure_log
 .text.get_cabrio_fs_table_marker
                0x03015b18       0x40 icomlib.a(cfs-coffee.o)
                0x03015b18                get_cabrio_fs_table_marker
 .text.cfs_dbg_flash_dump_data
                0x03015b58        0x4 icomlib.a(cfs-coffee.o)
                0x03015b58                cfs_dbg_flash_dump_data
 .text.set_cabrio_fs_table_marker
                0x03015b5c       0x14 icomlib.a(cfs-coffee.o)
                0x03015b5c                set_cabrio_fs_table_marker
 .text.cfs_coffee_format
                0x03015b70       0x50 icomlib.a(cfs-coffee.o)
                0x03015b70                cfs_coffee_format
 .text.cfs_coffee_get_protected_mem
                0x03015bc0       0x14 icomlib.a(cfs-coffee.o)
                0x03015bc0                cfs_coffee_get_protected_mem
 .text          0x03015bd4        0x0 icomlib.a(console.o)
 .text.console_init
                0x03015bd4       0x5c icomlib.a(console.o)
                0x03015bd4                console_init
 .text          0x03015c30        0x0 icomlib.a(drv_gpio.o)
 .text.get_PAD_Addr
                0x03015c30       0x28 icomlib.a(drv_gpio.o)
                0x03015c30                get_PAD_Addr
 .text.drv_gpio_Output
                0x03015c58      0x194 icomlib.a(drv_gpio.o)
                0x03015c58                drv_gpio_Output
 .text.drv_gpio_Input
                0x03015dec       0x88 icomlib.a(drv_gpio.o)
                0x03015dec                drv_gpio_Input
 .text.drv_gpio_write
                0x03015e74       0x40 icomlib.a(drv_gpio.o)
                0x03015e74                drv_gpio_write
 .text.drv_gpio_read
                0x03015eb4       0x34 icomlib.a(drv_gpio.o)
                0x03015eb4                drv_gpio_read
 .text.drv_gpio_set_irq
                0x03015ee8       0xfc icomlib.a(drv_gpio.o)
                0x03015ee8                drv_gpio_set_irq
 .text.drv_gpio_func
                0x03015fe4      0x1e8 icomlib.a(drv_gpio.o)
                0x03015fe4                drv_gpio_func
 .text          0x030161cc        0x0 icomlib.a(drv_pmu.o)
 .text.drv_pmu_setwake_cnt
                0x030161cc       0x44 icomlib.a(drv_pmu.o)
                0x030161cc                drv_pmu_setwake_cnt
 .text.drv_pmu_tu0
                0x03016210       0x60 icomlib.a(drv_pmu.o)
                0x03016210                drv_pmu_tu0
 .text.drv_pmu_tm0
                0x03016270       0x60 icomlib.a(drv_pmu.o)
                0x03016270                drv_pmu_tm0
 .text.drv_pmu_sleep
                0x030162d0      0x260 icomlib.a(drv_pmu.o)
                0x030162d0                drv_pmu_sleep
 .text.drv_pmu_init
                0x03016530       0x40 icomlib.a(drv_pmu.o)
                0x03016530                drv_pmu_init
 .text.drv_pmu_chk
                0x03016570       0x18 icomlib.a(drv_pmu.o)
                0x03016570                drv_pmu_chk
 .text.drv_pmu_check_interupt_event
                0x03016588       0x20 icomlib.a(drv_pmu.o)
                0x03016588                drv_pmu_check_interupt_event
 .text          0x030165a8        0x0 icomlib.a(drv_wdog.o)
 .text.drv_wdog_reboot
                0x030165a8       0x48 icomlib.a(drv_wdog.o)
                0x030165a8                drv_wdog_reboot
 .text.drv_wdog_period_5000ms
                0x030165f0       0x50 icomlib.a(drv_wdog.o)
                0x030165f0                drv_wdog_period_5000ms
 .text.drv_wdog_period_10000ms
                0x03016640       0x50 icomlib.a(drv_wdog.o)
                0x03016640                drv_wdog_period_10000ms
 .text.drv_wdog_period_cutommed
                0x03016690       0x48 icomlib.a(drv_wdog.o)
                0x03016690                drv_wdog_period_cutommed
 .text.drv_wdog_stop
                0x030166d8       0x40 icomlib.a(drv_wdog.o)
                0x030166d8                drv_wdog_stop
 .text          0x03016718        0x0 icomlib.a(fence.o)
 .text.do_fence
                0x03016718       0x1c icomlib.a(fence.o)
                0x03016718                do_fence
 .text.fence_init
                0x03016734       0x28 icomlib.a(fence.o)
                0x03016734                fence_init
 .text          0x0301675c        0x0 icomlib.a(smartComm.o)
 .text.set_slink_ready_ack
                0x0301675c       0x10 icomlib.a(smartComm.o)
                0x0301675c                set_slink_ready_ack
 .text.enableSmartHwFilter
                0x0301676c      0x220 icomlib.a(smartComm.o)
                0x0301676c                enableSmartHwFilter
 .text.disableSmartHwFilter
                0x0301698c      0x248 icomlib.a(smartComm.o)
                0x0301698c                disableSmartHwFilter
 .text.setSmartCmdStatus
                0x03016bd4       0x1c icomlib.a(smartComm.o)
                0x03016bd4                setSmartCmdStatus
 .text.disableSendToPhone
                0x03016bf0       0x14 icomlib.a(smartComm.o)
                0x03016bf0                disableSendToPhone
 .text.getSendToPhoneStatus
                0x03016c04       0x10 icomlib.a(smartComm.o)
                0x03016c04                getSendToPhoneStatus
 .text.enableSendToPhoneData
                0x03016c14       0x14 icomlib.a(smartComm.o)
                0x03016c14                enableSendToPhoneData
 .text.disableSendToPhoneData
                0x03016c28       0x14 icomlib.a(smartComm.o)
                0x03016c28                disableSendToPhoneData
 .text.setSmartPhoneIP
                0x03016c3c       0x18 icomlib.a(smartComm.o)
                0x03016c3c                setSmartPhoneIP
 .text.getPhoneMac
                0x03016c54       0x10 icomlib.a(smartComm.o)
                0x03016c54                getPhoneMac
 .text.setPhoneMAC
                0x03016c64       0x18 icomlib.a(smartComm.o)
                0x03016c64                setPhoneMAC
 .text.setPhoneData
                0x03016c7c       0x20 icomlib.a(smartComm.o)
                0x03016c7c                setPhoneData
 .text.sendMessageToPhone
                0x03016c9c      0x124 icomlib.a(smartComm.o)
                0x03016c9c                sendMessageToPhone
 .text.process_thread_smart_conf_ack
                0x03016dc0       0x64 icomlib.a(smartComm.o)
 .text.smartSetIfconfigAndConnect
                0x03016e24       0x38 icomlib.a(smartComm.o)
                0x03016e24                smartSetIfconfigAndConnect
 .text.checkAndSetAPMac
                0x03016e5c      0x130 icomlib.a(smartComm.o)
                0x03016e5c                checkAndSetAPMac
 .text          0x03016f8c        0x0 icomlib.a(smartConf.o)
 .text.clearSmartLinkBuf
                0x03016f8c       0x74 icomlib.a(smartConf.o)
                0x03016f8c                clearSmartLinkBuf
 .text.clearAllSmartLinkBuf
                0x03017000       0x48 icomlib.a(smartConf.o)
                0x03017000                clearAllSmartLinkBuf
 .text.resetSmartLink
                0x03017048       0x58 icomlib.a(smartConf.o)
                0x03017048                resetSmartLink
 .text.process_thread_smart_conf_process
                0x030170a0      0x17c icomlib.a(smartConf.o)
 .text.initSmartLink
                0x0301721c       0xe4 icomlib.a(smartConf.o)
                0x0301721c                initSmartLink
 .text          0x03017300        0x0 icomlib.a(userSmart.o)
 .text.SET_FILTER_TABLE0
                0x03017300       0x68 icomlib.a(userSmart.o)
                0x03017300                SET_FILTER_TABLE0
 .text.SET_FILTER_TABLE1
                0x03017368       0x88 icomlib.a(userSmart.o)
                0x03017368                SET_FILTER_TABLE1
 .text.SET_FILTER_TABLE2
                0x030173f0       0xa0 icomlib.a(userSmart.o)
                0x030173f0                SET_FILTER_TABLE2
 .text.SET_FILTER_TABLE3
                0x03017490       0xc4 icomlib.a(userSmart.o)
                0x03017490                SET_FILTER_TABLE3
 .text.rejectAllFrame
                0x03017554      0x20c icomlib.a(userSmart.o)
                0x03017554                rejectAllFrame
 .text.AutoScanAP
                0x03017760        0x4 icomlib.a(userSmart.o)
                0x03017760                AutoScanAP
 .text.userSmartSetChannel
                0x03017764       0x38 icomlib.a(userSmart.o)
                0x03017764                userSmartSetChannel
 .text.SetUserReceFilter
                0x0301779c       0x48 icomlib.a(userSmart.o)
                0x0301779c                SetUserReceFilter
 .text.EnableUserReceFilter
                0x030177e4       0xa4 icomlib.a(userSmart.o)
                0x030177e4                EnableUserReceFilter
 .text.DisableUserReceFilter
                0x03017888       0x3c icomlib.a(userSmart.o)
                0x03017888                DisableUserReceFilter
 .text.SetCallBackFunction
                0x030178c4       0x10 icomlib.a(userSmart.o)
                0x030178c4                SetCallBackFunction
 .text.EnableCallBackFrame
                0x030178d4       0x38 icomlib.a(userSmart.o)
                0x030178d4                EnableCallBackFrame
 .text.DisableCallBackFrame
                0x0301790c       0x18 icomlib.a(userSmart.o)
                0x0301790c                DisableCallBackFrame
 .text.EnableUserSmartMode
                0x03017924       0xa8 icomlib.a(userSmart.o)
                0x03017924                EnableUserSmartMode
 .text.DisableUserSmartMode
                0x030179cc      0x11c icomlib.a(userSmart.o)
                0x030179cc                DisableUserSmartMode
 .text          0x03017ae8        0x0 icomlib.a(ieee80211_mac.o)
 .text.off      0x03017ae8       0x18 icomlib.a(ieee80211_mac.o)
 .text.channel_check_interval
                0x03017b00        0x8 icomlib.a(ieee80211_mac.o)
 .text.init     0x03017b08       0x14 icomlib.a(ieee80211_mac.o)
 .text.on       0x03017b1c       0x1c icomlib.a(ieee80211_mac.o)
 .text.dump_data
                0x03017b38       0x64 icomlib.a(ieee80211_mac.o)
                0x03017b38                dump_data
 .text.data_decryt
                0x03017b9c       0x80 icomlib.a(ieee80211_mac.o)
                0x03017b9c                data_decryt
 .text          0x03017c1c        0x0 icomlib.a(drv_fence.o)
 .text.hwfence_init
                0x03017c1c       0x1c icomlib.a(drv_fence.o)
                0x03017c1c                hwfence_init
 .text.hwfence_start
                0x03017c38       0x14 icomlib.a(drv_fence.o)
                0x03017c38                hwfence_start
 .text          0x03017c4c        0x0 icomlib.a(drv_mbox.o)
 .text.drv_mailbox_cpu_pri_ff
                0x03017c4c       0x30 icomlib.a(drv_mbox.o)
                0x03017c4c                drv_mailbox_cpu_pri_ff
 .text          0x03017c7c        0x0 icomlib.a(EAPOL.o)
 .text.rx_process_wpa
                0x03017c7c      0x190 icomlib.a(EAPOL.o)
                0x03017c7c                rx_process_wpa
 .text.rx_process_eapol
                0x03017e0c       0x58 icomlib.a(EAPOL.o)
                0x03017e0c                rx_process_eapol
 .text.tx_eapol_start_req
                0x03017e64        0x4 icomlib.a(EAPOL.o)
                0x03017e64                tx_eapol_start_req
 .text          0x03017e68        0x0 icomapps.a(atcmd.o)
 .text.process_thread_poll_tx_process
                0x03017e68       0xa0 icomapps.a(atcmd.o)
 .text.process_thread_nslookup_process
                0x03017f08       0xb4 icomapps.a(atcmd.o)
 .text.allocate_buffer_in
                0x03017fbc       0x40 icomapps.a(atcmd.o)
                0x03017fbc                allocate_buffer_in
 .text.process_thread_tcp_connect_process
                0x03017ffc      0x260 icomapps.a(atcmd.o)
 .text.release_buffer_in
                0x0301825c       0x30 icomapps.a(atcmd.o)
                0x0301825c                release_buffer_in
 .text.allocate_buffer_out
                0x0301828c       0x40 icomapps.a(atcmd.o)
                0x0301828c                allocate_buffer_out
 .text.process_thread_http_request_process
                0x030182cc      0x338 icomapps.a(atcmd.o)
 .text.release_buffer_out
                0x03018604       0x30 icomapps.a(atcmd.o)
                0x03018604                release_buffer_out
 .text.parseBuff2Param
                0x03018634       0x94 icomapps.a(atcmd.o)
                0x03018634                parseBuff2Param
 .text.At_EnableSmartReboot
                0x030186c8       0xa0 icomapps.a(atcmd.o)
                0x030186c8                At_EnableSmartReboot
 .text.At_EnableSmartMode
                0x03018768       0x8c icomapps.a(atcmd.o)
                0x03018768                At_EnableSmartMode
 .text.showDataRate
                0x030187f4       0x1c icomapps.a(atcmd.o)
                0x030187f4                showDataRate
 .text.securityString
                0x03018810       0x1c icomapps.a(atcmd.o)
                0x03018810                securityString
 .text.securitySubString
                0x0301882c       0x1c icomapps.a(atcmd.o)
                0x0301882c                securitySubString
 .text.At_Reboot
                0x03018848       0x1c icomapps.a(atcmd.o)
                0x03018848                At_Reboot
 .text.At_WatchDOG_Start
                0x03018864       0x30 icomapps.a(atcmd.o)
                0x03018864                At_WatchDOG_Start
 .text.At_WatchDOG_Stop
                0x03018894       0x30 icomapps.a(atcmd.o)
                0x03018894                At_WatchDOG_Stop
 .text.At_ProcessQueKill
                0x030188c4       0x60 icomapps.a(atcmd.o)
                0x030188c4                At_ProcessQueKill
 .text.At_ProcessKill
                0x03018924       0x60 icomapps.a(atcmd.o)
                0x03018924                At_ProcessKill
 .text.At_ProcessAllQueDump
                0x03018984       0x34 icomapps.a(atcmd.o)
                0x03018984                At_ProcessAllQueDump
 .text.At_ProcessAllDump
                0x030189b8       0x34 icomapps.a(atcmd.o)
                0x030189b8                At_ProcessAllDump
 .text.At_ShowNtpTime
                0x030189ec       0x20 icomapps.a(atcmd.o)
                0x030189ec                At_ShowNtpTime
 .text.At_ShowAllAP
                0x03018a0c       0xd8 icomapps.a(atcmd.o)
                0x03018a0c                At_ShowAllAP
 .text.At_ShowConnectAP
                0x03018ae4      0x140 icomapps.a(atcmd.o)
                0x03018ae4                At_ShowConnectAP
 .text.At_SetGpio
                0x03018c24       0xdc icomapps.a(atcmd.o)
                0x03018c24                At_SetGpio
 .text.At_WriteGpio
                0x03018d00       0xbc icomapps.a(atcmd.o)
                0x03018d00                At_WriteGpio
 .text.At_ReadGpio
                0x03018dbc       0x9c icomapps.a(atcmd.o)
                0x03018dbc                At_ReadGpio
 .text.At_ParserRecv
                0x03018e58       0x4c icomapps.a(atcmd.o)
                0x03018e58                At_ParserRecv
 .text.At_PowerOn
                0x03018ea4       0x38 icomapps.a(atcmd.o)
                0x03018ea4                At_PowerOn
 .text.At_RX    0x03018edc       0x38 icomapps.a(atcmd.o)
                0x03018edc                At_RX
 .text.At_TX    0x03018f14       0x4c icomapps.a(atcmd.o)
                0x03018f14                At_TX
 .text.At_PowerSaving
                0x03018f60       0xdc icomapps.a(atcmd.o)
                0x03018f60                At_PowerSaving
 .text.At_TCPChange_Timeout
                0x0301903c       0x98 icomapps.a(atcmd.o)
                0x0301903c                At_TCPChange_Timeout
 .text.At_TCPConnect
                0x030190d4      0x150 icomapps.a(atcmd.o)
                0x030190d4                At_TCPConnect
 .text.At_TCPSend
                0x03019224      0x108 icomapps.a(atcmd.o)
                0x03019224                At_TCPSend
 .text.At_TCPDisconnect
                0x0301932c       0x48 icomapps.a(atcmd.o)
                0x0301932c                At_TCPDisconnect
 .text.At_TCPListen
                0x03019374       0xd0 icomapps.a(atcmd.o)
                0x03019374                At_TCPListen
 .text.At_TCPUnlisten
                0x03019444       0xb4 icomapps.a(atcmd.o)
                0x03019444                At_TCPUnlisten
 .text.At_UDPCreate
                0x030194f8       0xd4 icomapps.a(atcmd.o)
                0x030194f8                At_UDPCreate
 .text.At_UDPSend
                0x030195cc      0x124 icomapps.a(atcmd.o)
                0x030195cc                At_UDPSend
 .text.At_UDPClose
                0x030196f0       0x6c icomapps.a(atcmd.o)
                0x030196f0                At_UDPClose
 .text.At_HTTPTest
                0x0301975c      0x184 icomapps.a(atcmd.o)
                0x0301975c                At_HTTPTest
 .text.At_HTTPTestStop
                0x030198e0       0x14 icomapps.a(atcmd.o)
                0x030198e0                At_HTTPTestStop
 .text.At_NSLookup
                0x030198f4       0x58 icomapps.a(atcmd.o)
                0x030198f4                At_NSLookup
 .text.At_SET_AP_SSID
                0x0301994c       0x58 icomapps.a(atcmd.o)
                0x0301994c                At_SET_AP_SSID
 .text.At_SET_AUTO_CONNECT
                0x030199a4       0x78 icomapps.a(atcmd.o)
                0x030199a4                At_SET_AUTO_CONNECT
 .text.At_SAVE_CONFIG
                0x03019a1c       0x34 icomapps.a(atcmd.o)
                0x03019a1c                At_SAVE_CONFIG
 .text.At_Clean_Lists
                0x03019a50       0x18 icomapps.a(atcmd.o)
                0x03019a50                At_Clean_Lists
 .text.At_AP    0x03019a68       0x1c icomapps.a(atcmd.o)
                0x03019a68                At_AP
 .text.At_SET_APCONFIG
                0x03019a84       0xac icomapps.a(atcmd.o)
                0x03019a84                At_SET_APCONFIG
 .text.At_AP_EXIT
                0x03019b30       0x1c icomapps.a(atcmd.o)
                0x03019b30                At_AP_EXIT
 .text.At_TestFlashErase
                0x03019b4c       0xc8 icomapps.a(atcmd.o)
                0x03019b4c                At_TestFlashErase
 .text.At_TestFlashWrite
                0x03019c14       0xb8 icomapps.a(atcmd.o)
                0x03019c14                At_TestFlashWrite
 .text.At_BenchFlashRead
                0x03019ccc      0x10c icomapps.a(atcmd.o)
                0x03019ccc                At_BenchFlashRead
 .text.At_BenchFlashWrite
                0x03019dd8      0x114 icomapps.a(atcmd.o)
                0x03019dd8                At_BenchFlashWrite
 .text.At_TestFlashRead
                0x03019eec       0xa4 icomapps.a(atcmd.o)
                0x03019eec                At_TestFlashRead
 .text.At_ParserInd
                0x03019f90       0xc0 icomapps.a(atcmd.o)
                0x03019f90                At_ParserInd
 .text.At_Parser
                0x0301a050      0xc58 icomapps.a(atcmd.o)
                0x0301a050                At_Parser
 .text          0x0301aca8        0x0 icomapps.a(socket_app.o)
 .text.process_thread_discover_process
                0x0301aca8      0x130 icomapps.a(socket_app.o)
 .text.otaProcessDisable
                0x0301add8       0x14 icomapps.a(socket_app.o)
                0x0301add8                otaProcessDisable
 .text.setRemoteMAC
                0x0301adec       0x48 icomapps.a(socket_app.o)
                0x0301adec                setRemoteMAC
 .text.setRrmoteIpAddress
                0x0301ae34       0x1c icomapps.a(socket_app.o)
                0x0301ae34                setRrmoteIpAddress
 .text.getCmdNum
                0x0301ae50       0x88 icomapps.a(socket_app.o)
                0x0301ae50                getCmdNum
 .text.smartTcpSend
                0x0301aed8       0x50 icomapps.a(socket_app.o)
                0x0301aed8                smartTcpSend
 .text.smartTcpConnect
                0x0301af28       0x74 icomapps.a(socket_app.o)
                0x0301af28                smartTcpConnect
 .text.smartTcpDisConnect
                0x0301af9c       0x38 icomapps.a(socket_app.o)
                0x0301af9c                smartTcpDisConnect
 .text.process_thread_tcp_client_smartProcess
                0x0301afd4      0x1ac icomapps.a(socket_app.o)
 .text.process_thread_tcp_smartlink_process
                0x0301b180      0x1e4 icomapps.a(socket_app.o)
 .text.appUdpCreate
                0x0301b364       0x48 icomapps.a(socket_app.o)
                0x0301b364                appUdpCreate
 .text.appUdpSend
                0x0301b3ac       0x40 icomapps.a(socket_app.o)
                0x0301b3ac                appUdpSend
 .text.appUdpClose
                0x0301b3ec       0x2c icomapps.a(socket_app.o)
                0x0301b3ec                appUdpClose
 .text.checkCmdAndSendData
                0x0301b418      0x1f8 icomapps.a(socket_app.o)
                0x0301b418                checkCmdAndSendData
 .text.process_thread_udp_server_discoverProcess
                0x0301b610      0x170 icomapps.a(socket_app.o)
 .text          0x0301b780        0x0 icomapps.a(soft_ap_init.o)
 .text.softap_combine_ssid_mac
                0x0301b780       0x5c icomapps.a(soft_ap_init.o)
                0x0301b780                softap_combine_ssid_mac
 .text.softap_dump_dhcp_setting
                0x0301b7dc       0x88 icomapps.a(soft_ap_init.o)
                0x0301b7dc                softap_dump_dhcp_setting
 .text.softap_dhcp_init
                0x0301b864      0x130 icomapps.a(soft_ap_init.o)
                0x0301b864                softap_dhcp_init
 .text.softap_init_ex
                0x0301b994       0xe8 icomapps.a(soft_ap_init.o)
                0x0301b994                softap_init_ex
 .text.softap_init
                0x0301ba7c       0x10 icomapps.a(soft_ap_init.o)
                0x0301ba7c                softap_init
 .text          0x0301ba8c        0x0 icomapps.a(tcp_server_demo)
 .text.process_thread_tcpServerDemo_process
                0x0301ba8c      0x1ec icomapps.a(tcp_server_demo)
 .text.SetPWM   0x0301bc78       0x38 icomapps.a(tcp_server_demo)
                0x0301bc78                SetPWM
 .text.EnableLED
                0x0301bcb0       0x44 icomapps.a(tcp_server_demo)
                0x0301bcb0                EnableLED
 .text.DisableLED
                0x0301bcf4       0x40 icomapps.a(tcp_server_demo)
                0x0301bcf4                DisableLED
 .text.process_thread_led_blink_process
                0x0301bd34       0xd4 icomapps.a(tcp_server_demo)
 .text.appTcpSend
                0x0301be08       0x50 icomapps.a(tcp_server_demo)
                0x0301be08                appTcpSend
 .text.TCPDataParser
                0x0301be58      0x104 icomapps.a(tcp_server_demo)
                0x0301be58                TCPDataParser
 .text.process_thread_tcp_server_demoProcess
                0x0301bf5c      0x188 icomapps.a(tcp_server_demo)
 .text          0x0301c0e4        0x0 icomapps.a(wifi_uart_demo.)
 .text.process_thread_wifiUartDemo_process
                0x0301c0e4      0x13c icomapps.a(wifi_uart_demo.)
 .text.process_thread_tcp_server_wifiUartProcess
                0x0301c220      0x1c4 icomapps.a(wifi_uart_demo.)
 .text.sampleAppTCPSend
                0x0301c3e4       0x84 icomapps.a(wifi_uart_demo.)
                0x0301c3e4                sampleAppTCPSend
 .text.sampleDataUartRead
                0x0301c468       0x8c icomapps.a(wifi_uart_demo.)
                0x0301c468                sampleDataUartRead
 .text          0x0301c4f4        0x0 icomapps.a(ota_api.o)
 .text.process_thread_auto_reboot_process
                0x0301c4f4       0xd8 icomapps.a(ota_api.o)
 .text.cal_ota_checksum
                0x0301c5cc       0x5c icomapps.a(ota_api.o)
                0x0301c5cc                cal_ota_checksum
 .text.downloadFinish
                0x0301c628      0x1c8 icomapps.a(ota_api.o)
                0x0301c628                downloadFinish
 .text.filesave_from_phone
                0x0301c7f0      0x174 icomapps.a(ota_api.o)
                0x0301c7f0                filesave_from_phone
 .text.OtaTcpConnect
                0x0301c964       0x54 icomapps.a(ota_api.o)
                0x0301c964                OtaTcpConnect
 .text.process_thread_tcp_client_otaProcess
                0x0301c9b8      0x2cc icomapps.a(ota_api.o)
 .text.OtaTcpDisConnect
                0x0301cc84       0x3c icomapps.a(ota_api.o)
                0x0301cc84                OtaTcpDisConnect
 .text.setOtaRrmoteIp
                0x0301ccc0       0x24 icomapps.a(ota_api.o)
                0x0301ccc0                setOtaRrmoteIp
 .text.clearOtaParameters
                0x0301cce4       0x38 icomapps.a(ota_api.o)
                0x0301cce4                clearOtaParameters
 .text.process_thread_ota_updateProcess
                0x0301cd1c      0x20c icomapps.a(ota_api.o)
 .text          0x0301cf28        0x0 icomlib.a(pwm_api.o)
 .text.enableHwPWM
                0x0301cf28       0x30 icomlib.a(pwm_api.o)
                0x0301cf28                enableHwPWM
 .text.disableHwPWM
                0x0301cf58       0x10 icomlib.a(pwm_api.o)
                0x0301cf58                disableHwPWM
 .text          0x0301cf68        0x0 icomlib.a(serial_api.o)
 .text.SerialInit
                0x0301cf68       0x48 icomlib.a(serial_api.o)
                0x0301cf68                SerialInit
 .text.SerialConfig
                0x0301cfb0        0xc icomlib.a(serial_api.o)
                0x0301cfb0                SerialConfig
 .text.SerialDeinit
                0x0301cfbc       0x38 icomlib.a(serial_api.o)
                0x0301cfbc                SerialDeinit
 .text          0x0301cff4        0x0 icomlib.a(drv_pwm.o)
 .text.drv_pwm_setduty
                0x0301cff4       0x7c icomlib.a(drv_pwm.o)
                0x0301cff4                drv_pwm_setduty
 .text.drv_pwm_init
                0x0301d070       0x4c icomlib.a(drv_pwm.o)
                0x0301d070                drv_pwm_init
 .text.drv_pwm_enable
                0x0301d0bc       0x14 icomlib.a(drv_pwm.o)
                0x0301d0bc                drv_pwm_enable
 .text.drv_pwm_deinit
                0x0301d0d0       0x38 icomlib.a(drv_pwm.o)
                0x0301d0d0                drv_pwm_deinit
 .text.drv_pwm_disable
                0x0301d108       0x14 icomlib.a(drv_pwm.o)
                0x0301d108                drv_pwm_disable
 .text          0x0301d11c        0x0 contikilib.a(dhcp_process.o)
 .text.process_thread_dhcp_process
                0x0301d11c      0x194 contikilib.a(dhcp_process.o)
 .text.replyAck
                0x0301d2b0       0x10 contikilib.a(dhcp_process.o)
                0x0301d2b0                replyAck
 .text.set_node_ip
                0x0301d2c0       0x90 contikilib.a(dhcp_process.o)
                0x0301d2c0                set_node_ip
 .text.ip_configure
                0x0301d350       0x10 contikilib.a(dhcp_process.o)
                0x0301d350                ip_configure
 .text.dhcp_configure
                0x0301d360       0xb0 contikilib.a(dhcp_process.o)
                0x0301d360                dhcp_configure
 .text          0x0301d410        0x0 contikilib.a(dhcps.o)
 .text.unlikely.find_option
                0x0301d410       0x60 contikilib.a(dhcps.o)
 .text.create_msg
                0x0301d470       0x8c contikilib.a(dhcps.o)
 .text.add_lease_time
                0x0301d4fc       0x68 contikilib.a(dhcps.o)
 .text.add_config
                0x0301d564       0xa8 contikilib.a(dhcps.o)
 .text.unlikely.lookup_lease_ip
                0x0301d60c      0x170 contikilib.a(dhcps.o)
 .text.get_leased_mac
                0x0301d77c      0x248 contikilib.a(dhcps.o)
 .text.send_nack
                0x0301d9c4       0x98 contikilib.a(dhcps.o)
 .text.dhcp_dump_info
                0x0301da5c       0xc4 contikilib.a(dhcps.o)
                0x0301da5c                dhcp_dump_info
 .text.init_lease
                0x0301db20       0x20 contikilib.a(dhcps.o)
                0x0301db20                init_lease
 .text.process_thread_dhcp_server_process
                0x0301db40      0x968 contikilib.a(dhcps.o)
 .text.release_address_by_mac
                0x0301e4a8       0xc8 contikilib.a(dhcps.o)
                0x0301e4a8                release_address_by_mac
 .text.dhcps_init
                0x0301e570       0x7c contikilib.a(dhcps.o)
                0x0301e570                dhcps_init
 .text.dhcps_exit
                0x0301e5ec        0xc contikilib.a(dhcps.o)
                0x0301e5ec                dhcps_exit
 .text          0x0301e5f8        0x0 contikilib.a(resolv.o)
 .text.skip_name
                0x0301e5f8       0x2c contikilib.a(resolv.o)
 .text.resolv_found.isra.0
                0x0301e624       0x18 contikilib.a(resolv.o)
 .text.process_thread_resolv_process
                0x0301e63c      0x548 contikilib.a(resolv.o)
 .text.resolv_query
                0x0301eb84      0x150 contikilib.a(resolv.o)
                0x0301eb84                resolv_query
 .text.resolv_lookup
                0x0301ecd4       0xdc contikilib.a(resolv.o)
                0x0301ecd4                resolv_lookup
 .text.resolv_getserver
                0x0301edb0        0xc contikilib.a(resolv.o)
                0x0301edb0                resolv_getserver
 .text.resolv_conf
                0x0301edbc       0x1c contikilib.a(resolv.o)
                0x0301edbc                resolv_conf
 .text          0x0301edd8        0x0 contikilib.a(simple-udp.o)
 .text.process_thread_simple_udp_process
                0x0301edd8      0x14c contikilib.a(simple-udp.o)
 .text.simple_udp_send
                0x0301ef24       0x48 contikilib.a(simple-udp.o)
                0x0301ef24                simple_udp_send
 .text.simple_udp_sendto
                0x0301ef6c       0x44 contikilib.a(simple-udp.o)
                0x0301ef6c                simple_udp_sendto
 .text.simple_udp_sendto_port
                0x0301efb0       0x40 contikilib.a(simple-udp.o)
                0x0301efb0                simple_udp_sendto_port
 .text.simple_udp_register
                0x0301eff0       0xcc contikilib.a(simple-udp.o)
                0x0301eff0                simple_udp_register
 .text          0x0301f0bc        0x0 contikilib.a(uip_arp.o)
 .text.send_arp_request
                0x0301f0bc       0xf0 contikilib.a(uip_arp.o)
 .text.process_thread_get_gatewaymac_process
                0x0301f1ac       0xcc contikilib.a(uip_arp.o)
 .text.uip_arp_print
                0x0301f278       0x80 contikilib.a(uip_arp.o)
                0x0301f278                uip_arp_print
 .text.uip_arp_delete
                0x0301f2f8       0xac contikilib.a(uip_arp.o)
                0x0301f2f8                uip_arp_delete
 .text.uip_arp_init
                0x0301f3a4       0x84 contikilib.a(uip_arp.o)
                0x0301f3a4                uip_arp_init
 .text.uip_arp_timer
                0x0301f428       0x84 contikilib.a(uip_arp.o)
                0x0301f428                uip_arp_timer
 .text.process_thread_arptable_polling_process