Archive member included because of file (symbol)

icomlib.a(etimer.o)           ssv6060-main.o (etimer_set)
icomlib.a(printf.o)           ssv6060-main.o (printf)
icomlib.a(process.o)          icomlib.a(etimer.o) (process_post)
icomlib.a(strformat.o)        icomlib.a(printf.o) (format_str_v)
icomlib.a(timer.o)            icomlib.a(etimer.o) (timer_set)
icomlib.a(atcmd_icomm.o)      ssv6060-main.o (At_Disconnect)
icomlib.a(boot-hiflying.o)    /tmp/ccLLMW0y.o (boot_main)
icomlib.a(clock.o)            icomlib.a(etimer.o) (clock_time)
icomlib.a(contiki-main.o)     icomlib.a(boot-hiflying.o) (main)
icomlib.a(debug-uart.o)       icomlib.a(printf.o) (dbg_send_bytes)
icomlib.a(gpio_api.o)         ssv6060-main.o (pinMode)
icomlib.a(drv_timer.o)        icomlib.a(clock.o) (hwtmr_start)
icomlib.a(drv_uart.o)         icomlib.a(debug-uart.o) (drv_uart_tx)
icomlib.a(hw_init.o)          icomlib.a(drv_uart.o) (ssv_delay)
icomlib.a(hw_regs_api.o)      icomlib.a(hw_init.o) (hw_reg_write)
icomlib.a(ssv_lib.o)          icomlib.a(printf.o) (strlen)
icomlib.a(ssv_lib_slow.o)     icomlib.a(atcmd_icomm.o) (dbg_dump_binary)
icomlib.a(swpwm.o)            icomlib.a(clock.o) (initSwPWM)
icomlib.a(systemconf.o)       icomlib.a(atcmd_icomm.o) (gwifistatus)
icomlib.a(wdog_api.o)         ssv6060-main.o (api_wdog_reboot)
icomlib.a(xmem.o)             icomlib.a(contiki-main.o) (cabrio_flash_init)
icomlib.a(bsp.o)              icomlib.a(hw_init.o) (set_mrx_filter_sta)
icomlib.a(crypthw.o)          icomlib.a(hw_init.o) (g_soc_table)
icomlib.a(dbg-atcmd-api.o)    icomlib.a(hw_init.o) (UpdateConf)
icomlib.a(drv_mac.o)          icomlib.a(dbg-atcmd-api.o) (SET_STA_MAC)
icomlib.a(drv_phy.o)          icomlib.a(hw_init.o) (drv_phy_init)
icomlib.a(drv_pktbuf.o)       icomlib.a(dbg-atcmd-api.o) (setpacketbuf_len)
icomlib.a(drv_pktbuf_slow)    icomlib.a(atcmd_icomm.o) (ssv6xxx_pbuf_dump_reg)
icomlib.a(hash_alg.o)         icomlib.a(atcmd_icomm.o) (pbkdf2_sha1)
icomlib.a(hmac_md5.o)         icomlib.a(hash_alg.o) (hmac_md5_init)
icomlib.a(hmac_sha1.o)        icomlib.a(hash_alg.o) (hmac_sha1_init)
icomlib.a(ieee80211_mgmt.)    icomlib.a(atcmd_icomm.o) (getAvailableIndex)
icomlib.a(ieee80211_rdc.o)    icomlib.a(dbg-atcmd-api.o) (ieee80211_rdc)
icomlib.a(irq.o)              icomlib.a(wdog_api.o) (irq_mask_disable)
icomlib.a(netstack.o)         icomlib.a(contiki-main.o) (netstack_init)
icomlib.a(powersave.o)        icomlib.a(ieee80211_mgmt.) (is_waketime_alive)
icomlib.a(rate_control.o)     icomlib.a(ieee80211_mgmt.) (init_ratecontrol)
icomlib.a(sha1.o)             icomlib.a(hmac_sha1.o) (sha1hw_init)
icomlib.a(soft_ap.o)          icomlib.a(bsp.o) (softap_get_sta_connected)
icomlib.a(ssv6200_rx.o)       icomlib.a(powersave.o) (is_tx_active)
icomlib.a(ssvradio.o)         icomlib.a(ssv6200_rx.o) (ssv6200_radio_retrans)
icomlib.a(wpa.o)              icomlib.a(ieee80211_mgmt.) (init_wpa_ctx)
icomlib.a(sys_status_api.)    icomlib.a(atcmd_icomm.o) (get_local_mac)
icomlib.a(AES_decrypt.o)      icomlib.a(wpa.o) (aes_wrap)
icomlib.a(arc4.o)             icomlib.a(wpa.o) (arc4_skip)
icomlib.a(md5.o)              icomlib.a(hmac_md5.o) (MD5Init)
icomlib.a(wep.o)              icomlib.a(ieee80211_mgmt.) (getAuthChallengeTextLen)
icomlib.a(autostart.o)        icomlib.a(contiki-main.o) (autostart_start)
icomlib.a(shell-ping.o)       icomlib.a(atcmd_icomm.o) (ping_start)
icomlib.a(random.o)           icomlib.a(clock.o) (random_init)
icomlib.a(airkiss.o)          icomlib.a(ieee80211_mgmt.) (clearAirKissBuf)
icomlib.a(bsp_info.o)         icomlib.a(contiki-main.o) (bsp_get_boot_info)
icomlib.a(cfs-coffee.o)       icomlib.a(systemconf.o) (cfs_open)
icomlib.a(console.o)          icomlib.a(contiki-main.o) (console_init)
icomlib.a(drv_flash.o)        icomlib.a(systemconf.o) (drv_flash_get_cache_addr)
icomlib.a(drv_gpio.o)         icomlib.a(swpwm.o) (get_PAD_Addr)
icomlib.a(drv_pmu.o)          icomlib.a(powersave.o) (drv_pmu_powersave_mode)
icomlib.a(drv_wdog.o)         icomlib.a(wdog_api.o) (drv_wdog_reboot)
icomlib.a(fence.o)            icomlib.a(bsp.o) (fence_init)
icomlib.a(flash_api.o)        icomlib.a(systemconf.o) (spi_flash_sector_erase)
icomlib.a(smartComm.o)        icomlib.a(sys_status_api.) (set_slink_ready_ack)
icomlib.a(smartConf.o)        icomlib.a(ieee80211_mgmt.) (clearSmartLinkBuf)
icomlib.a(userSmart.o)        icomlib.a(ssv6200_rx.o) (rx_process_userSmart)
icomlib.a(ieee80211_mac.o)    icomlib.a(ieee80211_mgmt.) (rx_skb)
icomlib.a(ieee80211_net.o)    icomlib.a(netstack.o) (ieee80211_net)
icomlib.a(ssv6200_tx.o)       icomlib.a(ssvradio.o) (ssv6200_transmit)
icomlib.a(drv_fence.o)        icomlib.a(fence.o) (hwfence_init)
icomlib.a(drv_mbox.o)         icomlib.a(ssv6200_tx.o) (drv_mailbox_cpu_ff)
icomlib.a(EAPOL.o)            icomlib.a(ieee80211_net.o) (rx_process_eapol)
icomapps.a(atcmd.o)           icomlib.a(atcmd_icomm.o) (At_ParserInd)
icomapps.a(socket_app.o)      icomlib.a(smartComm.o) (setRemoteMAC)
[...]
Memory Configuration

Name             Origin             Length             Attributes
flash            0x03000000         0x00080000         xr
ram              0x02000000         0x00030000         xrw
*default*        0x00000000         0xffffffff

Linker script and memory map

                0x00080000                _flash_size_ = 0x80000
                0x00030000                _ram_size_ = 0x30000
                0x0202fffc                __stack_end__ = ((ORIGIN (ram) + 0x30000) - 0x4)
                0x00004000                _boot_size = 0x4000
                0x03000000                . = ORIGIN (flash)
                0x03000000                _sitxt0 = .

startup         0x03000000      0x1e0
 *(.startup1)
 .startup1      0x03000000       0x50 /tmp/ccLLMW0y.o
 *(.startup2)
 .startup2      0x03000050      0x184 /tmp/ccLLMW0y.o
                0x03000194                endless_loop
                0x030001e0                . = ALIGN (0x10)
 *fill*         0x030001d4        0xc 
                0x02029000                _vma_boot_text_beg = ((ORIGIN (ram) + 0x30000) - 0x7000)
                0x030001e0                _sitxt0a = (_sitxt0 + SIZEOF (startup))
                0x03004000                . = (ORIGIN (flash) + _boot_size)
                0x03004000                _sitxt2 = .

prog_in_flash   0x03004000    0x2f580
 *(.vars_second_boot)
 .vars_second_boot
                0x03004000       0x48 /tmp/ccLLMW0y.o
 icomlib.a:contiki-main.o(.text.startup.main)
 .text.startup.main
                0x03004048      0x104 icomlib.a(contiki-main.o)
                0x03004048                main
 *(EXCLUDE_FILE(icomlib.a:ssv_lib.o icomlib.a:sha256.o icomlib.a:sha384.o icomlib.a:sha512.o icomlib.a:x905.o icomlib.a:asn1.o icomlib.a:pstmsqrcomba.o icomlib.a:pstmmulcomba.o icomlib.a:pstmmonreduce.o icomlib.a:pstm.o contikilib.a:socket_driver.o icomlib.a:powersave.o icomlib.a:hw_regs_api.o icomlib.a:flash_api.o icomlib.a:drv_flash.o icomlib.a:xmem.o icomlib.a:soft_ap.o icomlib.a:debug-uart.o icomlib.a:dbg-puts.o icomlib.a:strformat.o icomlib.a:dbg-printf.o icomlib.a:rate_control.o icomlib.a:throughput.o icomlib.a:ssv6200_tx.o icomlib.a:ssv6200_rx.o icomlib.a:ssvradio.o icomlib.a:drv_pktbuf.o icomlib.a:packetbuf.o icomlib.a:ieee80211_rdc.o icomlib.a:ieee80211_net.o contikilib.a:tcpip.o icomlib.a:etimer.o icomlib.a:clock.o icomlib.a:timer.o contikilib.a:uip.o icomlib.a:AES_decrypt.o icomlib.a:boot-hiflying.o) .text*)
 .text          0x0300414c        0x0 /tmp/ccLLMW0y.o
 .text          0x0300414c        0x0 ssv6060-main.o
 .text.AT_Customer
                0x0300414c       0x18 ssv6060-main.o
                0x0300414c                AT_Customer
 .text.AT_Customer2
                0x03004164       0x50 ssv6060-main.o
                0x03004164                AT_Customer2
 .text.process_thread_ac_nslookup_process
                0x030041b4       0xec ssv6060-main.o
 .text.process_thread_ac_tcp_connect_process
                0x030042a0      0x288 ssv6060-main.o
 .text.AT_SmartLink
                0x03004528       0x14 ssv6060-main.o
                0x03004528                AT_SmartLink
 .text.AT_Reset
                0x0300453c        0xc ssv6060-main.o
                0x0300453c                AT_Reset
 .text.AT_WIFIUART_DEMO
                0x03004548       0x78 ssv6060-main.o
                0x03004548                AT_WIFIUART_DEMO
 .text.AT_TCPSERVER_DEMO
                0x030045c0       0x78 ssv6060-main.o
                0x030045c0                AT_TCPSERVER_DEMO
 .text.allocate_buffer_in_ext
                0x03004638       0x40 ssv6060-main.o
                0x03004638                allocate_buffer_in_ext
 .text.TurnOffAllLED
                0x03004678       0x70 ssv6060-main.o
                0x03004678                TurnOffAllLED
 .text.SetLED   0x030046e8       0x50 ssv6060-main.o
                0x030046e8                SetLED
 .text.Ac_Dns   0x03004738       0x24 ssv6060-main.o
                0x03004738                Ac_Dns
 .text.Ac_ConnectGateway
                0x0300475c       0x58 ssv6060-main.o
                0x0300475c                Ac_ConnectGateway
 .text.Ac_BcInit
                0x030047b4       0x4c ssv6060-main.o
                0x030047b4                Ac_BcInit
 .text.process_thread_main_process
                0x03004800       0xac ssv6060-main.o
 .text.Ac_ListenClient
                0x030048ac       0x54 ssv6060-main.o
                0x030048ac                Ac_ListenClient
 .text          0x03004900        0x0 icomlib.a(printf.o)
 .text.write_str
                0x03004900       0x1c icomlib.a(printf.o)
 .text.printf   0x0300491c       0x30 icomlib.a(printf.o)
                0x0300491c                printf
 .text.uart_tx1
                0x0300494c       0x14 icomlib.a(printf.o)
                0x0300494c                uart_tx1
 .text.printchar
                0x03004960       0x50 icomlib.a(printf.o)
 .text.prints   0x030049b0      0x10c icomlib.a(printf.o)
 .text.printi   0x03004abc      0x118 icomlib.a(printf.o)
 .text.print    0x03004bd4      0x1f8 icomlib.a(printf.o)
                0x03004bd4                print
 .text.sprintf  0x03004dcc       0x30 icomlib.a(printf.o)
                0x03004dcc                sprintf
 .text.vsprintf
                0x03004dfc       0x1c icomlib.a(printf.o)
                0x03004dfc                vsprintf
 .text.set_log_all_group_enable
                0x03004e18       0x24 icomlib.a(printf.o)
                0x03004e18                set_log_all_group_enable
 .text.set_log_all_group_disable
                0x03004e3c       0x24 icomlib.a(printf.o)
                0x03004e3c                set_log_all_group_disable
 .text.set_log_all_group
                0x03004e60       0x2c icomlib.a(printf.o)
                0x03004e60                set_log_all_group
 .text.set_log_all_level
                0x03004e8c       0x8c icomlib.a(printf.o)
                0x03004e8c                set_log_all_level
 .text.set_log_single_group_level
                0x03004f18       0x40 icomlib.a(printf.o)
                0x03004f18                set_log_single_group_level
 .text.dump_log_control_info
                0x03004f58       0x78 icomlib.a(printf.o)
                0x03004f58                dump_log_control_info
 .text          0x03004fd0        0x0 icomlib.a(process.o)
 .text.process_alloc_event
                0x03004fd0       0x18 icomlib.a(process.o)
                0x03004fd0                process_alloc_event
 .text.check_process_in_que
                0x03004fe8       0x64 icomlib.a(process.o)
                0x03004fe8                check_process_in_que
 .text.process_debug
                0x0300504c      0x150 icomlib.a(process.o)
                0x0300504c                process_debug
 .text          0x0300519c        0x0 icomlib.a(atcmd_icomm.o)
 .text.ip2int   0x0300519c       0xe4 icomlib.a(atcmd_icomm.o)
                0x0300519c                ip2int
 .text.At_RespOK
                0x03005280       0x74 icomlib.a(atcmd_icomm.o)
                0x03005280                At_RespOK
 .text.At_GetLocalMac
                0x030052f4       0x4c icomlib.a(atcmd_icomm.o)
                0x030052f4                At_GetLocalMac
 .text.At_GetVersion
                0x03005340       0x2c icomlib.a(atcmd_icomm.o)
                0x03005340                At_GetVersion
 .text.At_GetManufactureInfo
                0x0300536c       0x2c icomlib.a(atcmd_icomm.o)
                0x0300536c                At_GetManufactureInfo
 .text.At_SetWifiConfig
                0x03005398      0x214 icomlib.a(atcmd_icomm.o)
                0x03005398                At_SetWifiConfig
 .text.At_GetConfigure
                0x030055ac       0xb4 icomlib.a(atcmd_icomm.o)
                0x030055ac                At_GetConfigure
 .text.At_SetIfConfigure
                0x03005660      0x19c icomlib.a(atcmd_icomm.o)
                0x03005660                At_SetIfConfigure
 .text.At_GetNetStatus
                0x030057fc       0x30 icomlib.a(atcmd_icomm.o)
                0x030057fc                At_GetNetStatus
 .text.At_Ping  0x0300582c       0x80 icomlib.a(atcmd_icomm.o)
                0x0300582c                At_Ping
 .text.At_Help  0x030058ac      0x210 icomlib.a(atcmd_icomm.o)
                0x030058ac                At_Help
 .text.At_GetApStatus
                0x03005abc       0x70 icomlib.a(atcmd_icomm.o)
                0x03005abc                At_GetApStatus
 .text.At_GetWifiStatus
                0x03005b2c      0x350 icomlib.a(atcmd_icomm.o)
                0x03005b2c                At_GetWifiStatus
 .text.At_GetMRX
                0x03005e7c      0x130 icomlib.a(atcmd_icomm.o)
                0x03005e7c                At_GetMRX
 .text.At_TestMemRead
                0x03005fac       0x88 icomlib.a(atcmd_icomm.o)
                0x03005fac                At_TestMemRead
 .text.At_MboxDump
                0x03006034       0x10 icomlib.a(atcmd_icomm.o)
                0x03006034                At_MboxDump
 .text.At_WifiReset
                0x03006044       0x10 icomlib.a(atcmd_icomm.o)
                0x03006044                At_WifiReset
 .text.At_GetIPconf
                0x03006054       0x4c icomlib.a(atcmd_icomm.o)
                0x03006054                At_GetIPconf
 .text.At_NetScan
                0x030060a0       0x14 icomlib.a(atcmd_icomm.o)
                0x030060a0                At_NetScan
 .text.At_NetScan_Custom
                0x030060b4       0xb4 icomlib.a(atcmd_icomm.o)
                0x030060b4                At_NetScan_Custom
 .text.At_Connect
                0x03006168       0x58 icomlib.a(atcmd_icomm.o)
                0x03006168                At_Connect
 .text.process_thread_Cabrio_ate_process
                0x030061c0      0x120 icomlib.a(atcmd_icomm.o)
 .text.At_Disconnect
                0x030062e0       0x10 icomlib.a(atcmd_icomm.o)
                0x030062e0                At_Disconnect
 .text.At_POWERSAVE
                0x030062f0       0x34 icomlib.a(atcmd_icomm.o)
                0x030062f0                At_POWERSAVE
 .text.At_WriteReg32
                0x03006324       0xd4 icomlib.a(atcmd_icomm.o)
                0x03006324                At_WriteReg32
 .text.At_ReadReg32
                0x030063f8       0x94 icomlib.a(atcmd_icomm.o)
                0x030063f8                At_ReadReg32
 .text.At_SetChannel
                0x0300648c       0x9c icomlib.a(atcmd_icomm.o)
                0x0300648c                At_SetChannel
 .text.At_GetRfStatus
                0x03006528      0x198 icomlib.a(atcmd_icomm.o)
                0x03006528                At_GetRfStatus
 .text.At_ShowRfCommand
                0x030066c0      0x1cc icomlib.a(atcmd_icomm.o)
                0x030066c0                At_ShowRfCommand
 .text.AT_RemoveCfsConf
                0x0300688c        0x4 icomlib.a(atcmd_icomm.o)
                0x0300688c                AT_RemoveCfsConf
 .text.At_bmode_count
                0x03006890       0x44 icomlib.a(atcmd_icomm.o)
                0x03006890                At_bmode_count
 .text.At_bmode_reset
                0x030068d4       0x1c icomlib.a(atcmd_icomm.o)
                0x030068d4                At_bmode_reset
 .text.At_gmode_count
                0x030068f0       0x48 icomlib.a(atcmd_icomm.o)
                0x030068f0                At_gmode_count
 .text.At_gmode_reset
                0x03006938       0x20 icomlib.a(atcmd_icomm.o)
                0x03006938                At_gmode_reset
 .text.At_filter_reset
                0x03006958      0x1f0 icomlib.a(atcmd_icomm.o)
                0x03006958                At_filter_reset
 .text.At_filter_count
                0x03006b48       0x5c icomlib.a(atcmd_icomm.o)
                0x03006b48                At_filter_count
 .text.at_cmd_start
                0x03006ba4       0x1c icomlib.a(atcmd_icomm.o)
                0x03006ba4                at_cmd_start
 .text.at_cmd_exit
                0x03006bc0       0x18 icomlib.a(atcmd_icomm.o)
                0x03006bc0                at_cmd_exit
 .text          0x03006bd8        0x0 icomlib.a(contiki-main.o)
 .text.test_rtimer
                0x03006bd8        0xc icomlib.a(contiki-main.o)
                0x03006bd8                test_rtimer
 .text.send_frame_rtimer
                0x03006be4        0xc icomlib.a(contiki-main.o)
                0x03006be4                send_frame_rtimer
 .text.dump_boot_message
                0x03006bf0       0x60 icomlib.a(contiki-main.o)
                0x03006bf0                dump_boot_message
 .text.get_all_config
                0x03006c50       0x38 icomlib.a(contiki-main.o)
                0x03006c50                get_all_config
 .text.log_init
                0x03006c88       0x10 icomlib.a(contiki-main.o)
                0x03006c88                log_init
 .text          0x03006c98        0x0 icomlib.a(gpio_api.o)
 .text.pinMode  0x03006c98       0x44 icomlib.a(gpio_api.o)
                0x03006c98                pinMode
 .text.digitalWrite
                0x03006cdc       0x10 icomlib.a(gpio_api.o)
                0x03006cdc                digitalWrite
 .text.digitalRead
                0x03006cec        0x4 icomlib.a(gpio_api.o)
                0x03006cec                digitalRead
 .text.gpio_irq_enable
                0x03006cf0       0x40 icomlib.a(gpio_api.o)
                0x03006cf0                gpio_irq_enable
 .text.gpio_irq_disable
                0x03006d30       0x10 icomlib.a(gpio_api.o)
                0x03006d30                gpio_irq_disable
 .text          0x03006d40        0x0 icomlib.a(drv_timer.o)
 .text.hwtmr_stop
                0x03006d40       0x20 icomlib.a(drv_timer.o)
                0x03006d40                hwtmr_stop
 .text.hwtmr_start
                0x03006d60       0x34 icomlib.a(drv_timer.o)
                0x03006d60                hwtmr_start
 .text.hwtmr_init
                0x03006d94       0x2c icomlib.a(drv_timer.o)
                0x03006d94                hwtmr_init
 .text          0x03006dc0        0x0 icomlib.a(drv_uart.o)
 .text.drv_uart_init
                0x03006dc0       0x78 icomlib.a(drv_uart.o)
                0x03006dc0                drv_uart_init
 .text.drv_uart_tx_0
                0x03006e38        0xc icomlib.a(drv_uart.o)
                0x03006e38                drv_uart_tx_0
 .text.drv_uart_is_tx_busy_0
                0x03006e44       0x18 icomlib.a(drv_uart.o)
                0x03006e44                drv_uart_is_tx_busy_0
 .text.drv_uart_multiple_tx_0
                0x03006e5c       0x28 icomlib.a(drv_uart.o)
                0x03006e5c                drv_uart_multiple_tx_0
 .text.drv_uart_get_uart_fifo_length_0
                0x03006e84        0x8 icomlib.a(drv_uart.o)
                0x03006e84                drv_uart_get_uart_fifo_length_0
 .text.drv_uart_enable_tx_int_0
                0x03006e8c       0x14 icomlib.a(drv_uart.o)
                0x03006e8c                drv_uart_enable_tx_int_0
 .text.drv_uart_disable_tx_int_0
                0x03006ea0       0x14 icomlib.a(drv_uart.o)
                0x03006ea0                drv_uart_disable_tx_int_0
 .text.drv_uart_enable_rx_int_0
                0x03006eb4       0x14 icomlib.a(drv_uart.o)
                0x03006eb4                drv_uart_enable_rx_int_0
 .text.drv_uart_disable_rx_int_0
                0x03006ec8       0x14 icomlib.a(drv_uart.o)
                0x03006ec8                drv_uart_disable_rx_int_0
 .text.drv_datauart_init
                0x03006edc      0x160 icomlib.a(drv_uart.o)
                0x03006edc                drv_datauart_init
 .text.drv_datauart_Deinit
                0x0300703c       0x58 icomlib.a(drv_uart.o)
                0x0300703c                drv_datauart_Deinit
 .text.drv_datauart_conf
                0x03007094       0x7c icomlib.a(drv_uart.o)
                0x03007094                drv_datauart_conf
 .text          0x03007110        0x0 icomlib.a(hw_init.o)
 .text.hw_tbl_write
                0x03007110       0x60 icomlib.a(hw_init.o)
 .text.modulator_and_pll_reset
                0x03007170       0xd4 icomlib.a(hw_init.o)
                0x03007170                modulator_and_pll_reset
 .text.ssv6xxx_phy_disable
                0x03007244       0x14 icomlib.a(hw_init.o)
                0x03007244                ssv6xxx_phy_disable
 .text.ssv6xxx_mac_disable
                0x03007258       0x14 icomlib.a(hw_init.o)
                0x03007258                ssv6xxx_mac_disable
 .text.ssv6xxx_hw_rf_phy_mac_reset
                0x0300726c      0x1a8 icomlib.a(hw_init.o)
                0x0300726c                ssv6xxx_hw_rf_phy_mac_reset
 .text.ssv6xxx_hw_radio_init
                0x03007414      0x1b0 icomlib.a(hw_init.o)
                0x03007414                ssv6xxx_hw_radio_init
 .text          0x030075c4        0x0 icomlib.a(ssv_lib_slow.o)
 .text.mac_atoi
                0x030075c4       0x44 icomlib.a(ssv_lib_slow.o)
                0x030075c4                mac_atoi
 .text.dbg_dump_reg_pc
                0x03007608       0x10 icomlib.a(ssv_lib_slow.o)
                0x03007608                dbg_dump_reg_pc
 .text.dbg_dump_reg_sp
                0x03007618       0x10 icomlib.a(ssv_lib_slow.o)
                0x03007618                dbg_dump_reg_sp
 .text.dbg_dump_reg_cpsr
                0x03007628       0xa0 icomlib.a(ssv_lib_slow.o)
                0x03007628                dbg_dump_reg_cpsr
 .text.dbg_dump_binary
                0x030076c8       0x78 icomlib.a(ssv_lib_slow.o)
                0x030076c8                dbg_dump_binary
 .text.dbg_dump_mac
                0x03007740       0x48 icomlib.a(ssv_lib_slow.o)
                0x03007740                dbg_dump_mac
 .text.dbg_dump_ip
                0x03007788       0x38 icomlib.a(ssv_lib_slow.o)
                0x03007788                dbg_dump_ip
 .text          0x030077c0        0x0 icomlib.a(swpwm.o)
 .text.initSwPWM
                0x030077c0       0x28 icomlib.a(swpwm.o)
                0x030077c0                initSwPWM
 .text.pwm_unregister
                0x030077e8       0xa0 icomlib.a(swpwm.o)
                0x030077e8                pwm_unregister
 .text.disableSwPWM
                0x03007888       0x34 icomlib.a(swpwm.o)
                0x03007888                disableSwPWM
 .text.pwm_register
                0x030078bc       0xe4 icomlib.a(swpwm.o)
                0x030078bc                pwm_register
 .text.enableSwPWM
                0x030079a0       0x6c icomlib.a(swpwm.o)
                0x030079a0                enableSwPWM
 .text          0x03007a0c        0x0 icomlib.a(systemconf.o)
 .text.gconfig_gen_header_to_mem
                0x03007a0c       0x3c icomlib.a(systemconf.o)
                0x03007a0c                gconfig_gen_header_to_mem
 .text.gconfig_gen_config_to_mem
                0x03007a48       0x48 icomlib.a(systemconf.o)
                0x03007a48                gconfig_gen_config_to_mem
 .text.gconfig_gen_config_table
                0x03007a90      0x114 icomlib.a(systemconf.o)
                0x03007a90                gconfig_gen_config_table
 .text.gconfig_save_config
                0x03007ba4       0x48 icomlib.a(systemconf.o)
                0x03007ba4                gconfig_save_config
 .text.gconfig_set_softap_ssid
                0x03007bec       0xb4 icomlib.a(systemconf.o)
                0x03007bec                gconfig_set_softap_ssid
 .text.gconfig_set_enable_smart
                0x03007ca0       0x78 icomlib.a(systemconf.o)
                0x03007ca0                gconfig_set_enable_smart
 .text.gconfig_set_auto_connect
                0x03007d18       0x40 icomlib.a(systemconf.o)
                0x03007d18                gconfig_set_auto_connect
 .text.gconfig_init_global_conf_by_define
                0x03007d58       0x14 icomlib.a(systemconf.o)
                0x03007d58                gconfig_init_global_conf_by_define
 .text.reset_global_conf
                0x03007d6c       0x3c icomlib.a(systemconf.o)
                0x03007d6c                reset_global_conf
 .text.remove_sysconfig
                0x03007da8       0x58 icomlib.a(systemconf.o)
                0x03007da8                remove_sysconfig
 .text.write_wifi_config
                0x03007e00       0xa4 icomlib.a(systemconf.o)
                0x03007e00                write_wifi_config
 .text.read_wifi_config
                0x03007ea4       0x90 icomlib.a(systemconf.o)
                0x03007ea4                read_wifi_config
 .text.init_global_conf
                0x03007f34      0x144 icomlib.a(systemconf.o)
                0x03007f34                init_global_conf
 .text.clear_ap_lists
                0x03008078       0x3c icomlib.a(systemconf.o)
                0x03008078                clear_ap_lists
 .text          0x030080b4        0x0 icomlib.a(wdog_api.o)
 .text.process_thread_watchdog_process
                0x030080b4       0xf4 icomlib.a(wdog_api.o)
 .text.api_wdog_reboot
                0x030081a8        0x4 icomlib.a(wdog_api.o)
                0x030081a8                api_wdog_reboot
 .text.api_wdog_period_5000ms
                0x030081ac        0x4 icomlib.a(wdog_api.o)
                0x030081ac                api_wdog_period_5000ms
 .text.api_wdog_period_10000ms
                0x030081b0        0x4 icomlib.a(wdog_api.o)
                0x030081b0                api_wdog_period_10000ms
 .text.api_wdog_period_cutommed
                0x030081b4        0x4 icomlib.a(wdog_api.o)
                0x030081b4                api_wdog_period_cutommed
 .text.api_wdog_stop
                0x030081b8        0x4 icomlib.a(wdog_api.o)
                0x030081b8                api_wdog_stop
 .text.clear_rx_fifo
                0x030081bc       0xc8 icomlib.a(wdog_api.o)
                0x030081bc                clear_rx_fifo
 .text          0x03008284        0x0 icomlib.a(bsp.o)
 .text.set_mrx_filter_sta
                0x03008284      0x254 icomlib.a(bsp.o)
                0x03008284                set_mrx_filter_sta
 .text.set_softap_trap_enable
                0x030084d8       0x14 icomlib.a(bsp.o)
                0x030084d8                set_softap_trap_enable
 .text.set_softap_trap_disable
                0x030084ec       0x14 icomlib.a(bsp.o)
                0x030084ec                set_softap_trap_disable
 .text.set_mrx_filter_softap
                0x03008500      0x2ac icomlib.a(bsp.o)
                0x03008500                set_mrx_filter_softap
 .text.chk_chip_valid
                0x030087ac       0x2c icomlib.a(bsp.o)
                0x030087ac                chk_chip_valid
 .text.bsp_init
                0x030087d8       0x8c icomlib.a(bsp.o)
                0x030087d8                bsp_init
 .text.enable_dcdc_mode
                0x03008864       0x20 icomlib.a(bsp.o)
                0x03008864                enable_dcdc_mode
 .text          0x03008884        0x0 icomlib.a(crypthw.o)
 .text.drv_id_mng_alloc
                0x03008884       0x7c icomlib.a(crypthw.o)
                0x03008884                drv_id_mng_alloc
 .text.PBUF_MAlloc_Raw
                0x03008900       0x50 icomlib.a(crypthw.o)
                0x03008900                PBUF_MAlloc_Raw
 .text.wpa_drv_init
                0x03008950       0x40 icomlib.a(crypthw.o)
                0x03008950                wpa_drv_init
 .text.soft_mac_init
                0x03008990       0x68 icomlib.a(crypthw.o)
                0x03008990                soft_mac_init
 .text          0x030089f8        0x0 icomlib.a(dbg-atcmd-api.o)
 .text.LogTemperature
                0x030089f8       0x94 icomlib.a(dbg-atcmd-api.o)
                0x030089f8                LogTemperature
 .text.Channel2Index
                0x03008a8c       0x1c icomlib.a(dbg-atcmd-api.o)
                0x03008a8c                Channel2Index
 .text.Gain2Power
                0x03008aa8      0x15c icomlib.a(dbg-atcmd-api.o)
                0x03008aa8                Gain2Power
 .text.Power2BGain
                0x03008c04      0x1a0 icomlib.a(dbg-atcmd-api.o)
                0x03008c04                Power2BGain
 .text.Power2GGain
                0x03008da4      0x188 icomlib.a(dbg-atcmd-api.o)
                0x03008da4                Power2GGain
 .text.GetDefaultGain
                0x03008f2c       0xb4 icomlib.a(dbg-atcmd-api.o)
                0x03008f2c                GetDefaultGain
 .text.Freq2P   0x03008fe0        0xc icomlib.a(dbg-atcmd-api.o)
                0x03008fe0                Freq2P
 .text.Freq2N   0x03008fec        0xc icomlib.a(dbg-atcmd-api.o)
                0x03008fec                Freq2N
 .text.UpdateConf
                0x03008ff8      0x368 icomlib.a(dbg-atcmd-api.o)
                0x03008ff8                UpdateConf
 .text.drv_phy_wait_rdy2
                0x03009360       0x30 icomlib.a(dbg-atcmd-api.o)
                0x03009360                drv_phy_wait_rdy2
 .text.mac_transfer
                0x03009390       0x40 icomlib.a(dbg-atcmd-api.o)
                0x03009390                mac_transfer
 .text.serial_transfer
                0x030093d0       0x58 icomlib.a(dbg-atcmd-api.o)
                0x030093d0                serial_transfer
 .text._DBG_AT_SET_PEERMAC
                0x03009428       0x2c icomlib.a(dbg-atcmd-api.o)
                0x03009428                _DBG_AT_SET_PEERMAC
 .text._DBG_AT_SET_PEERMAC_SOFTAP
                0x03009454       0x38 icomlib.a(dbg-atcmd-api.o)
                0x03009454                _DBG_AT_SET_PEERMAC_SOFTAP
 .text._DBG_AT_RESET_PEERMAC_SOFTAP
                0x0300948c       0x38 icomlib.a(dbg-atcmd-api.o)
                0x0300948c                _DBG_AT_RESET_PEERMAC_SOFTAP
 .text._DBG_AT_SET_CHANNEL
                0x030094c4       0x50 icomlib.a(dbg-atcmd-api.o)
                0x030094c4                _DBG_AT_SET_CHANNEL
 .text._DBG_AT_SET_MAC
                0x03009514        0x4 icomlib.a(dbg-atcmd-api.o)
                0x03009514                _DBG_AT_SET_MAC
 .text._DBG_AT_SET_BSSID
                0x03009518        0x4 icomlib.a(dbg-atcmd-api.o)
                0x03009518                _DBG_AT_SET_BSSID
 .text._DBG_AT_SEND
                0x0300951c       0x58 icomlib.a(dbg-atcmd-api.o)
                0x0300951c                _DBG_AT_SEND
 .text.process_thread_start_tx_process
                0x03009574      0x120 icomlib.a(dbg-atcmd-api.o)
 .text.RFStart  0x03009694      0x2b8 icomlib.a(dbg-atcmd-api.o)
                0x03009694                RFStart
 .text.process_thread_rf_start_process
                0x0300994c       0xf0 icomlib.a(dbg-atcmd-api.o)
 .text.RFRate   0x03009a3c      0x2ac icomlib.a(dbg-atcmd-api.o)
                0x03009a3c                RFRate
 .text.RFBGain  0x03009ce8       0x88 icomlib.a(dbg-atcmd-api.o)
                0x03009ce8                RFBGain
 .text.RFGNGain
                0x03009d70       0x88 icomlib.a(dbg-atcmd-api.o)
                0x03009d70                RFGNGain
 .text.RFIQPhase
                0x03009df8       0x88 icomlib.a(dbg-atcmd-api.o)
                0x03009df8                RFIQPhase
 .text.RFIQAmp  0x03009e80       0x88 icomlib.a(dbg-atcmd-api.o)
                0x03009e80                RFIQAmp
 .text.RFStop   0x03009f08       0x3c icomlib.a(dbg-atcmd-api.o)
                0x03009f08                RFStop
 .text.RFReset  0x03009f44      0x454 icomlib.a(dbg-atcmd-api.o)
                0x03009f44                RFReset
 .text.RFCount  0x0300a398       0x58 icomlib.a(dbg-atcmd-api.o)
                0x0300a398                RFCount
 .text.RFFreqOffset
                0x0300a3f0       0xf0 icomlib.a(dbg-atcmd-api.o)
                0x0300a3f0                RFFreqOffset
 .text.RFTempcsHT
                0x0300a4e0       0xa8 icomlib.a(dbg-atcmd-api.o)
                0x0300a4e0                RFTempcsHT
 .text.RFTempcsRT
                0x0300a588       0xa8 icomlib.a(dbg-atcmd-api.o)
                0x0300a588                RFTempcsRT
 .text.RFTempcsLT
                0x0300a630       0xa8 icomlib.a(dbg-atcmd-api.o)
                0x0300a630                RFTempcsLT
 .text.ReadTemperature
                0x0300a6d8       0xc8 icomlib.a(dbg-atcmd-api.o)
                0x0300a6d8                ReadTemperature
 .text.process_thread_temperature_compensator_process
                0x0300a7a0      0x298 icomlib.a(dbg-atcmd-api.o)
 .text.EnableTemperatureCompensator
                0x0300aa38       0x1c icomlib.a(dbg-atcmd-api.o)
                0x0300aa38                EnableTemperatureCompensator
 .text.DumpRFParam
                0x0300aa54       0xec icomlib.a(dbg-atcmd-api.o)
                0x0300aa54                DumpRFParam
 .text.WriteParam2Flash
                0x0300ab40      0x2e0 icomlib.a(dbg-atcmd-api.o)
                0x0300ab40                WriteParam2Flash
 .text.RFSetLDO
                0x0300ae20       0x7c icomlib.a(dbg-atcmd-api.o)
                0x0300ae20                RFSetLDO
 .text.RFSetPA1
                0x0300ae9c       0x5c icomlib.a(dbg-atcmd-api.o)
                0x0300ae9c                RFSetPA1
 .text.RFSetPA2
                0x0300aef8       0x60 icomlib.a(dbg-atcmd-api.o)
                0x0300aef8                RFSetPA2
 .text.RFSetPA3
                0x0300af58       0x5c icomlib.a(dbg-atcmd-api.o)
                0x0300af58                RFSetPA3
 .text.RFSetXTAL
                0x0300afb4       0x60 icomlib.a(dbg-atcmd-api.o)
                0x0300afb4                RFSetXTAL
 .text.RFSetFlashXTAL
                0x0300b014       0x9c icomlib.a(dbg-atcmd-api.o)
                0x0300b014                RFSetFlashXTAL
 .text.SetTemperatureBoundary
                0x0300b0b0       0x90 icomlib.a(dbg-atcmd-api.o)
                0x0300b0b0                SetTemperatureBoundary
 .text.Radio_Command
                0x0300b140     0x10c4 icomlib.a(dbg-atcmd-api.o)
                0x0300b140                Radio_Command
 .text.Parse_Radio_Command
                0x0300c204       0x88 icomlib.a(dbg-atcmd-api.o)
                0x0300c204                Parse_Radio_Command
 .text          0x0300c28c        0x0 icomlib.a(drv_mac.o)
 .text.SET_STA_MAC
                0x0300c28c       0x74 icomlib.a(drv_mac.o)
                0x0300c28c                SET_STA_MAC
 .text.GET_STA_MAC
                0x0300c300       0x4c icomlib.a(drv_mac.o)
                0x0300c300                GET_STA_MAC
 .text.SET_BSSID
                0x0300c34c       0x74 icomlib.a(drv_mac.o)
                0x0300c34c                SET_BSSID
 .text.GET_BSSID
                0x0300c3c0       0x4c icomlib.a(drv_mac.o)
                0x0300c3c0                GET_BSSID
 .text.SET_PEER_MAC0
                0x0300c40c       0x74 icomlib.a(drv_mac.o)
                0x0300c40c                SET_PEER_MAC0
 .text.GET_PEER_MAC0
                0x0300c480       0x4c icomlib.a(drv_mac.o)
                0x0300c480                GET_PEER_MAC0
 .text.SET_PEER_MAC1
                0x0300c4cc       0x74 icomlib.a(drv_mac.o)
                0x0300c4cc                SET_PEER_MAC1
 .text.GET_PEER_MAC1
                0x0300c540       0x4c icomlib.a(drv_mac.o)
                0x0300c540                GET_PEER_MAC1
 .text.SET_MRX_MCAST_TB0
                0x0300c58c       0x74 icomlib.a(drv_mac.o)
                0x0300c58c                SET_MRX_MCAST_TB0
 .text.GET_MRX_MCAST_TB0
                0x0300c600       0x4c icomlib.a(drv_mac.o)
                0x0300c600                GET_MRX_MCAST_TB0
 .text.SET_MRX_MCAST_TB1
                0x0300c64c       0x74 icomlib.a(drv_mac.o)
                0x0300c64c                SET_MRX_MCAST_TB1
 .text.GET_MRX_MCAST_TB1
                0x0300c6c0       0x4c icomlib.a(drv_mac.o)
                0x0300c6c0                GET_MRX_MCAST_TB1
 .text.SET_MRX_MCAST_TB2
                0x0300c70c       0x74 icomlib.a(drv_mac.o)
                0x0300c70c                SET_MRX_MCAST_TB2
 .text.GET_MRX_MCAST_TB2
                0x0300c780       0x4c icomlib.a(drv_mac.o)
                0x0300c780                GET_MRX_MCAST_TB2
 .text.SET_MRX_MCAST_TB3
                0x0300c7cc       0x74 icomlib.a(drv_mac.o)
                0x0300c7cc                SET_MRX_MCAST_TB3
 .text.GET_MRX_MCAST_TB3
                0x0300c840       0x4c icomlib.a(drv_mac.o)
                0x0300c840                GET_MRX_MCAST_TB3
 .text.SET_MRX_MCAST_MASK0
                0x0300c88c       0x74 icomlib.a(drv_mac.o)
                0x0300c88c                SET_MRX_MCAST_MASK0
 .text.GET_MRX_MCAST_MASK0
                0x0300c900       0x4c icomlib.a(drv_mac.o)
                0x0300c900                GET_MRX_MCAST_MASK0
 .text.SET_MRX_MCAST_MASK1
                0x0300c94c       0x74 icomlib.a(drv_mac.o)
                0x0300c94c                SET_MRX_MCAST_MASK1
 .text.GET_MRX_MCAST_MASK1
                0x0300c9c0       0x4c icomlib.a(drv_mac.o)
                0x0300c9c0                GET_MRX_MCAST_MASK1
 .text.SET_MRX_MCAST_MASK2
                0x0300ca0c       0x74 icomlib.a(drv_mac.o)
                0x0300ca0c                SET_MRX_MCAST_MASK2
 .text.GET_MRX_MCAST_MASK2
                0x0300ca80       0x4c icomlib.a(drv_mac.o)
                0x0300ca80                GET_MRX_MCAST_MASK2
 .text.SET_MRX_MCAST_MASK3
                0x0300cacc       0x74 icomlib.a(drv_mac.o)
                0x0300cacc                SET_MRX_MCAST_MASK3
 .text.GET_MRX_MCAST_MASK3
                0x0300cb40       0x4c icomlib.a(drv_mac.o)
                0x0300cb40                GET_MRX_MCAST_MASK3
 .text.SET_BA_TA
                0x0300cb8c       0x74 icomlib.a(drv_mac.o)
                0x0300cb8c                SET_BA_TA
 .text.GET_BA_TA
                0x0300cc00       0x4c icomlib.a(drv_mac.o)
                0x0300cc00                GET_BA_TA
 .text.SET_ACK_GEN_RA
                0x0300cc4c       0x74 icomlib.a(drv_mac.o)
                0x0300cc4c                SET_ACK_GEN_RA
 .text.GET_ACK_GEN_RA
                0x0300ccc0       0x4c icomlib.a(drv_mac.o)
                0x0300ccc0                GET_ACK_GEN_RA
 .text          0x0300cd0c        0x0 icomlib.a(drv_phy.o)
 .text.rg_idacai_pgag0_load
                0x0300cd0c       0x1c icomlib.a(drv_phy.o)
                0x0300cd0c                rg_idacai_pgag0_load
 .text.rg_idacai_pgag1_load
                0x0300cd28       0x1c icomlib.a(drv_phy.o)
                0x0300cd28                rg_idacai_pgag1_load
 .text.rg_idacai_pgag2_load
                0x0300cd44       0x1c icomlib.a(drv_phy.o)
                0x0300cd44                rg_idacai_pgag2_load
 .text.rg_idacai_pgag3_load
                0x0300cd60       0x1c icomlib.a(drv_phy.o)
                0x0300cd60                rg_idacai_pgag3_load
 .text.rg_idacai_pgag4_load
                0x0300cd7c       0x1c icomlib.a(drv_phy.o)
                0x0300cd7c                rg_idacai_pgag4_load
 .text.rg_idacai_pgag5_load
                0x0300cd98       0x1c icomlib.a(drv_phy.o)
                0x0300cd98                rg_idacai_pgag5_load
 .text.rg_idacai_pgag6_load
                0x0300cdb4       0x1c icomlib.a(drv_phy.o)
                0x0300cdb4                rg_idacai_pgag6_load
 .text.rg_idacai_pgag7_load
                0x0300cdd0       0x1c icomlib.a(drv_phy.o)
                0x0300cdd0                rg_idacai_pgag7_load
 .text.rg_idacai_pgag8_load
                0x0300cdec       0x1c icomlib.a(drv_phy.o)
                0x0300cdec                rg_idacai_pgag8_load
 .text.rg_idacai_pgag9_load
                0x0300ce08       0x1c icomlib.a(drv_phy.o)
                0x0300ce08                rg_idacai_pgag9_load
 .text.rg_idacai_pgag10_load
                0x0300ce24       0x1c icomlib.a(drv_phy.o)
                0x0300ce24                rg_idacai_pgag10_load
 .text.rg_idacai_pgag11_load
                0x0300ce40       0x1c icomlib.a(drv_phy.o)
                0x0300ce40                rg_idacai_pgag11_load
 .text.rg_idacai_pgag12_load
                0x0300ce5c       0x1c icomlib.a(drv_phy.o)
                0x0300ce5c                rg_idacai_pgag12_load
 .text.rg_idacai_pgag13_load
                0x0300ce78       0x1c icomlib.a(drv_phy.o)
                0x0300ce78                rg_idacai_pgag13_load
 .text.rg_idacai_pgag14_load
                0x0300ce94       0x1c icomlib.a(drv_phy.o)
                0x0300ce94                rg_idacai_pgag14_load
 .text.rg_idacai_pgag15_load
                0x0300ceb0       0x1c icomlib.a(drv_phy.o)
                0x0300ceb0                rg_idacai_pgag15_load
 .text.rg_idacaq_pgag0_load
                0x0300cecc       0x1c icomlib.a(drv_phy.o)
                0x0300cecc                rg_idacaq_pgag0_load
 .text.rg_idacaq_pgag1_load
                0x0300cee8       0x1c icomlib.a(drv_phy.o)
                0x0300cee8                rg_idacaq_pgag1_load
 .text.rg_idacaq_pgag2_load
                0x0300cf04       0x1c icomlib.a(drv_phy.o)
                0x0300cf04                rg_idacaq_pgag2_load
 .text.rg_idacaq_pgag3_load
                0x0300cf20       0x1c icomlib.a(drv_phy.o)
                0x0300cf20                rg_idacaq_pgag3_load
 .text.rg_idacaq_pgag4_load
                0x0300cf3c       0x1c icomlib.a(drv_phy.o)
                0x0300cf3c                rg_idacaq_pgag4_load
 .text.rg_idacaq_pgag5_load
                0x0300cf58       0x1c icomlib.a(drv_phy.o)
                0x0300cf58                rg_idacaq_pgag5_load
 .text.rg_idacaq_pgag6_load
                0x0300cf74       0x1c icomlib.a(drv_phy.o)
                0x0300cf74                rg_idacaq_pgag6_load
 .text.rg_idacaq_pgag7_load
                0x0300cf90       0x1c icomlib.a(drv_phy.o)
                0x0300cf90                rg_idacaq_pgag7_load
 .text.rg_idacaq_pgag8_load
                0x0300cfac       0x1c icomlib.a(drv_phy.o)
                0x0300cfac                rg_idacaq_pgag8_load
 .text.rg_idacaq_pgag9_load
                0x0300cfc8       0x1c icomlib.a(drv_phy.o)
                0x0300cfc8                rg_idacaq_pgag9_load
 .text.rg_idacaq_pgag10_load
                0x0300cfe4       0x1c icomlib.a(drv_phy.o)
                0x0300cfe4                rg_idacaq_pgag10_load
 .text.rg_idacaq_pgag11_load
                0x0300d000       0x1c icomlib.a(drv_phy.o)
                0x0300d000                rg_idacaq_pgag11_load
 .text.rg_idacaq_pgag12_load
                0x0300d01c       0x1c icomlib.a(drv_phy.o)
                0x0300d01c                rg_idacaq_pgag12_load
 .text.rg_idacaq_pgag13_load
                0x0300d038       0x1c icomlib.a(drv_phy.o)
                0x0300d038                rg_idacaq_pgag13_load
 .text.rg_idacaq_pgag14_load
                0x0300d054       0x1c icomlib.a(drv_phy.o)
                0x0300d054                rg_idacaq_pgag14_load
 .text.rg_idacaq_pgag15_load
                0x0300d070       0x1c icomlib.a(drv_phy.o)
                0x0300d070                rg_idacaq_pgag15_load
 .text.rfreg_byxtal_load
                0x0300d08c       0x84 icomlib.a(drv_phy.o)
                0x0300d08c                rfreg_byxtal_load
 .text.rfreg_bych_load
                0x0300d110       0x7c icomlib.a(drv_phy.o)
                0x0300d110                rfreg_bych_load
 .text.rfreg_bypa_load
                0x0300d18c       0x44 icomlib.a(drv_phy.o)
                0x0300d18c                rfreg_bypa_load
 .text.drv_phy_tbl_load
                0x0300d1d0       0x38 icomlib.a(drv_phy.o)
                0x0300d1d0                drv_phy_tbl_load
 .text.drv_phy_cfgtbl_load
                0x0300d208       0x20 icomlib.a(drv_phy.o)
                0x0300d208                drv_phy_cfgtbl_load
 .text.drv_phy_wait_rdy
                0x0300d228       0x30 icomlib.a(drv_phy.o)
                0x0300d228                drv_phy_wait_rdy
 .text.drv_phy_cali_rcal
                0x0300d258       0x68 icomlib.a(drv_phy.o)
                0x0300d258                drv_phy_cali_rcal
 .text.drv_phy_cali_tssi
                0x0300d2c0      0x1b8 icomlib.a(drv_phy.o)
                0x0300d2c0                drv_phy_cali_tssi
 .text.drv_phy_temperature
                0x0300d478       0x90 icomlib.a(drv_phy.o)
                0x0300d478                drv_phy_temperature
 .text.drv_phy_cali_papd_learning
                0x0300d508      0x1ec icomlib.a(drv_phy.o)
                0x0300d508                drv_phy_cali_papd_learning
 .text.drv_phy_channel_change
                0x0300d6f4       0x74 icomlib.a(drv_phy.o)
                0x0300d6f4                drv_phy_channel_change
 .text.drv_phy_sprm
                0x0300d768       0x64 icomlib.a(drv_phy.o)
                0x0300d768                drv_phy_sprm
 .text.drv_phy_cali_txlo
                0x0300d7cc      0x16c icomlib.a(drv_phy.o)
                0x0300d7cc                drv_phy_cali_txlo
 .text.drv_phy_cali_txiq
                0x0300d938      0x160 icomlib.a(drv_phy.o)
                0x0300d938                drv_phy_cali_txiq
 .text.drv_phy_cali_rxrc
                0x0300da98      0x23c icomlib.a(drv_phy.o)
                0x0300da98                drv_phy_cali_rxrc
 .text.drv_phy_fft_enrg
                0x0300dcd4       0x54 icomlib.a(drv_phy.o)
                0x0300dcd4                drv_phy_fft_enrg
 .text.drv_phy_cali_rxiq_fft
                0x0300dd28      0x1a4 icomlib.a(drv_phy.o)
                0x0300dd28                drv_phy_cali_rxiq_fft
 .text.rtbl_cali_reg_rmw
                0x0300decc       0x28 icomlib.a(drv_phy.o)
                0x0300decc                rtbl_cali_reg_rmw
 .text.rtbl_cali_pre_load
                0x0300def4       0x68 icomlib.a(drv_phy.o)
                0x0300def4                rtbl_cali_pre_load
 .text.drv_phy_cali_rxdc
                0x0300df5c      0x224 icomlib.a(drv_phy.o)
                0x0300df5c                drv_phy_cali_rxdc
 .text.rtbl_cali_load
                0x0300e180       0x24 icomlib.a(drv_phy.o)
                0x0300e180                rtbl_cali_load
 .text.rtbl_cali_export
                0x0300e1a4       0x18 icomlib.a(drv_phy.o)
                0x0300e1a4                rtbl_cali_export
 .text.rtbl_cali_load_def
                0x0300e1bc       0x68 icomlib.a(drv_phy.o)
                0x0300e1bc                rtbl_cali_load_def
 .text.rtbl_cali_reset
                0x0300e224       0x38 icomlib.a(drv_phy.o)
                0x0300e224                rtbl_cali_reset
 .text.rtbl_cali_set
                0x0300e25c       0x84 icomlib.a(drv_phy.o)
                0x0300e25c                rtbl_cali_set
 .text.drv_phy_init
                0x0300e2e0       0x90 icomlib.a(drv_phy.o)
                0x0300e2e0                drv_phy_init
 .text.drv_phy_off
                0x0300e370       0x14 icomlib.a(drv_phy.o)
                0x0300e370                drv_phy_off
 .text.drv_phy_b_only
                0x0300e384       0x10 icomlib.a(drv_phy.o)
                0x0300e384                drv_phy_b_only
 .text.drv_phy_bgn
                0x0300e394       0x14 icomlib.a(drv_phy.o)
                0x0300e394                drv_phy_bgn
 .text.drv_phy_on
                0x0300e3a8       0x14 icomlib.a(drv_phy.o)
                0x0300e3a8                drv_phy_on
 .text.drv_phy_cali_ro_iqcal_o
                0x0300e3bc        0xc icomlib.a(drv_phy.o)
                0x0300e3bc                drv_phy_cali_ro_iqcal_o
 .text.drv_phy_cali_papd_div
                0x0300e3c8       0x84 icomlib.a(drv_phy.o)
                0x0300e3c8                drv_phy_cali_papd_div
 .text.drv_phy_cali_papd_gain_est
                0x0300e44c      0x160 icomlib.a(drv_phy.o)
                0x0300e44c                drv_phy_cali_papd_gain_est
 .text.drv_phy_cali_ph_wrap
                0x0300e5ac       0x1c icomlib.a(drv_phy.o)
                0x0300e5ac                drv_phy_cali_ph_wrap
 .text.drv_phy_cali_papd
                0x0300e5c8      0x5a4 icomlib.a(drv_phy.o)
                0x0300e5c8                drv_phy_cali_papd
 .text.drv_phy_reg_init
                0x0300eb6c       0xd0 icomlib.a(drv_phy.o)
                0x0300eb6c                drv_phy_reg_init
 .text.drv_phy_cali_rtbl_load
                0x0300ec3c       0x5c icomlib.a(drv_phy.o)
                0x0300ec3c                drv_phy_cali_rtbl_load
 .text.phy_cali_config_load
                0x0300ec98      0x124 icomlib.a(drv_phy.o)
                0x0300ec98                phy_cali_config_load
 .text.drv_phy_cali_rtbl_load_def
                0x0300edbc       0x5c icomlib.a(drv_phy.o)
                0x0300edbc                drv_phy_cali_rtbl_load_def
 .text.drv_phy_cali_rtbl_reset
                0x0300ee18       0x5c icomlib.a(drv_phy.o)
                0x0300ee18                drv_phy_cali_rtbl_reset
 .text.drv_phy_cali_rtbl_set
                0x0300ee74       0x5c icomlib.a(drv_phy.o)
                0x0300ee74                drv_phy_cali_rtbl_set
 .text.drv_phy_cali_rtbl_export
                0x0300eed0        0x4 icomlib.a(drv_phy.o)
                0x0300eed0                drv_phy_cali_rtbl_export
 .text.drv_phy_init_cali
                0x0300eed4       0xc4 icomlib.a(drv_phy.o)
                0x0300eed4                drv_phy_init_cali
 .text.drv_phy_evm_tk
                0x0300ef98       0x5c icomlib.a(drv_phy.o)
                0x0300ef98                drv_phy_evm_tk
 .text.drv_phy_tone_tk
                0x0300eff4       0x38 icomlib.a(drv_phy.o)
                0x0300eff4                drv_phy_tone_tk
 .text          0x0300f02c        0x0 icomlib.a(drv_pktbuf_slow)
 .text.ssv6xxx_pbuf_dump_reg
                0x0300f02c      0x4d0 icomlib.a(drv_pktbuf_slow)
                0x0300f02c                ssv6xxx_pbuf_dump_reg
 .text          0x0300f4fc        0x0 icomlib.a(hash_alg.o)
 .text          0x0300f4fc        0x0 icomlib.a(hmac_md5.o)
 .text          0x0300f4fc        0x0 icomlib.a(hmac_sha1.o)
 .text          0x0300f4fc        0x0 icomlib.a(ieee80211_mgmt.)
 .text.process_thread_scan_channel_process
                0x0300f4fc       0xd8 icomlib.a(ieee80211_mgmt.)
 .text.process_thread_beacon_process
                0x0300f5d4      0x25c icomlib.a(ieee80211_mgmt.)
 .text.addAvailableIndex
                0x0300f830       0x3c icomlib.a(ieee80211_mgmt.)
                0x0300f830                addAvailableIndex
 .text.reset_AvailableIndex
                0x0300f86c       0x14 icomlib.a(ieee80211_mgmt.)
                0x0300f86c                reset_AvailableIndex
 .text.is_action
                0x0300f880       0x14 icomlib.a(ieee80211_mgmt.)
                0x0300f880                is_action
 .text.htinfo_detect
                0x0300f894       0x74 icomlib.a(ieee80211_mgmt.)
                0x0300f894                htinfo_detect
 .text.tx_probe_req
                0x0300f908      0x190 icomlib.a(ieee80211_mgmt.)
                0x0300f908                tx_probe_req
 .text.tx_authentication_req_seq1
                0x0300fa98      0x168 icomlib.a(ieee80211_mgmt.)
                0x0300fa98                tx_authentication_req_seq1
 .text.tx_authentication_req_seq3
                0x0300fc00      0x128 icomlib.a(ieee80211_mgmt.)
                0x0300fc00                tx_authentication_req_seq3
 .text.tx_deauthentication_req
                0x0300fd28       0xcc icomlib.a(ieee80211_mgmt.)
                0x0300fd28                tx_deauthentication_req
 .text.tx_association_req
                0x0300fdf4      0x218 icomlib.a(ieee80211_mgmt.)
                0x0300fdf4                tx_association_req
 .text.tx_deassociation_req
                0x0301000c      0x110 icomlib.a(ieee80211_mgmt.)
                0x0301000c                tx_deassociation_req
 .text.tx_action_BA_rsp
                0x0301011c       0xec icomlib.a(ieee80211_mgmt.)
                0x0301011c                tx_action_BA_rsp
 .text.rx_probe_rsp
                0x03010208      0x378 icomlib.a(ieee80211_mgmt.)
                0x03010208                rx_probe_rsp
 .text.rx_authentication_rsp
                0x03010580      0x1c0 icomlib.a(ieee80211_mgmt.)
                0x03010580                rx_authentication_rsp
 .text.rx_association_rsp
                0x03010740       0x78 icomlib.a(ieee80211_mgmt.)
                0x03010740                rx_association_rsp
 .text.rx_action_rsp
                0x030107b8       0x24 icomlib.a(ieee80211_mgmt.)
                0x030107b8                rx_action_rsp
 .text.rx_disassoc_rsp
                0x030107dc       0x94 icomlib.a(ieee80211_mgmt.)
                0x030107dc                rx_disassoc_rsp
 .text.rx_deauth_rsp
                0x03010870       0x94 icomlib.a(ieee80211_mgmt.)
                0x03010870                rx_deauth_rsp
 .text.calculateSignalLevel
                0x03010904       0x44 icomlib.a(ieee80211_mgmt.)
                0x03010904                calculateSignalLevel
 .text.startrecordAP
                0x03010948       0x14 icomlib.a(ieee80211_mgmt.)
                0x03010948                startrecordAP
 .text.stoprecordAP
                0x0301095c       0x14 icomlib.a(ieee80211_mgmt.)
                0x0301095c                stoprecordAP
 .text.removeAP_fromlist
                0x03010970       0xe0 icomlib.a(ieee80211_mgmt.)
                0x03010970                removeAP_fromlist
 .text.bss_mgmt_reboot
                0x03010a50       0x60 icomlib.a(ieee80211_mgmt.)
                0x03010a50                bss_mgmt_reboot
 .text.bss_mgmt_scan
                0x03010ab0       0x40 icomlib.a(ieee80211_mgmt.)
                0x03010ab0                bss_mgmt_scan
 .text.bss_mgmt_scan_custom
                0x03010af0       0x34 icomlib.a(ieee80211_mgmt.)
                0x03010af0                bss_mgmt_scan_custom
 .text.bss_mgmt_connect
                0x03010b24       0x78 icomlib.a(ieee80211_mgmt.)
                0x03010b24                bss_mgmt_connect
 .text.bss_mgmt_disconnect
                0x03010b9c       0x68 icomlib.a(ieee80211_mgmt.)
                0x03010b9c                bss_mgmt_disconnect
 .text.bss_mgmt_init
                0x03010c04       0xd4 icomlib.a(ieee80211_mgmt.)
                0x03010c04                bss_mgmt_init
 .text.startscanchannel
                0x03010cd8       0x1c icomlib.a(ieee80211_mgmt.)
                0x03010cd8                startscanchannel
 .text.stopscanchannel
                0x03010cf4       0x14 icomlib.a(ieee80211_mgmt.)
                0x03010cf4                stopscanchannel
 .text.recordAP
                0x03010d08       0xc0 icomlib.a(ieee80211_mgmt.)
                0x03010d08                recordAP
 .text.removeAP
                0x03010dc8       0xdc icomlib.a(ieee80211_mgmt.)
                0x03010dc8                removeAP
 .text.process_thread_bss_reconnect_process
                0x03010ea4      0x554 icomlib.a(ieee80211_mgmt.)
 .text.bss_nslookup
                0x030113f8       0x3c icomlib.a(ieee80211_mgmt.)
                0x030113f8                bss_nslookup
 .text          0x03011434        0x0 icomlib.a(irq.o)
 .text.irq_request
                0x03011434      0x1c0 icomlib.a(irq.o)
                0x03011434                irq_request
 .text.irq_init
                0x030115f4       0xb0 icomlib.a(irq.o)
                0x030115f4                irq_init
 .text          0x030116a4        0x0 icomlib.a(netstack.o)
 .text.netstack_init
                0x030116a4       0x38 icomlib.a(netstack.o)
                0x030116a4                netstack_init
 .text          0x030116dc        0x0 icomlib.a(sha1.o)
 .text          0x030116dc        0x0 icomlib.a(wpa.o)
 .text.wpa_derive_ptk
                0x030116dc       0xf4 icomlib.a(wpa.o)
 .text.init_wpa_ctx
                0x030117d0       0x48 icomlib.a(wpa.o)
                0x030117d0                init_wpa_ctx
 .text.init_AP_wpa_ctx
                0x03011818       0xec icomlib.a(wpa.o)
                0x03011818                init_AP_wpa_ctx
 .text.get_oui_subtype
                0x03011904       0x50 icomlib.a(wpa.o)
                0x03011904                get_oui_subtype
 .text.find_group_oui
                0x03011954       0x20 icomlib.a(wpa.o)
                0x03011954                find_group_oui
 .text.find_pairwise_oui_for_autoScan
                0x03011974       0x80 icomlib.a(wpa.o)
                0x03011974                find_pairwise_oui_for_autoScan
 .text.find_pairwise_oui
                0x030119f4       0xf0 icomlib.a(wpa.o)
                0x030119f4                find_pairwise_oui
 .text.find_akm_oui
                0x03011ae4       0xe4 icomlib.a(wpa.o)
                0x03011ae4                find_akm_oui
 .text.sec80211_detect
                0x03011bc8      0x14c icomlib.a(wpa.o)
                0x03011bc8                sec80211_detect
 .text.sec80211_detect_for_autoScan
                0x03011d14       0xe4 icomlib.a(wpa.o)
                0x03011d14                sec80211_detect_for_autoScan
 .text.pack_wpa2
                0x03011df8       0x40 icomlib.a(wpa.o)
                0x03011df8                pack_wpa2
 .text.cal_mic  0x03011e38       0x68 icomlib.a(wpa.o)
                0x03011e38                cal_mic
 .text.check_mic
                0x03011ea0       0x74 icomlib.a(wpa.o)
                0x03011ea0                check_mic
 .text.decrypt_keydata
                0x03011f14       0xb4 icomlib.a(wpa.o)
                0x03011f14                decrypt_keydata
 .text.install_key
                0x03011fc8       0x9c icomlib.a(wpa.o)
                0x03011fc8                install_key
 .text.InitPacketbuffer
                0x03012064       0x6c icomlib.a(wpa.o)
                0x03012064                InitPacketbuffer
 .text.tx_wpa_2_of_4
                0x030120d0      0x110 icomlib.a(wpa.o)
                0x030120d0                tx_wpa_2_of_4
 .text.rx_wpa_1_of_4
                0x030121e0       0x5c icomlib.a(wpa.o)
                0x030121e0                rx_wpa_1_of_4
 .text.tx_wpa_4_of_4
                0x0301223c      0x140 icomlib.a(wpa.o)
                0x0301223c                tx_wpa_4_of_4
 .text.rx_wpa_3_of_4
                0x0301237c      0x1ac icomlib.a(wpa.o)
                0x0301237c                rx_wpa_3_of_4
 .text.rx_wpa_1_of_2
                0x03012528      0x1b8 icomlib.a(wpa.o)
                0x03012528                rx_wpa_1_of_2
 .text.tx_wpa_1_of_4
                0x030126e0       0xcc icomlib.a(wpa.o)
                0x030126e0                tx_wpa_1_of_4
 .text.rx_wpa_2_of_4
                0x030127ac      0x1d8 icomlib.a(wpa.o)
                0x030127ac                rx_wpa_2_of_4
 .text.tx_wpa_3_of_4
                0x03012984      0x1c8 icomlib.a(wpa.o)
                0x03012984                tx_wpa_3_of_4
 .text          0x03012b4c        0x0 icomlib.a(sys_status_api.)
 .text.get_local_mac
                0x03012b4c       0x38 icomlib.a(sys_status_api.)
                0x03012b4c                get_local_mac
 .text.get_connectAP_mac
                0x03012b84       0x38 icomlib.a(sys_status_api.)
                0x03012b84                get_connectAP_mac
 .text.get_wifi_connect_status
                0x03012bbc       0x10 icomlib.a(sys_status_api.)
                0x03012bbc                get_wifi_connect_status
 .text.get_wifi_connected
                0x03012bcc       0x10 icomlib.a(sys_status_api.)
                0x03012bcc                get_wifi_connected
 .text.get_ap_lsit_total_num
                0x03012bdc        0x4 icomlib.a(sys_status_api.)
                0x03012bdc                get_ap_lsit_total_num
 .text.set_nslookup
                0x03012be0        0x4 icomlib.a(sys_status_api.)
                0x03012be0                set_nslookup
 .text.set_slink_ready_and_ack
                0x03012be4        0x4 icomlib.a(sys_status_api.)
                0x03012be4                set_slink_ready_and_ack
 .text          0x03012be8        0x0 icomlib.a(arc4.o)
 .text          0x03012be8        0x0 icomlib.a(md5.o)
 .text.Encode   0x03012be8       0x48 icomlib.a(md5.o)
 .text.MD5Transform
                0x03012c30      0xa54 icomlib.a(md5.o)
 .text          0x03013684        0x0 icomlib.a(wep.o)
 .text.crc32_le.constprop.0
                0x03013684       0x50 icomlib.a(wep.o)
 .text.getAuthChallengeTextLen
                0x030136d4       0x10 icomlib.a(wep.o)
                0x030136d4                getAuthChallengeTextLen
 .text.getAuthAlgNum
                0x030136e4       0x10 icomlib.a(wep.o)
                0x030136e4                getAuthAlgNum
 .text.getAuthSeqNum
                0x030136f4       0x10 icomlib.a(wep.o)
                0x030136f4                getAuthSeqNum
 .text.getAuthStatus
                0x03013704       0x10 icomlib.a(wep.o)
                0x03013704                getAuthStatus
 .text.SetAuthChallengeText
                0x03013714       0x30 icomlib.a(wep.o)
                0x03013714                SetAuthChallengeText
 .text.SetAuthChallengeTextLen
                0x03013744       0x18 icomlib.a(wep.o)
                0x03013744                SetAuthChallengeTextLen
 .text.SetAuthAlgNum
                0x0301375c       0x10 icomlib.a(wep.o)
                0x0301375c                SetAuthAlgNum
 .text.setAuthSeqNum
                0x0301376c       0x10 icomlib.a(wep.o)
                0x0301376c                setAuthSeqNum
 .text.setAuthStatus
                0x0301377c       0x10 icomlib.a(wep.o)
                0x0301377c                setAuthStatus
 .text.setKeyAndIV
                0x0301378c       0x48 icomlib.a(wep.o)
                0x0301378c                setKeyAndIV
 .text.saveAftEncData
                0x030137d4       0x84 icomlib.a(wep.o)
                0x030137d4                saveAftEncData
 .text.setBefEncData
                0x03013858       0x84 icomlib.a(wep.o)
                0x03013858                setBefEncData
 .text.getEncDecData
                0x030138dc       0xbc icomlib.a(wep.o)
                0x030138dc                getEncDecData
 .text.encDecSrcData
                0x03013998       0xa4 icomlib.a(wep.o)
                0x03013998                encDecSrcData
 .text.initKeyAndIV
                0x03013a3c       0x2c icomlib.a(wep.o)
                0x03013a3c                initKeyAndIV
 .text.randIV   0x03013a68       0x3c icomlib.a(wep.o)
                0x03013a68                randIV
 .text.savePassToTotalKey
                0x03013aa4      0x180 icomlib.a(wep.o)
                0x03013aa4                savePassToTotalKey
 .text.initWEP  0x03013c24       0x80 icomlib.a(wep.o)
                0x03013c24                initWEP
 .text.clearParaWithWEP
                0x03013ca4       0x24 icomlib.a(wep.o)
                0x03013ca4                clearParaWithWEP
 .text          0x03013cc8        0x0 icomlib.a(autostart.o)
 .text.autostart_start
                0x03013cc8       0x24 icomlib.a(autostart.o)
                0x03013cc8                autostart_start
 .text.autostart_exit
                0x03013cec       0x20 icomlib.a(autostart.o)
                0x03013cec                autostart_exit
 .text          0x03013d0c        0x0 icomlib.a(shell-ping.o)
 .text.process_thread_shell_ping_process
                0x03013d0c      0x250 icomlib.a(shell-ping.o)
 .text.ping_start
                0x03013f5c       0x34 icomlib.a(shell-ping.o)
                0x03013f5c                ping_start
 .text          0x03013f90        0x0 icomlib.a(random.o)
 .text.random_init
                0x03013f90        0x4 icomlib.a(random.o)
                0x03013f90                random_init
 .text.random_rand
                0x03013f94       0x14 icomlib.a(random.o)
                0x03013f94                random_rand
 .text          0x03013fa8        0x0 icomlib.a(airkiss.o)
 .text.airKissResult
                0x03013fa8       0xd4 icomlib.a(airkiss.o)
                0x03013fa8                airKissResult
 .text.airKissPrintVersion
                0x0301407c       0x1c icomlib.a(airkiss.o)
                0x0301407c                airKissPrintVersion
 .text.airKissInit
                0x03014098       0x20 icomlib.a(airkiss.o)
                0x03014098                airKissInit
 .text.SetAirkissStart
                0x030140b8       0x40 icomlib.a(airkiss.o)
                0x030140b8                SetAirkissStart
 .text.clearAirKissBuf
                0x030140f8       0x30 icomlib.a(airkiss.o)
                0x030140f8                clearAirKissBuf
 .text.resetAirkiss
                0x03014128       0x24 icomlib.a(airkiss.o)
                0x03014128                resetAirkiss
 .text.process_thread_airkiss_conf_process
                0x0301414c      0x12c icomlib.a(airkiss.o)
 .text.initAirKiss
                0x03014278       0x50 icomlib.a(airkiss.o)
                0x03014278                initAirKiss
 .text          0x030142c8        0x0 icomlib.a(bsp_info.o)
 .text.bsp_get_boot_info
                0x030142c8       0xbc icomlib.a(bsp_info.o)
                0x030142c8                bsp_get_boot_info
 .text.get_boot_stack_fence
                0x03014384       0x3c icomlib.a(bsp_info.o)
                0x03014384                get_boot_stack_fence
 .text.bsp_get_mp_info
                0x030143c0      0x534 icomlib.a(bsp_info.o)
                0x030143c0                bsp_get_mp_info
 .text.bsp_get_define_info
                0x030148f4       0xc4 icomlib.a(bsp_info.o)
                0x030148f4                bsp_get_define_info
 .text.bsp_get_config_info
                0x030149b8      0x374 icomlib.a(bsp_info.o)
                0x030149b8                bsp_get_config_info
 .text          0x03014d2c        0x0 icomlib.a(cfs-coffee.o)
 .text.load_file
                0x03014d2c       0xa8 icomlib.a(cfs-coffee.o)
 .text.read_header
                0x03014dd4       0x18 icomlib.a(cfs-coffee.o)
 .text.file_end
                0x03014dec       0x94 icomlib.a(cfs-coffee.o)
 .text.write_header
                0x03014e80       0x24 icomlib.a(cfs-coffee.o)
 .text.next_file.isra.0
                0x03014ea4       0x2c icomlib.a(cfs-coffee.o)
 .text.find_file
                0x03014ed0       0xec icomlib.a(cfs-coffee.o)
 .text.find_contiguous_pages
                0x03014fbc       0xe4 icomlib.a(cfs-coffee.o)
 .text.remove_by_page.isra.1
                0x030150a0      0x118 icomlib.a(cfs-coffee.o)
 .text.reserve.constprop.3
                0x030151b8      0x354 icomlib.a(cfs-coffee.o)
 .text.cfs_open
                0x0301550c       0xf0 icomlib.a(cfs-coffee.o)
                0x0301550c                cfs_open
 .text.cfs_close
                0x030155fc       0x44 icomlib.a(cfs-coffee.o)
                0x030155fc                cfs_close
 .text.cfs_seek
                0x03015640       0x94 icomlib.a(cfs-coffee.o)
                0x03015640                cfs_seek
 .text.cfs_remove
                0x030156d4       0x34 icomlib.a(cfs-coffee.o)
                0x030156d4                cfs_remove
 .text.cfs_read
                0x03015708       0x9c icomlib.a(cfs-coffee.o)
                0x03015708                cfs_read
 .text.cfs_write
                0x030157a4      0x298 icomlib.a(cfs-coffee.o)
                0x030157a4                cfs_write
 .text.cfs_opendir
                0x03015a3c       0x18 icomlib.a(cfs-coffee.o)
                0x03015a3c                cfs_opendir
 .text.cfs_readdir
                0x03015a54       0xe4 icomlib.a(cfs-coffee.o)
                0x03015a54                cfs_readdir
 .text.cfs_closedir
                0x03015b38        0x4 icomlib.a(cfs-coffee.o)
                0x03015b38                cfs_closedir
 .text.cfs_coffee_reserve
                0x03015b3c       0x2c icomlib.a(cfs-coffee.o)
                0x03015b3c                cfs_coffee_reserve
 .text.cfs_coffee_configure_log
                0x03015b68       0x9c icomlib.a(cfs-coffee.o)
                0x03015b68                cfs_coffee_configure_log
 .text.get_cabrio_fs_table_marker
                0x03015c04       0x40 icomlib.a(cfs-coffee.o)
                0x03015c04                get_cabrio_fs_table_marker
 .text.cfs_dbg_flash_dump_data
                0x03015c44        0x4 icomlib.a(cfs-coffee.o)
                0x03015c44                cfs_dbg_flash_dump_data
 .text.set_cabrio_fs_table_marker
                0x03015c48       0x14 icomlib.a(cfs-coffee.o)
                0x03015c48                set_cabrio_fs_table_marker
 .text.cfs_coffee_format
                0x03015c5c       0x50 icomlib.a(cfs-coffee.o)
                0x03015c5c                cfs_coffee_format
 .text.cfs_coffee_get_protected_mem
                0x03015cac       0x14 icomlib.a(cfs-coffee.o)
                0x03015cac                cfs_coffee_get_protected_mem
 .text          0x03015cc0        0x0 icomlib.a(console.o)
 .text.console_init
                0x03015cc0       0x5c icomlib.a(console.o)
                0x03015cc0                console_init
 .text          0x03015d1c        0x0 icomlib.a(drv_gpio.o)
 .text.get_PAD_Addr
                0x03015d1c       0x28 icomlib.a(drv_gpio.o)
                0x03015d1c                get_PAD_Addr
 .text.drv_gpio_Output
                0x03015d44      0x194 icomlib.a(drv_gpio.o)
                0x03015d44                drv_gpio_Output
 .text.drv_gpio_Input
                0x03015ed8       0x88 icomlib.a(drv_gpio.o)
                0x03015ed8                drv_gpio_Input
 .text.drv_gpio_write
                0x03015f60       0x40 icomlib.a(drv_gpio.o)
                0x03015f60                drv_gpio_write
 .text.drv_gpio_read
                0x03015fa0       0x34 icomlib.a(drv_gpio.o)
                0x03015fa0                drv_gpio_read
 .text.drv_gpio_set_irq
                0x03015fd4       0xfc icomlib.a(drv_gpio.o)
                0x03015fd4                drv_gpio_set_irq
 .text.drv_gpio_func
                0x030160d0      0x1e8 icomlib.a(drv_gpio.o)
                0x030160d0                drv_gpio_func
 .text          0x030162b8        0x0 icomlib.a(drv_pmu.o)
 .text.drv_pmu_setwake_cnt
                0x030162b8       0x44 icomlib.a(drv_pmu.o)
                0x030162b8                drv_pmu_setwake_cnt
 .text.drv_pmu_tu0
                0x030162fc       0x60 icomlib.a(drv_pmu.o)
                0x030162fc                drv_pmu_tu0
 .text.drv_pmu_tm0
                0x0301635c       0x60 icomlib.a(drv_pmu.o)
                0x0301635c                drv_pmu_tm0
 .text.drv_pmu_sleep
                0x030163bc      0x260 icomlib.a(drv_pmu.o)
                0x030163bc                drv_pmu_sleep
 .text.drv_pmu_init
                0x0301661c       0x40 icomlib.a(drv_pmu.o)
                0x0301661c                drv_pmu_init
 .text.drv_pmu_chk
                0x0301665c       0x18 icomlib.a(drv_pmu.o)
                0x0301665c                drv_pmu_chk
 .text.drv_pmu_check_interupt_event
                0x03016674       0x20 icomlib.a(drv_pmu.o)
                0x03016674                drv_pmu_check_interupt_event
 .text          0x03016694        0x0 icomlib.a(drv_wdog.o)
 .text.drv_wdog_reboot
                0x03016694       0x48 icomlib.a(drv_wdog.o)
                0x03016694                drv_wdog_reboot
 .text.drv_wdog_period_5000ms
                0x030166dc       0x50 icomlib.a(drv_wdog.o)
                0x030166dc                drv_wdog_period_5000ms
 .text.drv_wdog_period_10000ms
                0x0301672c       0x50 icomlib.a(drv_wdog.o)
                0x0301672c                drv_wdog_period_10000ms
 .text.drv_wdog_period_cutommed
                0x0301677c       0x48 icomlib.a(drv_wdog.o)
                0x0301677c                drv_wdog_period_cutommed
 .text.drv_wdog_stop
                0x030167c4       0x40 icomlib.a(drv_wdog.o)
                0x030167c4                drv_wdog_stop
 .text          0x03016804        0x0 icomlib.a(fence.o)
 .text.do_fence
                0x03016804       0x1c icomlib.a(fence.o)
                0x03016804                do_fence
 .text.fence_init
                0x03016820       0x28 icomlib.a(fence.o)
                0x03016820                fence_init
 .text          0x03016848        0x0 icomlib.a(smartComm.o)
 .text.set_slink_ready_ack
                0x03016848       0x10 icomlib.a(smartComm.o)
                0x03016848                set_slink_ready_ack
 .text.enableSmartHwFilter
                0x03016858      0x220 icomlib.a(smartComm.o)
                0x03016858                enableSmartHwFilter
 .text.disableSmartHwFilter
                0x03016a78      0x248 icomlib.a(smartComm.o)
                0x03016a78                disableSmartHwFilter
 .text.setSmartCmdStatus
                0x03016cc0       0x1c icomlib.a(smartComm.o)
                0x03016cc0                setSmartCmdStatus
 .text.disableSendToPhone
                0x03016cdc       0x14 icomlib.a(smartComm.o)
                0x03016cdc                disableSendToPhone
 .text.getSendToPhoneStatus
                0x03016cf0       0x10 icomlib.a(smartComm.o)
                0x03016cf0                getSendToPhoneStatus
 .text.enableSendToPhoneData
                0x03016d00       0x14 icomlib.a(smartComm.o)
                0x03016d00                enableSendToPhoneData
 .text.disableSendToPhoneData
                0x03016d14       0x14 icomlib.a(smartComm.o)
                0x03016d14                disableSendToPhoneData
 .text.setSmartPhoneIP
                0x03016d28       0x18 icomlib.a(smartComm.o)
                0x03016d28                setSmartPhoneIP
 .text.getPhoneMac
                0x03016d40       0x10 icomlib.a(smartComm.o)
                0x03016d40                getPhoneMac
 .text.setPhoneMAC
                0x03016d50       0x18 icomlib.a(smartComm.o)
                0x03016d50                setPhoneMAC
 .text.setPhoneData
                0x03016d68       0x20 icomlib.a(smartComm.o)
                0x03016d68                setPhoneData
 .text.sendMessageToPhone
                0x03016d88      0x124 icomlib.a(smartComm.o)
                0x03016d88                sendMessageToPhone
 .text.process_thread_smart_conf_ack
                0x03016eac       0x64 icomlib.a(smartComm.o)
 .text.smartSetIfconfigAndConnect
                0x03016f10       0x38 icomlib.a(smartComm.o)
                0x03016f10                smartSetIfconfigAndConnect
 .text.checkAndSetAPMac
                0x03016f48      0x130 icomlib.a(smartComm.o)
                0x03016f48                checkAndSetAPMac
 .text          0x03017078        0x0 icomlib.a(smartConf.o)
 .text.clearSmartLinkBuf
                0x03017078       0x74 icomlib.a(smartConf.o)
                0x03017078                clearSmartLinkBuf
 .text.clearAllSmartLinkBuf
                0x030170ec       0x48 icomlib.a(smartConf.o)
                0x030170ec                clearAllSmartLinkBuf
 .text.resetSmartLink
                0x03017134       0x58 icomlib.a(smartConf.o)
                0x03017134                resetSmartLink
 .text.process_thread_smart_conf_process
                0x0301718c      0x17c icomlib.a(smartConf.o)
 .text.initSmartLink
                0x03017308       0xe4 icomlib.a(smartConf.o)
                0x03017308                initSmartLink
 .text          0x030173ec        0x0 icomlib.a(userSmart.o)
 .text.SET_FILTER_TABLE0
                0x030173ec       0x68 icomlib.a(userSmart.o)
                0x030173ec                SET_FILTER_TABLE0
 .text.SET_FILTER_TABLE1
                0x03017454       0x88 icomlib.a(userSmart.o)
                0x03017454                SET_FILTER_TABLE1
 .text.SET_FILTER_TABLE2
                0x030174dc       0xa0 icomlib.a(userSmart.o)
                0x030174dc                SET_FILTER_TABLE2
 .text.SET_FILTER_TABLE3
                0x0301757c       0xc4 icomlib.a(userSmart.o)
                0x0301757c                SET_FILTER_TABLE3
 .text.rejectAllFrame
                0x03017640      0x20c icomlib.a(userSmart.o)
                0x03017640                rejectAllFrame
 .text.AutoScanAP
                0x0301784c        0x4 icomlib.a(userSmart.o)
                0x0301784c                AutoScanAP
 .text.userSmartSetChannel
                0x03017850       0x38 icomlib.a(userSmart.o)
                0x03017850                userSmartSetChannel
 .text.SetUserReceFilter
                0x03017888       0x48 icomlib.a(userSmart.o)
                0x03017888                SetUserReceFilter
 .text.EnableUserReceFilter
                0x030178d0       0xa4 icomlib.a(userSmart.o)
                0x030178d0                EnableUserReceFilter
 .text.DisableUserReceFilter
                0x03017974       0x3c icomlib.a(userSmart.o)
                0x03017974                DisableUserReceFilter
 .text.SetCallBackFunction
                0x030179b0       0x10 icomlib.a(userSmart.o)
                0x030179b0                SetCallBackFunction
 .text.EnableCallBackFrame
                0x030179c0       0x38 icomlib.a(userSmart.o)
                0x030179c0                EnableCallBackFrame
 .text.DisableCallBackFrame
                0x030179f8       0x18 icomlib.a(userSmart.o)
                0x030179f8                DisableCallBackFrame
 .text.EnableUserSmartMode
                0x03017a10       0xa8 icomlib.a(userSmart.o)
                0x03017a10                EnableUserSmartMode
 .text.DisableUserSmartMode
                0x03017ab8      0x11c icomlib.a(userSmart.o)
                0x03017ab8                DisableUserSmartMode
 .text          0x03017bd4        0x0 icomlib.a(ieee80211_mac.o)
 .text.off      0x03017bd4       0x18 icomlib.a(ieee80211_mac.o)
 .text.channel_check_interval
                0x03017bec        0x8 icomlib.a(ieee80211_mac.o)
 .text.init     0x03017bf4       0x14 icomlib.a(ieee80211_mac.o)
 .text.on       0x03017c08       0x1c icomlib.a(ieee80211_mac.o)
 .text.dump_data
                0x03017c24       0x64 icomlib.a(ieee80211_mac.o)
                0x03017c24                dump_data
 .text.data_decryt
                0x03017c88       0x80 icomlib.a(ieee80211_mac.o)
                0x03017c88                data_decryt
 .text          0x03017d08        0x0 icomlib.a(drv_fence.o)
 .text.hwfence_init
                0x03017d08       0x1c icomlib.a(drv_fence.o)
                0x03017d08                hwfence_init
 .text.hwfence_start
                0x03017d24       0x14 icomlib.a(drv_fence.o)
                0x03017d24                hwfence_start
 .text          0x03017d38        0x0 icomlib.a(drv_mbox.o)
 .text.drv_mailbox_cpu_pri_ff
                0x03017d38       0x30 icomlib.a(drv_mbox.o)
                0x03017d38                drv_mailbox_cpu_pri_ff
 .text          0x03017d68        0x0 icomlib.a(EAPOL.o)
 .text.rx_process_wpa
                0x03017d68      0x190 icomlib.a(EAPOL.o)
                0x03017d68                rx_process_wpa
 .text.rx_process_eapol
                0x03017ef8       0x58 icomlib.a(EAPOL.o)
                0x03017ef8                rx_process_eapol
 .text.tx_eapol_start_req
                0x03017f50        0x4 icomlib.a(EAPOL.o)
                0x03017f50                tx_eapol_start_req
 .text          0x03017f54        0x0 icomapps.a(atcmd.o)
 .text.process_thread_poll_tx_process
                0x03017f54       0xa0 icomapps.a(atcmd.o)
 .text.process_thread_nslookup_process
                0x03017ff4       0xb4 icomapps.a(atcmd.o)
 .text.allocate_buffer_in
                0x030180a8       0x40 icomapps.a(atcmd.o)
                0x030180a8                allocate_buffer_in
 .text.process_thread_tcp_connect_process
                0x030180e8      0x260 icomapps.a(atcmd.o)
 .text.release_buffer_in
                0x03018348       0x30 icomapps.a(atcmd.o)
                0x03018348                release_buffer_in
 .text.allocate_buffer_out
                0x03018378       0x40 icomapps.a(atcmd.o)
                0x03018378                allocate_buffer_out
 .text.process_thread_http_request_process
                0x030183b8      0x338 icomapps.a(atcmd.o)
 .text.release_buffer_out
                0x030186f0       0x30 icomapps.a(atcmd.o)
                0x030186f0                release_buffer_out
 .text.parseBuff2Param
                0x03018720       0x94 icomapps.a(atcmd.o)
                0x03018720                parseBuff2Param
 .text.At_EnableSmartReboot
                0x030187b4       0xa0 icomapps.a(atcmd.o)
                0x030187b4                At_EnableSmartReboot
 .text.At_EnableSmartMode
                0x03018854       0x8c icomapps.a(atcmd.o)
                0x03018854                At_EnableSmartMode
 .text.showDataRate
                0x030188e0       0x1c icomapps.a(atcmd.o)
                0x030188e0                showDataRate
 .text.securityString
                0x030188fc       0x1c icomapps.a(atcmd.o)
                0x030188fc                securityString
 .text.securitySubString
                0x03018918       0x1c icomapps.a(atcmd.o)
                0x03018918                securitySubString
 .text.At_Reboot
                0x03018934       0x1c icomapps.a(atcmd.o)
                0x03018934                At_Reboot
 .text.At_WatchDOG_Start
                0x03018950       0x30 icomapps.a(atcmd.o)
                0x03018950                At_WatchDOG_Start
 .text.At_WatchDOG_Stop
                0x03018980       0x30 icomapps.a(atcmd.o)
                0x03018980                At_WatchDOG_Stop
 .text.At_ProcessQueKill
                0x030189b0       0x60 icomapps.a(atcmd.o)
                0x030189b0                At_ProcessQueKill
 .text.At_ProcessKill
                0x03018a10       0x60 icomapps.a(atcmd.o)
                0x03018a10                At_ProcessKill
 .text.At_ProcessAllQueDump
                0x03018a70       0x34 icomapps.a(atcmd.o)
                0x03018a70                At_ProcessAllQueDump
 .text.At_ProcessAllDump
                0x03018aa4       0x34 icomapps.a(atcmd.o)
                0x03018aa4                At_ProcessAllDump
 .text.At_ShowNtpTime
                0x03018ad8       0x20 icomapps.a(atcmd.o)
                0x03018ad8                At_ShowNtpTime
 .text.At_ShowAllAP
                0x03018af8       0xd8 icomapps.a(atcmd.o)
                0x03018af8                At_ShowAllAP
 .text.At_ShowConnectAP
                0x03018bd0      0x140 icomapps.a(atcmd.o)
                0x03018bd0                At_ShowConnectAP
 .text.At_SetGpio
                0x03018d10       0xdc icomapps.a(atcmd.o)
                0x03018d10                At_SetGpio
 .text.At_WriteGpio
                0x03018dec       0xbc icomapps.a(atcmd.o)
                0x03018dec                At_WriteGpio
 .text.At_ReadGpio
                0x03018ea8       0x9c icomapps.a(atcmd.o)
                0x03018ea8                At_ReadGpio
 .text.At_ParserRecv
                0x03018f44       0x4c icomapps.a(atcmd.o)
                0x03018f44                At_ParserRecv
 .text.At_PowerOn
                0x03018f90       0x38 icomapps.a(atcmd.o)
                0x03018f90                At_PowerOn
 .text.At_RX    0x03018fc8       0x38 icomapps.a(atcmd.o)
                0x03018fc8                At_RX
 .text.At_TX    0x03019000       0x4c icomapps.a(atcmd.o)
                0x03019000                At_TX
 .text.At_PowerSaving
                0x0301904c       0xdc icomapps.a(atcmd.o)
                0x0301904c                At_PowerSaving
 .text.At_TCPChange_Timeout
                0x03019128       0x98 icomapps.a(atcmd.o)
                0x03019128                At_TCPChange_Timeout
 .text.At_TCPConnect
                0x030191c0      0x150 icomapps.a(atcmd.o)
                0x030191c0                At_TCPConnect
 .text.At_TCPSend
                0x03019310      0x108 icomapps.a(atcmd.o)
                0x03019310                At_TCPSend
 .text.At_TCPDisconnect
                0x03019418       0x48 icomapps.a(atcmd.o)
                0x03019418                At_TCPDisconnect
 .text.At_TCPListen
                0x03019460       0xd0 icomapps.a(atcmd.o)
                0x03019460                At_TCPListen
 .text.At_TCPUnlisten
                0x03019530       0xb4 icomapps.a(atcmd.o)
                0x03019530                At_TCPUnlisten
 .text.At_UDPCreate
                0x030195e4       0xd4 icomapps.a(atcmd.o)
                0x030195e4                At_UDPCreate
 .text.At_UDPSend
                0x030196b8      0x124 icomapps.a(atcmd.o)
                0x030196b8                At_UDPSend
 .text.At_UDPClose
                0x030197dc       0x6c icomapps.a(atcmd.o)
                0x030197dc                At_UDPClose
 .text.At_HTTPTest
                0x03019848      0x184 icomapps.a(atcmd.o)
                0x03019848                At_HTTPTest
 .text.At_HTTPTestStop
                0x030199cc       0x14 icomapps.a(atcmd.o)
                0x030199cc                At_HTTPTestStop
 .text.At_NSLookup
                0x030199e0       0x58 icomapps.a(atcmd.o)
                0x030199e0                At_NSLookup
 .text.At_SET_AP_SSID
                0x03019a38       0x58 icomapps.a(atcmd.o)
                0x03019a38                At_SET_AP_SSID
 .text.At_SET_AUTO_CONNECT
                0x03019a90       0x78 icomapps.a(atcmd.o)
                0x03019a90                At_SET_AUTO_CONNECT
 .text.At_SAVE_CONFIG
                0x03019b08       0x34 icomapps.a(atcmd.o)
                0x03019b08                At_SAVE_CONFIG
 .text.At_Clean_Lists
                0x03019b3c       0x18 icomapps.a(atcmd.o)
                0x03019b3c                At_Clean_Lists
 .text.At_AP    0x03019b54       0x1c icomapps.a(atcmd.o)
                0x03019b54                At_AP
 .text.At_SET_APCONFIG
                0x03019b70       0xac icomapps.a(atcmd.o)
                0x03019b70                At_SET_APCONFIG
 .text.At_AP_EXIT
                0x03019c1c       0x1c icomapps.a(atcmd.o)
                0x03019c1c                At_AP_EXIT
 .text.At_TestFlashErase
                0x03019c38       0xc8 icomapps.a(atcmd.o)
                0x03019c38                At_TestFlashErase
 .text.At_TestFlashWrite
                0x03019d00       0xb8 icomapps.a(atcmd.o)
                0x03019d00                At_TestFlashWrite
 .text.At_BenchFlashRead
                0x03019db8      0x10c icomapps.a(atcmd.o)
                0x03019db8                At_BenchFlashRead
 .text.At_BenchFlashWrite
                0x03019ec4      0x114 icomapps.a(atcmd.o)
                0x03019ec4                At_BenchFlashWrite
 .text.At_TestFlashRead
                0x03019fd8       0xa4 icomapps.a(atcmd.o)
                0x03019fd8                At_TestFlashRead
 .text.At_ParserInd
                0x0301a07c       0xc0 icomapps.a(atcmd.o)
                0x0301a07c                At_ParserInd
 .text.At_Parser
                0x0301a13c      0xc58 icomapps.a(atcmd.o)
                0x0301a13c                At_Parser
 .text          0x0301ad94        0x0 icomapps.a(socket_app.o)
 .text.process_thread_discover_process
                0x0301ad94      0x130 icomapps.a(socket_app.o)
 .text.otaProcessDisable
                0x0301aec4       0x14 icomapps.a(socket_app.o)
                0x0301aec4                otaProcessDisable
 .text.setRemoteMAC
                0x0301aed8       0x48 icomapps.a(socket_app.o)
                0x0301aed8                setRemoteMAC
 .text.setRrmoteIpAddress
                0x0301af20       0x1c icomapps.a(socket_app.o)
                0x0301af20                setRrmoteIpAddress
 .text.getCmdNum
                0x0301af3c       0x88 icomapps.a(socket_app.o)
                0x0301af3c                getCmdNum
 .text.smartTcpSend
                0x0301afc4       0x50 icomapps.a(socket_app.o)
                0x0301afc4                smartTcpSend
 .text.smartTcpConnect
                0x0301b014       0x74 icomapps.a(socket_app.o)
                0x0301b014                smartTcpConnect
 .text.smartTcpDisConnect
                0x0301b088       0x38 icomapps.a(socket_app.o)
                0x0301b088                smartTcpDisConnect
 .text.process_thread_tcp_client_smartProcess
                0x0301b0c0      0x1ac icomapps.a(socket_app.o)
 .text.process_thread_tcp_smartlink_process
                0x0301b26c      0x1e4 icomapps.a(socket_app.o)
 .text.appUdpCreate
                0x0301b450       0x48 icomapps.a(socket_app.o)
                0x0301b450                appUdpCreate
 .text.appUdpSend
                0x0301b498       0x40 icomapps.a(socket_app.o)
                0x0301b498                appUdpSend
 .text.appUdpClose
                0x0301b4d8       0x2c icomapps.a(socket_app.o)
                0x0301b4d8                appUdpClose
 .text.checkCmdAndSendData
                0x0301b504      0x1f8 icomapps.a(socket_app.o)
                0x0301b504                checkCmdAndSendData
 .text.process_thread_udp_server_discoverProcess
                0x0301b6fc      0x170 icomapps.a(socket_app.o)
 .text          0x0301b86c        0x0 icomapps.a(soft_ap_init.o)
 .text.softap_combine_ssid_mac
                0x0301b86c       0x5c icomapps.a(soft_ap_init.o)
                0x0301b86c                softap_combine_ssid_mac
 .text.softap_dump_dhcp_setting
                0x0301b8c8       0x88 icomapps.a(soft_ap_init.o)
                0x0301b8c8                softap_dump_dhcp_setting
 .text.softap_dhcp_init
                0x0301b950      0x130 icomapps.a(soft_ap_init.o)
                0x0301b950                softap_dhcp_init
 .text.softap_init_ex
                0x0301ba80       0xe8 icomapps.a(soft_ap_init.o)
                0x0301ba80                softap_init_ex
 .text.softap_init
                0x0301bb68       0x10 icomapps.a(soft_ap_init.o)
                0x0301bb68                softap_init
 .text          0x0301bb78        0x0 icomapps.a(tcp_server_demo)
 .text.process_thread_tcpServerDemo_process
                0x0301bb78      0x1ec icomapps.a(tcp_server_demo)
 .text.SetPWM   0x0301bd64       0x38 icomapps.a(tcp_server_demo)
                0x0301bd64                SetPWM
 .text.EnableLED
                0x0301bd9c       0x44 icomapps.a(tcp_server_demo)
                0x0301bd9c                EnableLED
 .text.DisableLED
                0x0301bde0       0x40 icomapps.a(tcp_server_demo)
                0x0301bde0                DisableLED
 .text.process_thread_led_blink_process
                0x0301be20       0xd4 icomapps.a(tcp_server_demo)
 .text.appTcpSend
                0x0301bef4       0x50 icomapps.a(tcp_server_demo)
                0x0301bef4                appTcpSend
 .text.TCPDataParser
                0x0301bf44      0x104 icomapps.a(tcp_server_demo)
                0x0301bf44                TCPDataParser
 .text.process_thread_tcp_server_demoProcess
                0x0301c048      0x188 icomapps.a(tcp_server_demo)
 .text          0x0301c1d0        0x0 icomapps.a(wifi_uart_demo.)
 .text.process_thread_wifiUartDemo_process
                0x0301c1d0      0x13c icomapps.a(wifi_uart_demo.)
 .text.process_thread_tcp_server_wifiUartProcess
                0x0301c30c      0x1c4 icomapps.a(wifi_uart_demo.)
 .text.sampleAppTCPSend
                0x0301c4d0       0x84 icomapps.a(wifi_uart_demo.)
                0x0301c4d0                sampleAppTCPSend
 .text.sampleDataUartRead
                0x0301c554       0x8c icomapps.a(wifi_uart_demo.)
                0x0301c554                sampleDataUartRead
 .text          0x0301c5e0        0x0 icomapps.a(ota_api.o)
 .text.process_thread_auto_reboot_process
                0x0301c5e0       0xd8 icomapps.a(ota_api.o)
 .text.cal_ota_checksum
                0x0301c6b8       0x5c icomapps.a(ota_api.o)
                0x0301c6b8                cal_ota_checksum
 .text.downloadFinish
                0x0301c714      0x1c8 icomapps.a(ota_api.o)
                0x0301c714                downloadFinish
 .text.filesave_from_phone
                0x0301c8dc      0x174 icomapps.a(ota_api.o)
                0x0301c8dc                filesave_from_phone
 .text.OtaTcpConnect
                0x0301ca50       0x54 icomapps.a(ota_api.o)
                0x0301ca50                OtaTcpConnect
 .text.process_thread_tcp_client_otaProcess
                0x0301caa4      0x2cc icomapps.a(ota_api.o)
 .text.OtaTcpDisConnect
                0x0301cd70       0x3c icomapps.a(ota_api.o)
                0x0301cd70                OtaTcpDisConnect
 .text.setOtaRrmoteIp
                0x0301cdac       0x24 icomapps.a(ota_api.o)
                0x0301cdac                setOtaRrmoteIp
 .text.clearOtaParameters
                0x0301cdd0       0x38 icomapps.a(ota_api.o)
                0x0301cdd0                clearOtaParameters
 .text.process_thread_ota_updateProcess
                0x0301ce08      0x20c icomapps.a(ota_api.o)
 .text          0x0301d014        0x0 icomlib.a(pwm_api.o)
 .text.enableHwPWM
                0x0301d014       0x30 icomlib.a(pwm_api.o)
                0x0301d014                enableHwPWM
 .text.disableHwPWM
                0x0301d044       0x10 icomlib.a(pwm_api.o)
                0x0301d044                disableHwPWM
 .text          0x0301d054        0x0 icomlib.a(serial_api.o)
 .text.SerialInit
                0x0301d054       0x48 icomlib.a(serial_api.o)
                0x0301d054                SerialInit
 .text.SerialConfig
                0x0301d09c        0xc icomlib.a(serial_api.o)
                0x0301d09c                SerialConfig
 .text.SerialDeinit
                0x0301d0a8       0x38 icomlib.a(serial_api.o)
                0x0301d0a8                SerialDeinit
 .text          0x0301d0e0        0x0 icomlib.a(drv_pwm.o)
 .text.drv_pwm_setduty
                0x0301d0e0       0x7c icomlib.a(drv_pwm.o)
                0x0301d0e0                drv_pwm_setduty
 .text.drv_pwm_init
                0x0301d15c       0x4c icomlib.a(drv_pwm.o)
                0x0301d15c                drv_pwm_init
 .text.drv_pwm_enable
                0x0301d1a8       0x14 icomlib.a(drv_pwm.o)
                0x0301d1a8                drv_pwm_enable
 .text.drv_pwm_deinit
                0x0301d1bc       0x38 icomlib.a(drv_pwm.o)
                0x0301d1bc                drv_pwm_deinit
 .text.drv_pwm_disable
                0x0301d1f4       0x14 icomlib.a(drv_pwm.o)
                0x0301d1f4                drv_pwm_disable
 .text          0x0301d208        0x0 contikilib.a(dhcp_process.o)
 .text.process_thread_dhcp_process
                0x0301d208      0x194 contikilib.a(dhcp_process.o)
 .text.replyAck
                0x0301d39c       0x10 contikilib.a(dhcp_process.o)
                0x0301d39c                replyAck
 .text.set_node_ip
                0x0301d3ac       0x90 contikilib.a(dhcp_process.o)
                0x0301d3ac                set_node_ip
 .text.ip_configure
                0x0301d43c       0x10 contikilib.a(dhcp_process.o)
                0x0301d43c                ip_configure
 .text.dhcp_configure
                0x0301d44c       0xb0 contikilib.a(dhcp_process.o)
                0x0301d44c                dhcp_configure
 .text          0x0301d4fc        0x0 contikilib.a(dhcps.o)
 .text.unlikely.find_option
                0x0301d4fc       0x60 contikilib.a(dhcps.o)
 .text.create_msg
                0x0301d55c       0x8c contikilib.a(dhcps.o)
 .text.add_lease_time
                0x0301d5e8       0x68 contikilib.a(dhcps.o)
 .text.add_config
                0x0301d650       0xa8 contikilib.a(dhcps.o)
 .text.unlikely.lookup_lease_ip
                0x0301d6f8      0x170 contikilib.a(dhcps.o)
 .text.get_leased_mac
                0x0301d868      0x248 contikilib.a(dhcps.o)
 .text.send_nack
                0x0301dab0       0x98 contikilib.a(dhcps.o)
 .text.dhcp_dump_info
                0x0301db48       0xc4 contikilib.a(dhcps.o)
                0x0301db48                dhcp_dump_info
 .text.init_lease
                0x0301dc0c       0x20 contikilib.a(dhcps.o)
                0x0301dc0c                init_lease
 .text.process_thread_dhcp_server_process
                0x0301dc2c      0x968 contikilib.a(dhcps.o)
 .text.release_address_by_mac
                0x0301e594       0xc8 contikilib.a(dhcps.o)
                0x0301e594                release_address_by_mac
 .text.dhcps_init
                0x0301e65c       0x7c contikilib.a(dhcps.o)
                0x0301e65c                dhcps_init
 .text.dhcps_exit
                0x0301e6d8        0xc contikilib.a(dhcps.o)
                0x0301e6d8                dhcps_exit
 .text          0x0301e6e4        0x0 contikilib.a(resolv.o)
 .text.skip_name
                0x0301e6e4       0x2c contikilib.a(resolv.o)
 .text.resolv_found.isra.0
                0x0301e710       0x18 contikilib.a(resolv.o)
 .text.process_thread_resolv_process
                0x0301e728      0x548 contikilib.a(resolv.o)
 .text.resolv_query
                0x0301ec70      0x150 contikilib.a(resolv.o)
                0x0301ec70                resolv_query
 .text.resolv_lookup
                0x0301edc0       0xdc contikilib.a(resolv.o)
                0x0301edc0                resolv_lookup
 .text.resolv_getserver
                0x0301ee9c        0xc contikilib.a(resolv.o)
                0x0301ee9c                resolv_getserver
 .text.resolv_conf
                0x0301eea8       0x1c contikilib.a(resolv.o)
                0x0301eea8                resolv_conf
 .text          0x0301eec4        0x0 contikilib.a(simple-udp.o)
 .text.process_thread_simple_udp_process
                0x0301eec4      0x14c contikilib.a(simple-udp.o)
 .text.simple_udp_send
                0x0301f010       0x48 contikilib.a(simple-udp.o)
                0x0301f010                simple_udp_send
 .text.simple_udp_sendto
                0x0301f058       0x44 contikilib.a(simple-udp.o)
                0x0301f058                simple_udp_sendto
 .text.simple_udp_sendto_port
                0x0301f09c       0x40 contikilib.a(simple-udp.o)
                0x0301f09c                simple_udp_sendto_port
 .text.simple_udp_register
                0x0301f0dc       0xcc contikilib.a(simple-udp.o)
                0x0301f0dc                simple_udp_register
 .text          0x0301f1a8        0x0 contikilib.a(uip_arp.o)
 .text.send_arp_request
                0x0301f1a8       0xf0 contikilib.a(uip_arp.o)
 .text.process_thread_get_gatewaymac_process
                0x0301f298       0xcc contikilib.a(uip_arp.o)
 .text.uip_arp_print
                0x0301f364       0x80 contikilib.a(uip_arp.o)
                0x0301f364                uip_arp_print
 .text.uip_arp_delete
                0x0301f3e4       0xac contikilib.a(uip_arp.o)
                0x0301f3e4                uip_arp_delete
 .text.uip_arp_init
                0x0301f490       0x84 contikilib.a(uip_arp.o)