Archive member included because of file (symbol)

icomlib.a(etimer.o)           ssv6060-main.o (etimer_set)
icomlib.a(printf.o)           ssv6060-main.o (printf)
icomlib.a(process.o)          icomlib.a(etimer.o) (process_post)
icomlib.a(strformat.o)        icomlib.a(printf.o) (format_str_v)
icomlib.a(timer.o)            icomlib.a(etimer.o) (timer_set)
icomlib.a(atcmd_icomm.o)      ssv6060-main.o (At_Disconnect)
icomlib.a(boot-hiflying.o)    /tmp/ccUbI2lE.o (boot_main)
icomlib.a(clock.o)            icomlib.a(etimer.o) (clock_time)
icomlib.a(contiki-main.o)     icomlib.a(boot-hiflying.o) (main)
icomlib.a(debug-uart.o)       icomlib.a(printf.o) (dbg_send_bytes)
icomlib.a(gpio_api.o)         ssv6060-main.o (pinMode)
icomlib.a(drv_timer.o)        icomlib.a(clock.o) (hwtmr_start)
icomlib.a(drv_uart.o)         icomlib.a(debug-uart.o) (drv_uart_tx)
icomlib.a(hw_init.o)          icomlib.a(drv_uart.o) (ssv_delay)
icomlib.a(hw_regs_api.o)      icomlib.a(hw_init.o) (hw_reg_write)
icomlib.a(ssv_lib.o)          icomlib.a(printf.o) (strlen)
icomlib.a(ssv_lib_slow.o)     icomlib.a(atcmd_icomm.o) (dbg_dump_binary)
icomlib.a(swpwm.o)            icomlib.a(clock.o) (initSwPWM)
icomlib.a(systemconf.o)       icomlib.a(atcmd_icomm.o) (gwifistatus)
icomlib.a(wdog_api.o)         ssv6060-main.o (api_wdog_reboot)
icomlib.a(xmem.o)             icomlib.a(contiki-main.o) (cabrio_flash_init)
icomlib.a(bsp.o)              icomlib.a(hw_init.o) (set_mrx_filter_sta)
icomlib.a(crypthw.o)          icomlib.a(hw_init.o) (g_soc_table)
icomlib.a(dbg-atcmd-api.o)    icomlib.a(hw_init.o) (UpdateConf)
icomlib.a(drv_mac.o)          icomlib.a(dbg-atcmd-api.o) (SET_STA_MAC)
icomlib.a(drv_phy.o)          icomlib.a(hw_init.o) (drv_phy_init)
icomlib.a(drv_pktbuf.o)       icomlib.a(dbg-atcmd-api.o) (setpacketbuf_len)
icomlib.a(drv_pktbuf_slow)    icomlib.a(atcmd_icomm.o) (ssv6xxx_pbuf_dump_reg)
icomlib.a(hash_alg.o)         icomlib.a(atcmd_icomm.o) (pbkdf2_sha1)
icomlib.a(hmac_md5.o)         icomlib.a(hash_alg.o) (hmac_md5_init)
icomlib.a(hmac_sha1.o)        icomlib.a(hash_alg.o) (hmac_sha1_init)
icomlib.a(ieee80211_mgmt.)    icomlib.a(atcmd_icomm.o) (getAvailableIndex)
icomlib.a(ieee80211_rdc.o)    icomlib.a(dbg-atcmd-api.o) (ieee80211_rdc)
icomlib.a(irq.o)              icomlib.a(wdog_api.o) (irq_mask_disable)
icomlib.a(netstack.o)         icomlib.a(contiki-main.o) (netstack_init)
icomlib.a(powersave.o)        icomlib.a(ieee80211_mgmt.) (is_waketime_alive)
icomlib.a(rate_control.o)     icomlib.a(ieee80211_mgmt.) (init_ratecontrol)
icomlib.a(sha1.o)             icomlib.a(hmac_sha1.o) (sha1hw_init)
icomlib.a(soft_ap.o)          icomlib.a(bsp.o) (softap_get_sta_connected)
icomlib.a(ssv6200_rx.o)       icomlib.a(powersave.o) (is_tx_active)
icomlib.a(ssvradio.o)         icomlib.a(ssv6200_rx.o) (ssv6200_radio_retrans)
icomlib.a(wpa.o)              icomlib.a(ieee80211_mgmt.) (init_wpa_ctx)
icomlib.a(sys_status_api.)    icomlib.a(atcmd_icomm.o) (get_local_mac)
icomlib.a(AES_decrypt.o)      icomlib.a(wpa.o) (aes_wrap)
icomlib.a(arc4.o)             icomlib.a(wpa.o) (arc4_skip)
icomlib.a(md5.o)              icomlib.a(hmac_md5.o) (MD5Init)
icomlib.a(wep.o)              icomlib.a(ieee80211_mgmt.) (getAuthChallengeTextLen)
icomlib.a(autostart.o)        icomlib.a(contiki-main.o) (autostart_start)
icomlib.a(shell-ping.o)       icomlib.a(atcmd_icomm.o) (ping_start)
icomlib.a(random.o)           icomlib.a(clock.o) (random_init)
icomlib.a(airkiss.o)          icomlib.a(ieee80211_mgmt.) (clearAirKissBuf)
icomlib.a(bsp_info.o)         icomlib.a(contiki-main.o) (bsp_get_boot_info)
icomlib.a(cfs-coffee.o)       icomlib.a(systemconf.o) (cfs_open)
icomlib.a(console.o)          icomlib.a(contiki-main.o) (console_init)
icomlib.a(drv_flash.o)        icomlib.a(systemconf.o) (drv_flash_get_cache_addr)
icomlib.a(drv_gpio.o)         icomlib.a(swpwm.o) (get_PAD_Addr)
icomlib.a(drv_pmu.o)          icomlib.a(powersave.o) (drv_pmu_powersave_mode)
icomlib.a(drv_wdog.o)         icomlib.a(wdog_api.o) (drv_wdog_reboot)
icomlib.a(fence.o)            icomlib.a(bsp.o) (fence_init)
icomlib.a(flash_api.o)        icomlib.a(systemconf.o) (spi_flash_sector_erase)
icomlib.a(smartComm.o)        icomlib.a(sys_status_api.) (set_slink_ready_ack)
icomlib.a(smartConf.o)        icomlib.a(ieee80211_mgmt.) (clearSmartLinkBuf)
icomlib.a(userSmart.o)        icomlib.a(ssv6200_rx.o) (rx_process_userSmart)
icomlib.a(ieee80211_mac.o)    icomlib.a(ieee80211_mgmt.) (rx_skb)
icomlib.a(ieee80211_net.o)    icomlib.a(netstack.o) (ieee80211_net)
icomlib.a(ssv6200_tx.o)       icomlib.a(ssvradio.o) (ssv6200_transmit)
icomlib.a(drv_fence.o)        icomlib.a(fence.o) (hwfence_init)
icomlib.a(drv_mbox.o)         icomlib.a(ssv6200_tx.o) (drv_mailbox_cpu_ff)
icomlib.a(EAPOL.o)            icomlib.a(ieee80211_net.o) (rx_process_eapol)
icomapps.a(atcmd.o)           icomlib.a(atcmd_icomm.o) (At_ParserInd)
icomapps.a(socket_app.o)      icomlib.a(smartComm.o) (setRemoteMAC)
[...]
Memory Configuration

Name             Origin             Length             Attributes
flash            0x03000000         0x00080000         xr
ram              0x02000000         0x00030000         xrw
*default*        0x00000000         0xffffffff

Linker script and memory map

                0x00080000                _flash_size_ = 0x80000
                0x00030000                _ram_size_ = 0x30000
                0x0202fffc                __stack_end__ = ((ORIGIN (ram) + 0x30000) - 0x4)
                0x00004000                _boot_size = 0x4000
                0x03000000                . = ORIGIN (flash)
                0x03000000                _sitxt0 = .

startup         0x03000000      0x1e0
 *(.startup1)
 .startup1      0x03000000       0x50 /tmp/ccUbI2lE.o
 *(.startup2)
 .startup2      0x03000050      0x184 /tmp/ccUbI2lE.o
                0x03000194                endless_loop
                0x030001e0                . = ALIGN (0x10)
 *fill*         0x030001d4        0xc 
                0x02029000                _vma_boot_text_beg = ((ORIGIN (ram) + 0x30000) - 0x7000)
                0x030001e0                _sitxt0a = (_sitxt0 + SIZEOF (startup))
                0x03004000                . = (ORIGIN (flash) + _boot_size)
                0x03004000                _sitxt2 = .

prog_in_flash   0x03004000    0x2f550
 *(.vars_second_boot)
 .vars_second_boot
                0x03004000       0x48 /tmp/ccUbI2lE.o
 icomlib.a:contiki-main.o(.text.startup.main)
 .text.startup.main
                0x03004048      0x104 icomlib.a(contiki-main.o)
                0x03004048                main
 *(EXCLUDE_FILE(icomlib.a:ssv_lib.o icomlib.a:sha256.o icomlib.a:sha384.o icomlib.a:sha512.o icomlib.a:x905.o icomlib.a:asn1.o icomlib.a:pstmsqrcomba.o icomlib.a:pstmmulcomba.o icomlib.a:pstmmonreduce.o icomlib.a:pstm.o contikilib.a:socket_driver.o icomlib.a:powersave.o icomlib.a:hw_regs_api.o icomlib.a:flash_api.o icomlib.a:drv_flash.o icomlib.a:xmem.o icomlib.a:soft_ap.o icomlib.a:debug-uart.o icomlib.a:dbg-puts.o icomlib.a:strformat.o icomlib.a:dbg-printf.o icomlib.a:rate_control.o icomlib.a:throughput.o icomlib.a:ssv6200_tx.o icomlib.a:ssv6200_rx.o icomlib.a:ssvradio.o icomlib.a:drv_pktbuf.o icomlib.a:packetbuf.o icomlib.a:ieee80211_rdc.o icomlib.a:ieee80211_net.o contikilib.a:tcpip.o icomlib.a:etimer.o icomlib.a:clock.o icomlib.a:timer.o contikilib.a:uip.o icomlib.a:AES_decrypt.o icomlib.a:boot-hiflying.o) .text*)
 .text          0x0300414c        0x0 /tmp/ccUbI2lE.o
 .text          0x0300414c        0x0 ssv6060-main.o
 .text.AT_Customer
                0x0300414c       0x18 ssv6060-main.o
                0x0300414c                AT_Customer
 .text.AT_Customer2
                0x03004164       0x50 ssv6060-main.o
                0x03004164                AT_Customer2
 .text.process_thread_ac_nslookup_process
                0x030041b4       0xec ssv6060-main.o
 .text.process_thread_ac_tcp_connect_process
                0x030042a0      0x288 ssv6060-main.o
 .text.AT_SmartLink
                0x03004528       0x14 ssv6060-main.o
                0x03004528                AT_SmartLink
 .text.AT_Reset
                0x0300453c        0xc ssv6060-main.o
                0x0300453c                AT_Reset
 .text.AT_WIFIUART_DEMO
                0x03004548       0x78 ssv6060-main.o
                0x03004548                AT_WIFIUART_DEMO
 .text.AT_TCPSERVER_DEMO
                0x030045c0       0x78 ssv6060-main.o
                0x030045c0                AT_TCPSERVER_DEMO
 .text.allocate_buffer_in_ext
                0x03004638       0x40 ssv6060-main.o
                0x03004638                allocate_buffer_in_ext
 .text.TurnOffAllLED
                0x03004678       0x70 ssv6060-main.o
                0x03004678                TurnOffAllLED
 .text.SetLED   0x030046e8       0x50 ssv6060-main.o
                0x030046e8                SetLED
 .text.Ac_Dns   0x03004738       0x24 ssv6060-main.o
                0x03004738                Ac_Dns
 .text.Ac_ConnectGateway
                0x0300475c       0x30 ssv6060-main.o
                0x0300475c                Ac_ConnectGateway
 .text.Ac_BcInit
                0x0300478c       0x4c ssv6060-main.o
                0x0300478c                Ac_BcInit
 .text.process_thread_main_process
                0x030047d8       0xb4 ssv6060-main.o
 .text.Ac_ListenClient
                0x0300488c       0x54 ssv6060-main.o
                0x0300488c                Ac_ListenClient
 .text          0x030048e0        0x0 icomlib.a(printf.o)
 .text.write_str
                0x030048e0       0x1c icomlib.a(printf.o)
 .text.printf   0x030048fc       0x30 icomlib.a(printf.o)
                0x030048fc                printf
 .text.uart_tx1
                0x0300492c       0x14 icomlib.a(printf.o)
                0x0300492c                uart_tx1
 .text.printchar
                0x03004940       0x50 icomlib.a(printf.o)
 .text.prints   0x03004990      0x10c icomlib.a(printf.o)
 .text.printi   0x03004a9c      0x118 icomlib.a(printf.o)
 .text.print    0x03004bb4      0x1f8 icomlib.a(printf.o)
                0x03004bb4                print
 .text.sprintf  0x03004dac       0x30 icomlib.a(printf.o)
                0x03004dac                sprintf
 .text.vsprintf
                0x03004ddc       0x1c icomlib.a(printf.o)
                0x03004ddc                vsprintf
 .text.set_log_all_group_enable
                0x03004df8       0x24 icomlib.a(printf.o)
                0x03004df8                set_log_all_group_enable
 .text.set_log_all_group_disable
                0x03004e1c       0x24 icomlib.a(printf.o)
                0x03004e1c                set_log_all_group_disable
 .text.set_log_all_group
                0x03004e40       0x2c icomlib.a(printf.o)
                0x03004e40                set_log_all_group
 .text.set_log_all_level
                0x03004e6c       0x8c icomlib.a(printf.o)
                0x03004e6c                set_log_all_level
 .text.set_log_single_group_level
                0x03004ef8       0x40 icomlib.a(printf.o)
                0x03004ef8                set_log_single_group_level
 .text.dump_log_control_info
                0x03004f38       0x78 icomlib.a(printf.o)
                0x03004f38                dump_log_control_info
 .text          0x03004fb0        0x0 icomlib.a(process.o)
 .text.process_alloc_event
                0x03004fb0       0x18 icomlib.a(process.o)
                0x03004fb0                process_alloc_event
 .text.check_process_in_que
                0x03004fc8       0x64 icomlib.a(process.o)
                0x03004fc8                check_process_in_que
 .text.process_debug
                0x0300502c      0x150 icomlib.a(process.o)
                0x0300502c                process_debug
 .text          0x0300517c        0x0 icomlib.a(atcmd_icomm.o)
 .text.ip2int   0x0300517c       0xe4 icomlib.a(atcmd_icomm.o)
                0x0300517c                ip2int
 .text.At_RespOK
                0x03005260       0x74 icomlib.a(atcmd_icomm.o)
                0x03005260                At_RespOK
 .text.At_GetLocalMac
                0x030052d4       0x4c icomlib.a(atcmd_icomm.o)
                0x030052d4                At_GetLocalMac
 .text.At_GetVersion
                0x03005320       0x2c icomlib.a(atcmd_icomm.o)
                0x03005320                At_GetVersion
 .text.At_GetManufactureInfo
                0x0300534c       0x2c icomlib.a(atcmd_icomm.o)
                0x0300534c                At_GetManufactureInfo
 .text.At_SetWifiConfig
                0x03005378      0x214 icomlib.a(atcmd_icomm.o)
                0x03005378                At_SetWifiConfig
 .text.At_GetConfigure
                0x0300558c       0xb4 icomlib.a(atcmd_icomm.o)
                0x0300558c                At_GetConfigure
 .text.At_SetIfConfigure
                0x03005640      0x19c icomlib.a(atcmd_icomm.o)
                0x03005640                At_SetIfConfigure
 .text.At_GetNetStatus
                0x030057dc       0x30 icomlib.a(atcmd_icomm.o)
                0x030057dc                At_GetNetStatus
 .text.At_Ping  0x0300580c       0x80 icomlib.a(atcmd_icomm.o)
                0x0300580c                At_Ping
 .text.At_Help  0x0300588c      0x210 icomlib.a(atcmd_icomm.o)
                0x0300588c                At_Help
 .text.At_GetApStatus
                0x03005a9c       0x70 icomlib.a(atcmd_icomm.o)
                0x03005a9c                At_GetApStatus
 .text.At_GetWifiStatus
                0x03005b0c      0x350 icomlib.a(atcmd_icomm.o)
                0x03005b0c                At_GetWifiStatus
 .text.At_GetMRX
                0x03005e5c      0x130 icomlib.a(atcmd_icomm.o)
                0x03005e5c                At_GetMRX
 .text.At_TestMemRead
                0x03005f8c       0x88 icomlib.a(atcmd_icomm.o)
                0x03005f8c                At_TestMemRead
 .text.At_MboxDump
                0x03006014       0x10 icomlib.a(atcmd_icomm.o)
                0x03006014                At_MboxDump
 .text.At_WifiReset
                0x03006024       0x10 icomlib.a(atcmd_icomm.o)
                0x03006024                At_WifiReset
 .text.At_GetIPconf
                0x03006034       0x4c icomlib.a(atcmd_icomm.o)
                0x03006034                At_GetIPconf
 .text.At_NetScan
                0x03006080       0x14 icomlib.a(atcmd_icomm.o)
                0x03006080                At_NetScan
 .text.At_NetScan_Custom
                0x03006094       0xb4 icomlib.a(atcmd_icomm.o)
                0x03006094                At_NetScan_Custom
 .text.At_Connect
                0x03006148       0x58 icomlib.a(atcmd_icomm.o)
                0x03006148                At_Connect
 .text.process_thread_Cabrio_ate_process
                0x030061a0      0x120 icomlib.a(atcmd_icomm.o)
 .text.At_Disconnect
                0x030062c0       0x10 icomlib.a(atcmd_icomm.o)
                0x030062c0                At_Disconnect
 .text.At_POWERSAVE
                0x030062d0       0x34 icomlib.a(atcmd_icomm.o)
                0x030062d0                At_POWERSAVE
 .text.At_WriteReg32
                0x03006304       0xd4 icomlib.a(atcmd_icomm.o)
                0x03006304                At_WriteReg32
 .text.At_ReadReg32
                0x030063d8       0x94 icomlib.a(atcmd_icomm.o)
                0x030063d8                At_ReadReg32
 .text.At_SetChannel
                0x0300646c       0x9c icomlib.a(atcmd_icomm.o)
                0x0300646c                At_SetChannel
 .text.At_GetRfStatus
                0x03006508      0x198 icomlib.a(atcmd_icomm.o)
                0x03006508                At_GetRfStatus
 .text.At_ShowRfCommand
                0x030066a0      0x1cc icomlib.a(atcmd_icomm.o)
                0x030066a0                At_ShowRfCommand
 .text.AT_RemoveCfsConf
                0x0300686c        0x4 icomlib.a(atcmd_icomm.o)
                0x0300686c                AT_RemoveCfsConf
 .text.At_bmode_count
                0x03006870       0x44 icomlib.a(atcmd_icomm.o)
                0x03006870                At_bmode_count
 .text.At_bmode_reset
                0x030068b4       0x1c icomlib.a(atcmd_icomm.o)
                0x030068b4                At_bmode_reset
 .text.At_gmode_count
                0x030068d0       0x48 icomlib.a(atcmd_icomm.o)
                0x030068d0                At_gmode_count
 .text.At_gmode_reset
                0x03006918       0x20 icomlib.a(atcmd_icomm.o)
                0x03006918                At_gmode_reset
 .text.At_filter_reset
                0x03006938      0x1f0 icomlib.a(atcmd_icomm.o)
                0x03006938                At_filter_reset
 .text.At_filter_count
                0x03006b28       0x5c icomlib.a(atcmd_icomm.o)
                0x03006b28                At_filter_count
 .text.at_cmd_start
                0x03006b84       0x1c icomlib.a(atcmd_icomm.o)
                0x03006b84                at_cmd_start
 .text.at_cmd_exit
                0x03006ba0       0x18 icomlib.a(atcmd_icomm.o)
                0x03006ba0                at_cmd_exit
 .text          0x03006bb8        0x0 icomlib.a(contiki-main.o)
 .text.test_rtimer
                0x03006bb8        0xc icomlib.a(contiki-main.o)
                0x03006bb8                test_rtimer
 .text.send_frame_rtimer
                0x03006bc4        0xc icomlib.a(contiki-main.o)
                0x03006bc4                send_frame_rtimer
 .text.dump_boot_message
                0x03006bd0       0x60 icomlib.a(contiki-main.o)
                0x03006bd0                dump_boot_message
 .text.get_all_config
                0x03006c30       0x38 icomlib.a(contiki-main.o)
                0x03006c30                get_all_config
 .text.log_init
                0x03006c68       0x10 icomlib.a(contiki-main.o)
                0x03006c68                log_init
 .text          0x03006c78        0x0 icomlib.a(gpio_api.o)
 .text.pinMode  0x03006c78       0x44 icomlib.a(gpio_api.o)
                0x03006c78                pinMode
 .text.digitalWrite
                0x03006cbc       0x10 icomlib.a(gpio_api.o)
                0x03006cbc                digitalWrite
 .text.digitalRead
                0x03006ccc        0x4 icomlib.a(gpio_api.o)
                0x03006ccc                digitalRead
 .text.gpio_irq_enable
                0x03006cd0       0x40 icomlib.a(gpio_api.o)
                0x03006cd0                gpio_irq_enable
 .text.gpio_irq_disable
                0x03006d10       0x10 icomlib.a(gpio_api.o)
                0x03006d10                gpio_irq_disable
 .text          0x03006d20        0x0 icomlib.a(drv_timer.o)
 .text.hwtmr_stop
                0x03006d20       0x20 icomlib.a(drv_timer.o)
                0x03006d20                hwtmr_stop
 .text.hwtmr_start
                0x03006d40       0x34 icomlib.a(drv_timer.o)
                0x03006d40                hwtmr_start
 .text.hwtmr_init
                0x03006d74       0x2c icomlib.a(drv_timer.o)
                0x03006d74                hwtmr_init
 .text          0x03006da0        0x0 icomlib.a(drv_uart.o)
 .text.drv_uart_init
                0x03006da0       0x78 icomlib.a(drv_uart.o)
                0x03006da0                drv_uart_init
 .text.drv_uart_tx_0
                0x03006e18        0xc icomlib.a(drv_uart.o)
                0x03006e18                drv_uart_tx_0
 .text.drv_uart_is_tx_busy_0
                0x03006e24       0x18 icomlib.a(drv_uart.o)
                0x03006e24                drv_uart_is_tx_busy_0
 .text.drv_uart_multiple_tx_0
                0x03006e3c       0x28 icomlib.a(drv_uart.o)
                0x03006e3c                drv_uart_multiple_tx_0
 .text.drv_uart_get_uart_fifo_length_0
                0x03006e64        0x8 icomlib.a(drv_uart.o)
                0x03006e64                drv_uart_get_uart_fifo_length_0
 .text.drv_uart_enable_tx_int_0
                0x03006e6c       0x14 icomlib.a(drv_uart.o)
                0x03006e6c                drv_uart_enable_tx_int_0
 .text.drv_uart_disable_tx_int_0
                0x03006e80       0x14 icomlib.a(drv_uart.o)
                0x03006e80                drv_uart_disable_tx_int_0
 .text.drv_uart_enable_rx_int_0
                0x03006e94       0x14 icomlib.a(drv_uart.o)
                0x03006e94                drv_uart_enable_rx_int_0
 .text.drv_uart_disable_rx_int_0
                0x03006ea8       0x14 icomlib.a(drv_uart.o)
                0x03006ea8                drv_uart_disable_rx_int_0
 .text.drv_datauart_init
                0x03006ebc      0x160 icomlib.a(drv_uart.o)
                0x03006ebc                drv_datauart_init
 .text.drv_datauart_Deinit
                0x0300701c       0x58 icomlib.a(drv_uart.o)
                0x0300701c                drv_datauart_Deinit
 .text.drv_datauart_conf
                0x03007074       0x7c icomlib.a(drv_uart.o)
                0x03007074                drv_datauart_conf
 .text          0x030070f0        0x0 icomlib.a(hw_init.o)
 .text.hw_tbl_write
                0x030070f0       0x60 icomlib.a(hw_init.o)
 .text.modulator_and_pll_reset
                0x03007150       0xd4 icomlib.a(hw_init.o)
                0x03007150                modulator_and_pll_reset
 .text.ssv6xxx_phy_disable
                0x03007224       0x14 icomlib.a(hw_init.o)
                0x03007224                ssv6xxx_phy_disable
 .text.ssv6xxx_mac_disable
                0x03007238       0x14 icomlib.a(hw_init.o)
                0x03007238                ssv6xxx_mac_disable
 .text.ssv6xxx_hw_rf_phy_mac_reset
                0x0300724c      0x1a8 icomlib.a(hw_init.o)
                0x0300724c                ssv6xxx_hw_rf_phy_mac_reset
 .text.ssv6xxx_hw_radio_init
                0x030073f4      0x1b0 icomlib.a(hw_init.o)
                0x030073f4                ssv6xxx_hw_radio_init
 .text          0x030075a4        0x0 icomlib.a(ssv_lib_slow.o)
 .text.mac_atoi
                0x030075a4       0x44 icomlib.a(ssv_lib_slow.o)
                0x030075a4                mac_atoi
 .text.dbg_dump_reg_pc
                0x030075e8       0x10 icomlib.a(ssv_lib_slow.o)
                0x030075e8                dbg_dump_reg_pc
 .text.dbg_dump_reg_sp
                0x030075f8       0x10 icomlib.a(ssv_lib_slow.o)
                0x030075f8                dbg_dump_reg_sp
 .text.dbg_dump_reg_cpsr
                0x03007608       0xa0 icomlib.a(ssv_lib_slow.o)
                0x03007608                dbg_dump_reg_cpsr
 .text.dbg_dump_binary
                0x030076a8       0x78 icomlib.a(ssv_lib_slow.o)
                0x030076a8                dbg_dump_binary
 .text.dbg_dump_mac
                0x03007720       0x48 icomlib.a(ssv_lib_slow.o)
                0x03007720                dbg_dump_mac
 .text.dbg_dump_ip
                0x03007768       0x38 icomlib.a(ssv_lib_slow.o)
                0x03007768                dbg_dump_ip
 .text          0x030077a0        0x0 icomlib.a(swpwm.o)
 .text.initSwPWM
                0x030077a0       0x28 icomlib.a(swpwm.o)
                0x030077a0                initSwPWM
 .text.pwm_unregister
                0x030077c8       0xa0 icomlib.a(swpwm.o)
                0x030077c8                pwm_unregister
 .text.disableSwPWM
                0x03007868       0x34 icomlib.a(swpwm.o)
                0x03007868                disableSwPWM
 .text.pwm_register
                0x0300789c       0xe4 icomlib.a(swpwm.o)
                0x0300789c                pwm_register
 .text.enableSwPWM
                0x03007980       0x6c icomlib.a(swpwm.o)
                0x03007980                enableSwPWM
 .text          0x030079ec        0x0 icomlib.a(systemconf.o)
 .text.gconfig_gen_header_to_mem
                0x030079ec       0x3c icomlib.a(systemconf.o)
                0x030079ec                gconfig_gen_header_to_mem
 .text.gconfig_gen_config_to_mem
                0x03007a28       0x48 icomlib.a(systemconf.o)
                0x03007a28                gconfig_gen_config_to_mem
 .text.gconfig_gen_config_table
                0x03007a70      0x114 icomlib.a(systemconf.o)
                0x03007a70                gconfig_gen_config_table
 .text.gconfig_save_config
                0x03007b84       0x48 icomlib.a(systemconf.o)
                0x03007b84                gconfig_save_config
 .text.gconfig_set_softap_ssid
                0x03007bcc       0xb4 icomlib.a(systemconf.o)
                0x03007bcc                gconfig_set_softap_ssid
 .text.gconfig_set_enable_smart
                0x03007c80       0x78 icomlib.a(systemconf.o)
                0x03007c80                gconfig_set_enable_smart
 .text.gconfig_set_auto_connect
                0x03007cf8       0x40 icomlib.a(systemconf.o)
                0x03007cf8                gconfig_set_auto_connect
 .text.gconfig_init_global_conf_by_define
                0x03007d38       0x14 icomlib.a(systemconf.o)
                0x03007d38                gconfig_init_global_conf_by_define
 .text.reset_global_conf
                0x03007d4c       0x3c icomlib.a(systemconf.o)
                0x03007d4c                reset_global_conf
 .text.remove_sysconfig
                0x03007d88       0x58 icomlib.a(systemconf.o)
                0x03007d88                remove_sysconfig
 .text.write_wifi_config
                0x03007de0       0xa4 icomlib.a(systemconf.o)
                0x03007de0                write_wifi_config
 .text.read_wifi_config
                0x03007e84       0x90 icomlib.a(systemconf.o)
                0x03007e84                read_wifi_config
 .text.init_global_conf
                0x03007f14      0x144 icomlib.a(systemconf.o)
                0x03007f14                init_global_conf
 .text.clear_ap_lists
                0x03008058       0x3c icomlib.a(systemconf.o)
                0x03008058                clear_ap_lists
 .text          0x03008094        0x0 icomlib.a(wdog_api.o)
 .text.process_thread_watchdog_process
                0x03008094       0xf4 icomlib.a(wdog_api.o)
 .text.api_wdog_reboot
                0x03008188        0x4 icomlib.a(wdog_api.o)
                0x03008188                api_wdog_reboot
 .text.api_wdog_period_5000ms
                0x0300818c        0x4 icomlib.a(wdog_api.o)
                0x0300818c                api_wdog_period_5000ms
 .text.api_wdog_period_10000ms
                0x03008190        0x4 icomlib.a(wdog_api.o)
                0x03008190                api_wdog_period_10000ms
 .text.api_wdog_period_cutommed
                0x03008194        0x4 icomlib.a(wdog_api.o)
                0x03008194                api_wdog_period_cutommed
 .text.api_wdog_stop
                0x03008198        0x4 icomlib.a(wdog_api.o)
                0x03008198                api_wdog_stop
 .text.clear_rx_fifo
                0x0300819c       0xc8 icomlib.a(wdog_api.o)
                0x0300819c                clear_rx_fifo
 .text          0x03008264        0x0 icomlib.a(bsp.o)
 .text.set_mrx_filter_sta
                0x03008264      0x254 icomlib.a(bsp.o)
                0x03008264                set_mrx_filter_sta
 .text.set_softap_trap_enable
                0x030084b8       0x14 icomlib.a(bsp.o)
                0x030084b8                set_softap_trap_enable
 .text.set_softap_trap_disable
                0x030084cc       0x14 icomlib.a(bsp.o)
                0x030084cc                set_softap_trap_disable
 .text.set_mrx_filter_softap
                0x030084e0      0x2ac icomlib.a(bsp.o)
                0x030084e0                set_mrx_filter_softap
 .text.chk_chip_valid
                0x0300878c       0x2c icomlib.a(bsp.o)
                0x0300878c                chk_chip_valid
 .text.bsp_init
                0x030087b8       0x8c icomlib.a(bsp.o)
                0x030087b8                bsp_init
 .text.enable_dcdc_mode
                0x03008844       0x20 icomlib.a(bsp.o)
                0x03008844                enable_dcdc_mode
 .text          0x03008864        0x0 icomlib.a(crypthw.o)
 .text.drv_id_mng_alloc
                0x03008864       0x7c icomlib.a(crypthw.o)
                0x03008864                drv_id_mng_alloc
 .text.PBUF_MAlloc_Raw
                0x030088e0       0x50 icomlib.a(crypthw.o)
                0x030088e0                PBUF_MAlloc_Raw
 .text.wpa_drv_init
                0x03008930       0x40 icomlib.a(crypthw.o)
                0x03008930                wpa_drv_init
 .text.soft_mac_init
                0x03008970       0x68 icomlib.a(crypthw.o)
                0x03008970                soft_mac_init
 .text          0x030089d8        0x0 icomlib.a(dbg-atcmd-api.o)
 .text.LogTemperature
                0x030089d8       0x94 icomlib.a(dbg-atcmd-api.o)
                0x030089d8                LogTemperature
 .text.Channel2Index
                0x03008a6c       0x1c icomlib.a(dbg-atcmd-api.o)
                0x03008a6c                Channel2Index
 .text.Gain2Power
                0x03008a88      0x15c icomlib.a(dbg-atcmd-api.o)
                0x03008a88                Gain2Power
 .text.Power2BGain
                0x03008be4      0x1a0 icomlib.a(dbg-atcmd-api.o)
                0x03008be4                Power2BGain
 .text.Power2GGain
                0x03008d84      0x188 icomlib.a(dbg-atcmd-api.o)
                0x03008d84                Power2GGain
 .text.GetDefaultGain
                0x03008f0c       0xb4 icomlib.a(dbg-atcmd-api.o)
                0x03008f0c                GetDefaultGain
 .text.Freq2P   0x03008fc0        0xc icomlib.a(dbg-atcmd-api.o)
                0x03008fc0                Freq2P
 .text.Freq2N   0x03008fcc        0xc icomlib.a(dbg-atcmd-api.o)
                0x03008fcc                Freq2N
 .text.UpdateConf
                0x03008fd8      0x368 icomlib.a(dbg-atcmd-api.o)
                0x03008fd8                UpdateConf
 .text.drv_phy_wait_rdy2
                0x03009340       0x30 icomlib.a(dbg-atcmd-api.o)
                0x03009340                drv_phy_wait_rdy2
 .text.mac_transfer
                0x03009370       0x40 icomlib.a(dbg-atcmd-api.o)
                0x03009370                mac_transfer
 .text.serial_transfer
                0x030093b0       0x58 icomlib.a(dbg-atcmd-api.o)
                0x030093b0                serial_transfer
 .text._DBG_AT_SET_PEERMAC
                0x03009408       0x2c icomlib.a(dbg-atcmd-api.o)
                0x03009408                _DBG_AT_SET_PEERMAC
 .text._DBG_AT_SET_PEERMAC_SOFTAP
                0x03009434       0x38 icomlib.a(dbg-atcmd-api.o)
                0x03009434                _DBG_AT_SET_PEERMAC_SOFTAP
 .text._DBG_AT_RESET_PEERMAC_SOFTAP
                0x0300946c       0x38 icomlib.a(dbg-atcmd-api.o)
                0x0300946c                _DBG_AT_RESET_PEERMAC_SOFTAP
 .text._DBG_AT_SET_CHANNEL
                0x030094a4       0x50 icomlib.a(dbg-atcmd-api.o)
                0x030094a4                _DBG_AT_SET_CHANNEL
 .text._DBG_AT_SET_MAC
                0x030094f4        0x4 icomlib.a(dbg-atcmd-api.o)
                0x030094f4                _DBG_AT_SET_MAC
 .text._DBG_AT_SET_BSSID
                0x030094f8        0x4 icomlib.a(dbg-atcmd-api.o)
                0x030094f8                _DBG_AT_SET_BSSID
 .text._DBG_AT_SEND
                0x030094fc       0x58 icomlib.a(dbg-atcmd-api.o)
                0x030094fc                _DBG_AT_SEND
 .text.process_thread_start_tx_process
                0x03009554      0x120 icomlib.a(dbg-atcmd-api.o)
 .text.RFStart  0x03009674      0x2b8 icomlib.a(dbg-atcmd-api.o)
                0x03009674                RFStart
 .text.process_thread_rf_start_process
                0x0300992c       0xf0 icomlib.a(dbg-atcmd-api.o)
 .text.RFRate   0x03009a1c      0x2ac icomlib.a(dbg-atcmd-api.o)
                0x03009a1c                RFRate
 .text.RFBGain  0x03009cc8       0x88 icomlib.a(dbg-atcmd-api.o)
                0x03009cc8                RFBGain
 .text.RFGNGain
                0x03009d50       0x88 icomlib.a(dbg-atcmd-api.o)
                0x03009d50                RFGNGain
 .text.RFIQPhase
                0x03009dd8       0x88 icomlib.a(dbg-atcmd-api.o)
                0x03009dd8                RFIQPhase
 .text.RFIQAmp  0x03009e60       0x88 icomlib.a(dbg-atcmd-api.o)
                0x03009e60                RFIQAmp
 .text.RFStop   0x03009ee8       0x3c icomlib.a(dbg-atcmd-api.o)
                0x03009ee8                RFStop
 .text.RFReset  0x03009f24      0x454 icomlib.a(dbg-atcmd-api.o)
                0x03009f24                RFReset
 .text.RFCount  0x0300a378       0x58 icomlib.a(dbg-atcmd-api.o)
                0x0300a378                RFCount
 .text.RFFreqOffset
                0x0300a3d0       0xf0 icomlib.a(dbg-atcmd-api.o)
                0x0300a3d0                RFFreqOffset
 .text.RFTempcsHT
                0x0300a4c0       0xa8 icomlib.a(dbg-atcmd-api.o)
                0x0300a4c0                RFTempcsHT
 .text.RFTempcsRT
                0x0300a568       0xa8 icomlib.a(dbg-atcmd-api.o)
                0x0300a568                RFTempcsRT
 .text.RFTempcsLT
                0x0300a610       0xa8 icomlib.a(dbg-atcmd-api.o)
                0x0300a610                RFTempcsLT
 .text.ReadTemperature
                0x0300a6b8       0xc8 icomlib.a(dbg-atcmd-api.o)
                0x0300a6b8                ReadTemperature
 .text.process_thread_temperature_compensator_process
                0x0300a780      0x298 icomlib.a(dbg-atcmd-api.o)
 .text.EnableTemperatureCompensator
                0x0300aa18       0x1c icomlib.a(dbg-atcmd-api.o)
                0x0300aa18                EnableTemperatureCompensator
 .text.DumpRFParam
                0x0300aa34       0xec icomlib.a(dbg-atcmd-api.o)
                0x0300aa34                DumpRFParam
 .text.WriteParam2Flash
                0x0300ab20      0x2e0 icomlib.a(dbg-atcmd-api.o)
                0x0300ab20                WriteParam2Flash
 .text.RFSetLDO
                0x0300ae00       0x7c icomlib.a(dbg-atcmd-api.o)
                0x0300ae00                RFSetLDO
 .text.RFSetPA1
                0x0300ae7c       0x5c icomlib.a(dbg-atcmd-api.o)
                0x0300ae7c                RFSetPA1
 .text.RFSetPA2
                0x0300aed8       0x60 icomlib.a(dbg-atcmd-api.o)
                0x0300aed8                RFSetPA2
 .text.RFSetPA3
                0x0300af38       0x5c icomlib.a(dbg-atcmd-api.o)
                0x0300af38                RFSetPA3
 .text.RFSetXTAL
                0x0300af94       0x60 icomlib.a(dbg-atcmd-api.o)
                0x0300af94                RFSetXTAL
 .text.RFSetFlashXTAL
                0x0300aff4       0x9c icomlib.a(dbg-atcmd-api.o)
                0x0300aff4                RFSetFlashXTAL
 .text.SetTemperatureBoundary
                0x0300b090       0x90 icomlib.a(dbg-atcmd-api.o)
                0x0300b090                SetTemperatureBoundary
 .text.Radio_Command
                0x0300b120     0x10c4 icomlib.a(dbg-atcmd-api.o)
                0x0300b120                Radio_Command
 .text.Parse_Radio_Command
                0x0300c1e4       0x88 icomlib.a(dbg-atcmd-api.o)
                0x0300c1e4                Parse_Radio_Command
 .text          0x0300c26c        0x0 icomlib.a(drv_mac.o)
 .text.SET_STA_MAC
                0x0300c26c       0x74 icomlib.a(drv_mac.o)
                0x0300c26c                SET_STA_MAC
 .text.GET_STA_MAC
                0x0300c2e0       0x4c icomlib.a(drv_mac.o)
                0x0300c2e0                GET_STA_MAC
 .text.SET_BSSID
                0x0300c32c       0x74 icomlib.a(drv_mac.o)
                0x0300c32c                SET_BSSID
 .text.GET_BSSID
                0x0300c3a0       0x4c icomlib.a(drv_mac.o)
                0x0300c3a0                GET_BSSID
 .text.SET_PEER_MAC0
                0x0300c3ec       0x74 icomlib.a(drv_mac.o)
                0x0300c3ec                SET_PEER_MAC0
 .text.GET_PEER_MAC0
                0x0300c460       0x4c icomlib.a(drv_mac.o)
                0x0300c460                GET_PEER_MAC0
 .text.SET_PEER_MAC1
                0x0300c4ac       0x74 icomlib.a(drv_mac.o)
                0x0300c4ac                SET_PEER_MAC1
 .text.GET_PEER_MAC1
                0x0300c520       0x4c icomlib.a(drv_mac.o)
                0x0300c520                GET_PEER_MAC1
 .text.SET_MRX_MCAST_TB0
                0x0300c56c       0x74 icomlib.a(drv_mac.o)
                0x0300c56c                SET_MRX_MCAST_TB0
 .text.GET_MRX_MCAST_TB0
                0x0300c5e0       0x4c icomlib.a(drv_mac.o)
                0x0300c5e0                GET_MRX_MCAST_TB0
 .text.SET_MRX_MCAST_TB1
                0x0300c62c       0x74 icomlib.a(drv_mac.o)
                0x0300c62c                SET_MRX_MCAST_TB1
 .text.GET_MRX_MCAST_TB1
                0x0300c6a0       0x4c icomlib.a(drv_mac.o)
                0x0300c6a0                GET_MRX_MCAST_TB1
 .text.SET_MRX_MCAST_TB2
                0x0300c6ec       0x74 icomlib.a(drv_mac.o)
                0x0300c6ec                SET_MRX_MCAST_TB2
 .text.GET_MRX_MCAST_TB2
                0x0300c760       0x4c icomlib.a(drv_mac.o)
                0x0300c760                GET_MRX_MCAST_TB2
 .text.SET_MRX_MCAST_TB3
                0x0300c7ac       0x74 icomlib.a(drv_mac.o)
                0x0300c7ac                SET_MRX_MCAST_TB3
 .text.GET_MRX_MCAST_TB3
                0x0300c820       0x4c icomlib.a(drv_mac.o)
                0x0300c820                GET_MRX_MCAST_TB3
 .text.SET_MRX_MCAST_MASK0
                0x0300c86c       0x74 icomlib.a(drv_mac.o)
                0x0300c86c                SET_MRX_MCAST_MASK0
 .text.GET_MRX_MCAST_MASK0
                0x0300c8e0       0x4c icomlib.a(drv_mac.o)
                0x0300c8e0                GET_MRX_MCAST_MASK0
 .text.SET_MRX_MCAST_MASK1
                0x0300c92c       0x74 icomlib.a(drv_mac.o)
                0x0300c92c                SET_MRX_MCAST_MASK1
 .text.GET_MRX_MCAST_MASK1
                0x0300c9a0       0x4c icomlib.a(drv_mac.o)
                0x0300c9a0                GET_MRX_MCAST_MASK1
 .text.SET_MRX_MCAST_MASK2
                0x0300c9ec       0x74 icomlib.a(drv_mac.o)
                0x0300c9ec                SET_MRX_MCAST_MASK2
 .text.GET_MRX_MCAST_MASK2
                0x0300ca60       0x4c icomlib.a(drv_mac.o)
                0x0300ca60                GET_MRX_MCAST_MASK2
 .text.SET_MRX_MCAST_MASK3
                0x0300caac       0x74 icomlib.a(drv_mac.o)
                0x0300caac                SET_MRX_MCAST_MASK3
 .text.GET_MRX_MCAST_MASK3
                0x0300cb20       0x4c icomlib.a(drv_mac.o)
                0x0300cb20                GET_MRX_MCAST_MASK3
 .text.SET_BA_TA
                0x0300cb6c       0x74 icomlib.a(drv_mac.o)
                0x0300cb6c                SET_BA_TA
 .text.GET_BA_TA
                0x0300cbe0       0x4c icomlib.a(drv_mac.o)
                0x0300cbe0                GET_BA_TA
 .text.SET_ACK_GEN_RA
                0x0300cc2c       0x74 icomlib.a(drv_mac.o)
                0x0300cc2c                SET_ACK_GEN_RA
 .text.GET_ACK_GEN_RA
                0x0300cca0       0x4c icomlib.a(drv_mac.o)
                0x0300cca0                GET_ACK_GEN_RA
 .text          0x0300ccec        0x0 icomlib.a(drv_phy.o)
 .text.rg_idacai_pgag0_load
                0x0300ccec       0x1c icomlib.a(drv_phy.o)
                0x0300ccec                rg_idacai_pgag0_load
 .text.rg_idacai_pgag1_load
                0x0300cd08       0x1c icomlib.a(drv_phy.o)
                0x0300cd08                rg_idacai_pgag1_load
 .text.rg_idacai_pgag2_load
                0x0300cd24       0x1c icomlib.a(drv_phy.o)
                0x0300cd24                rg_idacai_pgag2_load
 .text.rg_idacai_pgag3_load
                0x0300cd40       0x1c icomlib.a(drv_phy.o)
                0x0300cd40                rg_idacai_pgag3_load
 .text.rg_idacai_pgag4_load
                0x0300cd5c       0x1c icomlib.a(drv_phy.o)
                0x0300cd5c                rg_idacai_pgag4_load
 .text.rg_idacai_pgag5_load
                0x0300cd78       0x1c icomlib.a(drv_phy.o)
                0x0300cd78                rg_idacai_pgag5_load
 .text.rg_idacai_pgag6_load
                0x0300cd94       0x1c icomlib.a(drv_phy.o)
                0x0300cd94                rg_idacai_pgag6_load
 .text.rg_idacai_pgag7_load
                0x0300cdb0       0x1c icomlib.a(drv_phy.o)
                0x0300cdb0                rg_idacai_pgag7_load
 .text.rg_idacai_pgag8_load
                0x0300cdcc       0x1c icomlib.a(drv_phy.o)
                0x0300cdcc                rg_idacai_pgag8_load
 .text.rg_idacai_pgag9_load
                0x0300cde8       0x1c icomlib.a(drv_phy.o)
                0x0300cde8                rg_idacai_pgag9_load
 .text.rg_idacai_pgag10_load
                0x0300ce04       0x1c icomlib.a(drv_phy.o)
                0x0300ce04                rg_idacai_pgag10_load
 .text.rg_idacai_pgag11_load
                0x0300ce20       0x1c icomlib.a(drv_phy.o)
                0x0300ce20                rg_idacai_pgag11_load
 .text.rg_idacai_pgag12_load
                0x0300ce3c       0x1c icomlib.a(drv_phy.o)
                0x0300ce3c                rg_idacai_pgag12_load
 .text.rg_idacai_pgag13_load
                0x0300ce58       0x1c icomlib.a(drv_phy.o)
                0x0300ce58                rg_idacai_pgag13_load
 .text.rg_idacai_pgag14_load
                0x0300ce74       0x1c icomlib.a(drv_phy.o)
                0x0300ce74                rg_idacai_pgag14_load
 .text.rg_idacai_pgag15_load
                0x0300ce90       0x1c icomlib.a(drv_phy.o)
                0x0300ce90                rg_idacai_pgag15_load
 .text.rg_idacaq_pgag0_load
                0x0300ceac       0x1c icomlib.a(drv_phy.o)
                0x0300ceac                rg_idacaq_pgag0_load
 .text.rg_idacaq_pgag1_load
                0x0300cec8       0x1c icomlib.a(drv_phy.o)
                0x0300cec8                rg_idacaq_pgag1_load
 .text.rg_idacaq_pgag2_load
                0x0300cee4       0x1c icomlib.a(drv_phy.o)
                0x0300cee4                rg_idacaq_pgag2_load
 .text.rg_idacaq_pgag3_load
                0x0300cf00       0x1c icomlib.a(drv_phy.o)
                0x0300cf00                rg_idacaq_pgag3_load
 .text.rg_idacaq_pgag4_load
                0x0300cf1c       0x1c icomlib.a(drv_phy.o)
                0x0300cf1c                rg_idacaq_pgag4_load
 .text.rg_idacaq_pgag5_load
                0x0300cf38       0x1c icomlib.a(drv_phy.o)
                0x0300cf38                rg_idacaq_pgag5_load
 .text.rg_idacaq_pgag6_load
                0x0300cf54       0x1c icomlib.a(drv_phy.o)
                0x0300cf54                rg_idacaq_pgag6_load
 .text.rg_idacaq_pgag7_load
                0x0300cf70       0x1c icomlib.a(drv_phy.o)
                0x0300cf70                rg_idacaq_pgag7_load
 .text.rg_idacaq_pgag8_load
                0x0300cf8c       0x1c icomlib.a(drv_phy.o)
                0x0300cf8c                rg_idacaq_pgag8_load
 .text.rg_idacaq_pgag9_load
                0x0300cfa8       0x1c icomlib.a(drv_phy.o)
                0x0300cfa8                rg_idacaq_pgag9_load
 .text.rg_idacaq_pgag10_load
                0x0300cfc4       0x1c icomlib.a(drv_phy.o)
                0x0300cfc4                rg_idacaq_pgag10_load
 .text.rg_idacaq_pgag11_load
                0x0300cfe0       0x1c icomlib.a(drv_phy.o)
                0x0300cfe0                rg_idacaq_pgag11_load
 .text.rg_idacaq_pgag12_load
                0x0300cffc       0x1c icomlib.a(drv_phy.o)
                0x0300cffc                rg_idacaq_pgag12_load
 .text.rg_idacaq_pgag13_load
                0x0300d018       0x1c icomlib.a(drv_phy.o)
                0x0300d018                rg_idacaq_pgag13_load
 .text.rg_idacaq_pgag14_load
                0x0300d034       0x1c icomlib.a(drv_phy.o)
                0x0300d034                rg_idacaq_pgag14_load
 .text.rg_idacaq_pgag15_load
                0x0300d050       0x1c icomlib.a(drv_phy.o)
                0x0300d050                rg_idacaq_pgag15_load
 .text.rfreg_byxtal_load
                0x0300d06c       0x84 icomlib.a(drv_phy.o)
                0x0300d06c                rfreg_byxtal_load
 .text.rfreg_bych_load
                0x0300d0f0       0x7c icomlib.a(drv_phy.o)
                0x0300d0f0                rfreg_bych_load
 .text.rfreg_bypa_load
                0x0300d16c       0x44 icomlib.a(drv_phy.o)
                0x0300d16c                rfreg_bypa_load
 .text.drv_phy_tbl_load
                0x0300d1b0       0x38 icomlib.a(drv_phy.o)
                0x0300d1b0                drv_phy_tbl_load
 .text.drv_phy_cfgtbl_load
                0x0300d1e8       0x20 icomlib.a(drv_phy.o)
                0x0300d1e8                drv_phy_cfgtbl_load
 .text.drv_phy_wait_rdy
                0x0300d208       0x30 icomlib.a(drv_phy.o)
                0x0300d208                drv_phy_wait_rdy
 .text.drv_phy_cali_rcal
                0x0300d238       0x68 icomlib.a(drv_phy.o)
                0x0300d238                drv_phy_cali_rcal
 .text.drv_phy_cali_tssi
                0x0300d2a0      0x1b8 icomlib.a(drv_phy.o)
                0x0300d2a0                drv_phy_cali_tssi
 .text.drv_phy_temperature
                0x0300d458       0x90 icomlib.a(drv_phy.o)
                0x0300d458                drv_phy_temperature
 .text.drv_phy_cali_papd_learning
                0x0300d4e8      0x1ec icomlib.a(drv_phy.o)
                0x0300d4e8                drv_phy_cali_papd_learning
 .text.drv_phy_channel_change
                0x0300d6d4       0x74 icomlib.a(drv_phy.o)
                0x0300d6d4                drv_phy_channel_change
 .text.drv_phy_sprm
                0x0300d748       0x64 icomlib.a(drv_phy.o)
                0x0300d748                drv_phy_sprm
 .text.drv_phy_cali_txlo
                0x0300d7ac      0x16c icomlib.a(drv_phy.o)
                0x0300d7ac                drv_phy_cali_txlo
 .text.drv_phy_cali_txiq
                0x0300d918      0x160 icomlib.a(drv_phy.o)
                0x0300d918                drv_phy_cali_txiq
 .text.drv_phy_cali_rxrc
                0x0300da78      0x23c icomlib.a(drv_phy.o)
                0x0300da78                drv_phy_cali_rxrc
 .text.drv_phy_fft_enrg
                0x0300dcb4       0x54 icomlib.a(drv_phy.o)
                0x0300dcb4                drv_phy_fft_enrg
 .text.drv_phy_cali_rxiq_fft
                0x0300dd08      0x1a4 icomlib.a(drv_phy.o)
                0x0300dd08                drv_phy_cali_rxiq_fft
 .text.rtbl_cali_reg_rmw
                0x0300deac       0x28 icomlib.a(drv_phy.o)
                0x0300deac                rtbl_cali_reg_rmw
 .text.rtbl_cali_pre_load
                0x0300ded4       0x68 icomlib.a(drv_phy.o)
                0x0300ded4                rtbl_cali_pre_load
 .text.drv_phy_cali_rxdc
                0x0300df3c      0x224 icomlib.a(drv_phy.o)
                0x0300df3c                drv_phy_cali_rxdc
 .text.rtbl_cali_load
                0x0300e160       0x24 icomlib.a(drv_phy.o)
                0x0300e160                rtbl_cali_load
 .text.rtbl_cali_export
                0x0300e184       0x18 icomlib.a(drv_phy.o)
                0x0300e184                rtbl_cali_export
 .text.rtbl_cali_load_def
                0x0300e19c       0x68 icomlib.a(drv_phy.o)
                0x0300e19c                rtbl_cali_load_def
 .text.rtbl_cali_reset
                0x0300e204       0x38 icomlib.a(drv_phy.o)
                0x0300e204                rtbl_cali_reset
 .text.rtbl_cali_set
                0x0300e23c       0x84 icomlib.a(drv_phy.o)
                0x0300e23c                rtbl_cali_set
 .text.drv_phy_init
                0x0300e2c0       0x90 icomlib.a(drv_phy.o)
                0x0300e2c0                drv_phy_init
 .text.drv_phy_off
                0x0300e350       0x14 icomlib.a(drv_phy.o)
                0x0300e350                drv_phy_off
 .text.drv_phy_b_only
                0x0300e364       0x10 icomlib.a(drv_phy.o)
                0x0300e364                drv_phy_b_only
 .text.drv_phy_bgn
                0x0300e374       0x14 icomlib.a(drv_phy.o)
                0x0300e374                drv_phy_bgn
 .text.drv_phy_on
                0x0300e388       0x14 icomlib.a(drv_phy.o)
                0x0300e388                drv_phy_on
 .text.drv_phy_cali_ro_iqcal_o
                0x0300e39c        0xc icomlib.a(drv_phy.o)
                0x0300e39c                drv_phy_cali_ro_iqcal_o
 .text.drv_phy_cali_papd_div
                0x0300e3a8       0x84 icomlib.a(drv_phy.o)
                0x0300e3a8                drv_phy_cali_papd_div
 .text.drv_phy_cali_papd_gain_est
                0x0300e42c      0x160 icomlib.a(drv_phy.o)
                0x0300e42c                drv_phy_cali_papd_gain_est
 .text.drv_phy_cali_ph_wrap
                0x0300e58c       0x1c icomlib.a(drv_phy.o)
                0x0300e58c                drv_phy_cali_ph_wrap
 .text.drv_phy_cali_papd
                0x0300e5a8      0x5a4 icomlib.a(drv_phy.o)
                0x0300e5a8                drv_phy_cali_papd
 .text.drv_phy_reg_init
                0x0300eb4c       0xd0 icomlib.a(drv_phy.o)
                0x0300eb4c                drv_phy_reg_init
 .text.drv_phy_cali_rtbl_load
                0x0300ec1c       0x5c icomlib.a(drv_phy.o)
                0x0300ec1c                drv_phy_cali_rtbl_load
 .text.phy_cali_config_load
                0x0300ec78      0x124 icomlib.a(drv_phy.o)
                0x0300ec78                phy_cali_config_load
 .text.drv_phy_cali_rtbl_load_def
                0x0300ed9c       0x5c icomlib.a(drv_phy.o)
                0x0300ed9c                drv_phy_cali_rtbl_load_def
 .text.drv_phy_cali_rtbl_reset
                0x0300edf8       0x5c icomlib.a(drv_phy.o)
                0x0300edf8                drv_phy_cali_rtbl_reset
 .text.drv_phy_cali_rtbl_set
                0x0300ee54       0x5c icomlib.a(drv_phy.o)
                0x0300ee54                drv_phy_cali_rtbl_set
 .text.drv_phy_cali_rtbl_export
                0x0300eeb0        0x4 icomlib.a(drv_phy.o)
                0x0300eeb0                drv_phy_cali_rtbl_export
 .text.drv_phy_init_cali
                0x0300eeb4       0xc4 icomlib.a(drv_phy.o)
                0x0300eeb4                drv_phy_init_cali
 .text.drv_phy_evm_tk
                0x0300ef78       0x5c icomlib.a(drv_phy.o)
                0x0300ef78                drv_phy_evm_tk
 .text.drv_phy_tone_tk
                0x0300efd4       0x38 icomlib.a(drv_phy.o)
                0x0300efd4                drv_phy_tone_tk
 .text          0x0300f00c        0x0 icomlib.a(drv_pktbuf_slow)
 .text.ssv6xxx_pbuf_dump_reg
                0x0300f00c      0x4d0 icomlib.a(drv_pktbuf_slow)
                0x0300f00c                ssv6xxx_pbuf_dump_reg
 .text          0x0300f4dc        0x0 icomlib.a(hash_alg.o)
 .text          0x0300f4dc        0x0 icomlib.a(hmac_md5.o)
 .text          0x0300f4dc        0x0 icomlib.a(hmac_sha1.o)
 .text          0x0300f4dc        0x0 icomlib.a(ieee80211_mgmt.)
 .text.process_thread_scan_channel_process
                0x0300f4dc       0xd8 icomlib.a(ieee80211_mgmt.)
 .text.process_thread_beacon_process
                0x0300f5b4      0x25c icomlib.a(ieee80211_mgmt.)
 .text.addAvailableIndex
                0x0300f810       0x3c icomlib.a(ieee80211_mgmt.)
                0x0300f810                addAvailableIndex
 .text.reset_AvailableIndex
                0x0300f84c       0x14 icomlib.a(ieee80211_mgmt.)
                0x0300f84c                reset_AvailableIndex
 .text.is_action
                0x0300f860       0x14 icomlib.a(ieee80211_mgmt.)
                0x0300f860                is_action
 .text.htinfo_detect
                0x0300f874       0x74 icomlib.a(ieee80211_mgmt.)
                0x0300f874                htinfo_detect
 .text.tx_probe_req
                0x0300f8e8      0x190 icomlib.a(ieee80211_mgmt.)
                0x0300f8e8                tx_probe_req
 .text.tx_authentication_req_seq1
                0x0300fa78      0x168 icomlib.a(ieee80211_mgmt.)
                0x0300fa78                tx_authentication_req_seq1
 .text.tx_authentication_req_seq3
                0x0300fbe0      0x128 icomlib.a(ieee80211_mgmt.)
                0x0300fbe0                tx_authentication_req_seq3
 .text.tx_deauthentication_req
                0x0300fd08       0xcc icomlib.a(ieee80211_mgmt.)
                0x0300fd08                tx_deauthentication_req
 .text.tx_association_req
                0x0300fdd4      0x218 icomlib.a(ieee80211_mgmt.)
                0x0300fdd4                tx_association_req
 .text.tx_deassociation_req
                0x0300ffec      0x110 icomlib.a(ieee80211_mgmt.)
                0x0300ffec                tx_deassociation_req
 .text.tx_action_BA_rsp
                0x030100fc       0xec icomlib.a(ieee80211_mgmt.)
                0x030100fc                tx_action_BA_rsp
 .text.rx_probe_rsp
                0x030101e8      0x378 icomlib.a(ieee80211_mgmt.)
                0x030101e8                rx_probe_rsp
 .text.rx_authentication_rsp
                0x03010560      0x1c0 icomlib.a(ieee80211_mgmt.)
                0x03010560                rx_authentication_rsp
 .text.rx_association_rsp
                0x03010720       0x78 icomlib.a(ieee80211_mgmt.)
                0x03010720                rx_association_rsp
 .text.rx_action_rsp
                0x03010798       0x24 icomlib.a(ieee80211_mgmt.)
                0x03010798                rx_action_rsp
 .text.rx_disassoc_rsp
                0x030107bc       0x94 icomlib.a(ieee80211_mgmt.)
                0x030107bc                rx_disassoc_rsp
 .text.rx_deauth_rsp
                0x03010850       0x94 icomlib.a(ieee80211_mgmt.)
                0x03010850                rx_deauth_rsp
 .text.calculateSignalLevel
                0x030108e4       0x44 icomlib.a(ieee80211_mgmt.)
                0x030108e4                calculateSignalLevel
 .text.startrecordAP
                0x03010928       0x14 icomlib.a(ieee80211_mgmt.)
                0x03010928                startrecordAP
 .text.stoprecordAP
                0x0301093c       0x14 icomlib.a(ieee80211_mgmt.)
                0x0301093c                stoprecordAP
 .text.removeAP_fromlist
                0x03010950       0xe0 icomlib.a(ieee80211_mgmt.)
                0x03010950                removeAP_fromlist
 .text.bss_mgmt_reboot
                0x03010a30       0x60 icomlib.a(ieee80211_mgmt.)
                0x03010a30                bss_mgmt_reboot
 .text.bss_mgmt_scan
                0x03010a90       0x40 icomlib.a(ieee80211_mgmt.)
                0x03010a90                bss_mgmt_scan
 .text.bss_mgmt_scan_custom
                0x03010ad0       0x34 icomlib.a(ieee80211_mgmt.)
                0x03010ad0                bss_mgmt_scan_custom
 .text.bss_mgmt_connect
                0x03010b04       0x78 icomlib.a(ieee80211_mgmt.)
                0x03010b04                bss_mgmt_connect
 .text.bss_mgmt_disconnect
                0x03010b7c       0x68 icomlib.a(ieee80211_mgmt.)
                0x03010b7c                bss_mgmt_disconnect
 .text.bss_mgmt_init
                0x03010be4       0xd4 icomlib.a(ieee80211_mgmt.)
                0x03010be4                bss_mgmt_init
 .text.startscanchannel
                0x03010cb8       0x1c icomlib.a(ieee80211_mgmt.)
                0x03010cb8                startscanchannel
 .text.stopscanchannel
                0x03010cd4       0x14 icomlib.a(ieee80211_mgmt.)
                0x03010cd4                stopscanchannel
 .text.recordAP
                0x03010ce8       0xc0 icomlib.a(ieee80211_mgmt.)
                0x03010ce8                recordAP
 .text.removeAP
                0x03010da8       0xdc icomlib.a(ieee80211_mgmt.)
                0x03010da8                removeAP
 .text.process_thread_bss_reconnect_process
                0x03010e84      0x554 icomlib.a(ieee80211_mgmt.)
 .text.bss_nslookup
                0x030113d8       0x3c icomlib.a(ieee80211_mgmt.)
                0x030113d8                bss_nslookup
 .text          0x03011414        0x0 icomlib.a(irq.o)
 .text.irq_request
                0x03011414      0x1c0 icomlib.a(irq.o)
                0x03011414                irq_request
 .text.irq_init
                0x030115d4       0xb0 icomlib.a(irq.o)
                0x030115d4                irq_init
 .text          0x03011684        0x0 icomlib.a(netstack.o)
 .text.netstack_init
                0x03011684       0x38 icomlib.a(netstack.o)
                0x03011684                netstack_init
 .text          0x030116bc        0x0 icomlib.a(sha1.o)
 .text          0x030116bc        0x0 icomlib.a(wpa.o)
 .text.wpa_derive_ptk
                0x030116bc       0xf4 icomlib.a(wpa.o)
 .text.init_wpa_ctx
                0x030117b0       0x48 icomlib.a(wpa.o)
                0x030117b0                init_wpa_ctx
 .text.init_AP_wpa_ctx
                0x030117f8       0xec icomlib.a(wpa.o)
                0x030117f8                init_AP_wpa_ctx
 .text.get_oui_subtype
                0x030118e4       0x50 icomlib.a(wpa.o)
                0x030118e4                get_oui_subtype
 .text.find_group_oui
                0x03011934       0x20 icomlib.a(wpa.o)
                0x03011934                find_group_oui
 .text.find_pairwise_oui_for_autoScan
                0x03011954       0x80 icomlib.a(wpa.o)
                0x03011954                find_pairwise_oui_for_autoScan
 .text.find_pairwise_oui
                0x030119d4       0xf0 icomlib.a(wpa.o)
                0x030119d4                find_pairwise_oui
 .text.find_akm_oui
                0x03011ac4       0xe4 icomlib.a(wpa.o)
                0x03011ac4                find_akm_oui
 .text.sec80211_detect
                0x03011ba8      0x14c icomlib.a(wpa.o)
                0x03011ba8                sec80211_detect
 .text.sec80211_detect_for_autoScan
                0x03011cf4       0xe4 icomlib.a(wpa.o)
                0x03011cf4                sec80211_detect_for_autoScan
 .text.pack_wpa2
                0x03011dd8       0x40 icomlib.a(wpa.o)
                0x03011dd8                pack_wpa2
 .text.cal_mic  0x03011e18       0x68 icomlib.a(wpa.o)
                0x03011e18                cal_mic
 .text.check_mic
                0x03011e80       0x74 icomlib.a(wpa.o)
                0x03011e80                check_mic
 .text.decrypt_keydata
                0x03011ef4       0xb4 icomlib.a(wpa.o)
                0x03011ef4                decrypt_keydata
 .text.install_key
                0x03011fa8       0x9c icomlib.a(wpa.o)
                0x03011fa8                install_key
 .text.InitPacketbuffer
                0x03012044       0x6c icomlib.a(wpa.o)
                0x03012044                InitPacketbuffer
 .text.tx_wpa_2_of_4
                0x030120b0      0x110 icomlib.a(wpa.o)
                0x030120b0                tx_wpa_2_of_4
 .text.rx_wpa_1_of_4
                0x030121c0       0x5c icomlib.a(wpa.o)
                0x030121c0                rx_wpa_1_of_4
 .text.tx_wpa_4_of_4
                0x0301221c      0x140 icomlib.a(wpa.o)
                0x0301221c                tx_wpa_4_of_4
 .text.rx_wpa_3_of_4
                0x0301235c      0x1ac icomlib.a(wpa.o)
                0x0301235c                rx_wpa_3_of_4
 .text.rx_wpa_1_of_2
                0x03012508      0x1b8 icomlib.a(wpa.o)
                0x03012508                rx_wpa_1_of_2
 .text.tx_wpa_1_of_4
                0x030126c0       0xcc icomlib.a(wpa.o)
                0x030126c0                tx_wpa_1_of_4
 .text.rx_wpa_2_of_4
                0x0301278c      0x1d8 icomlib.a(wpa.o)
                0x0301278c                rx_wpa_2_of_4
 .text.tx_wpa_3_of_4
                0x03012964      0x1c8 icomlib.a(wpa.o)
                0x03012964                tx_wpa_3_of_4
 .text          0x03012b2c        0x0 icomlib.a(sys_status_api.)
 .text.get_local_mac
                0x03012b2c       0x38 icomlib.a(sys_status_api.)
                0x03012b2c                get_local_mac
 .text.get_connectAP_mac
                0x03012b64       0x38 icomlib.a(sys_status_api.)
                0x03012b64                get_connectAP_mac
 .text.get_wifi_connect_status
                0x03012b9c       0x10 icomlib.a(sys_status_api.)
                0x03012b9c                get_wifi_connect_status
 .text.get_wifi_connected
                0x03012bac       0x10 icomlib.a(sys_status_api.)
                0x03012bac                get_wifi_connected
 .text.get_ap_lsit_total_num
                0x03012bbc        0x4 icomlib.a(sys_status_api.)
                0x03012bbc                get_ap_lsit_total_num
 .text.set_nslookup
                0x03012bc0        0x4 icomlib.a(sys_status_api.)
                0x03012bc0                set_nslookup
 .text.set_slink_ready_and_ack
                0x03012bc4        0x4 icomlib.a(sys_status_api.)
                0x03012bc4                set_slink_ready_and_ack
 .text          0x03012bc8        0x0 icomlib.a(arc4.o)
 .text          0x03012bc8        0x0 icomlib.a(md5.o)
 .text.Encode   0x03012bc8       0x48 icomlib.a(md5.o)
 .text.MD5Transform
                0x03012c10      0xa54 icomlib.a(md5.o)
 .text          0x03013664        0x0 icomlib.a(wep.o)
 .text.crc32_le.constprop.0
                0x03013664       0x50 icomlib.a(wep.o)
 .text.getAuthChallengeTextLen
                0x030136b4       0x10 icomlib.a(wep.o)
                0x030136b4                getAuthChallengeTextLen
 .text.getAuthAlgNum
                0x030136c4       0x10 icomlib.a(wep.o)
                0x030136c4                getAuthAlgNum
 .text.getAuthSeqNum
                0x030136d4       0x10 icomlib.a(wep.o)
                0x030136d4                getAuthSeqNum
 .text.getAuthStatus
                0x030136e4       0x10 icomlib.a(wep.o)
                0x030136e4                getAuthStatus
 .text.SetAuthChallengeText
                0x030136f4       0x30 icomlib.a(wep.o)
                0x030136f4                SetAuthChallengeText
 .text.SetAuthChallengeTextLen
                0x03013724       0x18 icomlib.a(wep.o)
                0x03013724                SetAuthChallengeTextLen
 .text.SetAuthAlgNum
                0x0301373c       0x10 icomlib.a(wep.o)
                0x0301373c                SetAuthAlgNum
 .text.setAuthSeqNum
                0x0301374c       0x10 icomlib.a(wep.o)
                0x0301374c                setAuthSeqNum
 .text.setAuthStatus
                0x0301375c       0x10 icomlib.a(wep.o)
                0x0301375c                setAuthStatus
 .text.setKeyAndIV
                0x0301376c       0x48 icomlib.a(wep.o)
                0x0301376c                setKeyAndIV
 .text.saveAftEncData
                0x030137b4       0x84 icomlib.a(wep.o)
                0x030137b4                saveAftEncData
 .text.setBefEncData
                0x03013838       0x84 icomlib.a(wep.o)
                0x03013838                setBefEncData
 .text.getEncDecData
                0x030138bc       0xbc icomlib.a(wep.o)
                0x030138bc                getEncDecData
 .text.encDecSrcData
                0x03013978       0xa4 icomlib.a(wep.o)
                0x03013978                encDecSrcData
 .text.initKeyAndIV
                0x03013a1c       0x2c icomlib.a(wep.o)
                0x03013a1c                initKeyAndIV
 .text.randIV   0x03013a48       0x3c icomlib.a(wep.o)
                0x03013a48                randIV
 .text.savePassToTotalKey
                0x03013a84      0x180 icomlib.a(wep.o)
                0x03013a84                savePassToTotalKey
 .text.initWEP  0x03013c04       0x80 icomlib.a(wep.o)
                0x03013c04                initWEP
 .text.clearParaWithWEP
                0x03013c84       0x24 icomlib.a(wep.o)
                0x03013c84                clearParaWithWEP
 .text          0x03013ca8        0x0 icomlib.a(autostart.o)
 .text.autostart_start
                0x03013ca8       0x24 icomlib.a(autostart.o)
                0x03013ca8                autostart_start
 .text.autostart_exit
                0x03013ccc       0x20 icomlib.a(autostart.o)
                0x03013ccc                autostart_exit
 .text          0x03013cec        0x0 icomlib.a(shell-ping.o)
 .text.process_thread_shell_ping_process
                0x03013cec      0x250 icomlib.a(shell-ping.o)
 .text.ping_start
                0x03013f3c       0x34 icomlib.a(shell-ping.o)
                0x03013f3c                ping_start
 .text          0x03013f70        0x0 icomlib.a(random.o)
 .text.random_init
                0x03013f70        0x4 icomlib.a(random.o)
                0x03013f70                random_init
 .text.random_rand
                0x03013f74       0x14 icomlib.a(random.o)
                0x03013f74                random_rand
 .text          0x03013f88        0x0 icomlib.a(airkiss.o)
 .text.airKissResult
                0x03013f88       0xd4 icomlib.a(airkiss.o)
                0x03013f88                airKissResult
 .text.airKissPrintVersion
                0x0301405c       0x1c icomlib.a(airkiss.o)
                0x0301405c                airKissPrintVersion
 .text.airKissInit
                0x03014078       0x20 icomlib.a(airkiss.o)
                0x03014078                airKissInit
 .text.SetAirkissStart
                0x03014098       0x40 icomlib.a(airkiss.o)
                0x03014098                SetAirkissStart
 .text.clearAirKissBuf
                0x030140d8       0x30 icomlib.a(airkiss.o)
                0x030140d8                clearAirKissBuf
 .text.resetAirkiss
                0x03014108       0x24 icomlib.a(airkiss.o)
                0x03014108                resetAirkiss
 .text.process_thread_airkiss_conf_process
                0x0301412c      0x12c icomlib.a(airkiss.o)
 .text.initAirKiss
                0x03014258       0x50 icomlib.a(airkiss.o)
                0x03014258                initAirKiss
 .text          0x030142a8        0x0 icomlib.a(bsp_info.o)
 .text.bsp_get_boot_info
                0x030142a8       0xbc icomlib.a(bsp_info.o)
                0x030142a8                bsp_get_boot_info
 .text.get_boot_stack_fence
                0x03014364       0x3c icomlib.a(bsp_info.o)
                0x03014364                get_boot_stack_fence
 .text.bsp_get_mp_info
                0x030143a0      0x534 icomlib.a(bsp_info.o)
                0x030143a0                bsp_get_mp_info
 .text.bsp_get_define_info
                0x030148d4       0xc4 icomlib.a(bsp_info.o)
                0x030148d4                bsp_get_define_info
 .text.bsp_get_config_info
                0x03014998      0x374 icomlib.a(bsp_info.o)
                0x03014998                bsp_get_config_info
 .text          0x03014d0c        0x0 icomlib.a(cfs-coffee.o)
 .text.load_file
                0x03014d0c       0xa8 icomlib.a(cfs-coffee.o)
 .text.read_header
                0x03014db4       0x18 icomlib.a(cfs-coffee.o)
 .text.file_end
                0x03014dcc       0x94 icomlib.a(cfs-coffee.o)
 .text.write_header
                0x03014e60       0x24 icomlib.a(cfs-coffee.o)
 .text.next_file.isra.0
                0x03014e84       0x2c icomlib.a(cfs-coffee.o)
 .text.find_file
                0x03014eb0       0xec icomlib.a(cfs-coffee.o)
 .text.find_contiguous_pages
                0x03014f9c       0xe4 icomlib.a(cfs-coffee.o)
 .text.remove_by_page.isra.1
                0x03015080      0x118 icomlib.a(cfs-coffee.o)
 .text.reserve.constprop.3
                0x03015198      0x354 icomlib.a(cfs-coffee.o)
 .text.cfs_open
                0x030154ec       0xf0 icomlib.a(cfs-coffee.o)
                0x030154ec                cfs_open
 .text.cfs_close
                0x030155dc       0x44 icomlib.a(cfs-coffee.o)
                0x030155dc                cfs_close
 .text.cfs_seek
                0x03015620       0x94 icomlib.a(cfs-coffee.o)
                0x03015620                cfs_seek
 .text.cfs_remove
                0x030156b4       0x34 icomlib.a(cfs-coffee.o)
                0x030156b4                cfs_remove
 .text.cfs_read
                0x030156e8       0x9c icomlib.a(cfs-coffee.o)
                0x030156e8                cfs_read
 .text.cfs_write
                0x03015784      0x298 icomlib.a(cfs-coffee.o)
                0x03015784                cfs_write
 .text.cfs_opendir
                0x03015a1c       0x18 icomlib.a(cfs-coffee.o)
                0x03015a1c                cfs_opendir
 .text.cfs_readdir
                0x03015a34       0xe4 icomlib.a(cfs-coffee.o)
                0x03015a34                cfs_readdir
 .text.cfs_closedir
                0x03015b18        0x4 icomlib.a(cfs-coffee.o)
                0x03015b18                cfs_closedir
 .text.cfs_coffee_reserve
                0x03015b1c       0x2c icomlib.a(cfs-coffee.o)
                0x03015b1c                cfs_coffee_reserve
 .text.cfs_coffee_configure_log
                0x03015b48       0x9c icomlib.a(cfs-coffee.o)
                0x03015b48                cfs_coffee_configure_log
 .text.get_cabrio_fs_table_marker
                0x03015be4       0x40 icomlib.a(cfs-coffee.o)
                0x03015be4                get_cabrio_fs_table_marker
 .text.cfs_dbg_flash_dump_data
                0x03015c24        0x4 icomlib.a(cfs-coffee.o)
                0x03015c24                cfs_dbg_flash_dump_data
 .text.set_cabrio_fs_table_marker
                0x03015c28       0x14 icomlib.a(cfs-coffee.o)
                0x03015c28                set_cabrio_fs_table_marker
 .text.cfs_coffee_format
                0x03015c3c       0x50 icomlib.a(cfs-coffee.o)
                0x03015c3c                cfs_coffee_format
 .text.cfs_coffee_get_protected_mem
                0x03015c8c       0x14 icomlib.a(cfs-coffee.o)
                0x03015c8c                cfs_coffee_get_protected_mem
 .text          0x03015ca0        0x0 icomlib.a(console.o)
 .text.console_init
                0x03015ca0       0x5c icomlib.a(console.o)
                0x03015ca0                console_init
 .text          0x03015cfc        0x0 icomlib.a(drv_gpio.o)
 .text.get_PAD_Addr
                0x03015cfc       0x28 icomlib.a(drv_gpio.o)
                0x03015cfc                get_PAD_Addr
 .text.drv_gpio_Output
                0x03015d24      0x194 icomlib.a(drv_gpio.o)
                0x03015d24                drv_gpio_Output
 .text.drv_gpio_Input
                0x03015eb8       0x88 icomlib.a(drv_gpio.o)
                0x03015eb8                drv_gpio_Input
 .text.drv_gpio_write
                0x03015f40       0x40 icomlib.a(drv_gpio.o)
                0x03015f40                drv_gpio_write
 .text.drv_gpio_read
                0x03015f80       0x34 icomlib.a(drv_gpio.o)
                0x03015f80                drv_gpio_read
 .text.drv_gpio_set_irq
                0x03015fb4       0xfc icomlib.a(drv_gpio.o)
                0x03015fb4                drv_gpio_set_irq
 .text.drv_gpio_func
                0x030160b0      0x1e8 icomlib.a(drv_gpio.o)
                0x030160b0                drv_gpio_func
 .text          0x03016298        0x0 icomlib.a(drv_pmu.o)
 .text.drv_pmu_setwake_cnt
                0x03016298       0x44 icomlib.a(drv_pmu.o)
                0x03016298                drv_pmu_setwake_cnt
 .text.drv_pmu_tu0
                0x030162dc       0x60 icomlib.a(drv_pmu.o)
                0x030162dc                drv_pmu_tu0
 .text.drv_pmu_tm0
                0x0301633c       0x60 icomlib.a(drv_pmu.o)
                0x0301633c                drv_pmu_tm0
 .text.drv_pmu_sleep
                0x0301639c      0x260 icomlib.a(drv_pmu.o)
                0x0301639c                drv_pmu_sleep
 .text.drv_pmu_init
                0x030165fc       0x40 icomlib.a(drv_pmu.o)
                0x030165fc                drv_pmu_init
 .text.drv_pmu_chk
                0x0301663c       0x18 icomlib.a(drv_pmu.o)
                0x0301663c                drv_pmu_chk
 .text.drv_pmu_check_interupt_event
                0x03016654       0x20 icomlib.a(drv_pmu.o)
                0x03016654                drv_pmu_check_interupt_event
 .text          0x03016674        0x0 icomlib.a(drv_wdog.o)
 .text.drv_wdog_reboot
                0x03016674       0x48 icomlib.a(drv_wdog.o)
                0x03016674                drv_wdog_reboot
 .text.drv_wdog_period_5000ms
                0x030166bc       0x50 icomlib.a(drv_wdog.o)
                0x030166bc                drv_wdog_period_5000ms
 .text.drv_wdog_period_10000ms
                0x0301670c       0x50 icomlib.a(drv_wdog.o)
                0x0301670c                drv_wdog_period_10000ms
 .text.drv_wdog_period_cutommed
                0x0301675c       0x48 icomlib.a(drv_wdog.o)
                0x0301675c                drv_wdog_period_cutommed
 .text.drv_wdog_stop
                0x030167a4       0x40 icomlib.a(drv_wdog.o)
                0x030167a4                drv_wdog_stop
 .text          0x030167e4        0x0 icomlib.a(fence.o)
 .text.do_fence
                0x030167e4       0x1c icomlib.a(fence.o)
                0x030167e4                do_fence
 .text.fence_init
                0x03016800       0x28 icomlib.a(fence.o)
                0x03016800                fence_init
 .text          0x03016828        0x0 icomlib.a(smartComm.o)
 .text.set_slink_ready_ack
                0x03016828       0x10 icomlib.a(smartComm.o)
                0x03016828                set_slink_ready_ack
 .text.enableSmartHwFilter
                0x03016838      0x220 icomlib.a(smartComm.o)
                0x03016838                enableSmartHwFilter
 .text.disableSmartHwFilter
                0x03016a58      0x248 icomlib.a(smartComm.o)
                0x03016a58                disableSmartHwFilter
 .text.setSmartCmdStatus
                0x03016ca0       0x1c icomlib.a(smartComm.o)
                0x03016ca0                setSmartCmdStatus
 .text.disableSendToPhone
                0x03016cbc       0x14 icomlib.a(smartComm.o)
                0x03016cbc                disableSendToPhone
 .text.getSendToPhoneStatus
                0x03016cd0       0x10 icomlib.a(smartComm.o)
                0x03016cd0                getSendToPhoneStatus
 .text.enableSendToPhoneData
                0x03016ce0       0x14 icomlib.a(smartComm.o)
                0x03016ce0                enableSendToPhoneData
 .text.disableSendToPhoneData
                0x03016cf4       0x14 icomlib.a(smartComm.o)
                0x03016cf4                disableSendToPhoneData
 .text.setSmartPhoneIP
                0x03016d08       0x18 icomlib.a(smartComm.o)
                0x03016d08                setSmartPhoneIP
 .text.getPhoneMac
                0x03016d20       0x10 icomlib.a(smartComm.o)
                0x03016d20                getPhoneMac
 .text.setPhoneMAC
                0x03016d30       0x18 icomlib.a(smartComm.o)
                0x03016d30                setPhoneMAC
 .text.setPhoneData
                0x03016d48       0x20 icomlib.a(smartComm.o)
                0x03016d48                setPhoneData
 .text.sendMessageToPhone
                0x03016d68      0x124 icomlib.a(smartComm.o)
                0x03016d68                sendMessageToPhone
 .text.process_thread_smart_conf_ack
                0x03016e8c       0x64 icomlib.a(smartComm.o)
 .text.smartSetIfconfigAndConnect
                0x03016ef0       0x38 icomlib.a(smartComm.o)
                0x03016ef0                smartSetIfconfigAndConnect
 .text.checkAndSetAPMac
                0x03016f28      0x130 icomlib.a(smartComm.o)
                0x03016f28                checkAndSetAPMac
 .text          0x03017058        0x0 icomlib.a(smartConf.o)
 .text.clearSmartLinkBuf
                0x03017058       0x74 icomlib.a(smartConf.o)
                0x03017058                clearSmartLinkBuf
 .text.clearAllSmartLinkBuf
                0x030170cc       0x48 icomlib.a(smartConf.o)
                0x030170cc                clearAllSmartLinkBuf
 .text.resetSmartLink
                0x03017114       0x58 icomlib.a(smartConf.o)
                0x03017114                resetSmartLink
 .text.process_thread_smart_conf_process
                0x0301716c      0x17c icomlib.a(smartConf.o)
 .text.initSmartLink
                0x030172e8       0xe4 icomlib.a(smartConf.o)
                0x030172e8                initSmartLink
 .text          0x030173cc        0x0 icomlib.a(userSmart.o)
 .text.SET_FILTER_TABLE0
                0x030173cc       0x68 icomlib.a(userSmart.o)
                0x030173cc                SET_FILTER_TABLE0
 .text.SET_FILTER_TABLE1
                0x03017434       0x88 icomlib.a(userSmart.o)
                0x03017434                SET_FILTER_TABLE1
 .text.SET_FILTER_TABLE2
                0x030174bc       0xa0 icomlib.a(userSmart.o)
                0x030174bc                SET_FILTER_TABLE2
 .text.SET_FILTER_TABLE3
                0x0301755c       0xc4 icomlib.a(userSmart.o)
                0x0301755c                SET_FILTER_TABLE3
 .text.rejectAllFrame
                0x03017620      0x20c icomlib.a(userSmart.o)
                0x03017620                rejectAllFrame
 .text.AutoScanAP
                0x0301782c        0x4 icomlib.a(userSmart.o)
                0x0301782c                AutoScanAP
 .text.userSmartSetChannel
                0x03017830       0x38 icomlib.a(userSmart.o)
                0x03017830                userSmartSetChannel
 .text.SetUserReceFilter
                0x03017868       0x48 icomlib.a(userSmart.o)
                0x03017868                SetUserReceFilter
 .text.EnableUserReceFilter
                0x030178b0       0xa4 icomlib.a(userSmart.o)
                0x030178b0                EnableUserReceFilter
 .text.DisableUserReceFilter
                0x03017954       0x3c icomlib.a(userSmart.o)
                0x03017954                DisableUserReceFilter
 .text.SetCallBackFunction
                0x03017990       0x10 icomlib.a(userSmart.o)
                0x03017990                SetCallBackFunction
 .text.EnableCallBackFrame
                0x030179a0       0x38 icomlib.a(userSmart.o)
                0x030179a0                EnableCallBackFrame
 .text.DisableCallBackFrame
                0x030179d8       0x18 icomlib.a(userSmart.o)
                0x030179d8                DisableCallBackFrame
 .text.EnableUserSmartMode
                0x030179f0       0xa8 icomlib.a(userSmart.o)
                0x030179f0                EnableUserSmartMode
 .text.DisableUserSmartMode
                0x03017a98      0x11c icomlib.a(userSmart.o)
                0x03017a98                DisableUserSmartMode
 .text          0x03017bb4        0x0 icomlib.a(ieee80211_mac.o)
 .text.off      0x03017bb4       0x18 icomlib.a(ieee80211_mac.o)
 .text.channel_check_interval
                0x03017bcc        0x8 icomlib.a(ieee80211_mac.o)
 .text.init     0x03017bd4       0x14 icomlib.a(ieee80211_mac.o)
 .text.on       0x03017be8       0x1c icomlib.a(ieee80211_mac.o)
 .text.dump_data
                0x03017c04       0x64 icomlib.a(ieee80211_mac.o)
                0x03017c04                dump_data
 .text.data_decryt
                0x03017c68       0x80 icomlib.a(ieee80211_mac.o)
                0x03017c68                data_decryt
 .text          0x03017ce8        0x0 icomlib.a(drv_fence.o)
 .text.hwfence_init
                0x03017ce8       0x1c icomlib.a(drv_fence.o)
                0x03017ce8                hwfence_init
 .text.hwfence_start
                0x03017d04       0x14 icomlib.a(drv_fence.o)
                0x03017d04                hwfence_start
 .text          0x03017d18        0x0 icomlib.a(drv_mbox.o)
 .text.drv_mailbox_cpu_pri_ff
                0x03017d18       0x30 icomlib.a(drv_mbox.o)
                0x03017d18                drv_mailbox_cpu_pri_ff
 .text          0x03017d48        0x0 icomlib.a(EAPOL.o)
 .text.rx_process_wpa
                0x03017d48      0x190 icomlib.a(EAPOL.o)
                0x03017d48                rx_process_wpa
 .text.rx_process_eapol
                0x03017ed8       0x58 icomlib.a(EAPOL.o)
                0x03017ed8                rx_process_eapol
 .text.tx_eapol_start_req
                0x03017f30        0x4 icomlib.a(EAPOL.o)
                0x03017f30                tx_eapol_start_req
 .text          0x03017f34        0x0 icomapps.a(atcmd.o)
 .text.process_thread_poll_tx_process
                0x03017f34       0xa0 icomapps.a(atcmd.o)
 .text.process_thread_nslookup_process
                0x03017fd4       0xb4 icomapps.a(atcmd.o)
 .text.allocate_buffer_in
                0x03018088       0x40 icomapps.a(atcmd.o)
                0x03018088                allocate_buffer_in
 .text.process_thread_tcp_connect_process
                0x030180c8      0x260 icomapps.a(atcmd.o)
 .text.release_buffer_in
                0x03018328       0x30 icomapps.a(atcmd.o)
                0x03018328                release_buffer_in
 .text.allocate_buffer_out
                0x03018358       0x40 icomapps.a(atcmd.o)
                0x03018358                allocate_buffer_out
 .text.process_thread_http_request_process
                0x03018398      0x338 icomapps.a(atcmd.o)
 .text.release_buffer_out
                0x030186d0       0x30 icomapps.a(atcmd.o)
                0x030186d0                release_buffer_out
 .text.parseBuff2Param
                0x03018700       0x94 icomapps.a(atcmd.o)
                0x03018700                parseBuff2Param
 .text.At_EnableSmartReboot
                0x03018794       0xa0 icomapps.a(atcmd.o)
                0x03018794                At_EnableSmartReboot
 .text.At_EnableSmartMode
                0x03018834       0x8c icomapps.a(atcmd.o)
                0x03018834                At_EnableSmartMode
 .text.showDataRate
                0x030188c0       0x1c icomapps.a(atcmd.o)
                0x030188c0                showDataRate
 .text.securityString
                0x030188dc       0x1c icomapps.a(atcmd.o)
                0x030188dc                securityString
 .text.securitySubString
                0x030188f8       0x1c icomapps.a(atcmd.o)
                0x030188f8                securitySubString
 .text.At_Reboot
                0x03018914       0x1c icomapps.a(atcmd.o)
                0x03018914                At_Reboot
 .text.At_WatchDOG_Start
                0x03018930       0x30 icomapps.a(atcmd.o)
                0x03018930                At_WatchDOG_Start
 .text.At_WatchDOG_Stop
                0x03018960       0x30 icomapps.a(atcmd.o)
                0x03018960                At_WatchDOG_Stop
 .text.At_ProcessQueKill
                0x03018990       0x60 icomapps.a(atcmd.o)
                0x03018990                At_ProcessQueKill
 .text.At_ProcessKill
                0x030189f0       0x60 icomapps.a(atcmd.o)
                0x030189f0                At_ProcessKill
 .text.At_ProcessAllQueDump
                0x03018a50       0x34 icomapps.a(atcmd.o)
                0x03018a50                At_ProcessAllQueDump
 .text.At_ProcessAllDump
                0x03018a84       0x34 icomapps.a(atcmd.o)
                0x03018a84                At_ProcessAllDump
 .text.At_ShowNtpTime
                0x03018ab8       0x20 icomapps.a(atcmd.o)
                0x03018ab8                At_ShowNtpTime
 .text.At_ShowAllAP
                0x03018ad8       0xd8 icomapps.a(atcmd.o)
                0x03018ad8                At_ShowAllAP
 .text.At_ShowConnectAP
                0x03018bb0      0x140 icomapps.a(atcmd.o)
                0x03018bb0                At_ShowConnectAP
 .text.At_SetGpio
                0x03018cf0       0xdc icomapps.a(atcmd.o)
                0x03018cf0                At_SetGpio
 .text.At_WriteGpio
                0x03018dcc       0xbc icomapps.a(atcmd.o)
                0x03018dcc                At_WriteGpio
 .text.At_ReadGpio
                0x03018e88       0x9c icomapps.a(atcmd.o)
                0x03018e88                At_ReadGpio
 .text.At_ParserRecv
                0x03018f24       0x4c icomapps.a(atcmd.o)
                0x03018f24                At_ParserRecv
 .text.At_PowerOn
                0x03018f70       0x38 icomapps.a(atcmd.o)
                0x03018f70                At_PowerOn
 .text.At_RX    0x03018fa8       0x38 icomapps.a(atcmd.o)
                0x03018fa8                At_RX
 .text.At_TX    0x03018fe0       0x4c icomapps.a(atcmd.o)
                0x03018fe0                At_TX
 .text.At_PowerSaving
                0x0301902c       0xdc icomapps.a(atcmd.o)
                0x0301902c                At_PowerSaving
 .text.At_TCPChange_Timeout
                0x03019108       0x98 icomapps.a(atcmd.o)
                0x03019108                At_TCPChange_Timeout
 .text.At_TCPConnect
                0x030191a0      0x150 icomapps.a(atcmd.o)
                0x030191a0                At_TCPConnect
 .text.At_TCPSend
                0x030192f0      0x108 icomapps.a(atcmd.o)
                0x030192f0                At_TCPSend
 .text.At_TCPDisconnect
                0x030193f8       0x48 icomapps.a(atcmd.o)
                0x030193f8                At_TCPDisconnect
 .text.At_TCPListen
                0x03019440       0xd0 icomapps.a(atcmd.o)
                0x03019440                At_TCPListen
 .text.At_TCPUnlisten
                0x03019510       0xb4 icomapps.a(atcmd.o)
                0x03019510                At_TCPUnlisten
 .text.At_UDPCreate
                0x030195c4       0xd4 icomapps.a(atcmd.o)
                0x030195c4                At_UDPCreate
 .text.At_UDPSend
                0x03019698      0x124 icomapps.a(atcmd.o)
                0x03019698                At_UDPSend
 .text.At_UDPClose
                0x030197bc       0x6c icomapps.a(atcmd.o)
                0x030197bc                At_UDPClose
 .text.At_HTTPTest
                0x03019828      0x184 icomapps.a(atcmd.o)
                0x03019828                At_HTTPTest
 .text.At_HTTPTestStop
                0x030199ac       0x14 icomapps.a(atcmd.o)
                0x030199ac                At_HTTPTestStop
 .text.At_NSLookup
                0x030199c0       0x58 icomapps.a(atcmd.o)
                0x030199c0                At_NSLookup
 .text.At_SET_AP_SSID
                0x03019a18       0x58 icomapps.a(atcmd.o)
                0x03019a18                At_SET_AP_SSID
 .text.At_SET_AUTO_CONNECT
                0x03019a70       0x78 icomapps.a(atcmd.o)
                0x03019a70                At_SET_AUTO_CONNECT
 .text.At_SAVE_CONFIG
                0x03019ae8       0x34 icomapps.a(atcmd.o)
                0x03019ae8                At_SAVE_CONFIG
 .text.At_Clean_Lists
                0x03019b1c       0x18 icomapps.a(atcmd.o)
                0x03019b1c                At_Clean_Lists
 .text.At_AP    0x03019b34       0x1c icomapps.a(atcmd.o)
                0x03019b34                At_AP
 .text.At_SET_APCONFIG
                0x03019b50       0xac icomapps.a(atcmd.o)
                0x03019b50                At_SET_APCONFIG
 .text.At_AP_EXIT
                0x03019bfc       0x1c icomapps.a(atcmd.o)
                0x03019bfc                At_AP_EXIT
 .text.At_TestFlashErase
                0x03019c18       0xc8 icomapps.a(atcmd.o)
                0x03019c18                At_TestFlashErase
 .text.At_TestFlashWrite
                0x03019ce0       0xb8 icomapps.a(atcmd.o)
                0x03019ce0                At_TestFlashWrite
 .text.At_BenchFlashRead
                0x03019d98      0x10c icomapps.a(atcmd.o)
                0x03019d98                At_BenchFlashRead
 .text.At_BenchFlashWrite
                0x03019ea4      0x114 icomapps.a(atcmd.o)
                0x03019ea4                At_BenchFlashWrite
 .text.At_TestFlashRead
                0x03019fb8       0xa4 icomapps.a(atcmd.o)
                0x03019fb8                At_TestFlashRead
 .text.At_ParserInd
                0x0301a05c       0xc0 icomapps.a(atcmd.o)
                0x0301a05c                At_ParserInd
 .text.At_Parser
                0x0301a11c      0xc58 icomapps.a(atcmd.o)
                0x0301a11c                At_Parser
 .text          0x0301ad74        0x0 icomapps.a(socket_app.o)
 .text.process_thread_discover_process
                0x0301ad74      0x130 icomapps.a(socket_app.o)
 .text.otaProcessDisable
                0x0301aea4       0x14 icomapps.a(socket_app.o)
                0x0301aea4                otaProcessDisable
 .text.setRemoteMAC
                0x0301aeb8       0x48 icomapps.a(socket_app.o)
                0x0301aeb8                setRemoteMAC
 .text.setRrmoteIpAddress
                0x0301af00       0x1c icomapps.a(socket_app.o)
                0x0301af00                setRrmoteIpAddress
 .text.getCmdNum
                0x0301af1c       0x88 icomapps.a(socket_app.o)
                0x0301af1c                getCmdNum
 .text.smartTcpSend
                0x0301afa4       0x50 icomapps.a(socket_app.o)
                0x0301afa4                smartTcpSend
 .text.smartTcpConnect
                0x0301aff4       0x74 icomapps.a(socket_app.o)
                0x0301aff4                smartTcpConnect
 .text.smartTcpDisConnect
                0x0301b068       0x38 icomapps.a(socket_app.o)
                0x0301b068                smartTcpDisConnect
 .text.process_thread_tcp_client_smartProcess
                0x0301b0a0      0x1ac icomapps.a(socket_app.o)
 .text.process_thread_tcp_smartlink_process
                0x0301b24c      0x1e4 icomapps.a(socket_app.o)
 .text.appUdpCreate
                0x0301b430       0x48 icomapps.a(socket_app.o)
                0x0301b430                appUdpCreate
 .text.appUdpSend
                0x0301b478       0x40 icomapps.a(socket_app.o)
                0x0301b478                appUdpSend
 .text.appUdpClose
                0x0301b4b8       0x2c icomapps.a(socket_app.o)
                0x0301b4b8                appUdpClose
 .text.checkCmdAndSendData
                0x0301b4e4      0x1f8 icomapps.a(socket_app.o)
                0x0301b4e4                checkCmdAndSendData
 .text.process_thread_udp_server_discoverProcess
                0x0301b6dc      0x170 icomapps.a(socket_app.o)
 .text          0x0301b84c        0x0 icomapps.a(soft_ap_init.o)
 .text.softap_combine_ssid_mac
                0x0301b84c       0x5c icomapps.a(soft_ap_init.o)
                0x0301b84c                softap_combine_ssid_mac
 .text.softap_dump_dhcp_setting
                0x0301b8a8       0x88 icomapps.a(soft_ap_init.o)
                0x0301b8a8                softap_dump_dhcp_setting
 .text.softap_dhcp_init
                0x0301b930      0x130 icomapps.a(soft_ap_init.o)
                0x0301b930                softap_dhcp_init
 .text.softap_init_ex
                0x0301ba60       0xe8 icomapps.a(soft_ap_init.o)
                0x0301ba60                softap_init_ex
 .text.softap_init
                0x0301bb48       0x10 icomapps.a(soft_ap_init.o)
                0x0301bb48                softap_init
 .text          0x0301bb58        0x0 icomapps.a(tcp_server_demo)
 .text.process_thread_tcpServerDemo_process
                0x0301bb58      0x1ec icomapps.a(tcp_server_demo)
 .text.SetPWM   0x0301bd44       0x38 icomapps.a(tcp_server_demo)
                0x0301bd44                SetPWM
 .text.EnableLED
                0x0301bd7c       0x44 icomapps.a(tcp_server_demo)
                0x0301bd7c                EnableLED
 .text.DisableLED
                0x0301bdc0       0x40 icomapps.a(tcp_server_demo)
                0x0301bdc0                DisableLED
 .text.process_thread_led_blink_process
                0x0301be00       0xd4 icomapps.a(tcp_server_demo)
 .text.appTcpSend
                0x0301bed4       0x50 icomapps.a(tcp_server_demo)
                0x0301bed4                appTcpSend
 .text.TCPDataParser
                0x0301bf24      0x104 icomapps.a(tcp_server_demo)
                0x0301bf24                TCPDataParser
 .text.process_thread_tcp_server_demoProcess
                0x0301c028      0x188 icomapps.a(tcp_server_demo)
 .text          0x0301c1b0        0x0 icomapps.a(wifi_uart_demo.)
 .text.process_thread_wifiUartDemo_process
                0x0301c1b0      0x13c icomapps.a(wifi_uart_demo.)
 .text.process_thread_tcp_server_wifiUartProcess
                0x0301c2ec      0x1c4 icomapps.a(wifi_uart_demo.)
 .text.sampleAppTCPSend
                0x0301c4b0       0x84 icomapps.a(wifi_uart_demo.)
                0x0301c4b0                sampleAppTCPSend
 .text.sampleDataUartRead
                0x0301c534       0x8c icomapps.a(wifi_uart_demo.)
                0x0301c534                sampleDataUartRead
 .text          0x0301c5c0        0x0 icomapps.a(ota_api.o)
 .text.process_thread_auto_reboot_process
                0x0301c5c0       0xd8 icomapps.a(ota_api.o)
 .text.cal_ota_checksum
                0x0301c698       0x5c icomapps.a(ota_api.o)
                0x0301c698                cal_ota_checksum
 .text.downloadFinish
                0x0301c6f4      0x1c8 icomapps.a(ota_api.o)
                0x0301c6f4                downloadFinish
 .text.filesave_from_phone
                0x0301c8bc      0x174 icomapps.a(ota_api.o)
                0x0301c8bc                filesave_from_phone
 .text.OtaTcpConnect
                0x0301ca30       0x54 icomapps.a(ota_api.o)
                0x0301ca30                OtaTcpConnect
 .text.process_thread_tcp_client_otaProcess
                0x0301ca84      0x2cc icomapps.a(ota_api.o)
 .text.OtaTcpDisConnect
                0x0301cd50       0x3c icomapps.a(ota_api.o)
                0x0301cd50                OtaTcpDisConnect
 .text.setOtaRrmoteIp
                0x0301cd8c       0x24 icomapps.a(ota_api.o)
                0x0301cd8c                setOtaRrmoteIp
 .text.clearOtaParameters
                0x0301cdb0       0x38 icomapps.a(ota_api.o)
                0x0301cdb0                clearOtaParameters
 .text.process_thread_ota_updateProcess
                0x0301cde8      0x20c icomapps.a(ota_api.o)
 .text          0x0301cff4        0x0 icomlib.a(pwm_api.o)
 .text.enableHwPWM
                0x0301cff4       0x30 icomlib.a(pwm_api.o)
                0x0301cff4                enableHwPWM
 .text.disableHwPWM
                0x0301d024       0x10 icomlib.a(pwm_api.o)
                0x0301d024                disableHwPWM
 .text          0x0301d034        0x0 icomlib.a(serial_api.o)
 .text.SerialInit
                0x0301d034       0x48 icomlib.a(serial_api.o)
                0x0301d034                SerialInit
 .text.SerialConfig
                0x0301d07c        0xc icomlib.a(serial_api.o)
                0x0301d07c                SerialConfig
 .text.SerialDeinit
                0x0301d088       0x38 icomlib.a(serial_api.o)
                0x0301d088                SerialDeinit
 .text          0x0301d0c0        0x0 icomlib.a(drv_pwm.o)
 .text.drv_pwm_setduty
                0x0301d0c0       0x7c icomlib.a(drv_pwm.o)
                0x0301d0c0                drv_pwm_setduty
 .text.drv_pwm_init
                0x0301d13c       0x4c icomlib.a(drv_pwm.o)
                0x0301d13c                drv_pwm_init
 .text.drv_pwm_enable
                0x0301d188       0x14 icomlib.a(drv_pwm.o)
                0x0301d188                drv_pwm_enable
 .text.drv_pwm_deinit
                0x0301d19c       0x38 icomlib.a(drv_pwm.o)
                0x0301d19c                drv_pwm_deinit
 .text.drv_pwm_disable
                0x0301d1d4       0x14 icomlib.a(drv_pwm.o)
                0x0301d1d4                drv_pwm_disable
 .text          0x0301d1e8        0x0 contikilib.a(dhcp_process.o)
 .text.process_thread_dhcp_process
                0x0301d1e8      0x194 contikilib.a(dhcp_process.o)
 .text.replyAck
                0x0301d37c       0x10 contikilib.a(dhcp_process.o)
                0x0301d37c                replyAck
 .text.set_node_ip
                0x0301d38c       0x90 contikilib.a(dhcp_process.o)
                0x0301d38c                set_node_ip
 .text.ip_configure
                0x0301d41c       0x10 contikilib.a(dhcp_process.o)
                0x0301d41c                ip_configure
 .text.dhcp_configure
                0x0301d42c       0xb0 contikilib.a(dhcp_process.o)
                0x0301d42c                dhcp_configure
 .text          0x0301d4dc        0x0 contikilib.a(dhcps.o)
 .text.unlikely.find_option
                0x0301d4dc       0x60 contikilib.a(dhcps.o)
 .text.create_msg
                0x0301d53c       0x8c contikilib.a(dhcps.o)
 .text.add_lease_time
                0x0301d5c8       0x68 contikilib.a(dhcps.o)
 .text.add_config
                0x0301d630       0xa8 contikilib.a(dhcps.o)
 .text.unlikely.lookup_lease_ip
                0x0301d6d8      0x170 contikilib.a(dhcps.o)
 .text.get_leased_mac
                0x0301d848      0x248 contikilib.a(dhcps.o)
 .text.send_nack
                0x0301da90       0x98 contikilib.a(dhcps.o)
 .text.dhcp_dump_info
                0x0301db28       0xc4 contikilib.a(dhcps.o)
                0x0301db28                dhcp_dump_info
 .text.init_lease
                0x0301dbec       0x20 contikilib.a(dhcps.o)
                0x0301dbec                init_lease
 .text.process_thread_dhcp_server_process
                0x0301dc0c      0x968 contikilib.a(dhcps.o)
 .text.release_address_by_mac
                0x0301e574       0xc8 contikilib.a(dhcps.o)
                0x0301e574                release_address_by_mac
 .text.dhcps_init
                0x0301e63c       0x7c contikilib.a(dhcps.o)
                0x0301e63c                dhcps_init
 .text.dhcps_exit
                0x0301e6b8        0xc contikilib.a(dhcps.o)
                0x0301e6b8                dhcps_exit
 .text          0x0301e6c4        0x0 contikilib.a(resolv.o)
 .text.skip_name
                0x0301e6c4       0x2c contikilib.a(resolv.o)
 .text.resolv_found.isra.0
                0x0301e6f0       0x18 contikilib.a(resolv.o)
 .text.process_thread_resolv_process
                0x0301e708      0x548 contikilib.a(resolv.o)
 .text.resolv_query
                0x0301ec50      0x150 contikilib.a(resolv.o)
                0x0301ec50                resolv_query
 .text.resolv_lookup
                0x0301eda0       0xdc contikilib.a(resolv.o)
                0x0301eda0                resolv_lookup
 .text.resolv_getserver
                0x0301ee7c        0xc contikilib.a(resolv.o)
                0x0301ee7c                resolv_getserver
 .text.resolv_conf
                0x0301ee88       0x1c contikilib.a(resolv.o)
                0x0301ee88                resolv_conf
 .text          0x0301eea4        0x0 contikilib.a(simple-udp.o)
 .text.process_thread_simple_udp_process
                0x0301eea4      0x14c contikilib.a(simple-udp.o)
 .text.simple_udp_send
                0x0301eff0       0x48 contikilib.a(simple-udp.o)
                0x0301eff0                simple_udp_send
 .text.simple_udp_sendto
                0x0301f038       0x44 contikilib.a(simple-udp.o)
                0x0301f038                simple_udp_sendto
 .text.simple_udp_sendto_port
                0x0301f07c       0x40 contikilib.a(simple-udp.o)
                0x0301f07c                simple_udp_sendto_port
 .text.simple_udp_register
                0x0301f0bc       0xcc contikilib.a(simple-udp.o)
                0x0301f0bc                simple_udp_register
 .text          0x0301f188        0x0 contikilib.a(uip_arp.o)
 .text.send_arp_request
                0x0301f188       0xf0 contikilib.a(uip_arp.o)
 .text.process_thread_get_gatewaymac_process
                0x0301f278       0xcc contikilib.a(uip_arp.o)
 .text.uip_arp_print
                0x0301f344       0x80 contikilib.a(uip_arp.o)
                0x0301f344                uip_arp_print
 .text.uip_arp_delete
                0x0301f3c4       0xac contikilib.a(uip_arp.o)
                0x0301f3c4                uip_arp_delete
 .text.uip_arp_init
                0x0301f470       0x84 contikilib.a(uip_arp.o)