Archive member included because of file (symbol)

icomlib.a(etimer.o)           ssv6060-main.o (etimer_set)
icomlib.a(printf.o)           ssv6060-main.o (printf)
icomlib.a(process.o)          icomlib.a(etimer.o) (process_post)
icomlib.a(strformat.o)        icomlib.a(printf.o) (format_str_v)
icomlib.a(timer.o)            icomlib.a(etimer.o) (timer_set)
icomlib.a(atcmd_icomm.o)      ssv6060-main.o (At_Disconnect)
icomlib.a(boot-hiflying.o)    /tmp/ccmDjWLP.o (boot_main)
icomlib.a(clock.o)            icomlib.a(etimer.o) (clock_time)
icomlib.a(contiki-main.o)     icomlib.a(boot-hiflying.o) (main)
icomlib.a(debug-uart.o)       icomlib.a(printf.o) (dbg_send_bytes)
icomlib.a(gpio_api.o)         ssv6060-main.o (pinMode)
icomlib.a(drv_timer.o)        icomlib.a(clock.o) (hwtmr_start)
icomlib.a(drv_uart.o)         icomlib.a(debug-uart.o) (drv_uart_tx)
icomlib.a(hw_init.o)          icomlib.a(drv_uart.o) (ssv_delay)
icomlib.a(hw_regs_api.o)      icomlib.a(hw_init.o) (hw_reg_write)
icomlib.a(ssv_lib.o)          icomlib.a(printf.o) (strlen)
icomlib.a(ssv_lib_slow.o)     icomlib.a(atcmd_icomm.o) (dbg_dump_binary)
icomlib.a(swpwm.o)            icomlib.a(clock.o) (initSwPWM)
icomlib.a(systemconf.o)       icomlib.a(atcmd_icomm.o) (gwifistatus)
icomlib.a(wdog_api.o)         ssv6060-main.o (api_wdog_reboot)
icomlib.a(xmem.o)             icomlib.a(contiki-main.o) (cabrio_flash_init)
icomlib.a(bsp.o)              icomlib.a(hw_init.o) (set_mrx_filter_sta)
icomlib.a(crypthw.o)          icomlib.a(hw_init.o) (g_soc_table)
icomlib.a(dbg-atcmd-api.o)    icomlib.a(hw_init.o) (UpdateConf)
icomlib.a(drv_mac.o)          icomlib.a(dbg-atcmd-api.o) (SET_STA_MAC)
icomlib.a(drv_phy.o)          icomlib.a(hw_init.o) (drv_phy_init)
icomlib.a(drv_pktbuf.o)       icomlib.a(dbg-atcmd-api.o) (setpacketbuf_len)
icomlib.a(drv_pktbuf_slow)    icomlib.a(atcmd_icomm.o) (ssv6xxx_pbuf_dump_reg)
icomlib.a(hash_alg.o)         icomlib.a(atcmd_icomm.o) (pbkdf2_sha1)
icomlib.a(hmac_md5.o)         icomlib.a(hash_alg.o) (hmac_md5_init)
icomlib.a(hmac_sha1.o)        icomlib.a(hash_alg.o) (hmac_sha1_init)
icomlib.a(ieee80211_mgmt.)    icomlib.a(atcmd_icomm.o) (getAvailableIndex)
icomlib.a(ieee80211_rdc.o)    icomlib.a(dbg-atcmd-api.o) (ieee80211_rdc)
icomlib.a(irq.o)              icomlib.a(wdog_api.o) (irq_mask_disable)
icomlib.a(netstack.o)         icomlib.a(contiki-main.o) (netstack_init)
icomlib.a(powersave.o)        icomlib.a(ieee80211_mgmt.) (is_waketime_alive)
icomlib.a(rate_control.o)     icomlib.a(ieee80211_mgmt.) (init_ratecontrol)
icomlib.a(sha1.o)             icomlib.a(hmac_sha1.o) (sha1hw_init)
icomlib.a(soft_ap.o)          icomlib.a(bsp.o) (softap_get_sta_connected)
icomlib.a(ssv6200_rx.o)       icomlib.a(powersave.o) (is_tx_active)
icomlib.a(ssvradio.o)         icomlib.a(ssv6200_rx.o) (ssv6200_radio_retrans)
icomlib.a(wpa.o)              icomlib.a(ieee80211_mgmt.) (init_wpa_ctx)
icomlib.a(sys_status_api.)    icomlib.a(atcmd_icomm.o) (get_local_mac)
icomlib.a(AES_decrypt.o)      icomlib.a(wpa.o) (aes_wrap)
icomlib.a(arc4.o)             icomlib.a(wpa.o) (arc4_skip)
icomlib.a(md5.o)              icomlib.a(hmac_md5.o) (MD5Init)
icomlib.a(wep.o)              icomlib.a(ieee80211_mgmt.) (getAuthChallengeTextLen)
icomlib.a(autostart.o)        icomlib.a(contiki-main.o) (autostart_start)
icomlib.a(shell-ping.o)       icomlib.a(atcmd_icomm.o) (ping_start)
icomlib.a(random.o)           icomlib.a(clock.o) (random_init)
icomlib.a(airkiss.o)          icomlib.a(ieee80211_mgmt.) (clearAirKissBuf)
icomlib.a(bsp_info.o)         icomlib.a(contiki-main.o) (bsp_get_boot_info)
icomlib.a(cfs-coffee.o)       icomlib.a(systemconf.o) (cfs_open)
icomlib.a(console.o)          icomlib.a(contiki-main.o) (console_init)
icomlib.a(drv_flash.o)        icomlib.a(systemconf.o) (drv_flash_get_cache_addr)
icomlib.a(drv_gpio.o)         icomlib.a(swpwm.o) (get_PAD_Addr)
icomlib.a(drv_pmu.o)          icomlib.a(powersave.o) (drv_pmu_powersave_mode)
icomlib.a(drv_wdog.o)         icomlib.a(wdog_api.o) (drv_wdog_reboot)
icomlib.a(fence.o)            icomlib.a(bsp.o) (fence_init)
icomlib.a(flash_api.o)        icomlib.a(systemconf.o) (spi_flash_sector_erase)
icomlib.a(smartComm.o)        icomlib.a(sys_status_api.) (set_slink_ready_ack)
icomlib.a(smartConf.o)        icomlib.a(ieee80211_mgmt.) (clearSmartLinkBuf)
icomlib.a(userSmart.o)        icomlib.a(ssv6200_rx.o) (rx_process_userSmart)
icomlib.a(ieee80211_mac.o)    icomlib.a(ieee80211_mgmt.) (rx_skb)
icomlib.a(ieee80211_net.o)    icomlib.a(netstack.o) (ieee80211_net)
icomlib.a(ssv6200_tx.o)       icomlib.a(ssvradio.o) (ssv6200_transmit)
icomlib.a(drv_fence.o)        icomlib.a(fence.o) (hwfence_init)
icomlib.a(drv_mbox.o)         icomlib.a(ssv6200_tx.o) (drv_mailbox_cpu_ff)
icomlib.a(EAPOL.o)            icomlib.a(ieee80211_net.o) (rx_process_eapol)
icomapps.a(atcmd.o)           icomlib.a(atcmd_icomm.o) (At_ParserInd)
icomapps.a(socket_app.o)      icomlib.a(smartComm.o) (setRemoteMAC)
[...]
Memory Configuration

Name             Origin             Length             Attributes
flash            0x03000000         0x00080000         xr
ram              0x02000000         0x00030000         xrw
*default*        0x00000000         0xffffffff

Linker script and memory map

                0x00080000                _flash_size_ = 0x80000
                0x00030000                _ram_size_ = 0x30000
                0x0202fffc                __stack_end__ = ((ORIGIN (ram) + 0x30000) - 0x4)
                0x00004000                _boot_size = 0x4000
                0x03000000                . = ORIGIN (flash)
                0x03000000                _sitxt0 = .

startup         0x03000000      0x1e0
 *(.startup1)
 .startup1      0x03000000       0x50 /tmp/ccmDjWLP.o
 *(.startup2)
 .startup2      0x03000050      0x184 /tmp/ccmDjWLP.o
                0x03000194                endless_loop
                0x030001e0                . = ALIGN (0x10)
 *fill*         0x030001d4        0xc 
                0x02029000                _vma_boot_text_beg = ((ORIGIN (ram) + 0x30000) - 0x7000)
                0x030001e0                _sitxt0a = (_sitxt0 + SIZEOF (startup))
                0x03004000                . = (ORIGIN (flash) + _boot_size)
                0x03004000                _sitxt2 = .

prog_in_flash   0x03004000    0x32394
 *(.vars_second_boot)
 .vars_second_boot
                0x03004000       0x48 /tmp/ccmDjWLP.o
 icomlib.a:contiki-main.o(.text.startup.main)
 .text.startup.main
                0x03004048      0x104 icomlib.a(contiki-main.o)
                0x03004048                main
 *(EXCLUDE_FILE(icomlib.a:ssv_lib.o icomlib.a:sha256.o icomlib.a:sha384.o icomlib.a:sha512.o icomlib.a:x905.o icomlib.a:asn1.o icomlib.a:pstmsqrcomba.o icomlib.a:pstmmulcomba.o icomlib.a:pstmmonreduce.o icomlib.a:pstm.o contikilib.a:socket_driver.o icomlib.a:powersave.o icomlib.a:hw_regs_api.o icomlib.a:flash_api.o icomlib.a:drv_flash.o icomlib.a:xmem.o icomlib.a:soft_ap.o icomlib.a:debug-uart.o icomlib.a:dbg-puts.o icomlib.a:strformat.o icomlib.a:dbg-printf.o icomlib.a:rate_control.o icomlib.a:throughput.o icomlib.a:ssv6200_tx.o icomlib.a:ssv6200_rx.o icomlib.a:ssvradio.o icomlib.a:drv_pktbuf.o icomlib.a:packetbuf.o icomlib.a:ieee80211_rdc.o icomlib.a:ieee80211_net.o contikilib.a:tcpip.o icomlib.a:etimer.o icomlib.a:clock.o icomlib.a:timer.o contikilib.a:uip.o icomlib.a:AES_decrypt.o icomlib.a:boot-hiflying.o) .text*)
 .text          0x0300414c        0x0 /tmp/ccmDjWLP.o
 .text          0x0300414c        0x0 ssv6060-main.o
 .text.AT_Customer
                0x0300414c       0x18 ssv6060-main.o
                0x0300414c                AT_Customer
 .text.AT_Customer2
                0x03004164       0x50 ssv6060-main.o
                0x03004164                AT_Customer2
 .text.process_thread_ac_nslookup_process
                0x030041b4       0xe4 ssv6060-main.o
 .text.process_thread_ac_tcp_connect_process
                0x03004298      0x224 ssv6060-main.o
 .text.AT_SmartLink
                0x030044bc       0x14 ssv6060-main.o
                0x030044bc                AT_SmartLink
 .text.AT_WIFIUART_DEMO
                0x030044d0       0x78 ssv6060-main.o
                0x030044d0                AT_WIFIUART_DEMO
 .text.AT_TCPSERVER_DEMO
                0x03004548       0x78 ssv6060-main.o
                0x03004548                AT_TCPSERVER_DEMO
 .text.allocate_buffer_in_ext
                0x030045c0       0x40 ssv6060-main.o
                0x030045c0                allocate_buffer_in_ext
 .text.TurnOffAllLED
                0x03004600       0x70 ssv6060-main.o
                0x03004600                TurnOffAllLED
 .text.process_thread_main_process
                0x03004670       0xa0 ssv6060-main.o
 .text.SetLED   0x03004710       0x50 ssv6060-main.o
                0x03004710                SetLED
 .text.Test_Connect
                0x03004760       0x24 ssv6060-main.o
                0x03004760                Test_Connect
 .text.Test_Connect_GateWay
                0x03004784       0x30 ssv6060-main.o
                0x03004784                Test_Connect_GateWay
 .text          0x030047b4        0x0 icomlib.a(printf.o)
 .text.write_str
                0x030047b4       0x1c icomlib.a(printf.o)
 .text.printf   0x030047d0       0x30 icomlib.a(printf.o)
                0x030047d0                printf
 .text.uart_tx1
                0x03004800       0x14 icomlib.a(printf.o)
                0x03004800                uart_tx1
 .text.printchar
                0x03004814       0x50 icomlib.a(printf.o)
 .text.prints   0x03004864      0x10c icomlib.a(printf.o)
 .text.printi   0x03004970      0x118 icomlib.a(printf.o)
 .text.print    0x03004a88      0x1f8 icomlib.a(printf.o)
                0x03004a88                print
 .text.sprintf  0x03004c80       0x30 icomlib.a(printf.o)
                0x03004c80                sprintf
 .text.vsprintf
                0x03004cb0       0x1c icomlib.a(printf.o)
                0x03004cb0                vsprintf
 .text.set_log_all_group_enable
                0x03004ccc       0x24 icomlib.a(printf.o)
                0x03004ccc                set_log_all_group_enable
 .text.set_log_all_group_disable
                0x03004cf0       0x24 icomlib.a(printf.o)
                0x03004cf0                set_log_all_group_disable
 .text.set_log_all_group
                0x03004d14       0x2c icomlib.a(printf.o)
                0x03004d14                set_log_all_group
 .text.set_log_all_level
                0x03004d40       0x8c icomlib.a(printf.o)
                0x03004d40                set_log_all_level
 .text.set_log_single_group_level
                0x03004dcc       0x40 icomlib.a(printf.o)
                0x03004dcc                set_log_single_group_level
 .text.dump_log_control_info
                0x03004e0c       0x78 icomlib.a(printf.o)
                0x03004e0c                dump_log_control_info
 .text          0x03004e84        0x0 icomlib.a(process.o)
 .text.process_alloc_event
                0x03004e84       0x18 icomlib.a(process.o)
                0x03004e84                process_alloc_event
 .text.check_process_in_que
                0x03004e9c       0x64 icomlib.a(process.o)
                0x03004e9c                check_process_in_que
 .text.process_debug
                0x03004f00      0x150 icomlib.a(process.o)
                0x03004f00                process_debug
 .text          0x03005050        0x0 icomlib.a(atcmd_icomm.o)
 .text.ip2int   0x03005050       0xe4 icomlib.a(atcmd_icomm.o)
                0x03005050                ip2int
 .text.At_RespOK
                0x03005134       0x74 icomlib.a(atcmd_icomm.o)
                0x03005134                At_RespOK
 .text.At_GetLocalMac
                0x030051a8       0x4c icomlib.a(atcmd_icomm.o)
                0x030051a8                At_GetLocalMac
 .text.At_GetVersion
                0x030051f4       0x2c icomlib.a(atcmd_icomm.o)
                0x030051f4                At_GetVersion
 .text.At_GetManufactureInfo
                0x03005220       0x2c icomlib.a(atcmd_icomm.o)
                0x03005220                At_GetManufactureInfo
 .text.At_SetWifiConfig
                0x0300524c      0x214 icomlib.a(atcmd_icomm.o)
                0x0300524c                At_SetWifiConfig
 .text.At_GetConfigure
                0x03005460       0xb4 icomlib.a(atcmd_icomm.o)
                0x03005460                At_GetConfigure
 .text.At_SetIfConfigure
                0x03005514      0x19c icomlib.a(atcmd_icomm.o)
                0x03005514                At_SetIfConfigure
 .text.At_GetNetStatus
                0x030056b0       0x30 icomlib.a(atcmd_icomm.o)
                0x030056b0                At_GetNetStatus
 .text.At_Ping  0x030056e0       0x80 icomlib.a(atcmd_icomm.o)
                0x030056e0                At_Ping
 .text.At_Help  0x03005760      0x210 icomlib.a(atcmd_icomm.o)
                0x03005760                At_Help
 .text.At_GetApStatus
                0x03005970       0x70 icomlib.a(atcmd_icomm.o)
                0x03005970                At_GetApStatus
 .text.At_GetWifiStatus
                0x030059e0      0x350 icomlib.a(atcmd_icomm.o)
                0x030059e0                At_GetWifiStatus
 .text.At_GetMRX
                0x03005d30      0x130 icomlib.a(atcmd_icomm.o)
                0x03005d30                At_GetMRX
 .text.At_TestMemRead
                0x03005e60       0x88 icomlib.a(atcmd_icomm.o)
                0x03005e60                At_TestMemRead
 .text.At_MboxDump
                0x03005ee8       0x10 icomlib.a(atcmd_icomm.o)
                0x03005ee8                At_MboxDump
 .text.At_WifiReset
                0x03005ef8       0x10 icomlib.a(atcmd_icomm.o)
                0x03005ef8                At_WifiReset
 .text.At_GetIPconf
                0x03005f08       0x4c icomlib.a(atcmd_icomm.o)
                0x03005f08                At_GetIPconf
 .text.At_NetScan
                0x03005f54       0x14 icomlib.a(atcmd_icomm.o)
                0x03005f54                At_NetScan
 .text.At_NetScan_Custom
                0x03005f68       0xb4 icomlib.a(atcmd_icomm.o)
                0x03005f68                At_NetScan_Custom
 .text.At_Connect
                0x0300601c       0x58 icomlib.a(atcmd_icomm.o)
                0x0300601c                At_Connect
 .text.process_thread_Cabrio_ate_process
                0x03006074      0x120 icomlib.a(atcmd_icomm.o)
 .text.At_Disconnect
                0x03006194       0x10 icomlib.a(atcmd_icomm.o)
                0x03006194                At_Disconnect
 .text.At_POWERSAVE
                0x030061a4       0x34 icomlib.a(atcmd_icomm.o)
                0x030061a4                At_POWERSAVE
 .text.At_WriteReg32
                0x030061d8       0xd4 icomlib.a(atcmd_icomm.o)
                0x030061d8                At_WriteReg32
 .text.At_ReadReg32
                0x030062ac       0x94 icomlib.a(atcmd_icomm.o)
                0x030062ac                At_ReadReg32
 .text.At_SetChannel
                0x03006340       0x9c icomlib.a(atcmd_icomm.o)
                0x03006340                At_SetChannel
 .text.At_GetRfStatus
                0x030063dc      0x198 icomlib.a(atcmd_icomm.o)
                0x030063dc                At_GetRfStatus
 .text.At_ShowRfCommand
                0x03006574      0x1cc icomlib.a(atcmd_icomm.o)
                0x03006574                At_ShowRfCommand
 .text.AT_RemoveCfsConf
                0x03006740        0x4 icomlib.a(atcmd_icomm.o)
                0x03006740                AT_RemoveCfsConf
 .text.At_bmode_count
                0x03006744       0x44 icomlib.a(atcmd_icomm.o)
                0x03006744                At_bmode_count
 .text.At_bmode_reset
                0x03006788       0x1c icomlib.a(atcmd_icomm.o)
                0x03006788                At_bmode_reset
 .text.At_gmode_count
                0x030067a4       0x48 icomlib.a(atcmd_icomm.o)
                0x030067a4                At_gmode_count
 .text.At_gmode_reset
                0x030067ec       0x20 icomlib.a(atcmd_icomm.o)
                0x030067ec                At_gmode_reset
 .text.At_filter_reset
                0x0300680c      0x1f0 icomlib.a(atcmd_icomm.o)
                0x0300680c                At_filter_reset
 .text.At_filter_count
                0x030069fc       0x5c icomlib.a(atcmd_icomm.o)
                0x030069fc                At_filter_count
 .text.at_cmd_start
                0x03006a58       0x1c icomlib.a(atcmd_icomm.o)
                0x03006a58                at_cmd_start
 .text.at_cmd_exit
                0x03006a74       0x18 icomlib.a(atcmd_icomm.o)
                0x03006a74                at_cmd_exit
 .text          0x03006a8c        0x0 icomlib.a(contiki-main.o)
 .text.test_rtimer
                0x03006a8c        0xc icomlib.a(contiki-main.o)
                0x03006a8c                test_rtimer
 .text.send_frame_rtimer
                0x03006a98        0xc icomlib.a(contiki-main.o)
                0x03006a98                send_frame_rtimer
 .text.dump_boot_message
                0x03006aa4       0x60 icomlib.a(contiki-main.o)
                0x03006aa4                dump_boot_message
 .text.get_all_config
                0x03006b04       0x38 icomlib.a(contiki-main.o)
                0x03006b04                get_all_config
 .text.log_init
                0x03006b3c       0x10 icomlib.a(contiki-main.o)
                0x03006b3c                log_init
 .text          0x03006b4c        0x0 icomlib.a(gpio_api.o)
 .text.pinMode  0x03006b4c       0x44 icomlib.a(gpio_api.o)
                0x03006b4c                pinMode
 .text.digitalWrite
                0x03006b90       0x10 icomlib.a(gpio_api.o)
                0x03006b90                digitalWrite
 .text.digitalRead
                0x03006ba0        0x4 icomlib.a(gpio_api.o)
                0x03006ba0                digitalRead
 .text.gpio_irq_enable
                0x03006ba4       0x40 icomlib.a(gpio_api.o)
                0x03006ba4                gpio_irq_enable
 .text.gpio_irq_disable
                0x03006be4       0x10 icomlib.a(gpio_api.o)
                0x03006be4                gpio_irq_disable
 .text          0x03006bf4        0x0 icomlib.a(drv_timer.o)
 .text.hwtmr_stop
                0x03006bf4       0x20 icomlib.a(drv_timer.o)
                0x03006bf4                hwtmr_stop
 .text.hwtmr_start
                0x03006c14       0x34 icomlib.a(drv_timer.o)
                0x03006c14                hwtmr_start
 .text.hwtmr_init
                0x03006c48       0x2c icomlib.a(drv_timer.o)
                0x03006c48                hwtmr_init
 .text          0x03006c74        0x0 icomlib.a(drv_uart.o)
 .text.drv_uart_init
                0x03006c74       0x78 icomlib.a(drv_uart.o)
                0x03006c74                drv_uart_init
 .text.drv_uart_tx_0
                0x03006cec        0xc icomlib.a(drv_uart.o)
                0x03006cec                drv_uart_tx_0
 .text.drv_uart_is_tx_busy_0
                0x03006cf8       0x18 icomlib.a(drv_uart.o)
                0x03006cf8                drv_uart_is_tx_busy_0
 .text.drv_uart_multiple_tx_0
                0x03006d10       0x28 icomlib.a(drv_uart.o)
                0x03006d10                drv_uart_multiple_tx_0
 .text.drv_uart_get_uart_fifo_length_0
                0x03006d38        0x8 icomlib.a(drv_uart.o)
                0x03006d38                drv_uart_get_uart_fifo_length_0
 .text.drv_uart_enable_tx_int_0
                0x03006d40       0x14 icomlib.a(drv_uart.o)
                0x03006d40                drv_uart_enable_tx_int_0
 .text.drv_uart_disable_tx_int_0
                0x03006d54       0x14 icomlib.a(drv_uart.o)
                0x03006d54                drv_uart_disable_tx_int_0
 .text.drv_uart_enable_rx_int_0
                0x03006d68       0x14 icomlib.a(drv_uart.o)
                0x03006d68                drv_uart_enable_rx_int_0
 .text.drv_uart_disable_rx_int_0
                0x03006d7c       0x14 icomlib.a(drv_uart.o)
                0x03006d7c                drv_uart_disable_rx_int_0
 .text.drv_datauart_init
                0x03006d90      0x160 icomlib.a(drv_uart.o)
                0x03006d90                drv_datauart_init
 .text.drv_datauart_Deinit
                0x03006ef0       0x58 icomlib.a(drv_uart.o)
                0x03006ef0                drv_datauart_Deinit
 .text.drv_datauart_conf
                0x03006f48       0x7c icomlib.a(drv_uart.o)
                0x03006f48                drv_datauart_conf
 .text          0x03006fc4        0x0 icomlib.a(hw_init.o)
 .text.hw_tbl_write
                0x03006fc4       0x60 icomlib.a(hw_init.o)
 .text.modulator_and_pll_reset
                0x03007024       0xd4 icomlib.a(hw_init.o)
                0x03007024                modulator_and_pll_reset
 .text.ssv6xxx_phy_disable
                0x030070f8       0x14 icomlib.a(hw_init.o)
                0x030070f8                ssv6xxx_phy_disable
 .text.ssv6xxx_mac_disable
                0x0300710c       0x14 icomlib.a(hw_init.o)
                0x0300710c                ssv6xxx_mac_disable
 .text.ssv6xxx_hw_rf_phy_mac_reset
                0x03007120      0x1a8 icomlib.a(hw_init.o)
                0x03007120                ssv6xxx_hw_rf_phy_mac_reset
 .text.ssv6xxx_hw_radio_init
                0x030072c8      0x1b0 icomlib.a(hw_init.o)
                0x030072c8                ssv6xxx_hw_radio_init
 .text          0x03007478        0x0 icomlib.a(ssv_lib_slow.o)
 .text.mac_atoi
                0x03007478       0x44 icomlib.a(ssv_lib_slow.o)
                0x03007478                mac_atoi
 .text.dbg_dump_reg_pc
                0x030074bc       0x10 icomlib.a(ssv_lib_slow.o)
                0x030074bc                dbg_dump_reg_pc
 .text.dbg_dump_reg_sp
                0x030074cc       0x10 icomlib.a(ssv_lib_slow.o)
                0x030074cc                dbg_dump_reg_sp
 .text.dbg_dump_reg_cpsr
                0x030074dc       0xa0 icomlib.a(ssv_lib_slow.o)
                0x030074dc                dbg_dump_reg_cpsr
 .text.dbg_dump_binary
                0x0300757c       0x78 icomlib.a(ssv_lib_slow.o)
                0x0300757c                dbg_dump_binary
 .text.dbg_dump_mac
                0x030075f4       0x48 icomlib.a(ssv_lib_slow.o)
                0x030075f4                dbg_dump_mac
 .text.dbg_dump_ip
                0x0300763c       0x38 icomlib.a(ssv_lib_slow.o)
                0x0300763c                dbg_dump_ip
 .text          0x03007674        0x0 icomlib.a(swpwm.o)
 .text.initSwPWM
                0x03007674       0x28 icomlib.a(swpwm.o)
                0x03007674                initSwPWM
 .text.pwm_unregister
                0x0300769c       0xa0 icomlib.a(swpwm.o)
                0x0300769c                pwm_unregister
 .text.disableSwPWM
                0x0300773c       0x34 icomlib.a(swpwm.o)
                0x0300773c                disableSwPWM
 .text.pwm_register
                0x03007770       0xe4 icomlib.a(swpwm.o)
                0x03007770                pwm_register
 .text.enableSwPWM
                0x03007854       0x6c icomlib.a(swpwm.o)
                0x03007854                enableSwPWM
 .text          0x030078c0        0x0 icomlib.a(systemconf.o)
 .text.gconfig_gen_header_to_mem
                0x030078c0       0x3c icomlib.a(systemconf.o)
                0x030078c0                gconfig_gen_header_to_mem
 .text.gconfig_gen_config_to_mem
                0x030078fc       0x48 icomlib.a(systemconf.o)
                0x030078fc                gconfig_gen_config_to_mem
 .text.gconfig_gen_config_table
                0x03007944      0x114 icomlib.a(systemconf.o)
                0x03007944                gconfig_gen_config_table
 .text.gconfig_save_config
                0x03007a58       0x48 icomlib.a(systemconf.o)
                0x03007a58                gconfig_save_config
 .text.gconfig_set_softap_ssid
                0x03007aa0       0xb4 icomlib.a(systemconf.o)
                0x03007aa0                gconfig_set_softap_ssid
 .text.gconfig_set_enable_smart
                0x03007b54       0x78 icomlib.a(systemconf.o)
                0x03007b54                gconfig_set_enable_smart
 .text.gconfig_set_auto_connect
                0x03007bcc       0x40 icomlib.a(systemconf.o)
                0x03007bcc                gconfig_set_auto_connect
 .text.gconfig_init_global_conf_by_define
                0x03007c0c       0x14 icomlib.a(systemconf.o)
                0x03007c0c                gconfig_init_global_conf_by_define
 .text.reset_global_conf
                0x03007c20       0x3c icomlib.a(systemconf.o)
                0x03007c20                reset_global_conf
 .text.remove_sysconfig
                0x03007c5c       0x58 icomlib.a(systemconf.o)
                0x03007c5c                remove_sysconfig
 .text.write_wifi_config
                0x03007cb4       0xa4 icomlib.a(systemconf.o)
                0x03007cb4                write_wifi_config
 .text.read_wifi_config
                0x03007d58       0x90 icomlib.a(systemconf.o)
                0x03007d58                read_wifi_config
 .text.init_global_conf
                0x03007de8      0x144 icomlib.a(systemconf.o)
                0x03007de8                init_global_conf
 .text.clear_ap_lists
                0x03007f2c       0x3c icomlib.a(systemconf.o)
                0x03007f2c                clear_ap_lists
 .text          0x03007f68        0x0 icomlib.a(wdog_api.o)
 .text.process_thread_watchdog_process
                0x03007f68       0xf4 icomlib.a(wdog_api.o)
 .text.api_wdog_reboot
                0x0300805c        0x4 icomlib.a(wdog_api.o)
                0x0300805c                api_wdog_reboot
 .text.api_wdog_period_5000ms
                0x03008060        0x4 icomlib.a(wdog_api.o)
                0x03008060                api_wdog_period_5000ms
 .text.api_wdog_period_10000ms
                0x03008064        0x4 icomlib.a(wdog_api.o)
                0x03008064                api_wdog_period_10000ms
 .text.api_wdog_period_cutommed
                0x03008068        0x4 icomlib.a(wdog_api.o)
                0x03008068                api_wdog_period_cutommed
 .text.api_wdog_stop
                0x0300806c        0x4 icomlib.a(wdog_api.o)
                0x0300806c                api_wdog_stop
 .text.clear_rx_fifo
                0x03008070       0xc8 icomlib.a(wdog_api.o)
                0x03008070                clear_rx_fifo
 .text          0x03008138        0x0 icomlib.a(bsp.o)
 .text.set_mrx_filter_sta
                0x03008138      0x254 icomlib.a(bsp.o)
                0x03008138                set_mrx_filter_sta
 .text.set_softap_trap_enable
                0x0300838c       0x14 icomlib.a(bsp.o)
                0x0300838c                set_softap_trap_enable
 .text.set_softap_trap_disable
                0x030083a0       0x14 icomlib.a(bsp.o)
                0x030083a0                set_softap_trap_disable
 .text.set_mrx_filter_softap
                0x030083b4      0x2ac icomlib.a(bsp.o)
                0x030083b4                set_mrx_filter_softap
 .text.chk_chip_valid
                0x03008660       0x2c icomlib.a(bsp.o)
                0x03008660                chk_chip_valid
 .text.bsp_init
                0x0300868c       0x8c icomlib.a(bsp.o)
                0x0300868c                bsp_init
 .text.enable_dcdc_mode
                0x03008718       0x20 icomlib.a(bsp.o)
                0x03008718                enable_dcdc_mode
 .text          0x03008738        0x0 icomlib.a(crypthw.o)
 .text.drv_id_mng_alloc
                0x03008738       0x7c icomlib.a(crypthw.o)
                0x03008738                drv_id_mng_alloc
 .text.PBUF_MAlloc_Raw
                0x030087b4       0x50 icomlib.a(crypthw.o)
                0x030087b4                PBUF_MAlloc_Raw
 .text.wpa_drv_init
                0x03008804       0x40 icomlib.a(crypthw.o)
                0x03008804                wpa_drv_init
 .text.soft_mac_init
                0x03008844       0x68 icomlib.a(crypthw.o)
                0x03008844                soft_mac_init
 .text          0x030088ac        0x0 icomlib.a(dbg-atcmd-api.o)
 .text.LogTemperature
                0x030088ac       0x94 icomlib.a(dbg-atcmd-api.o)
                0x030088ac                LogTemperature
 .text.Channel2Index
                0x03008940       0x1c icomlib.a(dbg-atcmd-api.o)
                0x03008940                Channel2Index
 .text.Gain2Power
                0x0300895c      0x15c icomlib.a(dbg-atcmd-api.o)
                0x0300895c                Gain2Power
 .text.Power2BGain
                0x03008ab8      0x1a0 icomlib.a(dbg-atcmd-api.o)
                0x03008ab8                Power2BGain
 .text.Power2GGain
                0x03008c58      0x188 icomlib.a(dbg-atcmd-api.o)
                0x03008c58                Power2GGain
 .text.GetDefaultGain
                0x03008de0       0xb4 icomlib.a(dbg-atcmd-api.o)
                0x03008de0                GetDefaultGain
 .text.Freq2P   0x03008e94        0xc icomlib.a(dbg-atcmd-api.o)
                0x03008e94                Freq2P
 .text.Freq2N   0x03008ea0        0xc icomlib.a(dbg-atcmd-api.o)
                0x03008ea0                Freq2N
 .text.UpdateConf
                0x03008eac      0x368 icomlib.a(dbg-atcmd-api.o)
                0x03008eac                UpdateConf
 .text.drv_phy_wait_rdy2
                0x03009214       0x30 icomlib.a(dbg-atcmd-api.o)
                0x03009214                drv_phy_wait_rdy2
 .text.mac_transfer
                0x03009244       0x40 icomlib.a(dbg-atcmd-api.o)
                0x03009244                mac_transfer
 .text.serial_transfer
                0x03009284       0x58 icomlib.a(dbg-atcmd-api.o)
                0x03009284                serial_transfer
 .text._DBG_AT_SET_PEERMAC
                0x030092dc       0x2c icomlib.a(dbg-atcmd-api.o)
                0x030092dc                _DBG_AT_SET_PEERMAC
 .text._DBG_AT_SET_PEERMAC_SOFTAP
                0x03009308       0x38 icomlib.a(dbg-atcmd-api.o)
                0x03009308                _DBG_AT_SET_PEERMAC_SOFTAP
 .text._DBG_AT_RESET_PEERMAC_SOFTAP
                0x03009340       0x38 icomlib.a(dbg-atcmd-api.o)
                0x03009340                _DBG_AT_RESET_PEERMAC_SOFTAP
 .text._DBG_AT_SET_CHANNEL
                0x03009378       0x50 icomlib.a(dbg-atcmd-api.o)
                0x03009378                _DBG_AT_SET_CHANNEL
 .text._DBG_AT_SET_MAC
                0x030093c8        0x4 icomlib.a(dbg-atcmd-api.o)
                0x030093c8                _DBG_AT_SET_MAC
 .text._DBG_AT_SET_BSSID
                0x030093cc        0x4 icomlib.a(dbg-atcmd-api.o)
                0x030093cc                _DBG_AT_SET_BSSID
 .text._DBG_AT_SEND
                0x030093d0       0x58 icomlib.a(dbg-atcmd-api.o)
                0x030093d0                _DBG_AT_SEND
 .text.process_thread_start_tx_process
                0x03009428      0x120 icomlib.a(dbg-atcmd-api.o)
 .text.RFStart  0x03009548      0x2b8 icomlib.a(dbg-atcmd-api.o)
                0x03009548                RFStart
 .text.process_thread_rf_start_process
                0x03009800       0xf0 icomlib.a(dbg-atcmd-api.o)
 .text.RFRate   0x030098f0      0x2ac icomlib.a(dbg-atcmd-api.o)
                0x030098f0                RFRate
 .text.RFBGain  0x03009b9c       0x88 icomlib.a(dbg-atcmd-api.o)
                0x03009b9c                RFBGain
 .text.RFGNGain
                0x03009c24       0x88 icomlib.a(dbg-atcmd-api.o)
                0x03009c24                RFGNGain
 .text.RFIQPhase
                0x03009cac       0x88 icomlib.a(dbg-atcmd-api.o)
                0x03009cac                RFIQPhase
 .text.RFIQAmp  0x03009d34       0x88 icomlib.a(dbg-atcmd-api.o)
                0x03009d34                RFIQAmp
 .text.RFStop   0x03009dbc       0x3c icomlib.a(dbg-atcmd-api.o)
                0x03009dbc                RFStop
 .text.RFReset  0x03009df8      0x454 icomlib.a(dbg-atcmd-api.o)
                0x03009df8                RFReset
 .text.RFCount  0x0300a24c       0x58 icomlib.a(dbg-atcmd-api.o)
                0x0300a24c                RFCount
 .text.RFFreqOffset
                0x0300a2a4       0xf0 icomlib.a(dbg-atcmd-api.o)
                0x0300a2a4                RFFreqOffset
 .text.RFTempcsHT
                0x0300a394       0xa8 icomlib.a(dbg-atcmd-api.o)
                0x0300a394                RFTempcsHT
 .text.RFTempcsRT
                0x0300a43c       0xa8 icomlib.a(dbg-atcmd-api.o)
                0x0300a43c                RFTempcsRT
 .text.RFTempcsLT
                0x0300a4e4       0xa8 icomlib.a(dbg-atcmd-api.o)
                0x0300a4e4                RFTempcsLT
 .text.ReadTemperature
                0x0300a58c       0xc8 icomlib.a(dbg-atcmd-api.o)
                0x0300a58c                ReadTemperature
 .text.process_thread_temperature_compensator_process
                0x0300a654      0x298 icomlib.a(dbg-atcmd-api.o)
 .text.EnableTemperatureCompensator
                0x0300a8ec       0x1c icomlib.a(dbg-atcmd-api.o)
                0x0300a8ec                EnableTemperatureCompensator
 .text.DumpRFParam
                0x0300a908       0xec icomlib.a(dbg-atcmd-api.o)
                0x0300a908                DumpRFParam
 .text.WriteParam2Flash
                0x0300a9f4      0x2e0 icomlib.a(dbg-atcmd-api.o)
                0x0300a9f4                WriteParam2Flash
 .text.RFSetLDO
                0x0300acd4       0x7c icomlib.a(dbg-atcmd-api.o)
                0x0300acd4                RFSetLDO
 .text.RFSetPA1
                0x0300ad50       0x5c icomlib.a(dbg-atcmd-api.o)
                0x0300ad50                RFSetPA1
 .text.RFSetPA2
                0x0300adac       0x60 icomlib.a(dbg-atcmd-api.o)
                0x0300adac                RFSetPA2
 .text.RFSetPA3
                0x0300ae0c       0x5c icomlib.a(dbg-atcmd-api.o)
                0x0300ae0c                RFSetPA3
 .text.RFSetXTAL
                0x0300ae68       0x60 icomlib.a(dbg-atcmd-api.o)
                0x0300ae68                RFSetXTAL
 .text.RFSetFlashXTAL
                0x0300aec8       0x9c icomlib.a(dbg-atcmd-api.o)
                0x0300aec8                RFSetFlashXTAL
 .text.SetTemperatureBoundary
                0x0300af64       0x90 icomlib.a(dbg-atcmd-api.o)
                0x0300af64                SetTemperatureBoundary
 .text.Radio_Command
                0x0300aff4     0x10c4 icomlib.a(dbg-atcmd-api.o)
                0x0300aff4                Radio_Command
 .text.Parse_Radio_Command
                0x0300c0b8       0x88 icomlib.a(dbg-atcmd-api.o)
                0x0300c0b8                Parse_Radio_Command
 .text          0x0300c140        0x0 icomlib.a(drv_mac.o)
 .text.SET_STA_MAC
                0x0300c140       0x74 icomlib.a(drv_mac.o)
                0x0300c140                SET_STA_MAC
 .text.GET_STA_MAC
                0x0300c1b4       0x4c icomlib.a(drv_mac.o)
                0x0300c1b4                GET_STA_MAC
 .text.SET_BSSID
                0x0300c200       0x74 icomlib.a(drv_mac.o)
                0x0300c200                SET_BSSID
 .text.GET_BSSID
                0x0300c274       0x4c icomlib.a(drv_mac.o)
                0x0300c274                GET_BSSID
 .text.SET_PEER_MAC0
                0x0300c2c0       0x74 icomlib.a(drv_mac.o)
                0x0300c2c0                SET_PEER_MAC0
 .text.GET_PEER_MAC0
                0x0300c334       0x4c icomlib.a(drv_mac.o)
                0x0300c334                GET_PEER_MAC0
 .text.SET_PEER_MAC1
                0x0300c380       0x74 icomlib.a(drv_mac.o)
                0x0300c380                SET_PEER_MAC1
 .text.GET_PEER_MAC1
                0x0300c3f4       0x4c icomlib.a(drv_mac.o)
                0x0300c3f4                GET_PEER_MAC1
 .text.SET_MRX_MCAST_TB0
                0x0300c440       0x74 icomlib.a(drv_mac.o)
                0x0300c440                SET_MRX_MCAST_TB0
 .text.GET_MRX_MCAST_TB0
                0x0300c4b4       0x4c icomlib.a(drv_mac.o)
                0x0300c4b4                GET_MRX_MCAST_TB0
 .text.SET_MRX_MCAST_TB1
                0x0300c500       0x74 icomlib.a(drv_mac.o)
                0x0300c500                SET_MRX_MCAST_TB1
 .text.GET_MRX_MCAST_TB1
                0x0300c574       0x4c icomlib.a(drv_mac.o)
                0x0300c574                GET_MRX_MCAST_TB1
 .text.SET_MRX_MCAST_TB2
                0x0300c5c0       0x74 icomlib.a(drv_mac.o)
                0x0300c5c0                SET_MRX_MCAST_TB2
 .text.GET_MRX_MCAST_TB2
                0x0300c634       0x4c icomlib.a(drv_mac.o)
                0x0300c634                GET_MRX_MCAST_TB2
 .text.SET_MRX_MCAST_TB3
                0x0300c680       0x74 icomlib.a(drv_mac.o)
                0x0300c680                SET_MRX_MCAST_TB3
 .text.GET_MRX_MCAST_TB3
                0x0300c6f4       0x4c icomlib.a(drv_mac.o)
                0x0300c6f4                GET_MRX_MCAST_TB3
 .text.SET_MRX_MCAST_MASK0
                0x0300c740       0x74 icomlib.a(drv_mac.o)
                0x0300c740                SET_MRX_MCAST_MASK0
 .text.GET_MRX_MCAST_MASK0
                0x0300c7b4       0x4c icomlib.a(drv_mac.o)
                0x0300c7b4                GET_MRX_MCAST_MASK0
 .text.SET_MRX_MCAST_MASK1
                0x0300c800       0x74 icomlib.a(drv_mac.o)
                0x0300c800                SET_MRX_MCAST_MASK1
 .text.GET_MRX_MCAST_MASK1
                0x0300c874       0x4c icomlib.a(drv_mac.o)
                0x0300c874                GET_MRX_MCAST_MASK1
 .text.SET_MRX_MCAST_MASK2
                0x0300c8c0       0x74 icomlib.a(drv_mac.o)
                0x0300c8c0                SET_MRX_MCAST_MASK2
 .text.GET_MRX_MCAST_MASK2
                0x0300c934       0x4c icomlib.a(drv_mac.o)
                0x0300c934                GET_MRX_MCAST_MASK2
 .text.SET_MRX_MCAST_MASK3
                0x0300c980       0x74 icomlib.a(drv_mac.o)
                0x0300c980                SET_MRX_MCAST_MASK3
 .text.GET_MRX_MCAST_MASK3
                0x0300c9f4       0x4c icomlib.a(drv_mac.o)
                0x0300c9f4                GET_MRX_MCAST_MASK3
 .text.SET_BA_TA
                0x0300ca40       0x74 icomlib.a(drv_mac.o)
                0x0300ca40                SET_BA_TA
 .text.GET_BA_TA
                0x0300cab4       0x4c icomlib.a(drv_mac.o)
                0x0300cab4                GET_BA_TA
 .text.SET_ACK_GEN_RA
                0x0300cb00       0x74 icomlib.a(drv_mac.o)
                0x0300cb00                SET_ACK_GEN_RA
 .text.GET_ACK_GEN_RA
                0x0300cb74       0x4c icomlib.a(drv_mac.o)
                0x0300cb74                GET_ACK_GEN_RA
 .text          0x0300cbc0        0x0 icomlib.a(drv_phy.o)
 .text.rg_idacai_pgag0_load
                0x0300cbc0       0x1c icomlib.a(drv_phy.o)
                0x0300cbc0                rg_idacai_pgag0_load
 .text.rg_idacai_pgag1_load
                0x0300cbdc       0x1c icomlib.a(drv_phy.o)
                0x0300cbdc                rg_idacai_pgag1_load
 .text.rg_idacai_pgag2_load
                0x0300cbf8       0x1c icomlib.a(drv_phy.o)
                0x0300cbf8                rg_idacai_pgag2_load
 .text.rg_idacai_pgag3_load
                0x0300cc14       0x1c icomlib.a(drv_phy.o)
                0x0300cc14                rg_idacai_pgag3_load
 .text.rg_idacai_pgag4_load
                0x0300cc30       0x1c icomlib.a(drv_phy.o)
                0x0300cc30                rg_idacai_pgag4_load
 .text.rg_idacai_pgag5_load
                0x0300cc4c       0x1c icomlib.a(drv_phy.o)
                0x0300cc4c                rg_idacai_pgag5_load
 .text.rg_idacai_pgag6_load
                0x0300cc68       0x1c icomlib.a(drv_phy.o)
                0x0300cc68                rg_idacai_pgag6_load
 .text.rg_idacai_pgag7_load
                0x0300cc84       0x1c icomlib.a(drv_phy.o)
                0x0300cc84                rg_idacai_pgag7_load
 .text.rg_idacai_pgag8_load
                0x0300cca0       0x1c icomlib.a(drv_phy.o)
                0x0300cca0                rg_idacai_pgag8_load
 .text.rg_idacai_pgag9_load
                0x0300ccbc       0x1c icomlib.a(drv_phy.o)
                0x0300ccbc                rg_idacai_pgag9_load
 .text.rg_idacai_pgag10_load
                0x0300ccd8       0x1c icomlib.a(drv_phy.o)
                0x0300ccd8                rg_idacai_pgag10_load
 .text.rg_idacai_pgag11_load
                0x0300ccf4       0x1c icomlib.a(drv_phy.o)
                0x0300ccf4                rg_idacai_pgag11_load
 .text.rg_idacai_pgag12_load
                0x0300cd10       0x1c icomlib.a(drv_phy.o)
                0x0300cd10                rg_idacai_pgag12_load
 .text.rg_idacai_pgag13_load
                0x0300cd2c       0x1c icomlib.a(drv_phy.o)
                0x0300cd2c                rg_idacai_pgag13_load
 .text.rg_idacai_pgag14_load
                0x0300cd48       0x1c icomlib.a(drv_phy.o)
                0x0300cd48                rg_idacai_pgag14_load
 .text.rg_idacai_pgag15_load
                0x0300cd64       0x1c icomlib.a(drv_phy.o)
                0x0300cd64                rg_idacai_pgag15_load
 .text.rg_idacaq_pgag0_load
                0x0300cd80       0x1c icomlib.a(drv_phy.o)
                0x0300cd80                rg_idacaq_pgag0_load
 .text.rg_idacaq_pgag1_load
                0x0300cd9c       0x1c icomlib.a(drv_phy.o)
                0x0300cd9c                rg_idacaq_pgag1_load
 .text.rg_idacaq_pgag2_load
                0x0300cdb8       0x1c icomlib.a(drv_phy.o)
                0x0300cdb8                rg_idacaq_pgag2_load
 .text.rg_idacaq_pgag3_load
                0x0300cdd4       0x1c icomlib.a(drv_phy.o)
                0x0300cdd4                rg_idacaq_pgag3_load
 .text.rg_idacaq_pgag4_load
                0x0300cdf0       0x1c icomlib.a(drv_phy.o)
                0x0300cdf0                rg_idacaq_pgag4_load
 .text.rg_idacaq_pgag5_load
                0x0300ce0c       0x1c icomlib.a(drv_phy.o)
                0x0300ce0c                rg_idacaq_pgag5_load
 .text.rg_idacaq_pgag6_load
                0x0300ce28       0x1c icomlib.a(drv_phy.o)
                0x0300ce28                rg_idacaq_pgag6_load
 .text.rg_idacaq_pgag7_load
                0x0300ce44       0x1c icomlib.a(drv_phy.o)
                0x0300ce44                rg_idacaq_pgag7_load
 .text.rg_idacaq_pgag8_load
                0x0300ce60       0x1c icomlib.a(drv_phy.o)
                0x0300ce60                rg_idacaq_pgag8_load
 .text.rg_idacaq_pgag9_load
                0x0300ce7c       0x1c icomlib.a(drv_phy.o)
                0x0300ce7c                rg_idacaq_pgag9_load
 .text.rg_idacaq_pgag10_load
                0x0300ce98       0x1c icomlib.a(drv_phy.o)
                0x0300ce98                rg_idacaq_pgag10_load
 .text.rg_idacaq_pgag11_load
                0x0300ceb4       0x1c icomlib.a(drv_phy.o)
                0x0300ceb4                rg_idacaq_pgag11_load
 .text.rg_idacaq_pgag12_load
                0x0300ced0       0x1c icomlib.a(drv_phy.o)
                0x0300ced0                rg_idacaq_pgag12_load
 .text.rg_idacaq_pgag13_load
                0x0300ceec       0x1c icomlib.a(drv_phy.o)
                0x0300ceec                rg_idacaq_pgag13_load
 .text.rg_idacaq_pgag14_load
                0x0300cf08       0x1c icomlib.a(drv_phy.o)
                0x0300cf08                rg_idacaq_pgag14_load
 .text.rg_idacaq_pgag15_load
                0x0300cf24       0x1c icomlib.a(drv_phy.o)
                0x0300cf24                rg_idacaq_pgag15_load
 .text.rfreg_byxtal_load
                0x0300cf40       0x84 icomlib.a(drv_phy.o)
                0x0300cf40                rfreg_byxtal_load
 .text.rfreg_bych_load
                0x0300cfc4       0x7c icomlib.a(drv_phy.o)
                0x0300cfc4                rfreg_bych_load
 .text.rfreg_bypa_load
                0x0300d040       0x44 icomlib.a(drv_phy.o)
                0x0300d040                rfreg_bypa_load
 .text.drv_phy_tbl_load
                0x0300d084       0x38 icomlib.a(drv_phy.o)
                0x0300d084                drv_phy_tbl_load
 .text.drv_phy_cfgtbl_load
                0x0300d0bc       0x20 icomlib.a(drv_phy.o)
                0x0300d0bc                drv_phy_cfgtbl_load
 .text.drv_phy_wait_rdy
                0x0300d0dc       0x30 icomlib.a(drv_phy.o)
                0x0300d0dc                drv_phy_wait_rdy
 .text.drv_phy_cali_rcal
                0x0300d10c       0x68 icomlib.a(drv_phy.o)
                0x0300d10c                drv_phy_cali_rcal
 .text.drv_phy_cali_tssi
                0x0300d174      0x1b8 icomlib.a(drv_phy.o)
                0x0300d174                drv_phy_cali_tssi
 .text.drv_phy_temperature
                0x0300d32c       0x90 icomlib.a(drv_phy.o)
                0x0300d32c                drv_phy_temperature
 .text.drv_phy_cali_papd_learning
                0x0300d3bc      0x1ec icomlib.a(drv_phy.o)
                0x0300d3bc                drv_phy_cali_papd_learning
 .text.drv_phy_channel_change
                0x0300d5a8       0x74 icomlib.a(drv_phy.o)
                0x0300d5a8                drv_phy_channel_change
 .text.drv_phy_sprm
                0x0300d61c       0x64 icomlib.a(drv_phy.o)
                0x0300d61c                drv_phy_sprm
 .text.drv_phy_cali_txlo
                0x0300d680      0x16c icomlib.a(drv_phy.o)
                0x0300d680                drv_phy_cali_txlo
 .text.drv_phy_cali_txiq
                0x0300d7ec      0x160 icomlib.a(drv_phy.o)
                0x0300d7ec                drv_phy_cali_txiq
 .text.drv_phy_cali_rxrc
                0x0300d94c      0x23c icomlib.a(drv_phy.o)
                0x0300d94c                drv_phy_cali_rxrc
 .text.drv_phy_fft_enrg
                0x0300db88       0x54 icomlib.a(drv_phy.o)
                0x0300db88                drv_phy_fft_enrg
 .text.drv_phy_cali_rxiq_fft
                0x0300dbdc      0x1a4 icomlib.a(drv_phy.o)
                0x0300dbdc                drv_phy_cali_rxiq_fft
 .text.rtbl_cali_reg_rmw
                0x0300dd80       0x28 icomlib.a(drv_phy.o)
                0x0300dd80                rtbl_cali_reg_rmw
 .text.rtbl_cali_pre_load
                0x0300dda8       0x68 icomlib.a(drv_phy.o)
                0x0300dda8                rtbl_cali_pre_load
 .text.drv_phy_cali_rxdc
                0x0300de10      0x224 icomlib.a(drv_phy.o)
                0x0300de10                drv_phy_cali_rxdc
 .text.rtbl_cali_load
                0x0300e034       0x24 icomlib.a(drv_phy.o)
                0x0300e034                rtbl_cali_load
 .text.rtbl_cali_export
                0x0300e058       0x18 icomlib.a(drv_phy.o)
                0x0300e058                rtbl_cali_export
 .text.rtbl_cali_load_def
                0x0300e070       0x68 icomlib.a(drv_phy.o)
                0x0300e070                rtbl_cali_load_def
 .text.rtbl_cali_reset
                0x0300e0d8       0x38 icomlib.a(drv_phy.o)
                0x0300e0d8                rtbl_cali_reset
 .text.rtbl_cali_set
                0x0300e110       0x84 icomlib.a(drv_phy.o)
                0x0300e110                rtbl_cali_set
 .text.drv_phy_init
                0x0300e194       0x90 icomlib.a(drv_phy.o)
                0x0300e194                drv_phy_init
 .text.drv_phy_off
                0x0300e224       0x14 icomlib.a(drv_phy.o)
                0x0300e224                drv_phy_off
 .text.drv_phy_b_only
                0x0300e238       0x10 icomlib.a(drv_phy.o)
                0x0300e238                drv_phy_b_only
 .text.drv_phy_bgn
                0x0300e248       0x14 icomlib.a(drv_phy.o)
                0x0300e248                drv_phy_bgn
 .text.drv_phy_on
                0x0300e25c       0x14 icomlib.a(drv_phy.o)
                0x0300e25c                drv_phy_on
 .text.drv_phy_cali_ro_iqcal_o
                0x0300e270        0xc icomlib.a(drv_phy.o)
                0x0300e270                drv_phy_cali_ro_iqcal_o
 .text.drv_phy_cali_papd_div
                0x0300e27c       0x84 icomlib.a(drv_phy.o)
                0x0300e27c                drv_phy_cali_papd_div
 .text.drv_phy_cali_papd_gain_est
                0x0300e300      0x160 icomlib.a(drv_phy.o)
                0x0300e300                drv_phy_cali_papd_gain_est
 .text.drv_phy_cali_ph_wrap
                0x0300e460       0x1c icomlib.a(drv_phy.o)
                0x0300e460                drv_phy_cali_ph_wrap
 .text.drv_phy_cali_papd
                0x0300e47c      0x5a4 icomlib.a(drv_phy.o)
                0x0300e47c                drv_phy_cali_papd
 .text.drv_phy_reg_init
                0x0300ea20       0xd0 icomlib.a(drv_phy.o)
                0x0300ea20                drv_phy_reg_init
 .text.drv_phy_cali_rtbl_load
                0x0300eaf0       0x5c icomlib.a(drv_phy.o)
                0x0300eaf0                drv_phy_cali_rtbl_load
 .text.phy_cali_config_load
                0x0300eb4c      0x124 icomlib.a(drv_phy.o)
                0x0300eb4c                phy_cali_config_load
 .text.drv_phy_cali_rtbl_load_def
                0x0300ec70       0x5c icomlib.a(drv_phy.o)
                0x0300ec70                drv_phy_cali_rtbl_load_def
 .text.drv_phy_cali_rtbl_reset
                0x0300eccc       0x5c icomlib.a(drv_phy.o)
                0x0300eccc                drv_phy_cali_rtbl_reset
 .text.drv_phy_cali_rtbl_set
                0x0300ed28       0x5c icomlib.a(drv_phy.o)
                0x0300ed28                drv_phy_cali_rtbl_set
 .text.drv_phy_cali_rtbl_export
                0x0300ed84        0x4 icomlib.a(drv_phy.o)
                0x0300ed84                drv_phy_cali_rtbl_export
 .text.drv_phy_init_cali
                0x0300ed88       0xc4 icomlib.a(drv_phy.o)
                0x0300ed88                drv_phy_init_cali
 .text.drv_phy_evm_tk
                0x0300ee4c       0x5c icomlib.a(drv_phy.o)
                0x0300ee4c                drv_phy_evm_tk
 .text.drv_phy_tone_tk
                0x0300eea8       0x38 icomlib.a(drv_phy.o)
                0x0300eea8                drv_phy_tone_tk
 .text          0x0300eee0        0x0 icomlib.a(drv_pktbuf_slow)
 .text.ssv6xxx_pbuf_dump_reg
                0x0300eee0      0x4d0 icomlib.a(drv_pktbuf_slow)
                0x0300eee0                ssv6xxx_pbuf_dump_reg
 .text          0x0300f3b0        0x0 icomlib.a(hash_alg.o)
 .text          0x0300f3b0        0x0 icomlib.a(hmac_md5.o)
 .text          0x0300f3b0        0x0 icomlib.a(hmac_sha1.o)
 .text          0x0300f3b0        0x0 icomlib.a(ieee80211_mgmt.)
 .text.process_thread_scan_channel_process
                0x0300f3b0       0xd8 icomlib.a(ieee80211_mgmt.)
 .text.process_thread_beacon_process
                0x0300f488      0x25c icomlib.a(ieee80211_mgmt.)
 .text.addAvailableIndex
                0x0300f6e4       0x3c icomlib.a(ieee80211_mgmt.)
                0x0300f6e4                addAvailableIndex
 .text.reset_AvailableIndex
                0x0300f720       0x14 icomlib.a(ieee80211_mgmt.)
                0x0300f720                reset_AvailableIndex
 .text.is_action
                0x0300f734       0x14 icomlib.a(ieee80211_mgmt.)
                0x0300f734                is_action
 .text.htinfo_detect
                0x0300f748       0x74 icomlib.a(ieee80211_mgmt.)
                0x0300f748                htinfo_detect
 .text.tx_probe_req
                0x0300f7bc      0x190 icomlib.a(ieee80211_mgmt.)
                0x0300f7bc                tx_probe_req
 .text.tx_authentication_req_seq1
                0x0300f94c      0x168 icomlib.a(ieee80211_mgmt.)
                0x0300f94c                tx_authentication_req_seq1
 .text.tx_authentication_req_seq3
                0x0300fab4      0x128 icomlib.a(ieee80211_mgmt.)
                0x0300fab4                tx_authentication_req_seq3
 .text.tx_deauthentication_req
                0x0300fbdc       0xcc icomlib.a(ieee80211_mgmt.)
                0x0300fbdc                tx_deauthentication_req
 .text.tx_association_req
                0x0300fca8      0x218 icomlib.a(ieee80211_mgmt.)
                0x0300fca8                tx_association_req
 .text.tx_deassociation_req
                0x0300fec0      0x110 icomlib.a(ieee80211_mgmt.)
                0x0300fec0                tx_deassociation_req
 .text.tx_action_BA_rsp
                0x0300ffd0       0xec icomlib.a(ieee80211_mgmt.)
                0x0300ffd0                tx_action_BA_rsp
 .text.rx_probe_rsp
                0x030100bc      0x378 icomlib.a(ieee80211_mgmt.)
                0x030100bc                rx_probe_rsp
 .text.rx_authentication_rsp
                0x03010434      0x1c0 icomlib.a(ieee80211_mgmt.)
                0x03010434                rx_authentication_rsp
 .text.rx_association_rsp
                0x030105f4       0x78 icomlib.a(ieee80211_mgmt.)
                0x030105f4                rx_association_rsp
 .text.rx_action_rsp
                0x0301066c       0x24 icomlib.a(ieee80211_mgmt.)
                0x0301066c                rx_action_rsp
 .text.rx_disassoc_rsp
                0x03010690       0x94 icomlib.a(ieee80211_mgmt.)
                0x03010690                rx_disassoc_rsp
 .text.rx_deauth_rsp
                0x03010724       0x94 icomlib.a(ieee80211_mgmt.)
                0x03010724                rx_deauth_rsp
 .text.calculateSignalLevel
                0x030107b8       0x44 icomlib.a(ieee80211_mgmt.)
                0x030107b8                calculateSignalLevel
 .text.startrecordAP
                0x030107fc       0x14 icomlib.a(ieee80211_mgmt.)
                0x030107fc                startrecordAP
 .text.stoprecordAP
                0x03010810       0x14 icomlib.a(ieee80211_mgmt.)
                0x03010810                stoprecordAP
 .text.removeAP_fromlist
                0x03010824       0xe0 icomlib.a(ieee80211_mgmt.)
                0x03010824                removeAP_fromlist
 .text.bss_mgmt_reboot
                0x03010904       0x60 icomlib.a(ieee80211_mgmt.)
                0x03010904                bss_mgmt_reboot
 .text.bss_mgmt_scan
                0x03010964       0x40 icomlib.a(ieee80211_mgmt.)
                0x03010964                bss_mgmt_scan
 .text.bss_mgmt_scan_custom
                0x030109a4       0x34 icomlib.a(ieee80211_mgmt.)
                0x030109a4                bss_mgmt_scan_custom
 .text.bss_mgmt_connect
                0x030109d8       0x78 icomlib.a(ieee80211_mgmt.)
                0x030109d8                bss_mgmt_connect
 .text.bss_mgmt_disconnect
                0x03010a50       0x68 icomlib.a(ieee80211_mgmt.)
                0x03010a50                bss_mgmt_disconnect
 .text.bss_mgmt_init
                0x03010ab8       0xd4 icomlib.a(ieee80211_mgmt.)
                0x03010ab8                bss_mgmt_init
 .text.startscanchannel
                0x03010b8c       0x1c icomlib.a(ieee80211_mgmt.)
                0x03010b8c                startscanchannel
 .text.stopscanchannel
                0x03010ba8       0x14 icomlib.a(ieee80211_mgmt.)
                0x03010ba8                stopscanchannel
 .text.recordAP
                0x03010bbc       0xc0 icomlib.a(ieee80211_mgmt.)
                0x03010bbc                recordAP
 .text.removeAP
                0x03010c7c       0xdc icomlib.a(ieee80211_mgmt.)
                0x03010c7c                removeAP
 .text.process_thread_bss_reconnect_process
                0x03010d58      0x554 icomlib.a(ieee80211_mgmt.)
 .text.bss_nslookup
                0x030112ac       0x3c icomlib.a(ieee80211_mgmt.)
                0x030112ac                bss_nslookup
 .text          0x030112e8        0x0 icomlib.a(irq.o)
 .text.irq_request
                0x030112e8      0x1c0 icomlib.a(irq.o)
                0x030112e8                irq_request
 .text.irq_init
                0x030114a8       0xb0 icomlib.a(irq.o)
                0x030114a8                irq_init
 .text          0x03011558        0x0 icomlib.a(netstack.o)
 .text.netstack_init
                0x03011558       0x38 icomlib.a(netstack.o)
                0x03011558                netstack_init
 .text          0x03011590        0x0 icomlib.a(sha1.o)
 .text          0x03011590        0x0 icomlib.a(wpa.o)
 .text.wpa_derive_ptk
                0x03011590       0xf4 icomlib.a(wpa.o)
 .text.init_wpa_ctx
                0x03011684       0x48 icomlib.a(wpa.o)
                0x03011684                init_wpa_ctx
 .text.init_AP_wpa_ctx
                0x030116cc       0xec icomlib.a(wpa.o)
                0x030116cc                init_AP_wpa_ctx
 .text.get_oui_subtype
                0x030117b8       0x50 icomlib.a(wpa.o)
                0x030117b8                get_oui_subtype
 .text.find_group_oui
                0x03011808       0x20 icomlib.a(wpa.o)
                0x03011808                find_group_oui
 .text.find_pairwise_oui_for_autoScan
                0x03011828       0x80 icomlib.a(wpa.o)
                0x03011828                find_pairwise_oui_for_autoScan
 .text.find_pairwise_oui
                0x030118a8       0xf0 icomlib.a(wpa.o)
                0x030118a8                find_pairwise_oui
 .text.find_akm_oui
                0x03011998       0xe4 icomlib.a(wpa.o)
                0x03011998                find_akm_oui
 .text.sec80211_detect
                0x03011a7c      0x14c icomlib.a(wpa.o)
                0x03011a7c                sec80211_detect
 .text.sec80211_detect_for_autoScan
                0x03011bc8       0xe4 icomlib.a(wpa.o)
                0x03011bc8                sec80211_detect_for_autoScan
 .text.pack_wpa2
                0x03011cac       0x40 icomlib.a(wpa.o)
                0x03011cac                pack_wpa2
 .text.cal_mic  0x03011cec       0x68 icomlib.a(wpa.o)
                0x03011cec                cal_mic
 .text.check_mic
                0x03011d54       0x74 icomlib.a(wpa.o)
                0x03011d54                check_mic
 .text.decrypt_keydata
                0x03011dc8       0xb4 icomlib.a(wpa.o)
                0x03011dc8                decrypt_keydata
 .text.install_key
                0x03011e7c       0x9c icomlib.a(wpa.o)
                0x03011e7c                install_key
 .text.InitPacketbuffer
                0x03011f18       0x6c icomlib.a(wpa.o)
                0x03011f18                InitPacketbuffer
 .text.tx_wpa_2_of_4
                0x03011f84      0x110 icomlib.a(wpa.o)
                0x03011f84                tx_wpa_2_of_4
 .text.rx_wpa_1_of_4
                0x03012094       0x5c icomlib.a(wpa.o)
                0x03012094                rx_wpa_1_of_4
 .text.tx_wpa_4_of_4
                0x030120f0      0x140 icomlib.a(wpa.o)
                0x030120f0                tx_wpa_4_of_4
 .text.rx_wpa_3_of_4
                0x03012230      0x1ac icomlib.a(wpa.o)
                0x03012230                rx_wpa_3_of_4
 .text.rx_wpa_1_of_2
                0x030123dc      0x1b8 icomlib.a(wpa.o)
                0x030123dc                rx_wpa_1_of_2
 .text.tx_wpa_1_of_4
                0x03012594       0xcc icomlib.a(wpa.o)
                0x03012594                tx_wpa_1_of_4
 .text.rx_wpa_2_of_4
                0x03012660      0x1d8 icomlib.a(wpa.o)
                0x03012660                rx_wpa_2_of_4
 .text.tx_wpa_3_of_4
                0x03012838      0x1c8 icomlib.a(wpa.o)
                0x03012838                tx_wpa_3_of_4
 .text          0x03012a00        0x0 icomlib.a(sys_status_api.)
 .text.get_local_mac
                0x03012a00       0x38 icomlib.a(sys_status_api.)
                0x03012a00                get_local_mac
 .text.get_connectAP_mac
                0x03012a38       0x38 icomlib.a(sys_status_api.)
                0x03012a38                get_connectAP_mac
 .text.get_wifi_connect_status
                0x03012a70       0x10 icomlib.a(sys_status_api.)
                0x03012a70                get_wifi_connect_status
 .text.get_wifi_connected
                0x03012a80       0x10 icomlib.a(sys_status_api.)
                0x03012a80                get_wifi_connected
 .text.get_ap_lsit_total_num
                0x03012a90        0x4 icomlib.a(sys_status_api.)
                0x03012a90                get_ap_lsit_total_num
 .text.set_nslookup
                0x03012a94        0x4 icomlib.a(sys_status_api.)
                0x03012a94                set_nslookup
 .text.set_slink_ready_and_ack
                0x03012a98        0x4 icomlib.a(sys_status_api.)
                0x03012a98                set_slink_ready_and_ack
 .text          0x03012a9c        0x0 icomlib.a(arc4.o)
 .text          0x03012a9c        0x0 icomlib.a(md5.o)
 .text.Encode   0x03012a9c       0x48 icomlib.a(md5.o)
 .text.MD5Transform
                0x03012ae4      0xa54 icomlib.a(md5.o)
 .text          0x03013538        0x0 icomlib.a(wep.o)
 .text.crc32_le.constprop.0
                0x03013538       0x50 icomlib.a(wep.o)
 .text.getAuthChallengeTextLen
                0x03013588       0x10 icomlib.a(wep.o)
                0x03013588                getAuthChallengeTextLen
 .text.getAuthAlgNum
                0x03013598       0x10 icomlib.a(wep.o)
                0x03013598                getAuthAlgNum
 .text.getAuthSeqNum
                0x030135a8       0x10 icomlib.a(wep.o)
                0x030135a8                getAuthSeqNum
 .text.getAuthStatus
                0x030135b8       0x10 icomlib.a(wep.o)
                0x030135b8                getAuthStatus
 .text.SetAuthChallengeText
                0x030135c8       0x30 icomlib.a(wep.o)
                0x030135c8                SetAuthChallengeText
 .text.SetAuthChallengeTextLen
                0x030135f8       0x18 icomlib.a(wep.o)
                0x030135f8                SetAuthChallengeTextLen
 .text.SetAuthAlgNum
                0x03013610       0x10 icomlib.a(wep.o)
                0x03013610                SetAuthAlgNum
 .text.setAuthSeqNum
                0x03013620       0x10 icomlib.a(wep.o)
                0x03013620                setAuthSeqNum
 .text.setAuthStatus
                0x03013630       0x10 icomlib.a(wep.o)
                0x03013630                setAuthStatus
 .text.setKeyAndIV
                0x03013640       0x48 icomlib.a(wep.o)
                0x03013640                setKeyAndIV
 .text.saveAftEncData
                0x03013688       0x84 icomlib.a(wep.o)
                0x03013688                saveAftEncData
 .text.setBefEncData
                0x0301370c       0x84 icomlib.a(wep.o)
                0x0301370c                setBefEncData
 .text.getEncDecData
                0x03013790       0xbc icomlib.a(wep.o)
                0x03013790                getEncDecData
 .text.encDecSrcData
                0x0301384c       0xa4 icomlib.a(wep.o)
                0x0301384c                encDecSrcData
 .text.initKeyAndIV
                0x030138f0       0x2c icomlib.a(wep.o)
                0x030138f0                initKeyAndIV
 .text.randIV   0x0301391c       0x3c icomlib.a(wep.o)
                0x0301391c                randIV
 .text.savePassToTotalKey
                0x03013958      0x180 icomlib.a(wep.o)
                0x03013958                savePassToTotalKey
 .text.initWEP  0x03013ad8       0x80 icomlib.a(wep.o)
                0x03013ad8                initWEP
 .text.clearParaWithWEP
                0x03013b58       0x24 icomlib.a(wep.o)
                0x03013b58                clearParaWithWEP
 .text          0x03013b7c        0x0 icomlib.a(autostart.o)
 .text.autostart_start
                0x03013b7c       0x24 icomlib.a(autostart.o)
                0x03013b7c                autostart_start
 .text.autostart_exit
                0x03013ba0       0x20 icomlib.a(autostart.o)
                0x03013ba0                autostart_exit
 .text          0x03013bc0        0x0 icomlib.a(shell-ping.o)
 .text.process_thread_shell_ping_process
                0x03013bc0      0x250 icomlib.a(shell-ping.o)
 .text.ping_start
                0x03013e10       0x34 icomlib.a(shell-ping.o)
                0x03013e10                ping_start
 .text          0x03013e44        0x0 icomlib.a(random.o)
 .text.random_init
                0x03013e44        0x4 icomlib.a(random.o)
                0x03013e44                random_init
 .text.random_rand
                0x03013e48       0x14 icomlib.a(random.o)
                0x03013e48                random_rand
 .text          0x03013e5c        0x0 icomlib.a(airkiss.o)
 .text.airKissResult
                0x03013e5c       0xd4 icomlib.a(airkiss.o)
                0x03013e5c                airKissResult
 .text.airKissPrintVersion
                0x03013f30       0x1c icomlib.a(airkiss.o)
                0x03013f30                airKissPrintVersion
 .text.airKissInit
                0x03013f4c       0x20 icomlib.a(airkiss.o)
                0x03013f4c                airKissInit
 .text.SetAirkissStart
                0x03013f6c       0x40 icomlib.a(airkiss.o)
                0x03013f6c                SetAirkissStart
 .text.clearAirKissBuf
                0x03013fac       0x30 icomlib.a(airkiss.o)
                0x03013fac                clearAirKissBuf
 .text.resetAirkiss
                0x03013fdc       0x24 icomlib.a(airkiss.o)
                0x03013fdc                resetAirkiss
 .text.process_thread_airkiss_conf_process
                0x03014000      0x12c icomlib.a(airkiss.o)
 .text.initAirKiss
                0x0301412c       0x50 icomlib.a(airkiss.o)
                0x0301412c                initAirKiss
 .text          0x0301417c        0x0 icomlib.a(bsp_info.o)
 .text.bsp_get_boot_info
                0x0301417c       0xbc icomlib.a(bsp_info.o)
                0x0301417c                bsp_get_boot_info
 .text.get_boot_stack_fence
                0x03014238       0x3c icomlib.a(bsp_info.o)
                0x03014238                get_boot_stack_fence
 .text.bsp_get_mp_info
                0x03014274      0x534 icomlib.a(bsp_info.o)
                0x03014274                bsp_get_mp_info
 .text.bsp_get_define_info
                0x030147a8       0xc4 icomlib.a(bsp_info.o)
                0x030147a8                bsp_get_define_info
 .text.bsp_get_config_info
                0x0301486c      0x374 icomlib.a(bsp_info.o)
                0x0301486c                bsp_get_config_info
 .text          0x03014be0        0x0 icomlib.a(cfs-coffee.o)
 .text.load_file
                0x03014be0       0xa8 icomlib.a(cfs-coffee.o)
 .text.read_header
                0x03014c88       0x18 icomlib.a(cfs-coffee.o)
 .text.file_end
                0x03014ca0       0x94 icomlib.a(cfs-coffee.o)
 .text.write_header
                0x03014d34       0x24 icomlib.a(cfs-coffee.o)
 .text.next_file.isra.0
                0x03014d58       0x2c icomlib.a(cfs-coffee.o)
 .text.find_file
                0x03014d84       0xec icomlib.a(cfs-coffee.o)
 .text.find_contiguous_pages
                0x03014e70       0xe4 icomlib.a(cfs-coffee.o)
 .text.remove_by_page.isra.1
                0x03014f54      0x118 icomlib.a(cfs-coffee.o)
 .text.reserve.constprop.3
                0x0301506c      0x354 icomlib.a(cfs-coffee.o)
 .text.cfs_open
                0x030153c0       0xf0 icomlib.a(cfs-coffee.o)
                0x030153c0                cfs_open
 .text.cfs_close
                0x030154b0       0x44 icomlib.a(cfs-coffee.o)
                0x030154b0                cfs_close
 .text.cfs_seek
                0x030154f4       0x94 icomlib.a(cfs-coffee.o)
                0x030154f4                cfs_seek
 .text.cfs_remove
                0x03015588       0x34 icomlib.a(cfs-coffee.o)
                0x03015588                cfs_remove
 .text.cfs_read
                0x030155bc       0x9c icomlib.a(cfs-coffee.o)
                0x030155bc                cfs_read
 .text.cfs_write
                0x03015658      0x298 icomlib.a(cfs-coffee.o)
                0x03015658                cfs_write
 .text.cfs_opendir
                0x030158f0       0x18 icomlib.a(cfs-coffee.o)
                0x030158f0                cfs_opendir
 .text.cfs_readdir
                0x03015908       0xe4 icomlib.a(cfs-coffee.o)
                0x03015908                cfs_readdir
 .text.cfs_closedir
                0x030159ec        0x4 icomlib.a(cfs-coffee.o)
                0x030159ec                cfs_closedir
 .text.cfs_coffee_reserve
                0x030159f0       0x2c icomlib.a(cfs-coffee.o)
                0x030159f0                cfs_coffee_reserve
 .text.cfs_coffee_configure_log
                0x03015a1c       0x9c icomlib.a(cfs-coffee.o)
                0x03015a1c                cfs_coffee_configure_log
 .text.get_cabrio_fs_table_marker
                0x03015ab8       0x40 icomlib.a(cfs-coffee.o)
                0x03015ab8                get_cabrio_fs_table_marker
 .text.cfs_dbg_flash_dump_data
                0x03015af8        0x4 icomlib.a(cfs-coffee.o)
                0x03015af8                cfs_dbg_flash_dump_data
 .text.set_cabrio_fs_table_marker
                0x03015afc       0x14 icomlib.a(cfs-coffee.o)
                0x03015afc                set_cabrio_fs_table_marker
 .text.cfs_coffee_format
                0x03015b10       0x50 icomlib.a(cfs-coffee.o)
                0x03015b10                cfs_coffee_format
 .text.cfs_coffee_get_protected_mem
                0x03015b60       0x14 icomlib.a(cfs-coffee.o)
                0x03015b60                cfs_coffee_get_protected_mem
 .text          0x03015b74        0x0 icomlib.a(console.o)
 .text.console_init
                0x03015b74       0x5c icomlib.a(console.o)
                0x03015b74                console_init
 .text          0x03015bd0        0x0 icomlib.a(drv_gpio.o)
 .text.get_PAD_Addr
                0x03015bd0       0x28 icomlib.a(drv_gpio.o)
                0x03015bd0                get_PAD_Addr
 .text.drv_gpio_Output
                0x03015bf8      0x194 icomlib.a(drv_gpio.o)
                0x03015bf8                drv_gpio_Output
 .text.drv_gpio_Input
                0x03015d8c       0x88 icomlib.a(drv_gpio.o)
                0x03015d8c                drv_gpio_Input
 .text.drv_gpio_write
                0x03015e14       0x40 icomlib.a(drv_gpio.o)
                0x03015e14                drv_gpio_write
 .text.drv_gpio_read
                0x03015e54       0x34 icomlib.a(drv_gpio.o)
                0x03015e54                drv_gpio_read
 .text.drv_gpio_set_irq
                0x03015e88       0xfc icomlib.a(drv_gpio.o)
                0x03015e88                drv_gpio_set_irq
 .text.drv_gpio_func
                0x03015f84      0x1e8 icomlib.a(drv_gpio.o)
                0x03015f84                drv_gpio_func
 .text          0x0301616c        0x0 icomlib.a(drv_pmu.o)
 .text.drv_pmu_setwake_cnt
                0x0301616c       0x44 icomlib.a(drv_pmu.o)
                0x0301616c                drv_pmu_setwake_cnt
 .text.drv_pmu_tu0
                0x030161b0       0x60 icomlib.a(drv_pmu.o)
                0x030161b0                drv_pmu_tu0
 .text.drv_pmu_tm0
                0x03016210       0x60 icomlib.a(drv_pmu.o)
                0x03016210                drv_pmu_tm0
 .text.drv_pmu_sleep
                0x03016270      0x260 icomlib.a(drv_pmu.o)
                0x03016270                drv_pmu_sleep
 .text.drv_pmu_init
                0x030164d0       0x40 icomlib.a(drv_pmu.o)
                0x030164d0                drv_pmu_init
 .text.drv_pmu_chk
                0x03016510       0x18 icomlib.a(drv_pmu.o)
                0x03016510                drv_pmu_chk
 .text.drv_pmu_check_interupt_event
                0x03016528       0x20 icomlib.a(drv_pmu.o)
                0x03016528                drv_pmu_check_interupt_event
 .text          0x03016548        0x0 icomlib.a(drv_wdog.o)
 .text.drv_wdog_reboot
                0x03016548       0x48 icomlib.a(drv_wdog.o)
                0x03016548                drv_wdog_reboot
 .text.drv_wdog_period_5000ms
                0x03016590       0x50 icomlib.a(drv_wdog.o)
                0x03016590                drv_wdog_period_5000ms
 .text.drv_wdog_period_10000ms
                0x030165e0       0x50 icomlib.a(drv_wdog.o)
                0x030165e0                drv_wdog_period_10000ms
 .text.drv_wdog_period_cutommed
                0x03016630       0x48 icomlib.a(drv_wdog.o)
                0x03016630                drv_wdog_period_cutommed
 .text.drv_wdog_stop
                0x03016678       0x40 icomlib.a(drv_wdog.o)
                0x03016678                drv_wdog_stop
 .text          0x030166b8        0x0 icomlib.a(fence.o)
 .text.do_fence
                0x030166b8       0x1c icomlib.a(fence.o)
                0x030166b8                do_fence
 .text.fence_init
                0x030166d4       0x28 icomlib.a(fence.o)
                0x030166d4                fence_init
 .text          0x030166fc        0x0 icomlib.a(smartComm.o)
 .text.set_slink_ready_ack
                0x030166fc       0x10 icomlib.a(smartComm.o)
                0x030166fc                set_slink_ready_ack
 .text.enableSmartHwFilter
                0x0301670c      0x220 icomlib.a(smartComm.o)
                0x0301670c                enableSmartHwFilter
 .text.disableSmartHwFilter
                0x0301692c      0x248 icomlib.a(smartComm.o)
                0x0301692c                disableSmartHwFilter
 .text.setSmartCmdStatus
                0x03016b74       0x1c icomlib.a(smartComm.o)
                0x03016b74                setSmartCmdStatus
 .text.disableSendToPhone
                0x03016b90       0x14 icomlib.a(smartComm.o)
                0x03016b90                disableSendToPhone
 .text.getSendToPhoneStatus
                0x03016ba4       0x10 icomlib.a(smartComm.o)
                0x03016ba4                getSendToPhoneStatus
 .text.enableSendToPhoneData
                0x03016bb4       0x14 icomlib.a(smartComm.o)
                0x03016bb4                enableSendToPhoneData
 .text.disableSendToPhoneData
                0x03016bc8       0x14 icomlib.a(smartComm.o)
                0x03016bc8                disableSendToPhoneData
 .text.setSmartPhoneIP
                0x03016bdc       0x18 icomlib.a(smartComm.o)
                0x03016bdc                setSmartPhoneIP
 .text.getPhoneMac
                0x03016bf4       0x10 icomlib.a(smartComm.o)
                0x03016bf4                getPhoneMac
 .text.setPhoneMAC
                0x03016c04       0x18 icomlib.a(smartComm.o)
                0x03016c04                setPhoneMAC
 .text.setPhoneData
                0x03016c1c       0x20 icomlib.a(smartComm.o)
                0x03016c1c                setPhoneData
 .text.sendMessageToPhone
                0x03016c3c      0x124 icomlib.a(smartComm.o)
                0x03016c3c                sendMessageToPhone
 .text.process_thread_smart_conf_ack
                0x03016d60       0x64 icomlib.a(smartComm.o)
 .text.smartSetIfconfigAndConnect
                0x03016dc4       0x38 icomlib.a(smartComm.o)
                0x03016dc4                smartSetIfconfigAndConnect
 .text.checkAndSetAPMac
                0x03016dfc      0x130 icomlib.a(smartComm.o)
                0x03016dfc                checkAndSetAPMac
 .text          0x03016f2c        0x0 icomlib.a(smartConf.o)
 .text.clearSmartLinkBuf
                0x03016f2c       0x74 icomlib.a(smartConf.o)
                0x03016f2c                clearSmartLinkBuf
 .text.clearAllSmartLinkBuf
                0x03016fa0       0x48 icomlib.a(smartConf.o)
                0x03016fa0                clearAllSmartLinkBuf
 .text.resetSmartLink
                0x03016fe8       0x58 icomlib.a(smartConf.o)
                0x03016fe8                resetSmartLink
 .text.process_thread_smart_conf_process
                0x03017040      0x17c icomlib.a(smartConf.o)
 .text.initSmartLink
                0x030171bc       0xe4 icomlib.a(smartConf.o)
                0x030171bc                initSmartLink
 .text          0x030172a0        0x0 icomlib.a(userSmart.o)
 .text.SET_FILTER_TABLE0
                0x030172a0       0x68 icomlib.a(userSmart.o)
                0x030172a0                SET_FILTER_TABLE0
 .text.SET_FILTER_TABLE1
                0x03017308       0x88 icomlib.a(userSmart.o)
                0x03017308                SET_FILTER_TABLE1
 .text.SET_FILTER_TABLE2
                0x03017390       0xa0 icomlib.a(userSmart.o)
                0x03017390                SET_FILTER_TABLE2
 .text.SET_FILTER_TABLE3
                0x03017430       0xc4 icomlib.a(userSmart.o)
                0x03017430                SET_FILTER_TABLE3
 .text.rejectAllFrame
                0x030174f4      0x20c icomlib.a(userSmart.o)
                0x030174f4                rejectAllFrame
 .text.AutoScanAP
                0x03017700        0x4 icomlib.a(userSmart.o)
                0x03017700                AutoScanAP
 .text.userSmartSetChannel
                0x03017704       0x38 icomlib.a(userSmart.o)
                0x03017704                userSmartSetChannel
 .text.SetUserReceFilter
                0x0301773c       0x48 icomlib.a(userSmart.o)
                0x0301773c                SetUserReceFilter
 .text.EnableUserReceFilter
                0x03017784       0xa4 icomlib.a(userSmart.o)
                0x03017784                EnableUserReceFilter
 .text.DisableUserReceFilter
                0x03017828       0x3c icomlib.a(userSmart.o)
                0x03017828                DisableUserReceFilter
 .text.SetCallBackFunction
                0x03017864       0x10 icomlib.a(userSmart.o)
                0x03017864                SetCallBackFunction
 .text.EnableCallBackFrame
                0x03017874       0x38 icomlib.a(userSmart.o)
                0x03017874                EnableCallBackFrame
 .text.DisableCallBackFrame
                0x030178ac       0x18 icomlib.a(userSmart.o)
                0x030178ac                DisableCallBackFrame
 .text.EnableUserSmartMode
                0x030178c4       0xa8 icomlib.a(userSmart.o)
                0x030178c4                EnableUserSmartMode
 .text.DisableUserSmartMode
                0x0301796c      0x11c icomlib.a(userSmart.o)
                0x0301796c                DisableUserSmartMode
 .text          0x03017a88        0x0 icomlib.a(ieee80211_mac.o)
 .text.off      0x03017a88       0x18 icomlib.a(ieee80211_mac.o)
 .text.channel_check_interval
                0x03017aa0        0x8 icomlib.a(ieee80211_mac.o)
 .text.init     0x03017aa8       0x14 icomlib.a(ieee80211_mac.o)
 .text.on       0x03017abc       0x1c icomlib.a(ieee80211_mac.o)
 .text.dump_data
                0x03017ad8       0x64 icomlib.a(ieee80211_mac.o)
                0x03017ad8                dump_data
 .text.data_decryt
                0x03017b3c       0x80 icomlib.a(ieee80211_mac.o)
                0x03017b3c                data_decryt
 .text          0x03017bbc        0x0 icomlib.a(drv_fence.o)
 .text.hwfence_init
                0x03017bbc       0x1c icomlib.a(drv_fence.o)
                0x03017bbc                hwfence_init
 .text.hwfence_start
                0x03017bd8       0x14 icomlib.a(drv_fence.o)
                0x03017bd8                hwfence_start
 .text          0x03017bec        0x0 icomlib.a(drv_mbox.o)
 .text.drv_mailbox_cpu_pri_ff
                0x03017bec       0x30 icomlib.a(drv_mbox.o)
                0x03017bec                drv_mailbox_cpu_pri_ff
 .text          0x03017c1c        0x0 icomlib.a(EAPOL.o)
 .text.rx_process_wpa
                0x03017c1c      0x190 icomlib.a(EAPOL.o)
                0x03017c1c                rx_process_wpa
 .text.rx_process_eapol
                0x03017dac       0x58 icomlib.a(EAPOL.o)
                0x03017dac                rx_process_eapol
 .text.tx_eapol_start_req
                0x03017e04        0x4 icomlib.a(EAPOL.o)
                0x03017e04                tx_eapol_start_req
 .text          0x03017e08        0x0 icomapps.a(atcmd.o)
 .text.process_thread_poll_tx_process
                0x03017e08       0xa0 icomapps.a(atcmd.o)
 .text.process_thread_nslookup_process
                0x03017ea8       0xb4 icomapps.a(atcmd.o)
 .text.allocate_buffer_in
                0x03017f5c       0x40 icomapps.a(atcmd.o)
                0x03017f5c                allocate_buffer_in
 .text.process_thread_tcp_connect_process
                0x03017f9c      0x260 icomapps.a(atcmd.o)
 .text.release_buffer_in
                0x030181fc       0x30 icomapps.a(atcmd.o)
                0x030181fc                release_buffer_in
 .text.allocate_buffer_out
                0x0301822c       0x40 icomapps.a(atcmd.o)
                0x0301822c                allocate_buffer_out
 .text.process_thread_http_request_process
                0x0301826c      0x338 icomapps.a(atcmd.o)
 .text.release_buffer_out
                0x030185a4       0x30 icomapps.a(atcmd.o)
                0x030185a4                release_buffer_out
 .text.parseBuff2Param
                0x030185d4       0x94 icomapps.a(atcmd.o)
                0x030185d4                parseBuff2Param
 .text.At_EnableSmartReboot
                0x03018668       0xa0 icomapps.a(atcmd.o)
                0x03018668                At_EnableSmartReboot
 .text.At_EnableSmartMode
                0x03018708       0x8c icomapps.a(atcmd.o)
                0x03018708                At_EnableSmartMode
 .text.showDataRate
                0x03018794       0x1c icomapps.a(atcmd.o)
                0x03018794                showDataRate
 .text.securityString
                0x030187b0       0x1c icomapps.a(atcmd.o)
                0x030187b0                securityString
 .text.securitySubString
                0x030187cc       0x1c icomapps.a(atcmd.o)
                0x030187cc                securitySubString
 .text.At_Reboot
                0x030187e8       0x1c icomapps.a(atcmd.o)
                0x030187e8                At_Reboot
 .text.At_WatchDOG_Start
                0x03018804       0x30 icomapps.a(atcmd.o)
                0x03018804                At_WatchDOG_Start
 .text.At_WatchDOG_Stop
                0x03018834       0x30 icomapps.a(atcmd.o)
                0x03018834                At_WatchDOG_Stop
 .text.At_ProcessQueKill
                0x03018864       0x60 icomapps.a(atcmd.o)
                0x03018864                At_ProcessQueKill
 .text.At_ProcessKill
                0x030188c4       0x60 icomapps.a(atcmd.o)
                0x030188c4                At_ProcessKill
 .text.At_ProcessAllQueDump
                0x03018924       0x34 icomapps.a(atcmd.o)
                0x03018924                At_ProcessAllQueDump
 .text.At_ProcessAllDump
                0x03018958       0x34 icomapps.a(atcmd.o)
                0x03018958                At_ProcessAllDump
 .text.At_ShowNtpTime
                0x0301898c       0x20 icomapps.a(atcmd.o)
                0x0301898c                At_ShowNtpTime
 .text.At_ShowAllAP
                0x030189ac       0xd8 icomapps.a(atcmd.o)
                0x030189ac                At_ShowAllAP
 .text.At_ShowConnectAP
                0x03018a84      0x140 icomapps.a(atcmd.o)
                0x03018a84                At_ShowConnectAP
 .text.At_SetGpio
                0x03018bc4       0xdc icomapps.a(atcmd.o)
                0x03018bc4                At_SetGpio
 .text.At_WriteGpio
                0x03018ca0       0xbc icomapps.a(atcmd.o)
                0x03018ca0                At_WriteGpio
 .text.At_ReadGpio
                0x03018d5c       0x9c icomapps.a(atcmd.o)
                0x03018d5c                At_ReadGpio
 .text.At_ParserRecv
                0x03018df8       0x4c icomapps.a(atcmd.o)
                0x03018df8                At_ParserRecv
 .text.At_PowerOn
                0x03018e44       0x38 icomapps.a(atcmd.o)
                0x03018e44                At_PowerOn
 .text.At_RX    0x03018e7c       0x38 icomapps.a(atcmd.o)
                0x03018e7c                At_RX
 .text.At_TX    0x03018eb4       0x4c icomapps.a(atcmd.o)
                0x03018eb4                At_TX
 .text.At_PowerSaving
                0x03018f00       0xdc icomapps.a(atcmd.o)
                0x03018f00                At_PowerSaving
 .text.At_TCPChange_Timeout
                0x03018fdc       0x98 icomapps.a(atcmd.o)
                0x03018fdc                At_TCPChange_Timeout
 .text.At_TCPConnect
                0x03019074      0x150 icomapps.a(atcmd.o)
                0x03019074                At_TCPConnect
 .text.At_TCPSend
                0x030191c4      0x108 icomapps.a(atcmd.o)
                0x030191c4                At_TCPSend
 .text.At_TCPDisconnect
                0x030192cc       0x48 icomapps.a(atcmd.o)
                0x030192cc                At_TCPDisconnect
 .text.At_TCPListen
                0x03019314       0xd0 icomapps.a(atcmd.o)
                0x03019314                At_TCPListen
 .text.At_TCPUnlisten
                0x030193e4       0xb4 icomapps.a(atcmd.o)
                0x030193e4                At_TCPUnlisten
 .text.At_UDPCreate
                0x03019498       0xd4 icomapps.a(atcmd.o)
                0x03019498                At_UDPCreate
 .text.At_UDPSend
                0x0301956c      0x124 icomapps.a(atcmd.o)
                0x0301956c                At_UDPSend
 .text.At_UDPClose
                0x03019690       0x6c icomapps.a(atcmd.o)
                0x03019690                At_UDPClose
 .text.At_HTTPTest
                0x030196fc      0x184 icomapps.a(atcmd.o)
                0x030196fc                At_HTTPTest
 .text.At_HTTPTestStop
                0x03019880       0x14 icomapps.a(atcmd.o)
                0x03019880                At_HTTPTestStop
 .text.At_NSLookup
                0x03019894       0x58 icomapps.a(atcmd.o)
                0x03019894                At_NSLookup
 .text.At_SET_AP_SSID
                0x030198ec       0x58 icomapps.a(atcmd.o)
                0x030198ec                At_SET_AP_SSID
 .text.At_SET_AUTO_CONNECT
                0x03019944       0x78 icomapps.a(atcmd.o)
                0x03019944                At_SET_AUTO_CONNECT
 .text.At_SAVE_CONFIG
                0x030199bc       0x34 icomapps.a(atcmd.o)
                0x030199bc                At_SAVE_CONFIG
 .text.At_Clean_Lists
                0x030199f0       0x18 icomapps.a(atcmd.o)
                0x030199f0                At_Clean_Lists
 .text.At_AP    0x03019a08       0x1c icomapps.a(atcmd.o)
                0x03019a08                At_AP
 .text.At_SET_APCONFIG
                0x03019a24       0xac icomapps.a(atcmd.o)
                0x03019a24                At_SET_APCONFIG
 .text.At_AP_EXIT
                0x03019ad0       0x1c icomapps.a(atcmd.o)
                0x03019ad0                At_AP_EXIT
 .text.At_TestFlashErase
                0x03019aec       0xc8 icomapps.a(atcmd.o)
                0x03019aec                At_TestFlashErase
 .text.At_TestFlashWrite
                0x03019bb4       0xb8 icomapps.a(atcmd.o)
                0x03019bb4                At_TestFlashWrite
 .text.At_BenchFlashRead
                0x03019c6c      0x10c icomapps.a(atcmd.o)
                0x03019c6c                At_BenchFlashRead
 .text.At_BenchFlashWrite
                0x03019d78      0x114 icomapps.a(atcmd.o)
                0x03019d78                At_BenchFlashWrite
 .text.At_TestFlashRead
                0x03019e8c       0xa4 icomapps.a(atcmd.o)
                0x03019e8c                At_TestFlashRead
 .text.At_ParserInd
                0x03019f30       0xc0 icomapps.a(atcmd.o)
                0x03019f30                At_ParserInd
 .text.At_Parser
                0x03019ff0      0xc58 icomapps.a(atcmd.o)
                0x03019ff0                At_Parser
 .text          0x0301ac48        0x0 icomapps.a(socket_app.o)
 .text.process_thread_discover_process
                0x0301ac48      0x130 icomapps.a(socket_app.o)
 .text.otaProcessDisable
                0x0301ad78       0x14 icomapps.a(socket_app.o)
                0x0301ad78                otaProcessDisable
 .text.setRemoteMAC
                0x0301ad8c       0x48 icomapps.a(socket_app.o)
                0x0301ad8c                setRemoteMAC
 .text.setRrmoteIpAddress
                0x0301add4       0x1c icomapps.a(socket_app.o)
                0x0301add4                setRrmoteIpAddress
 .text.getCmdNum
                0x0301adf0       0x88 icomapps.a(socket_app.o)
                0x0301adf0                getCmdNum
 .text.smartTcpSend
                0x0301ae78       0x50 icomapps.a(socket_app.o)
                0x0301ae78                smartTcpSend
 .text.smartTcpConnect
                0x0301aec8       0x74 icomapps.a(socket_app.o)
                0x0301aec8                smartTcpConnect
 .text.smartTcpDisConnect
                0x0301af3c       0x38 icomapps.a(socket_app.o)
                0x0301af3c                smartTcpDisConnect
 .text.process_thread_tcp_client_smartProcess
                0x0301af74      0x1ac icomapps.a(socket_app.o)
 .text.process_thread_tcp_smartlink_process
                0x0301b120      0x1e4 icomapps.a(socket_app.o)
 .text.appUdpCreate
                0x0301b304       0x48 icomapps.a(socket_app.o)
                0x0301b304                appUdpCreate
 .text.appUdpSend
                0x0301b34c       0x40 icomapps.a(socket_app.o)
                0x0301b34c                appUdpSend
 .text.appUdpClose
                0x0301b38c       0x2c icomapps.a(socket_app.o)
                0x0301b38c                appUdpClose
 .text.checkCmdAndSendData
                0x0301b3b8      0x1f8 icomapps.a(socket_app.o)
                0x0301b3b8                checkCmdAndSendData
 .text.process_thread_udp_server_discoverProcess
                0x0301b5b0      0x170 icomapps.a(socket_app.o)
 .text          0x0301b720        0x0 icomapps.a(soft_ap_init.o)
 .text.softap_combine_ssid_mac
                0x0301b720       0x5c icomapps.a(soft_ap_init.o)
                0x0301b720                softap_combine_ssid_mac
 .text.softap_dump_dhcp_setting
                0x0301b77c       0x88 icomapps.a(soft_ap_init.o)
                0x0301b77c                softap_dump_dhcp_setting
 .text.softap_dhcp_init
                0x0301b804      0x130 icomapps.a(soft_ap_init.o)
                0x0301b804                softap_dhcp_init
 .text.softap_init_ex
                0x0301b934       0xe8 icomapps.a(soft_ap_init.o)
                0x0301b934                softap_init_ex
 .text.softap_init
                0x0301ba1c       0x10 icomapps.a(soft_ap_init.o)
                0x0301ba1c                softap_init
 .text          0x0301ba2c        0x0 icomapps.a(tcp_server_demo)
 .text.process_thread_tcpServerDemo_process
                0x0301ba2c      0x1ec icomapps.a(tcp_server_demo)
 .text.SetPWM   0x0301bc18       0x38 icomapps.a(tcp_server_demo)
                0x0301bc18                SetPWM
 .text.EnableLED
                0x0301bc50       0x44 icomapps.a(tcp_server_demo)
                0x0301bc50                EnableLED
 .text.DisableLED
                0x0301bc94       0x40 icomapps.a(tcp_server_demo)
                0x0301bc94                DisableLED
 .text.process_thread_led_blink_process
                0x0301bcd4       0xd4 icomapps.a(tcp_server_demo)
 .text.appTcpSend
                0x0301bda8       0x50 icomapps.a(tcp_server_demo)
                0x0301bda8                appTcpSend
 .text.TCPDataParser
                0x0301bdf8      0x104 icomapps.a(tcp_server_demo)
                0x0301bdf8                TCPDataParser
 .text.process_thread_tcp_server_demoProcess
                0x0301befc      0x188 icomapps.a(tcp_server_demo)
 .text          0x0301c084        0x0 icomapps.a(wifi_uart_demo.)
 .text.process_thread_wifiUartDemo_process
                0x0301c084      0x13c icomapps.a(wifi_uart_demo.)
 .text.process_thread_tcp_server_wifiUartProcess
                0x0301c1c0      0x1c4 icomapps.a(wifi_uart_demo.)
 .text.sampleAppTCPSend
                0x0301c384       0x84 icomapps.a(wifi_uart_demo.)
                0x0301c384                sampleAppTCPSend
 .text.sampleDataUartRead
                0x0301c408       0x8c icomapps.a(wifi_uart_demo.)
                0x0301c408                sampleDataUartRead
 .text          0x0301c494        0x0 icomapps.a(ota_api.o)
 .text.process_thread_auto_reboot_process
                0x0301c494       0xd8 icomapps.a(ota_api.o)
 .text.cal_ota_checksum
                0x0301c56c       0x5c icomapps.a(ota_api.o)
                0x0301c56c                cal_ota_checksum
 .text.downloadFinish
                0x0301c5c8      0x1c8 icomapps.a(ota_api.o)
                0x0301c5c8                downloadFinish
 .text.filesave_from_phone
                0x0301c790      0x174 icomapps.a(ota_api.o)
                0x0301c790                filesave_from_phone
 .text.OtaTcpConnect
                0x0301c904       0x54 icomapps.a(ota_api.o)
                0x0301c904                OtaTcpConnect
 .text.process_thread_tcp_client_otaProcess
                0x0301c958      0x2cc icomapps.a(ota_api.o)
 .text.OtaTcpDisConnect
                0x0301cc24       0x3c icomapps.a(ota_api.o)
                0x0301cc24                OtaTcpDisConnect
 .text.setOtaRrmoteIp
                0x0301cc60       0x24 icomapps.a(ota_api.o)
                0x0301cc60                setOtaRrmoteIp
 .text.clearOtaParameters
                0x0301cc84       0x38 icomapps.a(ota_api.o)
                0x0301cc84                clearOtaParameters
 .text.process_thread_ota_updateProcess
                0x0301ccbc      0x20c icomapps.a(ota_api.o)
 .text          0x0301cec8        0x0 icomlib.a(pwm_api.o)
 .text.enableHwPWM
                0x0301cec8       0x30 icomlib.a(pwm_api.o)
                0x0301cec8                enableHwPWM
 .text.disableHwPWM
                0x0301cef8       0x10 icomlib.a(pwm_api.o)
                0x0301cef8                disableHwPWM
 .text          0x0301cf08        0x0 icomlib.a(serial_api.o)
 .text.SerialInit
                0x0301cf08       0x48 icomlib.a(serial_api.o)
                0x0301cf08                SerialInit
 .text.SerialConfig
                0x0301cf50        0xc icomlib.a(serial_api.o)
                0x0301cf50                SerialConfig
 .text.SerialDeinit
                0x0301cf5c       0x38 icomlib.a(serial_api.o)
                0x0301cf5c                SerialDeinit
 .text          0x0301cf94        0x0 icomlib.a(drv_pwm.o)
 .text.drv_pwm_setduty
                0x0301cf94       0x7c icomlib.a(drv_pwm.o)
                0x0301cf94                drv_pwm_setduty
 .text.drv_pwm_init
                0x0301d010       0x4c icomlib.a(drv_pwm.o)
                0x0301d010                drv_pwm_init
 .text.drv_pwm_enable
                0x0301d05c       0x14 icomlib.a(drv_pwm.o)
                0x0301d05c                drv_pwm_enable
 .text.drv_pwm_deinit
                0x0301d070       0x38 icomlib.a(drv_pwm.o)
                0x0301d070                drv_pwm_deinit
 .text.drv_pwm_disable
                0x0301d0a8       0x14 icomlib.a(drv_pwm.o)
                0x0301d0a8                drv_pwm_disable
 .text          0x0301d0bc        0x0 contikilib.a(dhcp_process.o)
 .text.process_thread_dhcp_process
                0x0301d0bc      0x194 contikilib.a(dhcp_process.o)
 .text.replyAck
                0x0301d250       0x10 contikilib.a(dhcp_process.o)
                0x0301d250                replyAck
 .text.set_node_ip
                0x0301d260       0x90 contikilib.a(dhcp_process.o)
                0x0301d260                set_node_ip
 .text.ip_configure
                0x0301d2f0       0x10 contikilib.a(dhcp_process.o)
                0x0301d2f0                ip_configure
 .text.dhcp_configure
                0x0301d300       0xb0 contikilib.a(dhcp_process.o)
                0x0301d300                dhcp_configure
 .text          0x0301d3b0        0x0 contikilib.a(dhcps.o)
 .text.unlikely.find_option
                0x0301d3b0       0x60 contikilib.a(dhcps.o)
 .text.create_msg
                0x0301d410       0x8c contikilib.a(dhcps.o)
 .text.add_lease_time
                0x0301d49c       0x68 contikilib.a(dhcps.o)
 .text.add_config
                0x0301d504       0xa8 contikilib.a(dhcps.o)
 .text.unlikely.lookup_lease_ip
                0x0301d5ac      0x170 contikilib.a(dhcps.o)
 .text.get_leased_mac
                0x0301d71c      0x248 contikilib.a(dhcps.o)
 .text.send_nack
                0x0301d964       0x98 contikilib.a(dhcps.o)
 .text.dhcp_dump_info
                0x0301d9fc       0xc4 contikilib.a(dhcps.o)
                0x0301d9fc                dhcp_dump_info
 .text.init_lease
                0x0301dac0       0x20 contikilib.a(dhcps.o)
                0x0301dac0                init_lease
 .text.process_thread_dhcp_server_process
                0x0301dae0      0x968 contikilib.a(dhcps.o)
 .text.release_address_by_mac
                0x0301e448       0xc8 contikilib.a(dhcps.o)
                0x0301e448                release_address_by_mac
 .text.dhcps_init
                0x0301e510       0x7c contikilib.a(dhcps.o)
                0x0301e510                dhcps_init
 .text.dhcps_exit
                0x0301e58c        0xc contikilib.a(dhcps.o)
                0x0301e58c                dhcps_exit
 .text          0x0301e598        0x0 contikilib.a(resolv.o)
 .text.skip_name
                0x0301e598       0x2c contikilib.a(resolv.o)
 .text.resolv_found.isra.0
                0x0301e5c4       0x18 contikilib.a(resolv.o)
 .text.process_thread_resolv_process
                0x0301e5dc      0x548 contikilib.a(resolv.o)
 .text.resolv_query
                0x0301eb24      0x150 contikilib.a(resolv.o)
                0x0301eb24                resolv_query
 .text.resolv_lookup
                0x0301ec74       0xdc contikilib.a(resolv.o)
                0x0301ec74                resolv_lookup
 .text.resolv_getserver
                0x0301ed50        0xc contikilib.a(resolv.o)
                0x0301ed50                resolv_getserver
 .text.resolv_conf
                0x0301ed5c       0x1c contikilib.a(resolv.o)
                0x0301ed5c                resolv_conf
 .text          0x0301ed78        0x0 contikilib.a(simple-udp.o)
 .text.process_thread_simple_udp_process
                0x0301ed78      0x14c contikilib.a(simple-udp.o)
 .text.simple_udp_send
                0x0301eec4       0x48 contikilib.a(simple-udp.o)
                0x0301eec4                simple_udp_send
 .text.simple_udp_sendto
                0x0301ef0c       0x44 contikilib.a(simple-udp.o)
                0x0301ef0c                simple_udp_sendto
 .text.simple_udp_sendto_port
                0x0301ef50       0x40 contikilib.a(simple-udp.o)
                0x0301ef50                simple_udp_sendto_port
 .text.simple_udp_register
                0x0301ef90       0xcc contikilib.a(simple-udp.o)
                0x0301ef90                simple_udp_register
 .text          0x0301f05c        0x0 contikilib.a(uip_arp.o)
 .text.send_arp_request
                0x0301f05c       0xf0 contikilib.a(uip_arp.o)
 .text.process_thread_get_gatewaymac_process
                0x0301f14c       0xcc contikilib.a(uip_arp.o)
 .text.uip_arp_print
                0x0301f218       0x80 contikilib.a(uip_arp.o)
                0x0301f218                uip_arp_print
 .text.uip_arp_delete
                0x0301f298       0xac contikilib.a(uip_arp.o)
                0x0301f298                uip_arp_delete
 .text.uip_arp_init
                0x0301f344       0x84 contikilib.a(uip_arp.o)
                0x0301f344                uip_arp_init
 .text.uip_arp_timer
                0x0301f3c8       0x84 contikilib.a(uip_arp.o)
                0x0301f3c8                uip_arp_timer
 .text.process_thread_arptable_polling_process
                0x0301f44c       0x94 contikilib.a(uip_arp.o)
 .text.uip_arp_update