Archive member included because of file (symbol)

icomlib.a(printf.o)           ssv6060-main.o (printf)
icomlib.a(process.o)          ssv6060-main.o (process_post_synch)
icomlib.a(strformat.o)        icomlib.a(printf.o) (format_str_v)
icomlib.a(atcmd_icomm.o)      ssv6060-main.o (At_Disconnect)
icomlib.a(boot-hiflying.o)    /tmp/ccKPhnyP.o (boot_main)
icomlib.a(clock.o)            icomlib.a(atcmd_icomm.o) (clock_time)
icomlib.a(contiki-main.o)     icomlib.a(boot-hiflying.o) (main)
icomlib.a(debug-uart.o)       icomlib.a(printf.o) (dbg_send_bytes)
icomlib.a(gpio_api.o)         ssv6060-main.o (pinMode)
icomlib.a(drv_timer.o)        icomlib.a(clock.o) (hwtmr_start)
icomlib.a(drv_uart.o)         icomlib.a(debug-uart.o) (drv_uart_tx)
icomlib.a(hw_init.o)          icomlib.a(drv_uart.o) (ssv_delay)
icomlib.a(hw_regs_api.o)      icomlib.a(hw_init.o) (hw_reg_write)
icomlib.a(ssv_lib.o)          icomlib.a(printf.o) (strlen)
icomlib.a(ssv_lib_slow.o)     icomlib.a(atcmd_icomm.o) (dbg_dump_binary)
icomlib.a(swpwm.o)            icomlib.a(clock.o) (initSwPWM)
icomlib.a(systemconf.o)       icomlib.a(atcmd_icomm.o) (gwifistatus)
icomlib.a(wdog_api.o)         ssv6060-main.o (api_wdog_reboot)
icomlib.a(xmem.o)             icomlib.a(contiki-main.o) (cabrio_flash_init)
icomlib.a(bsp.o)              icomlib.a(hw_init.o) (set_mrx_filter_sta)
icomlib.a(crypthw.o)          icomlib.a(hw_init.o) (g_soc_table)
icomlib.a(dbg-atcmd-api.o)    icomlib.a(hw_init.o) (UpdateConf)
icomlib.a(drv_mac.o)          icomlib.a(dbg-atcmd-api.o) (SET_STA_MAC)
icomlib.a(drv_phy.o)          icomlib.a(hw_init.o) (drv_phy_init)
icomlib.a(drv_pktbuf.o)       icomlib.a(dbg-atcmd-api.o) (setpacketbuf_len)
icomlib.a(drv_pktbuf_slow)    icomlib.a(atcmd_icomm.o) (ssv6xxx_pbuf_dump_reg)
icomlib.a(hash_alg.o)         icomlib.a(atcmd_icomm.o) (pbkdf2_sha1)
icomlib.a(hmac_md5.o)         icomlib.a(hash_alg.o) (hmac_md5_init)
icomlib.a(hmac_sha1.o)        icomlib.a(hash_alg.o) (hmac_sha1_init)
icomlib.a(ieee80211_mgmt.)    icomlib.a(atcmd_icomm.o) (getAvailableIndex)
icomlib.a(ieee80211_rdc.o)    icomlib.a(dbg-atcmd-api.o) (ieee80211_rdc)
icomlib.a(irq.o)              icomlib.a(wdog_api.o) (irq_mask_disable)
icomlib.a(netstack.o)         icomlib.a(contiki-main.o) (netstack_init)
icomlib.a(powersave.o)        icomlib.a(ieee80211_mgmt.) (is_waketime_alive)
icomlib.a(rate_control.o)     icomlib.a(ieee80211_mgmt.) (init_ratecontrol)
icomlib.a(sha1.o)             icomlib.a(hmac_sha1.o) (sha1hw_init)
icomlib.a(soft_ap.o)          icomlib.a(bsp.o) (softap_get_sta_connected)
icomlib.a(ssv6200_rx.o)       icomlib.a(powersave.o) (is_tx_active)
icomlib.a(ssvradio.o)         icomlib.a(ssv6200_rx.o) (ssv6200_radio_retrans)
icomlib.a(wpa.o)              icomlib.a(ieee80211_mgmt.) (init_wpa_ctx)
icomlib.a(sys_status_api.)    icomlib.a(atcmd_icomm.o) (get_local_mac)
icomlib.a(AES_decrypt.o)      icomlib.a(wpa.o) (aes_wrap)
icomlib.a(arc4.o)             icomlib.a(wpa.o) (arc4_skip)
icomlib.a(md5.o)              icomlib.a(hmac_md5.o) (MD5Init)
icomlib.a(wep.o)              icomlib.a(ieee80211_mgmt.) (getAuthChallengeTextLen)
icomlib.a(autostart.o)        icomlib.a(contiki-main.o) (autostart_start)
icomlib.a(etimer.o)           icomlib.a(clock.o) (etimer_request_poll)
icomlib.a(shell-ping.o)       icomlib.a(atcmd_icomm.o) (ping_start)
icomlib.a(random.o)           icomlib.a(clock.o) (random_init)
icomlib.a(timer.o)            icomlib.a(etimer.o) (timer_set)
icomlib.a(airkiss.o)          icomlib.a(ieee80211_mgmt.) (clearAirKissBuf)
icomlib.a(bsp_info.o)         icomlib.a(contiki-main.o) (bsp_get_boot_info)
icomlib.a(cfs-coffee.o)       icomlib.a(systemconf.o) (cfs_open)
icomlib.a(console.o)          icomlib.a(contiki-main.o) (console_init)
icomlib.a(drv_flash.o)        icomlib.a(systemconf.o) (drv_flash_get_cache_addr)
icomlib.a(drv_gpio.o)         icomlib.a(swpwm.o) (get_PAD_Addr)
icomlib.a(drv_pmu.o)          icomlib.a(powersave.o) (drv_pmu_powersave_mode)
icomlib.a(drv_wdog.o)         icomlib.a(wdog_api.o) (drv_wdog_reboot)
icomlib.a(fence.o)            icomlib.a(bsp.o) (fence_init)
icomlib.a(flash_api.o)        icomlib.a(systemconf.o) (spi_flash_sector_erase)
icomlib.a(smartComm.o)        icomlib.a(sys_status_api.) (set_slink_ready_ack)
icomlib.a(smartConf.o)        icomlib.a(ieee80211_mgmt.) (clearSmartLinkBuf)
icomlib.a(userSmart.o)        icomlib.a(ssv6200_rx.o) (rx_process_userSmart)
icomlib.a(ieee80211_mac.o)    icomlib.a(ieee80211_mgmt.) (rx_skb)
icomlib.a(ieee80211_net.o)    icomlib.a(netstack.o) (ieee80211_net)
icomlib.a(ssv6200_tx.o)       icomlib.a(ssvradio.o) (ssv6200_transmit)
icomlib.a(drv_fence.o)        icomlib.a(fence.o) (hwfence_init)
icomlib.a(drv_mbox.o)         icomlib.a(ssv6200_tx.o) (drv_mailbox_cpu_ff)
icomlib.a(EAPOL.o)            icomlib.a(ieee80211_net.o) (rx_process_eapol)
icomapps.a(atcmd.o)           icomlib.a(atcmd_icomm.o) (At_ParserInd)
icomapps.a(socket_app.o)      icomlib.a(smartComm.o) (setRemoteMAC)
[...]
Memory Configuration

Name             Origin             Length             Attributes
flash            0x03000000         0x00080000         xr
ram              0x02000000         0x00030000         xrw
*default*        0x00000000         0xffffffff

Linker script and memory map

                0x00080000                _flash_size_ = 0x80000
                0x00030000                _ram_size_ = 0x30000
                0x0202fffc                __stack_end__ = ((ORIGIN (ram) + 0x30000) - 0x4)
                0x00004000                _boot_size = 0x4000
                0x03000000                . = ORIGIN (flash)
                0x03000000                _sitxt0 = .

startup         0x03000000      0x1e0
 *(.startup1)
 .startup1      0x03000000       0x50 /tmp/ccKPhnyP.o
 *(.startup2)
 .startup2      0x03000050      0x184 /tmp/ccKPhnyP.o
                0x03000194                endless_loop
                0x030001e0                . = ALIGN (0x10)
 *fill*         0x030001d4        0xc 
                0x02029000                _vma_boot_text_beg = ((ORIGIN (ram) + 0x30000) - 0x7000)
                0x030001e0                _sitxt0a = (_sitxt0 + SIZEOF (startup))
                0x03004000                . = (ORIGIN (flash) + _boot_size)
                0x03004000                _sitxt2 = .

prog_in_flash   0x03004000    0x25c10
 *(.vars_second_boot)
 .vars_second_boot
                0x03004000       0x48 /tmp/ccKPhnyP.o
 icomlib.a:contiki-main.o(.text.startup.main)
 .text.startup.main
                0x03004048      0x104 icomlib.a(contiki-main.o)
                0x03004048                main
 *(EXCLUDE_FILE(icomlib.a:ssv_lib.o icomlib.a:sha256.o icomlib.a:sha384.o icomlib.a:sha512.o icomlib.a:x905.o icomlib.a:asn1.o icomlib.a:pstmsqrcomba.o icomlib.a:pstmmulcomba.o icomlib.a:pstmmonreduce.o icomlib.a:pstm.o contikilib.a:socket_driver.o icomlib.a:powersave.o icomlib.a:hw_regs_api.o icomlib.a:flash_api.o icomlib.a:drv_flash.o icomlib.a:xmem.o icomlib.a:soft_ap.o icomlib.a:debug-uart.o icomlib.a:dbg-puts.o icomlib.a:strformat.o icomlib.a:dbg-printf.o icomlib.a:rate_control.o icomlib.a:throughput.o icomlib.a:ssv6200_tx.o icomlib.a:ssv6200_rx.o icomlib.a:ssvradio.o icomlib.a:drv_pktbuf.o icomlib.a:packetbuf.o icomlib.a:ieee80211_rdc.o icomlib.a:ieee80211_net.o contikilib.a:tcpip.o icomlib.a:etimer.o icomlib.a:clock.o icomlib.a:timer.o contikilib.a:uip.o icomlib.a:AES_decrypt.o icomlib.a:boot-hiflying.o) .text*)
 .text          0x0300414c        0x0 /tmp/ccKPhnyP.o
 .text          0x0300414c        0x0 ssv6060-main.o
 .text.process_thread_ac_tcp_connect_process
                0x0300414c      0x104 ssv6060-main.o
 .text.AT_Customer
                0x03004250       0x18 ssv6060-main.o
                0x03004250                AT_Customer
 .text.AT_Customer2
                0x03004268       0x50 ssv6060-main.o
                0x03004268                AT_Customer2
 .text.process_thread_ac_nslookup_process
                0x030042b8       0xe4 ssv6060-main.o
 .text.AT_SmartLink
                0x0300439c       0x14 ssv6060-main.o
                0x0300439c                AT_SmartLink
 .text.AT_WIFIUART_DEMO
                0x030043b0       0x78 ssv6060-main.o
                0x030043b0                AT_WIFIUART_DEMO
 .text.AT_TCPSERVER_DEMO
                0x03004428       0x78 ssv6060-main.o
                0x03004428                AT_TCPSERVER_DEMO
 .text.TurnOffAllLED
                0x030044a0       0x70 ssv6060-main.o
                0x030044a0                TurnOffAllLED
 .text.process_thread_main_process
                0x03004510       0x3c ssv6060-main.o
 .text.SetLED   0x0300454c       0x50 ssv6060-main.o
                0x0300454c                SetLED
 .text.Test_Connect
                0x0300459c       0x24 ssv6060-main.o
                0x0300459c                Test_Connect
 .text          0x030045c0        0x0 icomlib.a(printf.o)
 .text.write_str
                0x030045c0       0x1c icomlib.a(printf.o)
 .text.printf   0x030045dc       0x30 icomlib.a(printf.o)
                0x030045dc                printf
 .text.uart_tx1
                0x0300460c       0x14 icomlib.a(printf.o)
                0x0300460c                uart_tx1
 .text.printchar
                0x03004620       0x50 icomlib.a(printf.o)
 .text.prints   0x03004670      0x10c icomlib.a(printf.o)
 .text.printi   0x0300477c      0x118 icomlib.a(printf.o)
 .text.print    0x03004894      0x1f8 icomlib.a(printf.o)
                0x03004894                print
 .text.sprintf  0x03004a8c       0x30 icomlib.a(printf.o)
                0x03004a8c                sprintf
 .text.vsprintf
                0x03004abc       0x1c icomlib.a(printf.o)
                0x03004abc                vsprintf
 .text.set_log_all_group_enable
                0x03004ad8       0x24 icomlib.a(printf.o)
                0x03004ad8                set_log_all_group_enable
 .text.set_log_all_group_disable
                0x03004afc       0x24 icomlib.a(printf.o)
                0x03004afc                set_log_all_group_disable
 .text.set_log_all_group
                0x03004b20       0x2c icomlib.a(printf.o)
                0x03004b20                set_log_all_group
 .text.set_log_all_level
                0x03004b4c       0x8c icomlib.a(printf.o)
                0x03004b4c                set_log_all_level
 .text.set_log_single_group_level
                0x03004bd8       0x40 icomlib.a(printf.o)
                0x03004bd8                set_log_single_group_level
 .text.dump_log_control_info
                0x03004c18       0x78 icomlib.a(printf.o)
                0x03004c18                dump_log_control_info
 .text          0x03004c90        0x0 icomlib.a(process.o)
 .text.process_alloc_event
                0x03004c90       0x18 icomlib.a(process.o)
                0x03004c90                process_alloc_event
 .text.check_process_in_que
                0x03004ca8       0x64 icomlib.a(process.o)
                0x03004ca8                check_process_in_que
 .text.process_debug
                0x03004d0c      0x150 icomlib.a(process.o)
                0x03004d0c                process_debug
 .text          0x03004e5c        0x0 icomlib.a(atcmd_icomm.o)
 .text.ip2int   0x03004e5c       0xe4 icomlib.a(atcmd_icomm.o)
                0x03004e5c                ip2int
 .text.At_RespOK
                0x03004f40       0x74 icomlib.a(atcmd_icomm.o)
                0x03004f40                At_RespOK
 .text.At_GetLocalMac
                0x03004fb4       0x4c icomlib.a(atcmd_icomm.o)
                0x03004fb4                At_GetLocalMac
 .text.At_GetVersion
                0x03005000       0x2c icomlib.a(atcmd_icomm.o)
                0x03005000                At_GetVersion
 .text.At_GetManufactureInfo
                0x0300502c       0x2c icomlib.a(atcmd_icomm.o)
                0x0300502c                At_GetManufactureInfo
 .text.At_SetWifiConfig
                0x03005058      0x214 icomlib.a(atcmd_icomm.o)
                0x03005058                At_SetWifiConfig
 .text.At_GetConfigure
                0x0300526c       0xb4 icomlib.a(atcmd_icomm.o)
                0x0300526c                At_GetConfigure
 .text.At_SetIfConfigure
                0x03005320      0x19c icomlib.a(atcmd_icomm.o)
                0x03005320                At_SetIfConfigure
 .text.At_GetNetStatus
                0x030054bc       0x30 icomlib.a(atcmd_icomm.o)
                0x030054bc                At_GetNetStatus
 .text.At_Ping  0x030054ec       0x80 icomlib.a(atcmd_icomm.o)
                0x030054ec                At_Ping
 .text.At_Help  0x0300556c      0x210 icomlib.a(atcmd_icomm.o)
                0x0300556c                At_Help
 .text.At_GetApStatus
                0x0300577c       0x70 icomlib.a(atcmd_icomm.o)
                0x0300577c                At_GetApStatus
 .text.At_GetWifiStatus
                0x030057ec      0x350 icomlib.a(atcmd_icomm.o)
                0x030057ec                At_GetWifiStatus
 .text.At_GetMRX
                0x03005b3c      0x130 icomlib.a(atcmd_icomm.o)
                0x03005b3c                At_GetMRX
 .text.At_TestMemRead
                0x03005c6c       0x88 icomlib.a(atcmd_icomm.o)
                0x03005c6c                At_TestMemRead
 .text.At_MboxDump
                0x03005cf4       0x10 icomlib.a(atcmd_icomm.o)
                0x03005cf4                At_MboxDump
 .text.At_WifiReset
                0x03005d04       0x10 icomlib.a(atcmd_icomm.o)
                0x03005d04                At_WifiReset
 .text.At_GetIPconf
                0x03005d14       0x4c icomlib.a(atcmd_icomm.o)
                0x03005d14                At_GetIPconf
 .text.At_NetScan
                0x03005d60       0x14 icomlib.a(atcmd_icomm.o)
                0x03005d60                At_NetScan
 .text.At_NetScan_Custom
                0x03005d74       0xb4 icomlib.a(atcmd_icomm.o)
                0x03005d74                At_NetScan_Custom
 .text.At_Connect
                0x03005e28       0x58 icomlib.a(atcmd_icomm.o)
                0x03005e28                At_Connect
 .text.process_thread_Cabrio_ate_process
                0x03005e80      0x120 icomlib.a(atcmd_icomm.o)
 .text.At_Disconnect
                0x03005fa0       0x10 icomlib.a(atcmd_icomm.o)
                0x03005fa0                At_Disconnect
 .text.At_POWERSAVE
                0x03005fb0       0x34 icomlib.a(atcmd_icomm.o)
                0x03005fb0                At_POWERSAVE
 .text.At_WriteReg32
                0x03005fe4       0xd4 icomlib.a(atcmd_icomm.o)
                0x03005fe4                At_WriteReg32
 .text.At_ReadReg32
                0x030060b8       0x94 icomlib.a(atcmd_icomm.o)
                0x030060b8                At_ReadReg32
 .text.At_SetChannel
                0x0300614c       0x9c icomlib.a(atcmd_icomm.o)
                0x0300614c                At_SetChannel
 .text.At_GetRfStatus
                0x030061e8      0x198 icomlib.a(atcmd_icomm.o)
                0x030061e8                At_GetRfStatus
 .text.At_ShowRfCommand
                0x03006380      0x1cc icomlib.a(atcmd_icomm.o)
                0x03006380                At_ShowRfCommand
 .text.AT_RemoveCfsConf
                0x0300654c        0x4 icomlib.a(atcmd_icomm.o)
                0x0300654c                AT_RemoveCfsConf
 .text.At_bmode_count
                0x03006550       0x44 icomlib.a(atcmd_icomm.o)
                0x03006550                At_bmode_count
 .text.At_bmode_reset
                0x03006594       0x1c icomlib.a(atcmd_icomm.o)
                0x03006594                At_bmode_reset
 .text.At_gmode_count
                0x030065b0       0x48 icomlib.a(atcmd_icomm.o)
                0x030065b0                At_gmode_count
 .text.At_gmode_reset
                0x030065f8       0x20 icomlib.a(atcmd_icomm.o)
                0x030065f8                At_gmode_reset
 .text.At_filter_reset
                0x03006618      0x1f0 icomlib.a(atcmd_icomm.o)
                0x03006618                At_filter_reset
 .text.At_filter_count
                0x03006808       0x5c icomlib.a(atcmd_icomm.o)
                0x03006808                At_filter_count
 .text.at_cmd_start
                0x03006864       0x1c icomlib.a(atcmd_icomm.o)
                0x03006864                at_cmd_start
 .text.at_cmd_exit
                0x03006880       0x18 icomlib.a(atcmd_icomm.o)
                0x03006880                at_cmd_exit
 .text          0x03006898        0x0 icomlib.a(contiki-main.o)
 .text.test_rtimer
                0x03006898        0xc icomlib.a(contiki-main.o)
                0x03006898                test_rtimer
 .text.send_frame_rtimer
                0x030068a4        0xc icomlib.a(contiki-main.o)
                0x030068a4                send_frame_rtimer
 .text.dump_boot_message
                0x030068b0       0x60 icomlib.a(contiki-main.o)
                0x030068b0                dump_boot_message
 .text.get_all_config
                0x03006910       0x38 icomlib.a(contiki-main.o)
                0x03006910                get_all_config
 .text.log_init
                0x03006948       0x10 icomlib.a(contiki-main.o)
                0x03006948                log_init
 .text          0x03006958        0x0 icomlib.a(gpio_api.o)
 .text.pinMode  0x03006958       0x44 icomlib.a(gpio_api.o)
                0x03006958                pinMode
 .text.digitalWrite
                0x0300699c       0x10 icomlib.a(gpio_api.o)
                0x0300699c                digitalWrite
 .text.digitalRead
                0x030069ac        0x4 icomlib.a(gpio_api.o)
                0x030069ac                digitalRead
 .text.gpio_irq_enable
                0x030069b0       0x40 icomlib.a(gpio_api.o)
                0x030069b0                gpio_irq_enable
 .text.gpio_irq_disable
                0x030069f0       0x10 icomlib.a(gpio_api.o)
                0x030069f0                gpio_irq_disable
 .text          0x03006a00        0x0 icomlib.a(drv_timer.o)
 .text.hwtmr_stop
                0x03006a00       0x20 icomlib.a(drv_timer.o)
                0x03006a00                hwtmr_stop
 .text.hwtmr_start
                0x03006a20       0x34 icomlib.a(drv_timer.o)
                0x03006a20                hwtmr_start
 .text.hwtmr_init
                0x03006a54       0x2c icomlib.a(drv_timer.o)
                0x03006a54                hwtmr_init
 .text          0x03006a80        0x0 icomlib.a(drv_uart.o)
 .text.drv_uart_init
                0x03006a80       0x78 icomlib.a(drv_uart.o)
                0x03006a80                drv_uart_init
 .text.drv_uart_tx_0
                0x03006af8        0xc icomlib.a(drv_uart.o)
                0x03006af8                drv_uart_tx_0
 .text.drv_uart_is_tx_busy_0
                0x03006b04       0x18 icomlib.a(drv_uart.o)
                0x03006b04                drv_uart_is_tx_busy_0
 .text.drv_uart_multiple_tx_0
                0x03006b1c       0x28 icomlib.a(drv_uart.o)
                0x03006b1c                drv_uart_multiple_tx_0
 .text.drv_uart_get_uart_fifo_length_0
                0x03006b44        0x8 icomlib.a(drv_uart.o)
                0x03006b44                drv_uart_get_uart_fifo_length_0
 .text.drv_uart_enable_tx_int_0
                0x03006b4c       0x14 icomlib.a(drv_uart.o)
                0x03006b4c                drv_uart_enable_tx_int_0
 .text.drv_uart_disable_tx_int_0
                0x03006b60       0x14 icomlib.a(drv_uart.o)
                0x03006b60                drv_uart_disable_tx_int_0
 .text.drv_uart_enable_rx_int_0
                0x03006b74       0x14 icomlib.a(drv_uart.o)
                0x03006b74                drv_uart_enable_rx_int_0
 .text.drv_uart_disable_rx_int_0
                0x03006b88       0x14 icomlib.a(drv_uart.o)
                0x03006b88                drv_uart_disable_rx_int_0
 .text.drv_datauart_init
                0x03006b9c      0x160 icomlib.a(drv_uart.o)
                0x03006b9c                drv_datauart_init
 .text.drv_datauart_Deinit
                0x03006cfc       0x58 icomlib.a(drv_uart.o)
                0x03006cfc                drv_datauart_Deinit
 .text.drv_datauart_conf
                0x03006d54       0x7c icomlib.a(drv_uart.o)
                0x03006d54                drv_datauart_conf
 .text          0x03006dd0        0x0 icomlib.a(hw_init.o)
 .text.hw_tbl_write
                0x03006dd0       0x60 icomlib.a(hw_init.o)
 .text.modulator_and_pll_reset
                0x03006e30       0xd4 icomlib.a(hw_init.o)
                0x03006e30                modulator_and_pll_reset
 .text.ssv6xxx_phy_disable
                0x03006f04       0x14 icomlib.a(hw_init.o)
                0x03006f04                ssv6xxx_phy_disable
 .text.ssv6xxx_mac_disable
                0x03006f18       0x14 icomlib.a(hw_init.o)
                0x03006f18                ssv6xxx_mac_disable
 .text.ssv6xxx_hw_rf_phy_mac_reset
                0x03006f2c      0x1a8 icomlib.a(hw_init.o)
                0x03006f2c                ssv6xxx_hw_rf_phy_mac_reset
 .text.ssv6xxx_hw_radio_init
                0x030070d4      0x1b0 icomlib.a(hw_init.o)
                0x030070d4                ssv6xxx_hw_radio_init
 .text          0x03007284        0x0 icomlib.a(ssv_lib_slow.o)
 .text.mac_atoi
                0x03007284       0x44 icomlib.a(ssv_lib_slow.o)
                0x03007284                mac_atoi
 .text.dbg_dump_reg_pc
                0x030072c8       0x10 icomlib.a(ssv_lib_slow.o)
                0x030072c8                dbg_dump_reg_pc
 .text.dbg_dump_reg_sp
                0x030072d8       0x10 icomlib.a(ssv_lib_slow.o)
                0x030072d8                dbg_dump_reg_sp
 .text.dbg_dump_reg_cpsr
                0x030072e8       0xa0 icomlib.a(ssv_lib_slow.o)
                0x030072e8                dbg_dump_reg_cpsr
 .text.dbg_dump_binary
                0x03007388       0x78 icomlib.a(ssv_lib_slow.o)
                0x03007388                dbg_dump_binary
 .text.dbg_dump_mac
                0x03007400       0x48 icomlib.a(ssv_lib_slow.o)
                0x03007400                dbg_dump_mac
 .text.dbg_dump_ip
                0x03007448       0x38 icomlib.a(ssv_lib_slow.o)
                0x03007448                dbg_dump_ip
 .text          0x03007480        0x0 icomlib.a(swpwm.o)
 .text.initSwPWM
                0x03007480       0x28 icomlib.a(swpwm.o)
                0x03007480                initSwPWM
 .text.pwm_unregister
                0x030074a8       0xa0 icomlib.a(swpwm.o)
                0x030074a8                pwm_unregister
 .text.disableSwPWM
                0x03007548       0x34 icomlib.a(swpwm.o)
                0x03007548                disableSwPWM
 .text.pwm_register
                0x0300757c       0xe4 icomlib.a(swpwm.o)
                0x0300757c                pwm_register
 .text.enableSwPWM
                0x03007660       0x6c icomlib.a(swpwm.o)
                0x03007660                enableSwPWM
 .text          0x030076cc        0x0 icomlib.a(systemconf.o)
 .text.gconfig_gen_header_to_mem
                0x030076cc       0x3c icomlib.a(systemconf.o)
                0x030076cc                gconfig_gen_header_to_mem
 .text.gconfig_gen_config_to_mem
                0x03007708       0x48 icomlib.a(systemconf.o)
                0x03007708                gconfig_gen_config_to_mem
 .text.gconfig_gen_config_table
                0x03007750      0x114 icomlib.a(systemconf.o)
                0x03007750                gconfig_gen_config_table
 .text.gconfig_save_config
                0x03007864       0x48 icomlib.a(systemconf.o)
                0x03007864                gconfig_save_config
 .text.gconfig_set_softap_ssid
                0x030078ac       0xb4 icomlib.a(systemconf.o)
                0x030078ac                gconfig_set_softap_ssid
 .text.gconfig_set_enable_smart
                0x03007960       0x78 icomlib.a(systemconf.o)
                0x03007960                gconfig_set_enable_smart
 .text.gconfig_set_auto_connect
                0x030079d8       0x40 icomlib.a(systemconf.o)
                0x030079d8                gconfig_set_auto_connect
 .text.gconfig_init_global_conf_by_define
                0x03007a18       0x14 icomlib.a(systemconf.o)
                0x03007a18                gconfig_init_global_conf_by_define
 .text.reset_global_conf
                0x03007a2c       0x3c icomlib.a(systemconf.o)
                0x03007a2c                reset_global_conf
 .text.remove_sysconfig
                0x03007a68       0x58 icomlib.a(systemconf.o)
                0x03007a68                remove_sysconfig
 .text.write_wifi_config
                0x03007ac0       0xa4 icomlib.a(systemconf.o)
                0x03007ac0                write_wifi_config
 .text.read_wifi_config
                0x03007b64       0x90 icomlib.a(systemconf.o)
                0x03007b64                read_wifi_config
 .text.init_global_conf
                0x03007bf4      0x144 icomlib.a(systemconf.o)
                0x03007bf4                init_global_conf
 .text.clear_ap_lists
                0x03007d38       0x3c icomlib.a(systemconf.o)
                0x03007d38                clear_ap_lists
 .text          0x03007d74        0x0 icomlib.a(wdog_api.o)
 .text.process_thread_watchdog_process
                0x03007d74       0xf4 icomlib.a(wdog_api.o)
 .text.api_wdog_reboot
                0x03007e68        0x4 icomlib.a(wdog_api.o)
                0x03007e68                api_wdog_reboot
 .text.api_wdog_period_5000ms
                0x03007e6c        0x4 icomlib.a(wdog_api.o)
                0x03007e6c                api_wdog_period_5000ms
 .text.api_wdog_period_10000ms
                0x03007e70        0x4 icomlib.a(wdog_api.o)
                0x03007e70                api_wdog_period_10000ms
 .text.api_wdog_period_cutommed
                0x03007e74        0x4 icomlib.a(wdog_api.o)
                0x03007e74                api_wdog_period_cutommed
 .text.api_wdog_stop
                0x03007e78        0x4 icomlib.a(wdog_api.o)
                0x03007e78                api_wdog_stop
 .text.clear_rx_fifo
                0x03007e7c       0xc8 icomlib.a(wdog_api.o)
                0x03007e7c                clear_rx_fifo
 .text          0x03007f44        0x0 icomlib.a(bsp.o)
 .text.set_mrx_filter_sta
                0x03007f44      0x254 icomlib.a(bsp.o)
                0x03007f44                set_mrx_filter_sta
 .text.set_softap_trap_enable
                0x03008198       0x14 icomlib.a(bsp.o)
                0x03008198                set_softap_trap_enable
 .text.set_softap_trap_disable
                0x030081ac       0x14 icomlib.a(bsp.o)
                0x030081ac                set_softap_trap_disable
 .text.set_mrx_filter_softap
                0x030081c0      0x2ac icomlib.a(bsp.o)
                0x030081c0                set_mrx_filter_softap
 .text.chk_chip_valid
                0x0300846c       0x2c icomlib.a(bsp.o)
                0x0300846c                chk_chip_valid
 .text.bsp_init
                0x03008498       0x8c icomlib.a(bsp.o)
                0x03008498                bsp_init
 .text.enable_dcdc_mode
                0x03008524       0x20 icomlib.a(bsp.o)
                0x03008524                enable_dcdc_mode
 .text          0x03008544        0x0 icomlib.a(crypthw.o)
 .text.drv_id_mng_alloc
                0x03008544       0x7c icomlib.a(crypthw.o)
                0x03008544                drv_id_mng_alloc
 .text.PBUF_MAlloc_Raw
                0x030085c0       0x50 icomlib.a(crypthw.o)
                0x030085c0                PBUF_MAlloc_Raw
 .text.wpa_drv_init
                0x03008610       0x40 icomlib.a(crypthw.o)
                0x03008610                wpa_drv_init
 .text.soft_mac_init
                0x03008650       0x68 icomlib.a(crypthw.o)
                0x03008650                soft_mac_init
 .text          0x030086b8        0x0 icomlib.a(dbg-atcmd-api.o)
 .text.LogTemperature
                0x030086b8       0x94 icomlib.a(dbg-atcmd-api.o)
                0x030086b8                LogTemperature
 .text.Channel2Index
                0x0300874c       0x1c icomlib.a(dbg-atcmd-api.o)
                0x0300874c                Channel2Index
 .text.Gain2Power
                0x03008768      0x15c icomlib.a(dbg-atcmd-api.o)
                0x03008768                Gain2Power
 .text.Power2BGain
                0x030088c4      0x1a0 icomlib.a(dbg-atcmd-api.o)
                0x030088c4                Power2BGain
 .text.Power2GGain
                0x03008a64      0x188 icomlib.a(dbg-atcmd-api.o)
                0x03008a64                Power2GGain
 .text.GetDefaultGain
                0x03008bec       0xb4 icomlib.a(dbg-atcmd-api.o)
                0x03008bec                GetDefaultGain
 .text.Freq2P   0x03008ca0        0xc icomlib.a(dbg-atcmd-api.o)
                0x03008ca0                Freq2P
 .text.Freq2N   0x03008cac        0xc icomlib.a(dbg-atcmd-api.o)
                0x03008cac                Freq2N
 .text.UpdateConf
                0x03008cb8      0x368 icomlib.a(dbg-atcmd-api.o)
                0x03008cb8                UpdateConf
 .text.drv_phy_wait_rdy2
                0x03009020       0x30 icomlib.a(dbg-atcmd-api.o)
                0x03009020                drv_phy_wait_rdy2
 .text.mac_transfer
                0x03009050       0x40 icomlib.a(dbg-atcmd-api.o)
                0x03009050                mac_transfer
 .text.serial_transfer
                0x03009090       0x58 icomlib.a(dbg-atcmd-api.o)
                0x03009090                serial_transfer
 .text._DBG_AT_SET_PEERMAC
                0x030090e8       0x2c icomlib.a(dbg-atcmd-api.o)
                0x030090e8                _DBG_AT_SET_PEERMAC
 .text._DBG_AT_SET_PEERMAC_SOFTAP
                0x03009114       0x38 icomlib.a(dbg-atcmd-api.o)
                0x03009114                _DBG_AT_SET_PEERMAC_SOFTAP
 .text._DBG_AT_RESET_PEERMAC_SOFTAP
                0x0300914c       0x38 icomlib.a(dbg-atcmd-api.o)
                0x0300914c                _DBG_AT_RESET_PEERMAC_SOFTAP
 .text._DBG_AT_SET_CHANNEL
                0x03009184       0x50 icomlib.a(dbg-atcmd-api.o)
                0x03009184                _DBG_AT_SET_CHANNEL
 .text._DBG_AT_SET_MAC
                0x030091d4        0x4 icomlib.a(dbg-atcmd-api.o)
                0x030091d4                _DBG_AT_SET_MAC
 .text._DBG_AT_SET_BSSID
                0x030091d8        0x4 icomlib.a(dbg-atcmd-api.o)
                0x030091d8                _DBG_AT_SET_BSSID
 .text._DBG_AT_SEND
                0x030091dc       0x58 icomlib.a(dbg-atcmd-api.o)
                0x030091dc                _DBG_AT_SEND
 .text.process_thread_start_tx_process
                0x03009234      0x120 icomlib.a(dbg-atcmd-api.o)
 .text.RFStart  0x03009354      0x2b8 icomlib.a(dbg-atcmd-api.o)
                0x03009354                RFStart
 .text.process_thread_rf_start_process
                0x0300960c       0xf0 icomlib.a(dbg-atcmd-api.o)
 .text.RFRate   0x030096fc      0x2ac icomlib.a(dbg-atcmd-api.o)
                0x030096fc                RFRate
 .text.RFBGain  0x030099a8       0x88 icomlib.a(dbg-atcmd-api.o)
                0x030099a8                RFBGain
 .text.RFGNGain
                0x03009a30       0x88 icomlib.a(dbg-atcmd-api.o)
                0x03009a30                RFGNGain
 .text.RFIQPhase
                0x03009ab8       0x88 icomlib.a(dbg-atcmd-api.o)
                0x03009ab8                RFIQPhase
 .text.RFIQAmp  0x03009b40       0x88 icomlib.a(dbg-atcmd-api.o)
                0x03009b40                RFIQAmp
 .text.RFStop   0x03009bc8       0x3c icomlib.a(dbg-atcmd-api.o)
                0x03009bc8                RFStop
 .text.RFReset  0x03009c04      0x454 icomlib.a(dbg-atcmd-api.o)
                0x03009c04                RFReset
 .text.RFCount  0x0300a058       0x58 icomlib.a(dbg-atcmd-api.o)
                0x0300a058                RFCount
 .text.RFFreqOffset
                0x0300a0b0       0xf0 icomlib.a(dbg-atcmd-api.o)
                0x0300a0b0                RFFreqOffset
 .text.RFTempcsHT
                0x0300a1a0       0xa8 icomlib.a(dbg-atcmd-api.o)
                0x0300a1a0                RFTempcsHT
 .text.RFTempcsRT
                0x0300a248       0xa8 icomlib.a(dbg-atcmd-api.o)
                0x0300a248                RFTempcsRT
 .text.RFTempcsLT
                0x0300a2f0       0xa8 icomlib.a(dbg-atcmd-api.o)
                0x0300a2f0                RFTempcsLT
 .text.ReadTemperature
                0x0300a398       0xc8 icomlib.a(dbg-atcmd-api.o)
                0x0300a398                ReadTemperature
 .text.process_thread_temperature_compensator_process
                0x0300a460      0x298 icomlib.a(dbg-atcmd-api.o)
 .text.EnableTemperatureCompensator
                0x0300a6f8       0x1c icomlib.a(dbg-atcmd-api.o)
                0x0300a6f8                EnableTemperatureCompensator
 .text.DumpRFParam
                0x0300a714       0xec icomlib.a(dbg-atcmd-api.o)
                0x0300a714                DumpRFParam
 .text.WriteParam2Flash
                0x0300a800      0x2e0 icomlib.a(dbg-atcmd-api.o)
                0x0300a800                WriteParam2Flash
 .text.RFSetLDO
                0x0300aae0       0x7c icomlib.a(dbg-atcmd-api.o)
                0x0300aae0                RFSetLDO
 .text.RFSetPA1
                0x0300ab5c       0x5c icomlib.a(dbg-atcmd-api.o)
                0x0300ab5c                RFSetPA1
 .text.RFSetPA2
                0x0300abb8       0x60 icomlib.a(dbg-atcmd-api.o)
                0x0300abb8                RFSetPA2
 .text.RFSetPA3
                0x0300ac18       0x5c icomlib.a(dbg-atcmd-api.o)
                0x0300ac18                RFSetPA3
 .text.RFSetXTAL
                0x0300ac74       0x60 icomlib.a(dbg-atcmd-api.o)
                0x0300ac74                RFSetXTAL
 .text.RFSetFlashXTAL
                0x0300acd4       0x9c icomlib.a(dbg-atcmd-api.o)
                0x0300acd4                RFSetFlashXTAL
 .text.SetTemperatureBoundary
                0x0300ad70       0x90 icomlib.a(dbg-atcmd-api.o)
                0x0300ad70                SetTemperatureBoundary
 .text.Radio_Command
                0x0300ae00     0x10c4 icomlib.a(dbg-atcmd-api.o)
                0x0300ae00                Radio_Command
 .text.Parse_Radio_Command
                0x0300bec4       0x88 icomlib.a(dbg-atcmd-api.o)
                0x0300bec4                Parse_Radio_Command
 .text          0x0300bf4c        0x0 icomlib.a(drv_mac.o)
 .text.SET_STA_MAC
                0x0300bf4c       0x74 icomlib.a(drv_mac.o)
                0x0300bf4c                SET_STA_MAC
 .text.GET_STA_MAC
                0x0300bfc0       0x4c icomlib.a(drv_mac.o)
                0x0300bfc0                GET_STA_MAC
 .text.SET_BSSID
                0x0300c00c       0x74 icomlib.a(drv_mac.o)
                0x0300c00c                SET_BSSID
 .text.GET_BSSID
                0x0300c080       0x4c icomlib.a(drv_mac.o)
                0x0300c080                GET_BSSID
 .text.SET_PEER_MAC0
                0x0300c0cc       0x74 icomlib.a(drv_mac.o)
                0x0300c0cc                SET_PEER_MAC0
 .text.GET_PEER_MAC0
                0x0300c140       0x4c icomlib.a(drv_mac.o)
                0x0300c140                GET_PEER_MAC0
 .text.SET_PEER_MAC1
                0x0300c18c       0x74 icomlib.a(drv_mac.o)
                0x0300c18c                SET_PEER_MAC1
 .text.GET_PEER_MAC1
                0x0300c200       0x4c icomlib.a(drv_mac.o)
                0x0300c200                GET_PEER_MAC1
 .text.SET_MRX_MCAST_TB0
                0x0300c24c       0x74 icomlib.a(drv_mac.o)
                0x0300c24c                SET_MRX_MCAST_TB0
 .text.GET_MRX_MCAST_TB0
                0x0300c2c0       0x4c icomlib.a(drv_mac.o)
                0x0300c2c0                GET_MRX_MCAST_TB0
 .text.SET_MRX_MCAST_TB1
                0x0300c30c       0x74 icomlib.a(drv_mac.o)
                0x0300c30c                SET_MRX_MCAST_TB1
 .text.GET_MRX_MCAST_TB1
                0x0300c380       0x4c icomlib.a(drv_mac.o)
                0x0300c380                GET_MRX_MCAST_TB1
 .text.SET_MRX_MCAST_TB2
                0x0300c3cc       0x74 icomlib.a(drv_mac.o)
                0x0300c3cc                SET_MRX_MCAST_TB2
 .text.GET_MRX_MCAST_TB2
                0x0300c440       0x4c icomlib.a(drv_mac.o)
                0x0300c440                GET_MRX_MCAST_TB2
 .text.SET_MRX_MCAST_TB3
                0x0300c48c       0x74 icomlib.a(drv_mac.o)
                0x0300c48c                SET_MRX_MCAST_TB3
 .text.GET_MRX_MCAST_TB3
                0x0300c500       0x4c icomlib.a(drv_mac.o)
                0x0300c500                GET_MRX_MCAST_TB3
 .text.SET_MRX_MCAST_MASK0
                0x0300c54c       0x74 icomlib.a(drv_mac.o)
                0x0300c54c                SET_MRX_MCAST_MASK0
 .text.GET_MRX_MCAST_MASK0
                0x0300c5c0       0x4c icomlib.a(drv_mac.o)
                0x0300c5c0                GET_MRX_MCAST_MASK0
 .text.SET_MRX_MCAST_MASK1
                0x0300c60c       0x74 icomlib.a(drv_mac.o)
                0x0300c60c                SET_MRX_MCAST_MASK1
 .text.GET_MRX_MCAST_MASK1
                0x0300c680       0x4c icomlib.a(drv_mac.o)
                0x0300c680                GET_MRX_MCAST_MASK1
 .text.SET_MRX_MCAST_MASK2
                0x0300c6cc       0x74 icomlib.a(drv_mac.o)
                0x0300c6cc                SET_MRX_MCAST_MASK2
 .text.GET_MRX_MCAST_MASK2
                0x0300c740       0x4c icomlib.a(drv_mac.o)
                0x0300c740                GET_MRX_MCAST_MASK2
 .text.SET_MRX_MCAST_MASK3
                0x0300c78c       0x74 icomlib.a(drv_mac.o)
                0x0300c78c                SET_MRX_MCAST_MASK3
 .text.GET_MRX_MCAST_MASK3
                0x0300c800       0x4c icomlib.a(drv_mac.o)
                0x0300c800                GET_MRX_MCAST_MASK3
 .text.SET_BA_TA
                0x0300c84c       0x74 icomlib.a(drv_mac.o)
                0x0300c84c                SET_BA_TA
 .text.GET_BA_TA
                0x0300c8c0       0x4c icomlib.a(drv_mac.o)
                0x0300c8c0                GET_BA_TA
 .text.SET_ACK_GEN_RA
                0x0300c90c       0x74 icomlib.a(drv_mac.o)
                0x0300c90c                SET_ACK_GEN_RA
 .text.GET_ACK_GEN_RA
                0x0300c980       0x4c icomlib.a(drv_mac.o)
                0x0300c980                GET_ACK_GEN_RA
 .text          0x0300c9cc        0x0 icomlib.a(drv_phy.o)
 .text.rg_idacai_pgag0_load
                0x0300c9cc       0x1c icomlib.a(drv_phy.o)
                0x0300c9cc                rg_idacai_pgag0_load
 .text.rg_idacai_pgag1_load
                0x0300c9e8       0x1c icomlib.a(drv_phy.o)
                0x0300c9e8                rg_idacai_pgag1_load
 .text.rg_idacai_pgag2_load
                0x0300ca04       0x1c icomlib.a(drv_phy.o)
                0x0300ca04                rg_idacai_pgag2_load
 .text.rg_idacai_pgag3_load
                0x0300ca20       0x1c icomlib.a(drv_phy.o)
                0x0300ca20                rg_idacai_pgag3_load
 .text.rg_idacai_pgag4_load
                0x0300ca3c       0x1c icomlib.a(drv_phy.o)
                0x0300ca3c                rg_idacai_pgag4_load
 .text.rg_idacai_pgag5_load
                0x0300ca58       0x1c icomlib.a(drv_phy.o)
                0x0300ca58                rg_idacai_pgag5_load
 .text.rg_idacai_pgag6_load
                0x0300ca74       0x1c icomlib.a(drv_phy.o)
                0x0300ca74                rg_idacai_pgag6_load
 .text.rg_idacai_pgag7_load
                0x0300ca90       0x1c icomlib.a(drv_phy.o)
                0x0300ca90                rg_idacai_pgag7_load
 .text.rg_idacai_pgag8_load
                0x0300caac       0x1c icomlib.a(drv_phy.o)
                0x0300caac                rg_idacai_pgag8_load
 .text.rg_idacai_pgag9_load
                0x0300cac8       0x1c icomlib.a(drv_phy.o)
                0x0300cac8                rg_idacai_pgag9_load
 .text.rg_idacai_pgag10_load
                0x0300cae4       0x1c icomlib.a(drv_phy.o)
                0x0300cae4                rg_idacai_pgag10_load
 .text.rg_idacai_pgag11_load
                0x0300cb00       0x1c icomlib.a(drv_phy.o)
                0x0300cb00                rg_idacai_pgag11_load
 .text.rg_idacai_pgag12_load
                0x0300cb1c       0x1c icomlib.a(drv_phy.o)
                0x0300cb1c                rg_idacai_pgag12_load
 .text.rg_idacai_pgag13_load
                0x0300cb38       0x1c icomlib.a(drv_phy.o)
                0x0300cb38                rg_idacai_pgag13_load
 .text.rg_idacai_pgag14_load
                0x0300cb54       0x1c icomlib.a(drv_phy.o)
                0x0300cb54                rg_idacai_pgag14_load
 .text.rg_idacai_pgag15_load
                0x0300cb70       0x1c icomlib.a(drv_phy.o)
                0x0300cb70                rg_idacai_pgag15_load
 .text.rg_idacaq_pgag0_load
                0x0300cb8c       0x1c icomlib.a(drv_phy.o)
                0x0300cb8c                rg_idacaq_pgag0_load
 .text.rg_idacaq_pgag1_load
                0x0300cba8       0x1c icomlib.a(drv_phy.o)
                0x0300cba8                rg_idacaq_pgag1_load
 .text.rg_idacaq_pgag2_load
                0x0300cbc4       0x1c icomlib.a(drv_phy.o)
                0x0300cbc4                rg_idacaq_pgag2_load
 .text.rg_idacaq_pgag3_load
                0x0300cbe0       0x1c icomlib.a(drv_phy.o)
                0x0300cbe0                rg_idacaq_pgag3_load
 .text.rg_idacaq_pgag4_load
                0x0300cbfc       0x1c icomlib.a(drv_phy.o)
                0x0300cbfc                rg_idacaq_pgag4_load
 .text.rg_idacaq_pgag5_load
                0x0300cc18       0x1c icomlib.a(drv_phy.o)
                0x0300cc18                rg_idacaq_pgag5_load
 .text.rg_idacaq_pgag6_load
                0x0300cc34       0x1c icomlib.a(drv_phy.o)
                0x0300cc34                rg_idacaq_pgag6_load
 .text.rg_idacaq_pgag7_load
                0x0300cc50       0x1c icomlib.a(drv_phy.o)
                0x0300cc50                rg_idacaq_pgag7_load
 .text.rg_idacaq_pgag8_load
                0x0300cc6c       0x1c icomlib.a(drv_phy.o)
                0x0300cc6c                rg_idacaq_pgag8_load
 .text.rg_idacaq_pgag9_load
                0x0300cc88       0x1c icomlib.a(drv_phy.o)
                0x0300cc88                rg_idacaq_pgag9_load
 .text.rg_idacaq_pgag10_load
                0x0300cca4       0x1c icomlib.a(drv_phy.o)
                0x0300cca4                rg_idacaq_pgag10_load
 .text.rg_idacaq_pgag11_load
                0x0300ccc0       0x1c icomlib.a(drv_phy.o)
                0x0300ccc0                rg_idacaq_pgag11_load
 .text.rg_idacaq_pgag12_load
                0x0300ccdc       0x1c icomlib.a(drv_phy.o)
                0x0300ccdc                rg_idacaq_pgag12_load
 .text.rg_idacaq_pgag13_load
                0x0300ccf8       0x1c icomlib.a(drv_phy.o)
                0x0300ccf8                rg_idacaq_pgag13_load
 .text.rg_idacaq_pgag14_load
                0x0300cd14       0x1c icomlib.a(drv_phy.o)
                0x0300cd14                rg_idacaq_pgag14_load
 .text.rg_idacaq_pgag15_load
                0x0300cd30       0x1c icomlib.a(drv_phy.o)
                0x0300cd30                rg_idacaq_pgag15_load
 .text.rfreg_byxtal_load
                0x0300cd4c       0x84 icomlib.a(drv_phy.o)
                0x0300cd4c                rfreg_byxtal_load
 .text.rfreg_bych_load
                0x0300cdd0       0x7c icomlib.a(drv_phy.o)
                0x0300cdd0                rfreg_bych_load
 .text.rfreg_bypa_load
                0x0300ce4c       0x44 icomlib.a(drv_phy.o)
                0x0300ce4c                rfreg_bypa_load
 .text.drv_phy_tbl_load
                0x0300ce90       0x38 icomlib.a(drv_phy.o)
                0x0300ce90                drv_phy_tbl_load
 .text.drv_phy_cfgtbl_load
                0x0300cec8       0x20 icomlib.a(drv_phy.o)
                0x0300cec8                drv_phy_cfgtbl_load
 .text.drv_phy_wait_rdy
                0x0300cee8       0x30 icomlib.a(drv_phy.o)
                0x0300cee8                drv_phy_wait_rdy
 .text.drv_phy_cali_rcal
                0x0300cf18       0x68 icomlib.a(drv_phy.o)
                0x0300cf18                drv_phy_cali_rcal
 .text.drv_phy_cali_tssi
                0x0300cf80      0x1b8 icomlib.a(drv_phy.o)
                0x0300cf80                drv_phy_cali_tssi
 .text.drv_phy_temperature
                0x0300d138       0x90 icomlib.a(drv_phy.o)
                0x0300d138                drv_phy_temperature
 .text.drv_phy_cali_papd_learning
                0x0300d1c8      0x1ec icomlib.a(drv_phy.o)
                0x0300d1c8                drv_phy_cali_papd_learning
 .text.drv_phy_channel_change
                0x0300d3b4       0x74 icomlib.a(drv_phy.o)
                0x0300d3b4                drv_phy_channel_change
 .text.drv_phy_sprm
                0x0300d428       0x64 icomlib.a(drv_phy.o)
                0x0300d428                drv_phy_sprm
 .text.drv_phy_cali_txlo
                0x0300d48c      0x16c icomlib.a(drv_phy.o)
                0x0300d48c                drv_phy_cali_txlo
 .text.drv_phy_cali_txiq
                0x0300d5f8      0x160 icomlib.a(drv_phy.o)
                0x0300d5f8                drv_phy_cali_txiq
 .text.drv_phy_cali_rxrc
                0x0300d758      0x23c icomlib.a(drv_phy.o)
                0x0300d758                drv_phy_cali_rxrc
 .text.drv_phy_fft_enrg
                0x0300d994       0x54 icomlib.a(drv_phy.o)
                0x0300d994                drv_phy_fft_enrg
 .text.drv_phy_cali_rxiq_fft
                0x0300d9e8      0x1a4 icomlib.a(drv_phy.o)
                0x0300d9e8                drv_phy_cali_rxiq_fft
 .text.rtbl_cali_reg_rmw
                0x0300db8c       0x28 icomlib.a(drv_phy.o)
                0x0300db8c                rtbl_cali_reg_rmw
 .text.rtbl_cali_pre_load
                0x0300dbb4       0x68 icomlib.a(drv_phy.o)
                0x0300dbb4                rtbl_cali_pre_load
 .text.drv_phy_cali_rxdc
                0x0300dc1c      0x224 icomlib.a(drv_phy.o)
                0x0300dc1c                drv_phy_cali_rxdc
 .text.rtbl_cali_load
                0x0300de40       0x24 icomlib.a(drv_phy.o)
                0x0300de40                rtbl_cali_load
 .text.rtbl_cali_export
                0x0300de64       0x18 icomlib.a(drv_phy.o)
                0x0300de64                rtbl_cali_export
 .text.rtbl_cali_load_def
                0x0300de7c       0x68 icomlib.a(drv_phy.o)
                0x0300de7c                rtbl_cali_load_def
 .text.rtbl_cali_reset
                0x0300dee4       0x38 icomlib.a(drv_phy.o)
                0x0300dee4                rtbl_cali_reset
 .text.rtbl_cali_set
                0x0300df1c       0x84 icomlib.a(drv_phy.o)
                0x0300df1c                rtbl_cali_set
 .text.drv_phy_init
                0x0300dfa0       0x90 icomlib.a(drv_phy.o)
                0x0300dfa0                drv_phy_init
 .text.drv_phy_off
                0x0300e030       0x14 icomlib.a(drv_phy.o)
                0x0300e030                drv_phy_off
 .text.drv_phy_b_only
                0x0300e044       0x10 icomlib.a(drv_phy.o)
                0x0300e044                drv_phy_b_only
 .text.drv_phy_bgn
                0x0300e054       0x14 icomlib.a(drv_phy.o)
                0x0300e054                drv_phy_bgn
 .text.drv_phy_on
                0x0300e068       0x14 icomlib.a(drv_phy.o)
                0x0300e068                drv_phy_on
 .text.drv_phy_cali_ro_iqcal_o
                0x0300e07c        0xc icomlib.a(drv_phy.o)
                0x0300e07c                drv_phy_cali_ro_iqcal_o
 .text.drv_phy_cali_papd_div
                0x0300e088       0x84 icomlib.a(drv_phy.o)
                0x0300e088                drv_phy_cali_papd_div
 .text.drv_phy_cali_papd_gain_est
                0x0300e10c      0x160 icomlib.a(drv_phy.o)
                0x0300e10c                drv_phy_cali_papd_gain_est
 .text.drv_phy_cali_ph_wrap
                0x0300e26c       0x1c icomlib.a(drv_phy.o)
                0x0300e26c                drv_phy_cali_ph_wrap
 .text.drv_phy_cali_papd
                0x0300e288      0x5a4 icomlib.a(drv_phy.o)
                0x0300e288                drv_phy_cali_papd
 .text.drv_phy_reg_init
                0x0300e82c       0xd0 icomlib.a(drv_phy.o)
                0x0300e82c                drv_phy_reg_init
 .text.drv_phy_cali_rtbl_load
                0x0300e8fc       0x5c icomlib.a(drv_phy.o)
                0x0300e8fc                drv_phy_cali_rtbl_load
 .text.phy_cali_config_load
                0x0300e958      0x124 icomlib.a(drv_phy.o)
                0x0300e958                phy_cali_config_load
 .text.drv_phy_cali_rtbl_load_def
                0x0300ea7c       0x5c icomlib.a(drv_phy.o)
                0x0300ea7c                drv_phy_cali_rtbl_load_def
 .text.drv_phy_cali_rtbl_reset
                0x0300ead8       0x5c icomlib.a(drv_phy.o)
                0x0300ead8                drv_phy_cali_rtbl_reset
 .text.drv_phy_cali_rtbl_set
                0x0300eb34       0x5c icomlib.a(drv_phy.o)
                0x0300eb34                drv_phy_cali_rtbl_set
 .text.drv_phy_cali_rtbl_export
                0x0300eb90        0x4 icomlib.a(drv_phy.o)
                0x0300eb90                drv_phy_cali_rtbl_export
 .text.drv_phy_init_cali
                0x0300eb94       0xc4 icomlib.a(drv_phy.o)
                0x0300eb94                drv_phy_init_cali
 .text.drv_phy_evm_tk
                0x0300ec58       0x5c icomlib.a(drv_phy.o)
                0x0300ec58                drv_phy_evm_tk
 .text.drv_phy_tone_tk
                0x0300ecb4       0x38 icomlib.a(drv_phy.o)
                0x0300ecb4                drv_phy_tone_tk
 .text          0x0300ecec        0x0 icomlib.a(drv_pktbuf_slow)
 .text.ssv6xxx_pbuf_dump_reg
                0x0300ecec      0x4d0 icomlib.a(drv_pktbuf_slow)
                0x0300ecec                ssv6xxx_pbuf_dump_reg
 .text          0x0300f1bc        0x0 icomlib.a(hash_alg.o)
 .text          0x0300f1bc        0x0 icomlib.a(hmac_md5.o)
 .text          0x0300f1bc        0x0 icomlib.a(hmac_sha1.o)
 .text          0x0300f1bc        0x0 icomlib.a(ieee80211_mgmt.)
 .text.process_thread_scan_channel_process
                0x0300f1bc       0xd8 icomlib.a(ieee80211_mgmt.)
 .text.process_thread_beacon_process
                0x0300f294      0x25c icomlib.a(ieee80211_mgmt.)
 .text.addAvailableIndex
                0x0300f4f0       0x3c icomlib.a(ieee80211_mgmt.)
                0x0300f4f0                addAvailableIndex
 .text.reset_AvailableIndex
                0x0300f52c       0x14 icomlib.a(ieee80211_mgmt.)
                0x0300f52c                reset_AvailableIndex
 .text.is_action
                0x0300f540       0x14 icomlib.a(ieee80211_mgmt.)
                0x0300f540                is_action
 .text.htinfo_detect
                0x0300f554       0x74 icomlib.a(ieee80211_mgmt.)
                0x0300f554                htinfo_detect
 .text.tx_probe_req
                0x0300f5c8      0x190 icomlib.a(ieee80211_mgmt.)
                0x0300f5c8                tx_probe_req
 .text.tx_authentication_req_seq1
                0x0300f758      0x168 icomlib.a(ieee80211_mgmt.)
                0x0300f758                tx_authentication_req_seq1
 .text.tx_authentication_req_seq3
                0x0300f8c0      0x128 icomlib.a(ieee80211_mgmt.)
                0x0300f8c0                tx_authentication_req_seq3
 .text.tx_deauthentication_req
                0x0300f9e8       0xcc icomlib.a(ieee80211_mgmt.)
                0x0300f9e8                tx_deauthentication_req
 .text.tx_association_req
                0x0300fab4      0x218 icomlib.a(ieee80211_mgmt.)
                0x0300fab4                tx_association_req
 .text.tx_deassociation_req
                0x0300fccc      0x110 icomlib.a(ieee80211_mgmt.)
                0x0300fccc                tx_deassociation_req
 .text.tx_action_BA_rsp
                0x0300fddc       0xec icomlib.a(ieee80211_mgmt.)
                0x0300fddc                tx_action_BA_rsp
 .text.rx_probe_rsp
                0x0300fec8      0x378 icomlib.a(ieee80211_mgmt.)
                0x0300fec8                rx_probe_rsp
 .text.rx_authentication_rsp
                0x03010240      0x1c0 icomlib.a(ieee80211_mgmt.)
                0x03010240                rx_authentication_rsp
 .text.rx_association_rsp
                0x03010400       0x78 icomlib.a(ieee80211_mgmt.)
                0x03010400                rx_association_rsp
 .text.rx_action_rsp
                0x03010478       0x24 icomlib.a(ieee80211_mgmt.)
                0x03010478                rx_action_rsp
 .text.rx_disassoc_rsp
                0x0301049c       0x94 icomlib.a(ieee80211_mgmt.)
                0x0301049c                rx_disassoc_rsp
 .text.rx_deauth_rsp
                0x03010530       0x94 icomlib.a(ieee80211_mgmt.)
                0x03010530                rx_deauth_rsp
 .text.calculateSignalLevel
                0x030105c4       0x44 icomlib.a(ieee80211_mgmt.)
                0x030105c4                calculateSignalLevel
 .text.startrecordAP
                0x03010608       0x14 icomlib.a(ieee80211_mgmt.)
                0x03010608                startrecordAP
 .text.stoprecordAP
                0x0301061c       0x14 icomlib.a(ieee80211_mgmt.)
                0x0301061c                stoprecordAP
 .text.removeAP_fromlist
                0x03010630       0xe0 icomlib.a(ieee80211_mgmt.)
                0x03010630                removeAP_fromlist
 .text.bss_mgmt_reboot
                0x03010710       0x60 icomlib.a(ieee80211_mgmt.)
                0x03010710                bss_mgmt_reboot
 .text.bss_mgmt_scan
                0x03010770       0x40 icomlib.a(ieee80211_mgmt.)
                0x03010770                bss_mgmt_scan
 .text.bss_mgmt_scan_custom
                0x030107b0       0x34 icomlib.a(ieee80211_mgmt.)
                0x030107b0                bss_mgmt_scan_custom
 .text.bss_mgmt_connect
                0x030107e4       0x78 icomlib.a(ieee80211_mgmt.)
                0x030107e4                bss_mgmt_connect
 .text.bss_mgmt_disconnect
                0x0301085c       0x68 icomlib.a(ieee80211_mgmt.)
                0x0301085c                bss_mgmt_disconnect
 .text.bss_mgmt_init
                0x030108c4       0xd4 icomlib.a(ieee80211_mgmt.)
                0x030108c4                bss_mgmt_init
 .text.startscanchannel
                0x03010998       0x1c icomlib.a(ieee80211_mgmt.)
                0x03010998                startscanchannel
 .text.stopscanchannel
                0x030109b4       0x14 icomlib.a(ieee80211_mgmt.)
                0x030109b4                stopscanchannel
 .text.recordAP
                0x030109c8       0xc0 icomlib.a(ieee80211_mgmt.)
                0x030109c8                recordAP
 .text.removeAP
                0x03010a88       0xdc icomlib.a(ieee80211_mgmt.)
                0x03010a88                removeAP
 .text.process_thread_bss_reconnect_process
                0x03010b64      0x554 icomlib.a(ieee80211_mgmt.)
 .text.bss_nslookup
                0x030110b8       0x3c icomlib.a(ieee80211_mgmt.)
                0x030110b8                bss_nslookup
 .text          0x030110f4        0x0 icomlib.a(irq.o)
 .text.irq_request
                0x030110f4      0x1c0 icomlib.a(irq.o)
                0x030110f4                irq_request
 .text.irq_init
                0x030112b4       0xb0 icomlib.a(irq.o)
                0x030112b4                irq_init
 .text          0x03011364        0x0 icomlib.a(netstack.o)
 .text.netstack_init
                0x03011364       0x38 icomlib.a(netstack.o)
                0x03011364                netstack_init
 .text          0x0301139c        0x0 icomlib.a(sha1.o)
 .text          0x0301139c        0x0 icomlib.a(wpa.o)
 .text.wpa_derive_ptk
                0x0301139c       0xf4 icomlib.a(wpa.o)
 .text.init_wpa_ctx
                0x03011490       0x48 icomlib.a(wpa.o)
                0x03011490                init_wpa_ctx
 .text.init_AP_wpa_ctx
                0x030114d8       0xec icomlib.a(wpa.o)
                0x030114d8                init_AP_wpa_ctx
 .text.get_oui_subtype
                0x030115c4       0x50 icomlib.a(wpa.o)
                0x030115c4                get_oui_subtype
 .text.find_group_oui
                0x03011614       0x20 icomlib.a(wpa.o)
                0x03011614                find_group_oui
 .text.find_pairwise_oui_for_autoScan
                0x03011634       0x80 icomlib.a(wpa.o)
                0x03011634                find_pairwise_oui_for_autoScan
 .text.find_pairwise_oui
                0x030116b4       0xf0 icomlib.a(wpa.o)
                0x030116b4                find_pairwise_oui
 .text.find_akm_oui
                0x030117a4       0xe4 icomlib.a(wpa.o)
                0x030117a4                find_akm_oui
 .text.sec80211_detect
                0x03011888      0x14c icomlib.a(wpa.o)
                0x03011888                sec80211_detect
 .text.sec80211_detect_for_autoScan
                0x030119d4       0xe4 icomlib.a(wpa.o)
                0x030119d4                sec80211_detect_for_autoScan
 .text.pack_wpa2
                0x03011ab8       0x40 icomlib.a(wpa.o)
                0x03011ab8                pack_wpa2
 .text.cal_mic  0x03011af8       0x68 icomlib.a(wpa.o)
                0x03011af8                cal_mic
 .text.check_mic
                0x03011b60       0x74 icomlib.a(wpa.o)
                0x03011b60                check_mic
 .text.decrypt_keydata
                0x03011bd4       0xb4 icomlib.a(wpa.o)
                0x03011bd4                decrypt_keydata
 .text.install_key
                0x03011c88       0x9c icomlib.a(wpa.o)
                0x03011c88                install_key
 .text.InitPacketbuffer
                0x03011d24       0x6c icomlib.a(wpa.o)
                0x03011d24                InitPacketbuffer
 .text.tx_wpa_2_of_4
                0x03011d90      0x110 icomlib.a(wpa.o)
                0x03011d90                tx_wpa_2_of_4
 .text.rx_wpa_1_of_4
                0x03011ea0       0x5c icomlib.a(wpa.o)
                0x03011ea0                rx_wpa_1_of_4
 .text.tx_wpa_4_of_4
                0x03011efc      0x140 icomlib.a(wpa.o)
                0x03011efc                tx_wpa_4_of_4
 .text.rx_wpa_3_of_4
                0x0301203c      0x1ac icomlib.a(wpa.o)
                0x0301203c                rx_wpa_3_of_4
 .text.rx_wpa_1_of_2
                0x030121e8      0x1b8 icomlib.a(wpa.o)
                0x030121e8                rx_wpa_1_of_2
 .text.tx_wpa_1_of_4
                0x030123a0       0xcc icomlib.a(wpa.o)
                0x030123a0                tx_wpa_1_of_4
 .text.rx_wpa_2_of_4
                0x0301246c      0x1d8 icomlib.a(wpa.o)
                0x0301246c                rx_wpa_2_of_4
 .text.tx_wpa_3_of_4
                0x03012644      0x1c8 icomlib.a(wpa.o)
                0x03012644                tx_wpa_3_of_4
 .text          0x0301280c        0x0 icomlib.a(sys_status_api.)
 .text.get_local_mac
                0x0301280c       0x38 icomlib.a(sys_status_api.)
                0x0301280c                get_local_mac
 .text.get_connectAP_mac
                0x03012844       0x38 icomlib.a(sys_status_api.)
                0x03012844                get_connectAP_mac
 .text.get_wifi_connect_status
                0x0301287c       0x10 icomlib.a(sys_status_api.)
                0x0301287c                get_wifi_connect_status
 .text.get_wifi_connected
                0x0301288c       0x10 icomlib.a(sys_status_api.)
                0x0301288c                get_wifi_connected
 .text.get_ap_lsit_total_num
                0x0301289c        0x4 icomlib.a(sys_status_api.)
                0x0301289c                get_ap_lsit_total_num
 .text.set_nslookup
                0x030128a0        0x4 icomlib.a(sys_status_api.)
                0x030128a0                set_nslookup
 .text.set_slink_ready_and_ack
                0x030128a4        0x4 icomlib.a(sys_status_api.)
                0x030128a4                set_slink_ready_and_ack
 .text          0x030128a8        0x0 icomlib.a(arc4.o)
 .text          0x030128a8        0x0 icomlib.a(md5.o)
 .text.Encode   0x030128a8       0x48 icomlib.a(md5.o)
 .text.MD5Transform
                0x030128f0      0xa54 icomlib.a(md5.o)
 .text          0x03013344        0x0 icomlib.a(wep.o)
 .text.crc32_le.constprop.0
                0x03013344       0x50 icomlib.a(wep.o)
 .text.getAuthChallengeTextLen
                0x03013394       0x10 icomlib.a(wep.o)
                0x03013394                getAuthChallengeTextLen
 .text.getAuthAlgNum
                0x030133a4       0x10 icomlib.a(wep.o)
                0x030133a4                getAuthAlgNum
 .text.getAuthSeqNum
                0x030133b4       0x10 icomlib.a(wep.o)
                0x030133b4                getAuthSeqNum
 .text.getAuthStatus
                0x030133c4       0x10 icomlib.a(wep.o)
                0x030133c4                getAuthStatus
 .text.SetAuthChallengeText
                0x030133d4       0x30 icomlib.a(wep.o)
                0x030133d4                SetAuthChallengeText
 .text.SetAuthChallengeTextLen
                0x03013404       0x18 icomlib.a(wep.o)
                0x03013404                SetAuthChallengeTextLen
 .text.SetAuthAlgNum
                0x0301341c       0x10 icomlib.a(wep.o)
                0x0301341c                SetAuthAlgNum
 .text.setAuthSeqNum
                0x0301342c       0x10 icomlib.a(wep.o)
                0x0301342c                setAuthSeqNum
 .text.setAuthStatus
                0x0301343c       0x10 icomlib.a(wep.o)
                0x0301343c                setAuthStatus
 .text.setKeyAndIV
                0x0301344c       0x48 icomlib.a(wep.o)
                0x0301344c                setKeyAndIV
 .text.saveAftEncData
                0x03013494       0x84 icomlib.a(wep.o)
                0x03013494                saveAftEncData
 .text.setBefEncData
                0x03013518       0x84 icomlib.a(wep.o)
                0x03013518                setBefEncData
 .text.getEncDecData
                0x0301359c       0xbc icomlib.a(wep.o)
                0x0301359c                getEncDecData
 .text.encDecSrcData
                0x03013658       0xa4 icomlib.a(wep.o)
                0x03013658                encDecSrcData
 .text.initKeyAndIV
                0x030136fc       0x2c icomlib.a(wep.o)
                0x030136fc                initKeyAndIV
 .text.randIV   0x03013728       0x3c icomlib.a(wep.o)
                0x03013728                randIV
 .text.savePassToTotalKey
                0x03013764      0x180 icomlib.a(wep.o)
                0x03013764                savePassToTotalKey
 .text.initWEP  0x030138e4       0x80 icomlib.a(wep.o)
                0x030138e4                initWEP
 .text.clearParaWithWEP
                0x03013964       0x24 icomlib.a(wep.o)
                0x03013964                clearParaWithWEP
 .text          0x03013988        0x0 icomlib.a(autostart.o)
 .text.autostart_start
                0x03013988       0x24 icomlib.a(autostart.o)
                0x03013988                autostart_start
 .text.autostart_exit
                0x030139ac       0x20 icomlib.a(autostart.o)
                0x030139ac                autostart_exit
 .text          0x030139cc        0x0 icomlib.a(shell-ping.o)
 .text.process_thread_shell_ping_process
                0x030139cc      0x250 icomlib.a(shell-ping.o)
 .text.ping_start
                0x03013c1c       0x34 icomlib.a(shell-ping.o)
                0x03013c1c                ping_start
 .text          0x03013c50        0x0 icomlib.a(random.o)
 .text.random_init
                0x03013c50        0x4 icomlib.a(random.o)
                0x03013c50                random_init
 .text.random_rand
                0x03013c54       0x14 icomlib.a(random.o)
                0x03013c54                random_rand
 .text          0x03013c68        0x0 icomlib.a(airkiss.o)
 .text.airKissResult
                0x03013c68       0xd4 icomlib.a(airkiss.o)
                0x03013c68                airKissResult
 .text.airKissPrintVersion
                0x03013d3c       0x1c icomlib.a(airkiss.o)
                0x03013d3c                airKissPrintVersion
 .text.airKissInit
                0x03013d58       0x20 icomlib.a(airkiss.o)
                0x03013d58                airKissInit
 .text.SetAirkissStart
                0x03013d78       0x40 icomlib.a(airkiss.o)
                0x03013d78                SetAirkissStart
 .text.clearAirKissBuf
                0x03013db8       0x30 icomlib.a(airkiss.o)
                0x03013db8                clearAirKissBuf
 .text.resetAirkiss
                0x03013de8       0x24 icomlib.a(airkiss.o)
                0x03013de8                resetAirkiss
 .text.process_thread_airkiss_conf_process
                0x03013e0c      0x12c icomlib.a(airkiss.o)
 .text.initAirKiss
                0x03013f38       0x50 icomlib.a(airkiss.o)
                0x03013f38                initAirKiss
 .text          0x03013f88        0x0 icomlib.a(bsp_info.o)
 .text.bsp_get_boot_info
                0x03013f88       0xbc icomlib.a(bsp_info.o)
                0x03013f88                bsp_get_boot_info
 .text.get_boot_stack_fence
                0x03014044       0x3c icomlib.a(bsp_info.o)
                0x03014044                get_boot_stack_fence
 .text.bsp_get_mp_info
                0x03014080      0x534 icomlib.a(bsp_info.o)
                0x03014080                bsp_get_mp_info
 .text.bsp_get_define_info
                0x030145b4       0xc4 icomlib.a(bsp_info.o)
                0x030145b4                bsp_get_define_info
 .text.bsp_get_config_info
                0x03014678      0x374 icomlib.a(bsp_info.o)
                0x03014678                bsp_get_config_info
 .text          0x030149ec        0x0 icomlib.a(cfs-coffee.o)
 .text.load_file
                0x030149ec       0xa8 icomlib.a(cfs-coffee.o)
 .text.read_header
                0x03014a94       0x18 icomlib.a(cfs-coffee.o)
 .text.file_end
                0x03014aac       0x94 icomlib.a(cfs-coffee.o)
 .text.write_header
                0x03014b40       0x24 icomlib.a(cfs-coffee.o)
 .text.next_file.isra.0
                0x03014b64       0x2c icomlib.a(cfs-coffee.o)
 .text.find_file
                0x03014b90       0xec icomlib.a(cfs-coffee.o)
 .text.find_contiguous_pages
                0x03014c7c       0xe4 icomlib.a(cfs-coffee.o)
 .text.remove_by_page.isra.1
                0x03014d60      0x118 icomlib.a(cfs-coffee.o)
 .text.reserve.constprop.3
                0x03014e78      0x354 icomlib.a(cfs-coffee.o)
 .text.cfs_open
                0x030151cc       0xf0 icomlib.a(cfs-coffee.o)
                0x030151cc                cfs_open
 .text.cfs_close
                0x030152bc       0x44 icomlib.a(cfs-coffee.o)
                0x030152bc                cfs_close
 .text.cfs_seek
                0x03015300       0x94 icomlib.a(cfs-coffee.o)
                0x03015300                cfs_seek
 .text.cfs_remove
                0x03015394       0x34 icomlib.a(cfs-coffee.o)
                0x03015394                cfs_remove
 .text.cfs_read
                0x030153c8       0x9c icomlib.a(cfs-coffee.o)
                0x030153c8                cfs_read
 .text.cfs_write
                0x03015464      0x298 icomlib.a(cfs-coffee.o)
                0x03015464                cfs_write
 .text.cfs_opendir
                0x030156fc       0x18 icomlib.a(cfs-coffee.o)
                0x030156fc                cfs_opendir
 .text.cfs_readdir
                0x03015714       0xe4 icomlib.a(cfs-coffee.o)
                0x03015714                cfs_readdir
 .text.cfs_closedir
                0x030157f8        0x4 icomlib.a(cfs-coffee.o)
                0x030157f8                cfs_closedir
 .text.cfs_coffee_reserve
                0x030157fc       0x2c icomlib.a(cfs-coffee.o)
                0x030157fc                cfs_coffee_reserve
 .text.cfs_coffee_configure_log
                0x03015828       0x9c icomlib.a(cfs-coffee.o)
                0x03015828                cfs_coffee_configure_log
 .text.get_cabrio_fs_table_marker
                0x030158c4       0x40 icomlib.a(cfs-coffee.o)
                0x030158c4                get_cabrio_fs_table_marker
 .text.cfs_dbg_flash_dump_data
                0x03015904        0x4 icomlib.a(cfs-coffee.o)
                0x03015904                cfs_dbg_flash_dump_data
 .text.set_cabrio_fs_table_marker
                0x03015908       0x14 icomlib.a(cfs-coffee.o)
                0x03015908                set_cabrio_fs_table_marker
 .text.cfs_coffee_format
                0x0301591c       0x50 icomlib.a(cfs-coffee.o)
                0x0301591c                cfs_coffee_format
 .text.cfs_coffee_get_protected_mem
                0x0301596c       0x14 icomlib.a(cfs-coffee.o)
                0x0301596c                cfs_coffee_get_protected_mem
 .text          0x03015980        0x0 icomlib.a(console.o)
 .text.console_init
                0x03015980       0x5c icomlib.a(console.o)
                0x03015980                console_init
 .text          0x030159dc        0x0 icomlib.a(drv_gpio.o)
 .text.get_PAD_Addr
                0x030159dc       0x28 icomlib.a(drv_gpio.o)
                0x030159dc                get_PAD_Addr
 .text.drv_gpio_Output
                0x03015a04      0x194 icomlib.a(drv_gpio.o)
                0x03015a04                drv_gpio_Output
 .text.drv_gpio_Input
                0x03015b98       0x88 icomlib.a(drv_gpio.o)
                0x03015b98                drv_gpio_Input
 .text.drv_gpio_write
                0x03015c20       0x40 icomlib.a(drv_gpio.o)
                0x03015c20                drv_gpio_write
 .text.drv_gpio_read
                0x03015c60       0x34 icomlib.a(drv_gpio.o)
                0x03015c60                drv_gpio_read
 .text.drv_gpio_set_irq
                0x03015c94       0xfc icomlib.a(drv_gpio.o)
                0x03015c94                drv_gpio_set_irq
 .text.drv_gpio_func
                0x03015d90      0x1e8 icomlib.a(drv_gpio.o)
                0x03015d90                drv_gpio_func
 .text          0x03015f78        0x0 icomlib.a(drv_pmu.o)
 .text.drv_pmu_setwake_cnt
                0x03015f78       0x44 icomlib.a(drv_pmu.o)
                0x03015f78                drv_pmu_setwake_cnt
 .text.drv_pmu_tu0
                0x03015fbc       0x60 icomlib.a(drv_pmu.o)
                0x03015fbc                drv_pmu_tu0
 .text.drv_pmu_tm0
                0x0301601c       0x60 icomlib.a(drv_pmu.o)
                0x0301601c                drv_pmu_tm0
 .text.drv_pmu_sleep
                0x0301607c      0x260 icomlib.a(drv_pmu.o)
                0x0301607c                drv_pmu_sleep
 .text.drv_pmu_init
                0x030162dc       0x40 icomlib.a(drv_pmu.o)
                0x030162dc                drv_pmu_init
 .text.drv_pmu_chk
                0x0301631c       0x18 icomlib.a(drv_pmu.o)
                0x0301631c                drv_pmu_chk
 .text.drv_pmu_check_interupt_event
                0x03016334       0x20 icomlib.a(drv_pmu.o)
                0x03016334                drv_pmu_check_interupt_event
 .text          0x03016354        0x0 icomlib.a(drv_wdog.o)
 .text.drv_wdog_reboot
                0x03016354       0x48 icomlib.a(drv_wdog.o)
                0x03016354                drv_wdog_reboot
 .text.drv_wdog_period_5000ms
                0x0301639c       0x50 icomlib.a(drv_wdog.o)
                0x0301639c                drv_wdog_period_5000ms
 .text.drv_wdog_period_10000ms
                0x030163ec       0x50 icomlib.a(drv_wdog.o)
                0x030163ec                drv_wdog_period_10000ms
 .text.drv_wdog_period_cutommed
                0x0301643c       0x48 icomlib.a(drv_wdog.o)
                0x0301643c                drv_wdog_period_cutommed
 .text.drv_wdog_stop
                0x03016484       0x40 icomlib.a(drv_wdog.o)
                0x03016484                drv_wdog_stop
 .text          0x030164c4        0x0 icomlib.a(fence.o)
 .text.do_fence
                0x030164c4       0x1c icomlib.a(fence.o)
                0x030164c4                do_fence
 .text.fence_init
                0x030164e0       0x28 icomlib.a(fence.o)
                0x030164e0                fence_init
 .text          0x03016508        0x0 icomlib.a(smartComm.o)
 .text.set_slink_ready_ack
                0x03016508       0x10 icomlib.a(smartComm.o)
                0x03016508                set_slink_ready_ack
 .text.enableSmartHwFilter
                0x03016518      0x220 icomlib.a(smartComm.o)
                0x03016518                enableSmartHwFilter
 .text.disableSmartHwFilter
                0x03016738      0x248 icomlib.a(smartComm.o)
                0x03016738                disableSmartHwFilter
 .text.setSmartCmdStatus
                0x03016980       0x1c icomlib.a(smartComm.o)
                0x03016980                setSmartCmdStatus
 .text.disableSendToPhone
                0x0301699c       0x14 icomlib.a(smartComm.o)
                0x0301699c                disableSendToPhone
 .text.getSendToPhoneStatus
                0x030169b0       0x10 icomlib.a(smartComm.o)
                0x030169b0                getSendToPhoneStatus
 .text.enableSendToPhoneData
                0x030169c0       0x14 icomlib.a(smartComm.o)
                0x030169c0                enableSendToPhoneData
 .text.disableSendToPhoneData
                0x030169d4       0x14 icomlib.a(smartComm.o)
                0x030169d4                disableSendToPhoneData
 .text.setSmartPhoneIP
                0x030169e8       0x18 icomlib.a(smartComm.o)
                0x030169e8                setSmartPhoneIP
 .text.getPhoneMac
                0x03016a00       0x10 icomlib.a(smartComm.o)
                0x03016a00                getPhoneMac
 .text.setPhoneMAC
                0x03016a10       0x18 icomlib.a(smartComm.o)
                0x03016a10                setPhoneMAC
 .text.setPhoneData
                0x03016a28       0x20 icomlib.a(smartComm.o)
                0x03016a28                setPhoneData
 .text.sendMessageToPhone
                0x03016a48      0x124 icomlib.a(smartComm.o)
                0x03016a48                sendMessageToPhone
 .text.process_thread_smart_conf_ack
                0x03016b6c       0x64 icomlib.a(smartComm.o)
 .text.smartSetIfconfigAndConnect
                0x03016bd0       0x38 icomlib.a(smartComm.o)
                0x03016bd0                smartSetIfconfigAndConnect
 .text.checkAndSetAPMac
                0x03016c08      0x130 icomlib.a(smartComm.o)
                0x03016c08                checkAndSetAPMac
 .text          0x03016d38        0x0 icomlib.a(smartConf.o)
 .text.clearSmartLinkBuf
                0x03016d38       0x74 icomlib.a(smartConf.o)
                0x03016d38                clearSmartLinkBuf
 .text.clearAllSmartLinkBuf
                0x03016dac       0x48 icomlib.a(smartConf.o)
                0x03016dac                clearAllSmartLinkBuf
 .text.resetSmartLink
                0x03016df4       0x58 icomlib.a(smartConf.o)
                0x03016df4                resetSmartLink
 .text.process_thread_smart_conf_process
                0x03016e4c      0x17c icomlib.a(smartConf.o)
 .text.initSmartLink
                0x03016fc8       0xe4 icomlib.a(smartConf.o)
                0x03016fc8                initSmartLink
 .text          0x030170ac        0x0 icomlib.a(userSmart.o)
 .text.SET_FILTER_TABLE0
                0x030170ac       0x68 icomlib.a(userSmart.o)
                0x030170ac                SET_FILTER_TABLE0
 .text.SET_FILTER_TABLE1
                0x03017114       0x88 icomlib.a(userSmart.o)
                0x03017114                SET_FILTER_TABLE1
 .text.SET_FILTER_TABLE2
                0x0301719c       0xa0 icomlib.a(userSmart.o)
                0x0301719c                SET_FILTER_TABLE2
 .text.SET_FILTER_TABLE3
                0x0301723c       0xc4 icomlib.a(userSmart.o)
                0x0301723c                SET_FILTER_TABLE3
 .text.rejectAllFrame
                0x03017300      0x20c icomlib.a(userSmart.o)
                0x03017300                rejectAllFrame
 .text.AutoScanAP
                0x0301750c        0x4 icomlib.a(userSmart.o)
                0x0301750c                AutoScanAP
 .text.userSmartSetChannel
                0x03017510       0x38 icomlib.a(userSmart.o)
                0x03017510                userSmartSetChannel
 .text.SetUserReceFilter
                0x03017548       0x48 icomlib.a(userSmart.o)
                0x03017548                SetUserReceFilter
 .text.EnableUserReceFilter
                0x03017590       0xa4 icomlib.a(userSmart.o)
                0x03017590                EnableUserReceFilter
 .text.DisableUserReceFilter
                0x03017634       0x3c icomlib.a(userSmart.o)
                0x03017634                DisableUserReceFilter
 .text.SetCallBackFunction
                0x03017670       0x10 icomlib.a(userSmart.o)
                0x03017670                SetCallBackFunction
 .text.EnableCallBackFrame
                0x03017680       0x38 icomlib.a(userSmart.o)
                0x03017680                EnableCallBackFrame
 .text.DisableCallBackFrame
                0x030176b8       0x18 icomlib.a(userSmart.o)
                0x030176b8                DisableCallBackFrame
 .text.EnableUserSmartMode
                0x030176d0       0xa8 icomlib.a(userSmart.o)
                0x030176d0                EnableUserSmartMode
 .text.DisableUserSmartMode
                0x03017778      0x11c icomlib.a(userSmart.o)
                0x03017778                DisableUserSmartMode
 .text          0x03017894        0x0 icomlib.a(ieee80211_mac.o)
 .text.off      0x03017894       0x18 icomlib.a(ieee80211_mac.o)
 .text.channel_check_interval
                0x030178ac        0x8 icomlib.a(ieee80211_mac.o)
 .text.init     0x030178b4       0x14 icomlib.a(ieee80211_mac.o)
 .text.on       0x030178c8       0x1c icomlib.a(ieee80211_mac.o)
 .text.dump_data
                0x030178e4       0x64 icomlib.a(ieee80211_mac.o)
                0x030178e4                dump_data
 .text.data_decryt
                0x03017948       0x80 icomlib.a(ieee80211_mac.o)
                0x03017948                data_decryt
 .text          0x030179c8        0x0 icomlib.a(drv_fence.o)
 .text.hwfence_init
                0x030179c8       0x1c icomlib.a(drv_fence.o)
                0x030179c8                hwfence_init
 .text.hwfence_start
                0x030179e4       0x14 icomlib.a(drv_fence.o)
                0x030179e4                hwfence_start
 .text          0x030179f8        0x0 icomlib.a(drv_mbox.o)
 .text.drv_mailbox_cpu_pri_ff
                0x030179f8       0x30 icomlib.a(drv_mbox.o)
                0x030179f8                drv_mailbox_cpu_pri_ff
 .text          0x03017a28        0x0 icomlib.a(EAPOL.o)
 .text.rx_process_wpa
                0x03017a28      0x190 icomlib.a(EAPOL.o)
                0x03017a28                rx_process_wpa
 .text.rx_process_eapol
                0x03017bb8       0x58 icomlib.a(EAPOL.o)
                0x03017bb8                rx_process_eapol
 .text.tx_eapol_start_req
                0x03017c10        0x4 icomlib.a(EAPOL.o)
                0x03017c10                tx_eapol_start_req
 .text          0x03017c14        0x0 icomapps.a(atcmd.o)
 .text.process_thread_poll_tx_process
                0x03017c14       0xa0 icomapps.a(atcmd.o)
 .text.process_thread_nslookup_process
                0x03017cb4       0xb4 icomapps.a(atcmd.o)
 .text.allocate_buffer_in
                0x03017d68       0x40 icomapps.a(atcmd.o)
                0x03017d68                allocate_buffer_in
 .text.process_thread_tcp_connect_process
                0x03017da8      0x260 icomapps.a(atcmd.o)
 .text.release_buffer_in
                0x03018008       0x30 icomapps.a(atcmd.o)
                0x03018008                release_buffer_in
 .text.allocate_buffer_out
                0x03018038       0x40 icomapps.a(atcmd.o)
                0x03018038                allocate_buffer_out
 .text.process_thread_http_request_process
                0x03018078      0x338 icomapps.a(atcmd.o)
 .text.release_buffer_out
                0x030183b0       0x30 icomapps.a(atcmd.o)
                0x030183b0                release_buffer_out
 .text.parseBuff2Param
                0x030183e0       0x94 icomapps.a(atcmd.o)
                0x030183e0                parseBuff2Param
 .text.At_EnableSmartReboot
                0x03018474       0xa0 icomapps.a(atcmd.o)
                0x03018474                At_EnableSmartReboot
 .text.At_EnableSmartMode
                0x03018514       0x8c icomapps.a(atcmd.o)
                0x03018514                At_EnableSmartMode
 .text.showDataRate
                0x030185a0       0x1c icomapps.a(atcmd.o)
                0x030185a0                showDataRate
 .text.securityString
                0x030185bc       0x1c icomapps.a(atcmd.o)
                0x030185bc                securityString
 .text.securitySubString
                0x030185d8       0x1c icomapps.a(atcmd.o)
                0x030185d8                securitySubString
 .text.At_Reboot
                0x030185f4       0x1c icomapps.a(atcmd.o)
                0x030185f4                At_Reboot
 .text.At_WatchDOG_Start
                0x03018610       0x30 icomapps.a(atcmd.o)
                0x03018610                At_WatchDOG_Start
 .text.At_WatchDOG_Stop
                0x03018640       0x30 icomapps.a(atcmd.o)
                0x03018640                At_WatchDOG_Stop
 .text.At_ProcessQueKill
                0x03018670       0x60 icomapps.a(atcmd.o)
                0x03018670                At_ProcessQueKill
 .text.At_ProcessKill
                0x030186d0       0x60 icomapps.a(atcmd.o)
                0x030186d0                At_ProcessKill
 .text.At_ProcessAllQueDump
                0x03018730       0x34 icomapps.a(atcmd.o)
                0x03018730                At_ProcessAllQueDump
 .text.At_ProcessAllDump
                0x03018764       0x34 icomapps.a(atcmd.o)
                0x03018764                At_ProcessAllDump
 .text.At_ShowNtpTime
                0x03018798       0x20 icomapps.a(atcmd.o)
                0x03018798                At_ShowNtpTime
 .text.At_ShowAllAP
                0x030187b8       0xd8 icomapps.a(atcmd.o)
                0x030187b8                At_ShowAllAP
 .text.At_ShowConnectAP
                0x03018890      0x140 icomapps.a(atcmd.o)
                0x03018890                At_ShowConnectAP
 .text.At_SetGpio
                0x030189d0       0xdc icomapps.a(atcmd.o)
                0x030189d0                At_SetGpio
 .text.At_WriteGpio
                0x03018aac       0xbc icomapps.a(atcmd.o)
                0x03018aac                At_WriteGpio
 .text.At_ReadGpio
                0x03018b68       0x9c icomapps.a(atcmd.o)
                0x03018b68                At_ReadGpio
 .text.At_ParserRecv
                0x03018c04       0x4c icomapps.a(atcmd.o)
                0x03018c04                At_ParserRecv
 .text.At_PowerOn
                0x03018c50       0x38 icomapps.a(atcmd.o)
                0x03018c50                At_PowerOn
 .text.At_RX    0x03018c88       0x38 icomapps.a(atcmd.o)
                0x03018c88                At_RX
 .text.At_TX    0x03018cc0       0x4c icomapps.a(atcmd.o)
                0x03018cc0                At_TX
 .text.At_PowerSaving
                0x03018d0c       0xdc icomapps.a(atcmd.o)
                0x03018d0c                At_PowerSaving
 .text.At_TCPChange_Timeout
                0x03018de8       0x98 icomapps.a(atcmd.o)
                0x03018de8                At_TCPChange_Timeout
 .text.At_TCPConnect
                0x03018e80      0x150 icomapps.a(atcmd.o)
                0x03018e80                At_TCPConnect
 .text.At_TCPSend
                0x03018fd0      0x108 icomapps.a(atcmd.o)
                0x03018fd0                At_TCPSend
 .text.At_TCPDisconnect
                0x030190d8       0x48 icomapps.a(atcmd.o)
                0x030190d8                At_TCPDisconnect
 .text.At_TCPListen
                0x03019120       0xd0 icomapps.a(atcmd.o)
                0x03019120                At_TCPListen
 .text.At_TCPUnlisten
                0x030191f0       0xb4 icomapps.a(atcmd.o)
                0x030191f0                At_TCPUnlisten
 .text.At_UDPCreate
                0x030192a4       0xd4 icomapps.a(atcmd.o)
                0x030192a4                At_UDPCreate
 .text.At_UDPSend
                0x03019378      0x124 icomapps.a(atcmd.o)
                0x03019378                At_UDPSend
 .text.At_UDPClose
                0x0301949c       0x6c icomapps.a(atcmd.o)
                0x0301949c                At_UDPClose
 .text.At_HTTPTest
                0x03019508      0x184 icomapps.a(atcmd.o)
                0x03019508                At_HTTPTest
 .text.At_HTTPTestStop
                0x0301968c       0x14 icomapps.a(atcmd.o)
                0x0301968c                At_HTTPTestStop
 .text.At_NSLookup
                0x030196a0       0x58 icomapps.a(atcmd.o)
                0x030196a0                At_NSLookup
 .text.At_SET_AP_SSID
                0x030196f8       0x58 icomapps.a(atcmd.o)
                0x030196f8                At_SET_AP_SSID
 .text.At_SET_AUTO_CONNECT
                0x03019750       0x78 icomapps.a(atcmd.o)
                0x03019750                At_SET_AUTO_CONNECT
 .text.At_SAVE_CONFIG
                0x030197c8       0x34 icomapps.a(atcmd.o)
                0x030197c8                At_SAVE_CONFIG
 .text.At_Clean_Lists
                0x030197fc       0x18 icomapps.a(atcmd.o)
                0x030197fc                At_Clean_Lists
 .text.At_AP    0x03019814       0x1c icomapps.a(atcmd.o)
                0x03019814                At_AP
 .text.At_SET_APCONFIG
                0x03019830       0xac icomapps.a(atcmd.o)
                0x03019830                At_SET_APCONFIG
 .text.At_AP_EXIT
                0x030198dc       0x1c icomapps.a(atcmd.o)
                0x030198dc                At_AP_EXIT
 .text.At_TestFlashErase
                0x030198f8       0xc8 icomapps.a(atcmd.o)
                0x030198f8                At_TestFlashErase
 .text.At_TestFlashWrite
                0x030199c0       0xb8 icomapps.a(atcmd.o)
                0x030199c0                At_TestFlashWrite
 .text.At_BenchFlashRead
                0x03019a78      0x10c icomapps.a(atcmd.o)
                0x03019a78                At_BenchFlashRead
 .text.At_BenchFlashWrite
                0x03019b84      0x114 icomapps.a(atcmd.o)
                0x03019b84                At_BenchFlashWrite
 .text.At_TestFlashRead
                0x03019c98       0xa4 icomapps.a(atcmd.o)
                0x03019c98                At_TestFlashRead
 .text.At_ParserInd
                0x03019d3c       0xc0 icomapps.a(atcmd.o)
                0x03019d3c                At_ParserInd
 .text.At_Parser
                0x03019dfc      0xc58 icomapps.a(atcmd.o)
                0x03019dfc                At_Parser
 .text          0x0301aa54        0x0 icomapps.a(socket_app.o)
 .text.process_thread_discover_process
                0x0301aa54      0x130 icomapps.a(socket_app.o)
 .text.otaProcessDisable
                0x0301ab84       0x14 icomapps.a(socket_app.o)
                0x0301ab84                otaProcessDisable
 .text.setRemoteMAC
                0x0301ab98       0x48 icomapps.a(socket_app.o)
                0x0301ab98                setRemoteMAC
 .text.setRrmoteIpAddress
                0x0301abe0       0x1c icomapps.a(socket_app.o)
                0x0301abe0                setRrmoteIpAddress
 .text.getCmdNum
                0x0301abfc       0x88 icomapps.a(socket_app.o)
                0x0301abfc                getCmdNum
 .text.smartTcpSend
                0x0301ac84       0x50 icomapps.a(socket_app.o)
                0x0301ac84                smartTcpSend
 .text.smartTcpConnect
                0x0301acd4       0x74 icomapps.a(socket_app.o)
                0x0301acd4                smartTcpConnect
 .text.smartTcpDisConnect
                0x0301ad48       0x38 icomapps.a(socket_app.o)
                0x0301ad48                smartTcpDisConnect
 .text.process_thread_tcp_client_smartProcess
                0x0301ad80      0x1ac icomapps.a(socket_app.o)
 .text.process_thread_tcp_smartlink_process
                0x0301af2c      0x1e4 icomapps.a(socket_app.o)
 .text.appUdpCreate
                0x0301b110       0x48 icomapps.a(socket_app.o)
                0x0301b110                appUdpCreate
 .text.appUdpSend
                0x0301b158       0x40 icomapps.a(socket_app.o)
                0x0301b158                appUdpSend
 .text.appUdpClose
                0x0301b198       0x2c icomapps.a(socket_app.o)
                0x0301b198                appUdpClose
 .text.checkCmdAndSendData
                0x0301b1c4      0x1f8 icomapps.a(socket_app.o)
                0x0301b1c4                checkCmdAndSendData
 .text.process_thread_udp_server_discoverProcess
                0x0301b3bc      0x170 icomapps.a(socket_app.o)
 .text          0x0301b52c        0x0 icomapps.a(soft_ap_init.o)
 .text.softap_combine_ssid_mac
                0x0301b52c       0x5c icomapps.a(soft_ap_init.o)
                0x0301b52c                softap_combine_ssid_mac
 .text.softap_dump_dhcp_setting
                0x0301b588       0x88 icomapps.a(soft_ap_init.o)
                0x0301b588                softap_dump_dhcp_setting
 .text.softap_dhcp_init
                0x0301b610      0x130 icomapps.a(soft_ap_init.o)
                0x0301b610                softap_dhcp_init
 .text.softap_init_ex
                0x0301b740       0xe8 icomapps.a(soft_ap_init.o)
                0x0301b740                softap_init_ex
 .text.softap_init
                0x0301b828       0x10 icomapps.a(soft_ap_init.o)
                0x0301b828                softap_init
 .text          0x0301b838        0x0 icomapps.a(tcp_server_demo)
 .text.process_thread_tcpServerDemo_process
                0x0301b838      0x1ec icomapps.a(tcp_server_demo)
 .text.SetPWM   0x0301ba24       0x38 icomapps.a(tcp_server_demo)
                0x0301ba24                SetPWM
 .text.EnableLED
                0x0301ba5c       0x44 icomapps.a(tcp_server_demo)
                0x0301ba5c                EnableLED
 .text.DisableLED
                0x0301baa0       0x40 icomapps.a(tcp_server_demo)
                0x0301baa0                DisableLED
 .text.process_thread_led_blink_process
                0x0301bae0       0xd4 icomapps.a(tcp_server_demo)
 .text.appTcpSend
                0x0301bbb4       0x50 icomapps.a(tcp_server_demo)
                0x0301bbb4                appTcpSend
 .text.TCPDataParser
                0x0301bc04      0x104 icomapps.a(tcp_server_demo)
                0x0301bc04                TCPDataParser
 .text.process_thread_tcp_server_demoProcess
                0x0301bd08      0x188 icomapps.a(tcp_server_demo)
 .text          0x0301be90        0x0 icomapps.a(wifi_uart_demo.)
 .text.process_thread_wifiUartDemo_process
                0x0301be90      0x13c icomapps.a(wifi_uart_demo.)
 .text.process_thread_tcp_server_wifiUartProcess
                0x0301bfcc      0x1c4 icomapps.a(wifi_uart_demo.)
 .text.sampleAppTCPSend
                0x0301c190       0x84 icomapps.a(wifi_uart_demo.)
                0x0301c190                sampleAppTCPSend
 .text.sampleDataUartRead
                0x0301c214       0x8c icomapps.a(wifi_uart_demo.)
                0x0301c214                sampleDataUartRead
 .text          0x0301c2a0        0x0 icomapps.a(ota_api.o)
 .text.process_thread_auto_reboot_process
                0x0301c2a0       0xd8 icomapps.a(ota_api.o)
 .text.cal_ota_checksum
                0x0301c378       0x5c icomapps.a(ota_api.o)
                0x0301c378                cal_ota_checksum
 .text.downloadFinish
                0x0301c3d4      0x1c8 icomapps.a(ota_api.o)
                0x0301c3d4                downloadFinish
 .text.filesave_from_phone
                0x0301c59c      0x174 icomapps.a(ota_api.o)
                0x0301c59c                filesave_from_phone
 .text.OtaTcpConnect
                0x0301c710       0x54 icomapps.a(ota_api.o)
                0x0301c710                OtaTcpConnect
 .text.process_thread_tcp_client_otaProcess
                0x0301c764      0x2cc icomapps.a(ota_api.o)
 .text.OtaTcpDisConnect
                0x0301ca30       0x3c icomapps.a(ota_api.o)
                0x0301ca30                OtaTcpDisConnect
 .text.setOtaRrmoteIp
                0x0301ca6c       0x24 icomapps.a(ota_api.o)
                0x0301ca6c                setOtaRrmoteIp
 .text.clearOtaParameters
                0x0301ca90       0x38 icomapps.a(ota_api.o)
                0x0301ca90                clearOtaParameters
 .text.process_thread_ota_updateProcess
                0x0301cac8      0x20c icomapps.a(ota_api.o)
 .text          0x0301ccd4        0x0 icomlib.a(pwm_api.o)
 .text.enableHwPWM
                0x0301ccd4       0x30 icomlib.a(pwm_api.o)
                0x0301ccd4                enableHwPWM
 .text.disableHwPWM
                0x0301cd04       0x10 icomlib.a(pwm_api.o)
                0x0301cd04                disableHwPWM
 .text          0x0301cd14        0x0 icomlib.a(serial_api.o)
 .text.SerialInit
                0x0301cd14       0x48 icomlib.a(serial_api.o)
                0x0301cd14                SerialInit
 .text.SerialConfig
                0x0301cd5c        0xc icomlib.a(serial_api.o)
                0x0301cd5c                SerialConfig
 .text.SerialDeinit
                0x0301cd68       0x38 icomlib.a(serial_api.o)
                0x0301cd68                SerialDeinit
 .text          0x0301cda0        0x0 icomlib.a(drv_pwm.o)
 .text.drv_pwm_setduty
                0x0301cda0       0x7c icomlib.a(drv_pwm.o)
                0x0301cda0                drv_pwm_setduty
 .text.drv_pwm_init
                0x0301ce1c       0x4c icomlib.a(drv_pwm.o)
                0x0301ce1c                drv_pwm_init
 .text.drv_pwm_enable
                0x0301ce68       0x14 icomlib.a(drv_pwm.o)
                0x0301ce68                drv_pwm_enable
 .text.drv_pwm_deinit
                0x0301ce7c       0x38 icomlib.a(drv_pwm.o)
                0x0301ce7c                drv_pwm_deinit
 .text.drv_pwm_disable
                0x0301ceb4       0x14 icomlib.a(drv_pwm.o)
                0x0301ceb4                drv_pwm_disable
 .text          0x0301cec8        0x0 contikilib.a(dhcp_process.o)
 .text.process_thread_dhcp_process
                0x0301cec8      0x194 contikilib.a(dhcp_process.o)
 .text.replyAck
                0x0301d05c       0x10 contikilib.a(dhcp_process.o)
                0x0301d05c                replyAck
 .text.set_node_ip
                0x0301d06c       0x90 contikilib.a(dhcp_process.o)
                0x0301d06c                set_node_ip
 .text.ip_configure
                0x0301d0fc       0x10 contikilib.a(dhcp_process.o)
                0x0301d0fc                ip_configure
 .text.dhcp_configure
                0x0301d10c       0xb0 contikilib.a(dhcp_process.o)
                0x0301d10c                dhcp_configure
 .text          0x0301d1bc        0x0 contikilib.a(dhcps.o)
 .text.unlikely.find_option
                0x0301d1bc       0x60 contikilib.a(dhcps.o)
 .text.create_msg
                0x0301d21c       0x8c contikilib.a(dhcps.o)
 .text.add_lease_time
                0x0301d2a8       0x68 contikilib.a(dhcps.o)
 .text.add_config
                0x0301d310       0xa8 contikilib.a(dhcps.o)
 .text.unlikely.lookup_lease_ip
                0x0301d3b8      0x170 contikilib.a(dhcps.o)
 .text.get_leased_mac
                0x0301d528      0x248 contikilib.a(dhcps.o)
 .text.send_nack
                0x0301d770       0x98 contikilib.a(dhcps.o)
 .text.dhcp_dump_info
                0x0301d808       0xc4 contikilib.a(dhcps.o)
                0x0301d808                dhcp_dump_info
 .text.init_lease
                0x0301d8cc       0x20 contikilib.a(dhcps.o)
                0x0301d8cc                init_lease
 .text.process_thread_dhcp_server_process
                0x0301d8ec      0x968 contikilib.a(dhcps.o)
 .text.release_address_by_mac
                0x0301e254       0xc8 contikilib.a(dhcps.o)
                0x0301e254                release_address_by_mac
 .text.dhcps_init
                0x0301e31c       0x7c contikilib.a(dhcps.o)
                0x0301e31c                dhcps_init
 .text.dhcps_exit
                0x0301e398        0xc contikilib.a(dhcps.o)
                0x0301e398                dhcps_exit
 .text          0x0301e3a4        0x0 contikilib.a(resolv.o)
 .text.skip_name
                0x0301e3a4       0x2c contikilib.a(resolv.o)
 .text.resolv_found.isra.0
                0x0301e3d0       0x18 contikilib.a(resolv.o)
 .text.process_thread_resolv_process
                0x0301e3e8      0x548 contikilib.a(resolv.o)
 .text.resolv_query
                0x0301e930      0x150 contikilib.a(resolv.o)
                0x0301e930                resolv_query
 .text.resolv_lookup
                0x0301ea80       0xdc contikilib.a(resolv.o)
                0x0301ea80                resolv_lookup
 .text.resolv_getserver
                0x0301eb5c        0xc contikilib.a(resolv.o)
                0x0301eb5c                resolv_getserver
 .text.resolv_conf
                0x0301eb68       0x1c contikilib.a(resolv.o)
                0x0301eb68                resolv_conf
 .text          0x0301eb84        0x0 contikilib.a(simple-udp.o)
 .text.process_thread_simple_udp_process
                0x0301eb84      0x14c contikilib.a(simple-udp.o)
 .text.simple_udp_send
                0x0301ecd0       0x48 contikilib.a(simple-udp.o)
                0x0301ecd0                simple_udp_send
 .text.simple_udp_sendto
                0x0301ed18       0x44 contikilib.a(simple-udp.o)
                0x0301ed18                simple_udp_sendto
 .text.simple_udp_sendto_port
                0x0301ed5c       0x40 contikilib.a(simple-udp.o)
                0x0301ed5c                simple_udp_sendto_port
 .text.simple_udp_register
                0x0301ed9c       0xcc contikilib.a(simple-udp.o)
                0x0301ed9c                simple_udp_register
 .text          0x0301ee68        0x0 contikilib.a(uip_arp.o)
 .text.send_arp_request
                0x0301ee68       0xf0 contikilib.a(uip_arp.o)
 .text.process_thread_get_gatewaymac_process
                0x0301ef58       0xcc contikilib.a(uip_arp.o)
 .text.uip_arp_print
                0x0301f024       0x80 contikilib.a(uip_arp.o)
                0x0301f024                uip_arp_print
 .text.uip_arp_delete
                0x0301f0a4       0xac contikilib.a(uip_arp.o)
                0x0301f0a4                uip_arp_delete
 .text.uip_arp_init
                0x0301f150       0x84 contikilib.a(uip_arp.o)
                0x0301f150                uip_arp_init
 .text.uip_arp_timer
                0x0301f1d4       0x84 contikilib.a(uip_arp.o)
                0x0301f1d4                uip_arp_timer
 .text.process_thread_arptable_polling_process
                0x0301f258       0x94 contikilib.a(uip_arp.o)
 .text.uip_arp_update
                0x0301f2ec      0x204 contikilib.a(uip_arp.o)
                0x0301f2ec                uip_arp_update
 .text.uip_arp_softap_init
                0x0301f4f0       0x40 contikilib.a(uip_arp.o)
                0x0301f4f0                uip_arp_softap_init
 .text.check_ip_in_arptable