Archive member included because of file (symbol)

icomlib.a(etimer.o)           ssv6060-main.o (etimer_set)
icomlib.a(printf.o)           ssv6060-main.o (printf)
icomlib.a(process.o)          icomlib.a(etimer.o) (process_post)
icomlib.a(strformat.o)        icomlib.a(printf.o) (format_str_v)
icomlib.a(timer.o)            icomlib.a(etimer.o) (timer_set)
icomlib.a(atcmd_icomm.o)      ssv6060-main.o (At_Disconnect)
icomlib.a(boot-hiflying.o)    /tmp/ccsX1bj4.o (boot_main)
icomlib.a(clock.o)            icomlib.a(etimer.o) (clock_time)
icomlib.a(contiki-main.o)     icomlib.a(boot-hiflying.o) (main)
icomlib.a(debug-uart.o)       icomlib.a(printf.o) (dbg_send_bytes)
icomlib.a(gpio_api.o)         ssv6060-main.o (pinMode)
icomlib.a(drv_timer.o)        icomlib.a(clock.o) (hwtmr_start)
icomlib.a(drv_uart.o)         icomlib.a(debug-uart.o) (drv_uart_tx)
icomlib.a(hw_init.o)          icomlib.a(drv_uart.o) (ssv_delay)
icomlib.a(hw_regs_api.o)      icomlib.a(hw_init.o) (hw_reg_write)
icomlib.a(ssv_lib.o)          icomlib.a(printf.o) (strlen)
icomlib.a(ssv_lib_slow.o)     icomlib.a(atcmd_icomm.o) (dbg_dump_binary)
icomlib.a(swpwm.o)            icomlib.a(clock.o) (initSwPWM)
icomlib.a(systemconf.o)       icomlib.a(atcmd_icomm.o) (gwifistatus)
icomlib.a(wdog_api.o)         ssv6060-main.o (api_wdog_reboot)
icomlib.a(xmem.o)             icomlib.a(contiki-main.o) (cabrio_flash_init)
icomlib.a(bsp.o)              icomlib.a(hw_init.o) (set_mrx_filter_sta)
icomlib.a(crypthw.o)          icomlib.a(hw_init.o) (g_soc_table)
icomlib.a(dbg-atcmd-api.o)    icomlib.a(hw_init.o) (UpdateConf)
icomlib.a(drv_mac.o)          icomlib.a(dbg-atcmd-api.o) (SET_STA_MAC)
icomlib.a(drv_phy.o)          icomlib.a(hw_init.o) (drv_phy_init)
icomlib.a(drv_pktbuf.o)       icomlib.a(dbg-atcmd-api.o) (setpacketbuf_len)
icomlib.a(drv_pktbuf_slow)    icomlib.a(atcmd_icomm.o) (ssv6xxx_pbuf_dump_reg)
icomlib.a(hash_alg.o)         icomlib.a(atcmd_icomm.o) (pbkdf2_sha1)
icomlib.a(hmac_md5.o)         icomlib.a(hash_alg.o) (hmac_md5_init)
icomlib.a(hmac_sha1.o)        icomlib.a(hash_alg.o) (hmac_sha1_init)
icomlib.a(ieee80211_mgmt.)    icomlib.a(atcmd_icomm.o) (getAvailableIndex)
icomlib.a(ieee80211_rdc.o)    icomlib.a(dbg-atcmd-api.o) (ieee80211_rdc)
icomlib.a(irq.o)              icomlib.a(wdog_api.o) (irq_mask_disable)
icomlib.a(netstack.o)         icomlib.a(contiki-main.o) (netstack_init)
icomlib.a(powersave.o)        icomlib.a(ieee80211_mgmt.) (is_waketime_alive)
icomlib.a(rate_control.o)     icomlib.a(ieee80211_mgmt.) (init_ratecontrol)
icomlib.a(sha1.o)             icomlib.a(hmac_sha1.o) (sha1hw_init)
icomlib.a(soft_ap.o)          icomlib.a(bsp.o) (softap_get_sta_connected)
icomlib.a(ssv6200_rx.o)       icomlib.a(powersave.o) (is_tx_active)
icomlib.a(ssvradio.o)         icomlib.a(ssv6200_rx.o) (ssv6200_radio_retrans)
icomlib.a(wpa.o)              icomlib.a(ieee80211_mgmt.) (init_wpa_ctx)
icomlib.a(sys_status_api.)    icomlib.a(atcmd_icomm.o) (get_local_mac)
icomlib.a(AES_decrypt.o)      icomlib.a(wpa.o) (aes_wrap)
icomlib.a(arc4.o)             icomlib.a(wpa.o) (arc4_skip)
icomlib.a(md5.o)              icomlib.a(hmac_md5.o) (MD5Init)
icomlib.a(wep.o)              icomlib.a(ieee80211_mgmt.) (getAuthChallengeTextLen)
icomlib.a(autostart.o)        icomlib.a(contiki-main.o) (autostart_start)
icomlib.a(shell-ping.o)       icomlib.a(atcmd_icomm.o) (ping_start)
icomlib.a(random.o)           icomlib.a(clock.o) (random_init)
icomlib.a(airkiss.o)          icomlib.a(ieee80211_mgmt.) (clearAirKissBuf)
icomlib.a(bsp_info.o)         icomlib.a(contiki-main.o) (bsp_get_boot_info)
icomlib.a(cfs-coffee.o)       icomlib.a(systemconf.o) (cfs_open)
icomlib.a(console.o)          icomlib.a(contiki-main.o) (console_init)
icomlib.a(drv_flash.o)        icomlib.a(systemconf.o) (drv_flash_get_cache_addr)
icomlib.a(drv_gpio.o)         icomlib.a(swpwm.o) (get_PAD_Addr)
icomlib.a(drv_pmu.o)          icomlib.a(powersave.o) (drv_pmu_powersave_mode)
icomlib.a(drv_wdog.o)         icomlib.a(wdog_api.o) (drv_wdog_reboot)
icomlib.a(fence.o)            icomlib.a(bsp.o) (fence_init)
icomlib.a(flash_api.o)        icomlib.a(systemconf.o) (spi_flash_sector_erase)
icomlib.a(smartComm.o)        icomlib.a(sys_status_api.) (set_slink_ready_ack)
icomlib.a(smartConf.o)        icomlib.a(ieee80211_mgmt.) (clearSmartLinkBuf)
icomlib.a(userSmart.o)        icomlib.a(ssv6200_rx.o) (rx_process_userSmart)
icomlib.a(ieee80211_mac.o)    icomlib.a(ieee80211_mgmt.) (rx_skb)
icomlib.a(ieee80211_net.o)    icomlib.a(netstack.o) (ieee80211_net)
icomlib.a(ssv6200_tx.o)       icomlib.a(ssvradio.o) (ssv6200_transmit)
icomlib.a(drv_fence.o)        icomlib.a(fence.o) (hwfence_init)
icomlib.a(drv_mbox.o)         icomlib.a(ssv6200_tx.o) (drv_mailbox_cpu_ff)
icomlib.a(EAPOL.o)            icomlib.a(ieee80211_net.o) (rx_process_eapol)
icomapps.a(atcmd.o)           icomlib.a(atcmd_icomm.o) (At_ParserInd)
icomapps.a(socket_app.o)      icomlib.a(smartComm.o) (setRemoteMAC)
[...]
Memory Configuration

Name             Origin             Length             Attributes
flash            0x03000000         0x00080000         xr
ram              0x02000000         0x00030000         xrw
*default*        0x00000000         0xffffffff

Linker script and memory map

                0x00080000                _flash_size_ = 0x80000
                0x00030000                _ram_size_ = 0x30000
                0x0202fffc                __stack_end__ = ((ORIGIN (ram) + 0x30000) - 0x4)
                0x00004000                _boot_size = 0x4000
                0x03000000                . = ORIGIN (flash)
                0x03000000                _sitxt0 = .

startup         0x03000000      0x1e0
 *(.startup1)
 .startup1      0x03000000       0x50 /tmp/ccsX1bj4.o
 *(.startup2)
 .startup2      0x03000050      0x184 /tmp/ccsX1bj4.o
                0x03000194                endless_loop
                0x030001e0                . = ALIGN (0x10)
 *fill*         0x030001d4        0xc 
                0x02029000                _vma_boot_text_beg = ((ORIGIN (ram) + 0x30000) - 0x7000)
                0x030001e0                _sitxt0a = (_sitxt0 + SIZEOF (startup))
                0x03004000                . = (ORIGIN (flash) + _boot_size)
                0x03004000                _sitxt2 = .

prog_in_flash   0x03004000    0x2f3a4
 *(.vars_second_boot)
 .vars_second_boot
                0x03004000       0x48 /tmp/ccsX1bj4.o
 icomlib.a:contiki-main.o(.text.startup.main)
 .text.startup.main
                0x03004048      0x104 icomlib.a(contiki-main.o)
                0x03004048                main
 *(EXCLUDE_FILE(icomlib.a:ssv_lib.o icomlib.a:sha256.o icomlib.a:sha384.o icomlib.a:sha512.o icomlib.a:x905.o icomlib.a:asn1.o icomlib.a:pstmsqrcomba.o icomlib.a:pstmmulcomba.o icomlib.a:pstmmonreduce.o icomlib.a:pstm.o contikilib.a:socket_driver.o icomlib.a:powersave.o icomlib.a:hw_regs_api.o icomlib.a:flash_api.o icomlib.a:drv_flash.o icomlib.a:xmem.o icomlib.a:soft_ap.o icomlib.a:debug-uart.o icomlib.a:dbg-puts.o icomlib.a:strformat.o icomlib.a:dbg-printf.o icomlib.a:rate_control.o icomlib.a:throughput.o icomlib.a:ssv6200_tx.o icomlib.a:ssv6200_rx.o icomlib.a:ssvradio.o icomlib.a:drv_pktbuf.o icomlib.a:packetbuf.o icomlib.a:ieee80211_rdc.o icomlib.a:ieee80211_net.o contikilib.a:tcpip.o icomlib.a:etimer.o icomlib.a:clock.o icomlib.a:timer.o contikilib.a:uip.o icomlib.a:AES_decrypt.o icomlib.a:boot-hiflying.o) .text*)
 .text          0x0300414c        0x0 /tmp/ccsX1bj4.o
 .text          0x0300414c        0x0 ssv6060-main.o
 .text.AT_Customer
                0x0300414c       0x18 ssv6060-main.o
                0x0300414c                AT_Customer
 .text.AT_Customer2
                0x03004164       0x50 ssv6060-main.o
                0x03004164                AT_Customer2
 .text.process_thread_ac_nslookup_process
                0x030041b4       0xec ssv6060-main.o
 .text.process_thread_ac_tcp_connect_process
                0x030042a0      0x25c ssv6060-main.o
 .text.AT_SmartLink
                0x030044fc       0x14 ssv6060-main.o
                0x030044fc                AT_SmartLink
 .text.AT_Reset
                0x03004510        0xc ssv6060-main.o
                0x03004510                AT_Reset
 .text.AT_WIFIUART_DEMO
                0x0300451c       0x78 ssv6060-main.o
                0x0300451c                AT_WIFIUART_DEMO
 .text.AT_TCPSERVER_DEMO
                0x03004594       0x78 ssv6060-main.o
                0x03004594                AT_TCPSERVER_DEMO
 .text.allocate_buffer_in_ext
                0x0300460c       0x40 ssv6060-main.o
                0x0300460c                allocate_buffer_in_ext
 .text.TurnOffAllLED
                0x0300464c       0x70 ssv6060-main.o
                0x0300464c                TurnOffAllLED
 .text.SetLED   0x030046bc       0x50 ssv6060-main.o
                0x030046bc                SetLED
 .text.Ac_Dns   0x0300470c       0x24 ssv6060-main.o
                0x0300470c                Ac_Dns
 .text.Ac_ConnectGateway
                0x03004730       0x40 ssv6060-main.o
                0x03004730                Ac_ConnectGateway
 .text.Ac_BcInit
                0x03004770       0x4c ssv6060-main.o
                0x03004770                Ac_BcInit
 .text.process_thread_main_process
                0x030047bc       0xa8 ssv6060-main.o
 .text          0x03004864        0x0 icomlib.a(printf.o)
 .text.write_str
                0x03004864       0x1c icomlib.a(printf.o)
 .text.printf   0x03004880       0x30 icomlib.a(printf.o)
                0x03004880                printf
 .text.uart_tx1
                0x030048b0       0x14 icomlib.a(printf.o)
                0x030048b0                uart_tx1
 .text.printchar
                0x030048c4       0x50 icomlib.a(printf.o)
 .text.prints   0x03004914      0x10c icomlib.a(printf.o)
 .text.printi   0x03004a20      0x118 icomlib.a(printf.o)
 .text.print    0x03004b38      0x1f8 icomlib.a(printf.o)
                0x03004b38                print
 .text.sprintf  0x03004d30       0x30 icomlib.a(printf.o)
                0x03004d30                sprintf
 .text.vsprintf
                0x03004d60       0x1c icomlib.a(printf.o)
                0x03004d60                vsprintf
 .text.set_log_all_group_enable
                0x03004d7c       0x24 icomlib.a(printf.o)
                0x03004d7c                set_log_all_group_enable
 .text.set_log_all_group_disable
                0x03004da0       0x24 icomlib.a(printf.o)
                0x03004da0                set_log_all_group_disable
 .text.set_log_all_group
                0x03004dc4       0x2c icomlib.a(printf.o)
                0x03004dc4                set_log_all_group
 .text.set_log_all_level
                0x03004df0       0x8c icomlib.a(printf.o)
                0x03004df0                set_log_all_level
 .text.set_log_single_group_level
                0x03004e7c       0x40 icomlib.a(printf.o)
                0x03004e7c                set_log_single_group_level
 .text.dump_log_control_info
                0x03004ebc       0x78 icomlib.a(printf.o)
                0x03004ebc                dump_log_control_info
 .text          0x03004f34        0x0 icomlib.a(process.o)
 .text.process_alloc_event
                0x03004f34       0x18 icomlib.a(process.o)
                0x03004f34                process_alloc_event
 .text.check_process_in_que
                0x03004f4c       0x64 icomlib.a(process.o)
                0x03004f4c                check_process_in_que
 .text.process_debug
                0x03004fb0      0x150 icomlib.a(process.o)
                0x03004fb0                process_debug
 .text          0x03005100        0x0 icomlib.a(atcmd_icomm.o)
 .text.ip2int   0x03005100       0xe4 icomlib.a(atcmd_icomm.o)
                0x03005100                ip2int
 .text.At_RespOK
                0x030051e4       0x74 icomlib.a(atcmd_icomm.o)
                0x030051e4                At_RespOK
 .text.At_GetLocalMac
                0x03005258       0x4c icomlib.a(atcmd_icomm.o)
                0x03005258                At_GetLocalMac
 .text.At_GetVersion
                0x030052a4       0x2c icomlib.a(atcmd_icomm.o)
                0x030052a4                At_GetVersion
 .text.At_GetManufactureInfo
                0x030052d0       0x2c icomlib.a(atcmd_icomm.o)
                0x030052d0                At_GetManufactureInfo
 .text.At_SetWifiConfig
                0x030052fc      0x214 icomlib.a(atcmd_icomm.o)
                0x030052fc                At_SetWifiConfig
 .text.At_GetConfigure
                0x03005510       0xb4 icomlib.a(atcmd_icomm.o)
                0x03005510                At_GetConfigure
 .text.At_SetIfConfigure
                0x030055c4      0x19c icomlib.a(atcmd_icomm.o)
                0x030055c4                At_SetIfConfigure
 .text.At_GetNetStatus
                0x03005760       0x30 icomlib.a(atcmd_icomm.o)
                0x03005760                At_GetNetStatus
 .text.At_Ping  0x03005790       0x80 icomlib.a(atcmd_icomm.o)
                0x03005790                At_Ping
 .text.At_Help  0x03005810      0x210 icomlib.a(atcmd_icomm.o)
                0x03005810                At_Help
 .text.At_GetApStatus
                0x03005a20       0x70 icomlib.a(atcmd_icomm.o)
                0x03005a20                At_GetApStatus
 .text.At_GetWifiStatus
                0x03005a90      0x350 icomlib.a(atcmd_icomm.o)
                0x03005a90                At_GetWifiStatus
 .text.At_GetMRX
                0x03005de0      0x130 icomlib.a(atcmd_icomm.o)
                0x03005de0                At_GetMRX
 .text.At_TestMemRead
                0x03005f10       0x88 icomlib.a(atcmd_icomm.o)
                0x03005f10                At_TestMemRead
 .text.At_MboxDump
                0x03005f98       0x10 icomlib.a(atcmd_icomm.o)
                0x03005f98                At_MboxDump
 .text.At_WifiReset
                0x03005fa8       0x10 icomlib.a(atcmd_icomm.o)
                0x03005fa8                At_WifiReset
 .text.At_GetIPconf
                0x03005fb8       0x4c icomlib.a(atcmd_icomm.o)
                0x03005fb8                At_GetIPconf
 .text.At_NetScan
                0x03006004       0x14 icomlib.a(atcmd_icomm.o)
                0x03006004                At_NetScan
 .text.At_NetScan_Custom
                0x03006018       0xb4 icomlib.a(atcmd_icomm.o)
                0x03006018                At_NetScan_Custom
 .text.At_Connect
                0x030060cc       0x58 icomlib.a(atcmd_icomm.o)
                0x030060cc                At_Connect
 .text.process_thread_Cabrio_ate_process
                0x03006124      0x120 icomlib.a(atcmd_icomm.o)
 .text.At_Disconnect
                0x03006244       0x10 icomlib.a(atcmd_icomm.o)
                0x03006244                At_Disconnect
 .text.At_POWERSAVE
                0x03006254       0x34 icomlib.a(atcmd_icomm.o)
                0x03006254                At_POWERSAVE
 .text.At_WriteReg32
                0x03006288       0xd4 icomlib.a(atcmd_icomm.o)
                0x03006288                At_WriteReg32
 .text.At_ReadReg32
                0x0300635c       0x94 icomlib.a(atcmd_icomm.o)
                0x0300635c                At_ReadReg32
 .text.At_SetChannel
                0x030063f0       0x9c icomlib.a(atcmd_icomm.o)
                0x030063f0                At_SetChannel
 .text.At_GetRfStatus
                0x0300648c      0x198 icomlib.a(atcmd_icomm.o)
                0x0300648c                At_GetRfStatus
 .text.At_ShowRfCommand
                0x03006624      0x1cc icomlib.a(atcmd_icomm.o)
                0x03006624                At_ShowRfCommand
 .text.AT_RemoveCfsConf
                0x030067f0        0x4 icomlib.a(atcmd_icomm.o)
                0x030067f0                AT_RemoveCfsConf
 .text.At_bmode_count
                0x030067f4       0x44 icomlib.a(atcmd_icomm.o)
                0x030067f4                At_bmode_count
 .text.At_bmode_reset
                0x03006838       0x1c icomlib.a(atcmd_icomm.o)
                0x03006838                At_bmode_reset
 .text.At_gmode_count
                0x03006854       0x48 icomlib.a(atcmd_icomm.o)
                0x03006854                At_gmode_count
 .text.At_gmode_reset
                0x0300689c       0x20 icomlib.a(atcmd_icomm.o)
                0x0300689c                At_gmode_reset
 .text.At_filter_reset
                0x030068bc      0x1f0 icomlib.a(atcmd_icomm.o)
                0x030068bc                At_filter_reset
 .text.At_filter_count
                0x03006aac       0x5c icomlib.a(atcmd_icomm.o)
                0x03006aac                At_filter_count
 .text.at_cmd_start
                0x03006b08       0x1c icomlib.a(atcmd_icomm.o)
                0x03006b08                at_cmd_start
 .text.at_cmd_exit
                0x03006b24       0x18 icomlib.a(atcmd_icomm.o)
                0x03006b24                at_cmd_exit
 .text          0x03006b3c        0x0 icomlib.a(contiki-main.o)
 .text.test_rtimer
                0x03006b3c        0xc icomlib.a(contiki-main.o)
                0x03006b3c                test_rtimer
 .text.send_frame_rtimer
                0x03006b48        0xc icomlib.a(contiki-main.o)
                0x03006b48                send_frame_rtimer
 .text.dump_boot_message
                0x03006b54       0x60 icomlib.a(contiki-main.o)
                0x03006b54                dump_boot_message
 .text.get_all_config
                0x03006bb4       0x38 icomlib.a(contiki-main.o)
                0x03006bb4                get_all_config
 .text.log_init
                0x03006bec       0x10 icomlib.a(contiki-main.o)
                0x03006bec                log_init
 .text          0x03006bfc        0x0 icomlib.a(gpio_api.o)
 .text.pinMode  0x03006bfc       0x44 icomlib.a(gpio_api.o)
                0x03006bfc                pinMode
 .text.digitalWrite
                0x03006c40       0x10 icomlib.a(gpio_api.o)
                0x03006c40                digitalWrite
 .text.digitalRead
                0x03006c50        0x4 icomlib.a(gpio_api.o)
                0x03006c50                digitalRead
 .text.gpio_irq_enable
                0x03006c54       0x40 icomlib.a(gpio_api.o)
                0x03006c54                gpio_irq_enable
 .text.gpio_irq_disable
                0x03006c94       0x10 icomlib.a(gpio_api.o)
                0x03006c94                gpio_irq_disable
 .text          0x03006ca4        0x0 icomlib.a(drv_timer.o)
 .text.hwtmr_stop
                0x03006ca4       0x20 icomlib.a(drv_timer.o)
                0x03006ca4                hwtmr_stop
 .text.hwtmr_start
                0x03006cc4       0x34 icomlib.a(drv_timer.o)
                0x03006cc4                hwtmr_start
 .text.hwtmr_init
                0x03006cf8       0x2c icomlib.a(drv_timer.o)
                0x03006cf8                hwtmr_init
 .text          0x03006d24        0x0 icomlib.a(drv_uart.o)
 .text.drv_uart_init
                0x03006d24       0x78 icomlib.a(drv_uart.o)
                0x03006d24                drv_uart_init
 .text.drv_uart_tx_0
                0x03006d9c        0xc icomlib.a(drv_uart.o)
                0x03006d9c                drv_uart_tx_0
 .text.drv_uart_is_tx_busy_0
                0x03006da8       0x18 icomlib.a(drv_uart.o)
                0x03006da8                drv_uart_is_tx_busy_0
 .text.drv_uart_multiple_tx_0
                0x03006dc0       0x28 icomlib.a(drv_uart.o)
                0x03006dc0                drv_uart_multiple_tx_0
 .text.drv_uart_get_uart_fifo_length_0
                0x03006de8        0x8 icomlib.a(drv_uart.o)
                0x03006de8                drv_uart_get_uart_fifo_length_0
 .text.drv_uart_enable_tx_int_0
                0x03006df0       0x14 icomlib.a(drv_uart.o)
                0x03006df0                drv_uart_enable_tx_int_0
 .text.drv_uart_disable_tx_int_0
                0x03006e04       0x14 icomlib.a(drv_uart.o)
                0x03006e04                drv_uart_disable_tx_int_0
 .text.drv_uart_enable_rx_int_0
                0x03006e18       0x14 icomlib.a(drv_uart.o)
                0x03006e18                drv_uart_enable_rx_int_0
 .text.drv_uart_disable_rx_int_0
                0x03006e2c       0x14 icomlib.a(drv_uart.o)
                0x03006e2c                drv_uart_disable_rx_int_0
 .text.drv_datauart_init
                0x03006e40      0x160 icomlib.a(drv_uart.o)
                0x03006e40                drv_datauart_init
 .text.drv_datauart_Deinit
                0x03006fa0       0x58 icomlib.a(drv_uart.o)
                0x03006fa0                drv_datauart_Deinit
 .text.drv_datauart_conf
                0x03006ff8       0x7c icomlib.a(drv_uart.o)
                0x03006ff8                drv_datauart_conf
 .text          0x03007074        0x0 icomlib.a(hw_init.o)
 .text.hw_tbl_write
                0x03007074       0x60 icomlib.a(hw_init.o)
 .text.modulator_and_pll_reset
                0x030070d4       0xd4 icomlib.a(hw_init.o)
                0x030070d4                modulator_and_pll_reset
 .text.ssv6xxx_phy_disable
                0x030071a8       0x14 icomlib.a(hw_init.o)
                0x030071a8                ssv6xxx_phy_disable
 .text.ssv6xxx_mac_disable
                0x030071bc       0x14 icomlib.a(hw_init.o)
                0x030071bc                ssv6xxx_mac_disable
 .text.ssv6xxx_hw_rf_phy_mac_reset
                0x030071d0      0x1a8 icomlib.a(hw_init.o)
                0x030071d0                ssv6xxx_hw_rf_phy_mac_reset
 .text.ssv6xxx_hw_radio_init
                0x03007378      0x1b0 icomlib.a(hw_init.o)
                0x03007378                ssv6xxx_hw_radio_init
 .text          0x03007528        0x0 icomlib.a(ssv_lib_slow.o)
 .text.mac_atoi
                0x03007528       0x44 icomlib.a(ssv_lib_slow.o)
                0x03007528                mac_atoi
 .text.dbg_dump_reg_pc
                0x0300756c       0x10 icomlib.a(ssv_lib_slow.o)
                0x0300756c                dbg_dump_reg_pc
 .text.dbg_dump_reg_sp
                0x0300757c       0x10 icomlib.a(ssv_lib_slow.o)
                0x0300757c                dbg_dump_reg_sp
 .text.dbg_dump_reg_cpsr
                0x0300758c       0xa0 icomlib.a(ssv_lib_slow.o)
                0x0300758c                dbg_dump_reg_cpsr
 .text.dbg_dump_binary
                0x0300762c       0x78 icomlib.a(ssv_lib_slow.o)
                0x0300762c                dbg_dump_binary
 .text.dbg_dump_mac
                0x030076a4       0x48 icomlib.a(ssv_lib_slow.o)
                0x030076a4                dbg_dump_mac
 .text.dbg_dump_ip
                0x030076ec       0x38 icomlib.a(ssv_lib_slow.o)
                0x030076ec                dbg_dump_ip
 .text          0x03007724        0x0 icomlib.a(swpwm.o)
 .text.initSwPWM
                0x03007724       0x28 icomlib.a(swpwm.o)
                0x03007724                initSwPWM
 .text.pwm_unregister
                0x0300774c       0xa0 icomlib.a(swpwm.o)
                0x0300774c                pwm_unregister
 .text.disableSwPWM
                0x030077ec       0x34 icomlib.a(swpwm.o)
                0x030077ec                disableSwPWM
 .text.pwm_register
                0x03007820       0xe4 icomlib.a(swpwm.o)
                0x03007820                pwm_register
 .text.enableSwPWM
                0x03007904       0x6c icomlib.a(swpwm.o)
                0x03007904                enableSwPWM
 .text          0x03007970        0x0 icomlib.a(systemconf.o)
 .text.gconfig_gen_header_to_mem
                0x03007970       0x3c icomlib.a(systemconf.o)
                0x03007970                gconfig_gen_header_to_mem
 .text.gconfig_gen_config_to_mem
                0x030079ac       0x48 icomlib.a(systemconf.o)
                0x030079ac                gconfig_gen_config_to_mem
 .text.gconfig_gen_config_table
                0x030079f4      0x114 icomlib.a(systemconf.o)
                0x030079f4                gconfig_gen_config_table
 .text.gconfig_save_config
                0x03007b08       0x48 icomlib.a(systemconf.o)
                0x03007b08                gconfig_save_config
 .text.gconfig_set_softap_ssid
                0x03007b50       0xb4 icomlib.a(systemconf.o)
                0x03007b50                gconfig_set_softap_ssid
 .text.gconfig_set_enable_smart
                0x03007c04       0x78 icomlib.a(systemconf.o)
                0x03007c04                gconfig_set_enable_smart
 .text.gconfig_set_auto_connect
                0x03007c7c       0x40 icomlib.a(systemconf.o)
                0x03007c7c                gconfig_set_auto_connect
 .text.gconfig_init_global_conf_by_define
                0x03007cbc       0x14 icomlib.a(systemconf.o)
                0x03007cbc                gconfig_init_global_conf_by_define
 .text.reset_global_conf
                0x03007cd0       0x3c icomlib.a(systemconf.o)
                0x03007cd0                reset_global_conf
 .text.remove_sysconfig
                0x03007d0c       0x58 icomlib.a(systemconf.o)
                0x03007d0c                remove_sysconfig
 .text.write_wifi_config
                0x03007d64       0xa4 icomlib.a(systemconf.o)
                0x03007d64                write_wifi_config
 .text.read_wifi_config
                0x03007e08       0x90 icomlib.a(systemconf.o)
                0x03007e08                read_wifi_config
 .text.init_global_conf
                0x03007e98      0x144 icomlib.a(systemconf.o)
                0x03007e98                init_global_conf
 .text.clear_ap_lists
                0x03007fdc       0x3c icomlib.a(systemconf.o)
                0x03007fdc                clear_ap_lists
 .text          0x03008018        0x0 icomlib.a(wdog_api.o)
 .text.process_thread_watchdog_process
                0x03008018       0xf4 icomlib.a(wdog_api.o)
 .text.api_wdog_reboot
                0x0300810c        0x4 icomlib.a(wdog_api.o)
                0x0300810c                api_wdog_reboot
 .text.api_wdog_period_5000ms
                0x03008110        0x4 icomlib.a(wdog_api.o)
                0x03008110                api_wdog_period_5000ms
 .text.api_wdog_period_10000ms
                0x03008114        0x4 icomlib.a(wdog_api.o)
                0x03008114                api_wdog_period_10000ms
 .text.api_wdog_period_cutommed
                0x03008118        0x4 icomlib.a(wdog_api.o)
                0x03008118                api_wdog_period_cutommed
 .text.api_wdog_stop
                0x0300811c        0x4 icomlib.a(wdog_api.o)
                0x0300811c                api_wdog_stop
 .text.clear_rx_fifo
                0x03008120       0xc8 icomlib.a(wdog_api.o)
                0x03008120                clear_rx_fifo
 .text          0x030081e8        0x0 icomlib.a(bsp.o)
 .text.set_mrx_filter_sta
                0x030081e8      0x254 icomlib.a(bsp.o)
                0x030081e8                set_mrx_filter_sta
 .text.set_softap_trap_enable
                0x0300843c       0x14 icomlib.a(bsp.o)
                0x0300843c                set_softap_trap_enable
 .text.set_softap_trap_disable
                0x03008450       0x14 icomlib.a(bsp.o)
                0x03008450                set_softap_trap_disable
 .text.set_mrx_filter_softap
                0x03008464      0x2ac icomlib.a(bsp.o)
                0x03008464                set_mrx_filter_softap
 .text.chk_chip_valid
                0x03008710       0x2c icomlib.a(bsp.o)
                0x03008710                chk_chip_valid
 .text.bsp_init
                0x0300873c       0x8c icomlib.a(bsp.o)
                0x0300873c                bsp_init
 .text.enable_dcdc_mode
                0x030087c8       0x20 icomlib.a(bsp.o)
                0x030087c8                enable_dcdc_mode
 .text          0x030087e8        0x0 icomlib.a(crypthw.o)
 .text.drv_id_mng_alloc
                0x030087e8       0x7c icomlib.a(crypthw.o)
                0x030087e8                drv_id_mng_alloc
 .text.PBUF_MAlloc_Raw
                0x03008864       0x50 icomlib.a(crypthw.o)
                0x03008864                PBUF_MAlloc_Raw
 .text.wpa_drv_init
                0x030088b4       0x40 icomlib.a(crypthw.o)
                0x030088b4                wpa_drv_init
 .text.soft_mac_init
                0x030088f4       0x68 icomlib.a(crypthw.o)
                0x030088f4                soft_mac_init
 .text          0x0300895c        0x0 icomlib.a(dbg-atcmd-api.o)
 .text.LogTemperature
                0x0300895c       0x94 icomlib.a(dbg-atcmd-api.o)
                0x0300895c                LogTemperature
 .text.Channel2Index
                0x030089f0       0x1c icomlib.a(dbg-atcmd-api.o)
                0x030089f0                Channel2Index
 .text.Gain2Power
                0x03008a0c      0x15c icomlib.a(dbg-atcmd-api.o)
                0x03008a0c                Gain2Power
 .text.Power2BGain
                0x03008b68      0x1a0 icomlib.a(dbg-atcmd-api.o)
                0x03008b68                Power2BGain
 .text.Power2GGain
                0x03008d08      0x188 icomlib.a(dbg-atcmd-api.o)
                0x03008d08                Power2GGain
 .text.GetDefaultGain
                0x03008e90       0xb4 icomlib.a(dbg-atcmd-api.o)
                0x03008e90                GetDefaultGain
 .text.Freq2P   0x03008f44        0xc icomlib.a(dbg-atcmd-api.o)
                0x03008f44                Freq2P
 .text.Freq2N   0x03008f50        0xc icomlib.a(dbg-atcmd-api.o)
                0x03008f50                Freq2N
 .text.UpdateConf
                0x03008f5c      0x368 icomlib.a(dbg-atcmd-api.o)
                0x03008f5c                UpdateConf
 .text.drv_phy_wait_rdy2
                0x030092c4       0x30 icomlib.a(dbg-atcmd-api.o)
                0x030092c4                drv_phy_wait_rdy2
 .text.mac_transfer
                0x030092f4       0x40 icomlib.a(dbg-atcmd-api.o)
                0x030092f4                mac_transfer
 .text.serial_transfer
                0x03009334       0x58 icomlib.a(dbg-atcmd-api.o)
                0x03009334                serial_transfer
 .text._DBG_AT_SET_PEERMAC
                0x0300938c       0x2c icomlib.a(dbg-atcmd-api.o)
                0x0300938c                _DBG_AT_SET_PEERMAC
 .text._DBG_AT_SET_PEERMAC_SOFTAP
                0x030093b8       0x38 icomlib.a(dbg-atcmd-api.o)
                0x030093b8                _DBG_AT_SET_PEERMAC_SOFTAP
 .text._DBG_AT_RESET_PEERMAC_SOFTAP
                0x030093f0       0x38 icomlib.a(dbg-atcmd-api.o)
                0x030093f0                _DBG_AT_RESET_PEERMAC_SOFTAP
 .text._DBG_AT_SET_CHANNEL
                0x03009428       0x50 icomlib.a(dbg-atcmd-api.o)
                0x03009428                _DBG_AT_SET_CHANNEL
 .text._DBG_AT_SET_MAC
                0x03009478        0x4 icomlib.a(dbg-atcmd-api.o)
                0x03009478                _DBG_AT_SET_MAC
 .text._DBG_AT_SET_BSSID
                0x0300947c        0x4 icomlib.a(dbg-atcmd-api.o)
                0x0300947c                _DBG_AT_SET_BSSID
 .text._DBG_AT_SEND
                0x03009480       0x58 icomlib.a(dbg-atcmd-api.o)
                0x03009480                _DBG_AT_SEND
 .text.process_thread_start_tx_process
                0x030094d8      0x120 icomlib.a(dbg-atcmd-api.o)
 .text.RFStart  0x030095f8      0x2b8 icomlib.a(dbg-atcmd-api.o)
                0x030095f8                RFStart
 .text.process_thread_rf_start_process
                0x030098b0       0xf0 icomlib.a(dbg-atcmd-api.o)
 .text.RFRate   0x030099a0      0x2ac icomlib.a(dbg-atcmd-api.o)
                0x030099a0                RFRate
 .text.RFBGain  0x03009c4c       0x88 icomlib.a(dbg-atcmd-api.o)
                0x03009c4c                RFBGain
 .text.RFGNGain
                0x03009cd4       0x88 icomlib.a(dbg-atcmd-api.o)
                0x03009cd4                RFGNGain
 .text.RFIQPhase
                0x03009d5c       0x88 icomlib.a(dbg-atcmd-api.o)
                0x03009d5c                RFIQPhase
 .text.RFIQAmp  0x03009de4       0x88 icomlib.a(dbg-atcmd-api.o)
                0x03009de4                RFIQAmp
 .text.RFStop   0x03009e6c       0x3c icomlib.a(dbg-atcmd-api.o)
                0x03009e6c                RFStop
 .text.RFReset  0x03009ea8      0x454 icomlib.a(dbg-atcmd-api.o)
                0x03009ea8                RFReset
 .text.RFCount  0x0300a2fc       0x58 icomlib.a(dbg-atcmd-api.o)
                0x0300a2fc                RFCount
 .text.RFFreqOffset
                0x0300a354       0xf0 icomlib.a(dbg-atcmd-api.o)
                0x0300a354                RFFreqOffset
 .text.RFTempcsHT
                0x0300a444       0xa8 icomlib.a(dbg-atcmd-api.o)
                0x0300a444                RFTempcsHT
 .text.RFTempcsRT
                0x0300a4ec       0xa8 icomlib.a(dbg-atcmd-api.o)
                0x0300a4ec                RFTempcsRT
 .text.RFTempcsLT
                0x0300a594       0xa8 icomlib.a(dbg-atcmd-api.o)
                0x0300a594                RFTempcsLT
 .text.ReadTemperature
                0x0300a63c       0xc8 icomlib.a(dbg-atcmd-api.o)
                0x0300a63c                ReadTemperature
 .text.process_thread_temperature_compensator_process
                0x0300a704      0x298 icomlib.a(dbg-atcmd-api.o)
 .text.EnableTemperatureCompensator
                0x0300a99c       0x1c icomlib.a(dbg-atcmd-api.o)
                0x0300a99c                EnableTemperatureCompensator
 .text.DumpRFParam
                0x0300a9b8       0xec icomlib.a(dbg-atcmd-api.o)
                0x0300a9b8                DumpRFParam
 .text.WriteParam2Flash
                0x0300aaa4      0x2e0 icomlib.a(dbg-atcmd-api.o)
                0x0300aaa4                WriteParam2Flash
 .text.RFSetLDO
                0x0300ad84       0x7c icomlib.a(dbg-atcmd-api.o)
                0x0300ad84                RFSetLDO
 .text.RFSetPA1
                0x0300ae00       0x5c icomlib.a(dbg-atcmd-api.o)
                0x0300ae00                RFSetPA1
 .text.RFSetPA2
                0x0300ae5c       0x60 icomlib.a(dbg-atcmd-api.o)
                0x0300ae5c                RFSetPA2
 .text.RFSetPA3
                0x0300aebc       0x5c icomlib.a(dbg-atcmd-api.o)
                0x0300aebc                RFSetPA3
 .text.RFSetXTAL
                0x0300af18       0x60 icomlib.a(dbg-atcmd-api.o)
                0x0300af18                RFSetXTAL
 .text.RFSetFlashXTAL
                0x0300af78       0x9c icomlib.a(dbg-atcmd-api.o)
                0x0300af78                RFSetFlashXTAL
 .text.SetTemperatureBoundary
                0x0300b014       0x90 icomlib.a(dbg-atcmd-api.o)
                0x0300b014                SetTemperatureBoundary
 .text.Radio_Command
                0x0300b0a4     0x10c4 icomlib.a(dbg-atcmd-api.o)
                0x0300b0a4                Radio_Command
 .text.Parse_Radio_Command
                0x0300c168       0x88 icomlib.a(dbg-atcmd-api.o)
                0x0300c168                Parse_Radio_Command
 .text          0x0300c1f0        0x0 icomlib.a(drv_mac.o)
 .text.SET_STA_MAC
                0x0300c1f0       0x74 icomlib.a(drv_mac.o)
                0x0300c1f0                SET_STA_MAC
 .text.GET_STA_MAC
                0x0300c264       0x4c icomlib.a(drv_mac.o)
                0x0300c264                GET_STA_MAC
 .text.SET_BSSID
                0x0300c2b0       0x74 icomlib.a(drv_mac.o)
                0x0300c2b0                SET_BSSID
 .text.GET_BSSID
                0x0300c324       0x4c icomlib.a(drv_mac.o)
                0x0300c324                GET_BSSID
 .text.SET_PEER_MAC0
                0x0300c370       0x74 icomlib.a(drv_mac.o)
                0x0300c370                SET_PEER_MAC0
 .text.GET_PEER_MAC0
                0x0300c3e4       0x4c icomlib.a(drv_mac.o)
                0x0300c3e4                GET_PEER_MAC0
 .text.SET_PEER_MAC1
                0x0300c430       0x74 icomlib.a(drv_mac.o)
                0x0300c430                SET_PEER_MAC1
 .text.GET_PEER_MAC1
                0x0300c4a4       0x4c icomlib.a(drv_mac.o)
                0x0300c4a4                GET_PEER_MAC1
 .text.SET_MRX_MCAST_TB0
                0x0300c4f0       0x74 icomlib.a(drv_mac.o)
                0x0300c4f0                SET_MRX_MCAST_TB0
 .text.GET_MRX_MCAST_TB0
                0x0300c564       0x4c icomlib.a(drv_mac.o)
                0x0300c564                GET_MRX_MCAST_TB0
 .text.SET_MRX_MCAST_TB1
                0x0300c5b0       0x74 icomlib.a(drv_mac.o)
                0x0300c5b0                SET_MRX_MCAST_TB1
 .text.GET_MRX_MCAST_TB1
                0x0300c624       0x4c icomlib.a(drv_mac.o)
                0x0300c624                GET_MRX_MCAST_TB1
 .text.SET_MRX_MCAST_TB2
                0x0300c670       0x74 icomlib.a(drv_mac.o)
                0x0300c670                SET_MRX_MCAST_TB2
 .text.GET_MRX_MCAST_TB2
                0x0300c6e4       0x4c icomlib.a(drv_mac.o)
                0x0300c6e4                GET_MRX_MCAST_TB2
 .text.SET_MRX_MCAST_TB3
                0x0300c730       0x74 icomlib.a(drv_mac.o)
                0x0300c730                SET_MRX_MCAST_TB3
 .text.GET_MRX_MCAST_TB3
                0x0300c7a4       0x4c icomlib.a(drv_mac.o)
                0x0300c7a4                GET_MRX_MCAST_TB3
 .text.SET_MRX_MCAST_MASK0
                0x0300c7f0       0x74 icomlib.a(drv_mac.o)
                0x0300c7f0                SET_MRX_MCAST_MASK0
 .text.GET_MRX_MCAST_MASK0
                0x0300c864       0x4c icomlib.a(drv_mac.o)
                0x0300c864                GET_MRX_MCAST_MASK0
 .text.SET_MRX_MCAST_MASK1
                0x0300c8b0       0x74 icomlib.a(drv_mac.o)
                0x0300c8b0                SET_MRX_MCAST_MASK1
 .text.GET_MRX_MCAST_MASK1
                0x0300c924       0x4c icomlib.a(drv_mac.o)
                0x0300c924                GET_MRX_MCAST_MASK1
 .text.SET_MRX_MCAST_MASK2
                0x0300c970       0x74 icomlib.a(drv_mac.o)
                0x0300c970                SET_MRX_MCAST_MASK2
 .text.GET_MRX_MCAST_MASK2
                0x0300c9e4       0x4c icomlib.a(drv_mac.o)
                0x0300c9e4                GET_MRX_MCAST_MASK2
 .text.SET_MRX_MCAST_MASK3
                0x0300ca30       0x74 icomlib.a(drv_mac.o)
                0x0300ca30                SET_MRX_MCAST_MASK3
 .text.GET_MRX_MCAST_MASK3
                0x0300caa4       0x4c icomlib.a(drv_mac.o)
                0x0300caa4                GET_MRX_MCAST_MASK3
 .text.SET_BA_TA
                0x0300caf0       0x74 icomlib.a(drv_mac.o)
                0x0300caf0                SET_BA_TA
 .text.GET_BA_TA
                0x0300cb64       0x4c icomlib.a(drv_mac.o)
                0x0300cb64                GET_BA_TA
 .text.SET_ACK_GEN_RA
                0x0300cbb0       0x74 icomlib.a(drv_mac.o)
                0x0300cbb0                SET_ACK_GEN_RA
 .text.GET_ACK_GEN_RA
                0x0300cc24       0x4c icomlib.a(drv_mac.o)
                0x0300cc24                GET_ACK_GEN_RA
 .text          0x0300cc70        0x0 icomlib.a(drv_phy.o)
 .text.rg_idacai_pgag0_load
                0x0300cc70       0x1c icomlib.a(drv_phy.o)
                0x0300cc70                rg_idacai_pgag0_load
 .text.rg_idacai_pgag1_load
                0x0300cc8c       0x1c icomlib.a(drv_phy.o)
                0x0300cc8c                rg_idacai_pgag1_load
 .text.rg_idacai_pgag2_load
                0x0300cca8       0x1c icomlib.a(drv_phy.o)
                0x0300cca8                rg_idacai_pgag2_load
 .text.rg_idacai_pgag3_load
                0x0300ccc4       0x1c icomlib.a(drv_phy.o)
                0x0300ccc4                rg_idacai_pgag3_load
 .text.rg_idacai_pgag4_load
                0x0300cce0       0x1c icomlib.a(drv_phy.o)
                0x0300cce0                rg_idacai_pgag4_load
 .text.rg_idacai_pgag5_load
                0x0300ccfc       0x1c icomlib.a(drv_phy.o)
                0x0300ccfc                rg_idacai_pgag5_load
 .text.rg_idacai_pgag6_load
                0x0300cd18       0x1c icomlib.a(drv_phy.o)
                0x0300cd18                rg_idacai_pgag6_load
 .text.rg_idacai_pgag7_load
                0x0300cd34       0x1c icomlib.a(drv_phy.o)
                0x0300cd34                rg_idacai_pgag7_load
 .text.rg_idacai_pgag8_load
                0x0300cd50       0x1c icomlib.a(drv_phy.o)
                0x0300cd50                rg_idacai_pgag8_load
 .text.rg_idacai_pgag9_load
                0x0300cd6c       0x1c icomlib.a(drv_phy.o)
                0x0300cd6c                rg_idacai_pgag9_load
 .text.rg_idacai_pgag10_load
                0x0300cd88       0x1c icomlib.a(drv_phy.o)
                0x0300cd88                rg_idacai_pgag10_load
 .text.rg_idacai_pgag11_load
                0x0300cda4       0x1c icomlib.a(drv_phy.o)
                0x0300cda4                rg_idacai_pgag11_load
 .text.rg_idacai_pgag12_load
                0x0300cdc0       0x1c icomlib.a(drv_phy.o)
                0x0300cdc0                rg_idacai_pgag12_load
 .text.rg_idacai_pgag13_load
                0x0300cddc       0x1c icomlib.a(drv_phy.o)
                0x0300cddc                rg_idacai_pgag13_load
 .text.rg_idacai_pgag14_load
                0x0300cdf8       0x1c icomlib.a(drv_phy.o)
                0x0300cdf8                rg_idacai_pgag14_load
 .text.rg_idacai_pgag15_load
                0x0300ce14       0x1c icomlib.a(drv_phy.o)
                0x0300ce14                rg_idacai_pgag15_load
 .text.rg_idacaq_pgag0_load
                0x0300ce30       0x1c icomlib.a(drv_phy.o)
                0x0300ce30                rg_idacaq_pgag0_load
 .text.rg_idacaq_pgag1_load
                0x0300ce4c       0x1c icomlib.a(drv_phy.o)
                0x0300ce4c                rg_idacaq_pgag1_load
 .text.rg_idacaq_pgag2_load
                0x0300ce68       0x1c icomlib.a(drv_phy.o)
                0x0300ce68                rg_idacaq_pgag2_load
 .text.rg_idacaq_pgag3_load
                0x0300ce84       0x1c icomlib.a(drv_phy.o)
                0x0300ce84                rg_idacaq_pgag3_load
 .text.rg_idacaq_pgag4_load
                0x0300cea0       0x1c icomlib.a(drv_phy.o)
                0x0300cea0                rg_idacaq_pgag4_load
 .text.rg_idacaq_pgag5_load
                0x0300cebc       0x1c icomlib.a(drv_phy.o)
                0x0300cebc                rg_idacaq_pgag5_load
 .text.rg_idacaq_pgag6_load
                0x0300ced8       0x1c icomlib.a(drv_phy.o)
                0x0300ced8                rg_idacaq_pgag6_load
 .text.rg_idacaq_pgag7_load
                0x0300cef4       0x1c icomlib.a(drv_phy.o)
                0x0300cef4                rg_idacaq_pgag7_load
 .text.rg_idacaq_pgag8_load
                0x0300cf10       0x1c icomlib.a(drv_phy.o)
                0x0300cf10                rg_idacaq_pgag8_load
 .text.rg_idacaq_pgag9_load
                0x0300cf2c       0x1c icomlib.a(drv_phy.o)
                0x0300cf2c                rg_idacaq_pgag9_load
 .text.rg_idacaq_pgag10_load
                0x0300cf48       0x1c icomlib.a(drv_phy.o)
                0x0300cf48                rg_idacaq_pgag10_load
 .text.rg_idacaq_pgag11_load
                0x0300cf64       0x1c icomlib.a(drv_phy.o)
                0x0300cf64                rg_idacaq_pgag11_load
 .text.rg_idacaq_pgag12_load
                0x0300cf80       0x1c icomlib.a(drv_phy.o)
                0x0300cf80                rg_idacaq_pgag12_load
 .text.rg_idacaq_pgag13_load
                0x0300cf9c       0x1c icomlib.a(drv_phy.o)
                0x0300cf9c                rg_idacaq_pgag13_load
 .text.rg_idacaq_pgag14_load
                0x0300cfb8       0x1c icomlib.a(drv_phy.o)
                0x0300cfb8                rg_idacaq_pgag14_load
 .text.rg_idacaq_pgag15_load
                0x0300cfd4       0x1c icomlib.a(drv_phy.o)
                0x0300cfd4                rg_idacaq_pgag15_load
 .text.rfreg_byxtal_load
                0x0300cff0       0x84 icomlib.a(drv_phy.o)
                0x0300cff0                rfreg_byxtal_load
 .text.rfreg_bych_load
                0x0300d074       0x7c icomlib.a(drv_phy.o)
                0x0300d074                rfreg_bych_load
 .text.rfreg_bypa_load
                0x0300d0f0       0x44 icomlib.a(drv_phy.o)
                0x0300d0f0                rfreg_bypa_load
 .text.drv_phy_tbl_load
                0x0300d134       0x38 icomlib.a(drv_phy.o)
                0x0300d134                drv_phy_tbl_load
 .text.drv_phy_cfgtbl_load
                0x0300d16c       0x20 icomlib.a(drv_phy.o)
                0x0300d16c                drv_phy_cfgtbl_load
 .text.drv_phy_wait_rdy
                0x0300d18c       0x30 icomlib.a(drv_phy.o)
                0x0300d18c                drv_phy_wait_rdy
 .text.drv_phy_cali_rcal
                0x0300d1bc       0x68 icomlib.a(drv_phy.o)
                0x0300d1bc                drv_phy_cali_rcal
 .text.drv_phy_cali_tssi
                0x0300d224      0x1b8 icomlib.a(drv_phy.o)
                0x0300d224                drv_phy_cali_tssi
 .text.drv_phy_temperature
                0x0300d3dc       0x90 icomlib.a(drv_phy.o)
                0x0300d3dc                drv_phy_temperature
 .text.drv_phy_cali_papd_learning
                0x0300d46c      0x1ec icomlib.a(drv_phy.o)
                0x0300d46c                drv_phy_cali_papd_learning
 .text.drv_phy_channel_change
                0x0300d658       0x74 icomlib.a(drv_phy.o)
                0x0300d658                drv_phy_channel_change
 .text.drv_phy_sprm
                0x0300d6cc       0x64 icomlib.a(drv_phy.o)
                0x0300d6cc                drv_phy_sprm
 .text.drv_phy_cali_txlo
                0x0300d730      0x16c icomlib.a(drv_phy.o)
                0x0300d730                drv_phy_cali_txlo
 .text.drv_phy_cali_txiq
                0x0300d89c      0x160 icomlib.a(drv_phy.o)
                0x0300d89c                drv_phy_cali_txiq
 .text.drv_phy_cali_rxrc
                0x0300d9fc      0x23c icomlib.a(drv_phy.o)
                0x0300d9fc                drv_phy_cali_rxrc
 .text.drv_phy_fft_enrg
                0x0300dc38       0x54 icomlib.a(drv_phy.o)
                0x0300dc38                drv_phy_fft_enrg
 .text.drv_phy_cali_rxiq_fft
                0x0300dc8c      0x1a4 icomlib.a(drv_phy.o)
                0x0300dc8c                drv_phy_cali_rxiq_fft
 .text.rtbl_cali_reg_rmw
                0x0300de30       0x28 icomlib.a(drv_phy.o)
                0x0300de30                rtbl_cali_reg_rmw
 .text.rtbl_cali_pre_load
                0x0300de58       0x68 icomlib.a(drv_phy.o)
                0x0300de58                rtbl_cali_pre_load
 .text.drv_phy_cali_rxdc
                0x0300dec0      0x224 icomlib.a(drv_phy.o)
                0x0300dec0                drv_phy_cali_rxdc
 .text.rtbl_cali_load
                0x0300e0e4       0x24 icomlib.a(drv_phy.o)
                0x0300e0e4                rtbl_cali_load
 .text.rtbl_cali_export
                0x0300e108       0x18 icomlib.a(drv_phy.o)
                0x0300e108                rtbl_cali_export
 .text.rtbl_cali_load_def
                0x0300e120       0x68 icomlib.a(drv_phy.o)
                0x0300e120                rtbl_cali_load_def
 .text.rtbl_cali_reset
                0x0300e188       0x38 icomlib.a(drv_phy.o)
                0x0300e188                rtbl_cali_reset
 .text.rtbl_cali_set
                0x0300e1c0       0x84 icomlib.a(drv_phy.o)
                0x0300e1c0                rtbl_cali_set
 .text.drv_phy_init
                0x0300e244       0x90 icomlib.a(drv_phy.o)
                0x0300e244                drv_phy_init
 .text.drv_phy_off
                0x0300e2d4       0x14 icomlib.a(drv_phy.o)
                0x0300e2d4                drv_phy_off
 .text.drv_phy_b_only
                0x0300e2e8       0x10 icomlib.a(drv_phy.o)
                0x0300e2e8                drv_phy_b_only
 .text.drv_phy_bgn
                0x0300e2f8       0x14 icomlib.a(drv_phy.o)
                0x0300e2f8                drv_phy_bgn
 .text.drv_phy_on
                0x0300e30c       0x14 icomlib.a(drv_phy.o)
                0x0300e30c                drv_phy_on
 .text.drv_phy_cali_ro_iqcal_o
                0x0300e320        0xc icomlib.a(drv_phy.o)
                0x0300e320                drv_phy_cali_ro_iqcal_o
 .text.drv_phy_cali_papd_div
                0x0300e32c       0x84 icomlib.a(drv_phy.o)
                0x0300e32c                drv_phy_cali_papd_div
 .text.drv_phy_cali_papd_gain_est
                0x0300e3b0      0x160 icomlib.a(drv_phy.o)
                0x0300e3b0                drv_phy_cali_papd_gain_est
 .text.drv_phy_cali_ph_wrap
                0x0300e510       0x1c icomlib.a(drv_phy.o)
                0x0300e510                drv_phy_cali_ph_wrap
 .text.drv_phy_cali_papd
                0x0300e52c      0x5a4 icomlib.a(drv_phy.o)
                0x0300e52c                drv_phy_cali_papd
 .text.drv_phy_reg_init
                0x0300ead0       0xd0 icomlib.a(drv_phy.o)
                0x0300ead0                drv_phy_reg_init
 .text.drv_phy_cali_rtbl_load
                0x0300eba0       0x5c icomlib.a(drv_phy.o)
                0x0300eba0                drv_phy_cali_rtbl_load
 .text.phy_cali_config_load
                0x0300ebfc      0x124 icomlib.a(drv_phy.o)
                0x0300ebfc                phy_cali_config_load
 .text.drv_phy_cali_rtbl_load_def
                0x0300ed20       0x5c icomlib.a(drv_phy.o)
                0x0300ed20                drv_phy_cali_rtbl_load_def
 .text.drv_phy_cali_rtbl_reset
                0x0300ed7c       0x5c icomlib.a(drv_phy.o)
                0x0300ed7c                drv_phy_cali_rtbl_reset
 .text.drv_phy_cali_rtbl_set
                0x0300edd8       0x5c icomlib.a(drv_phy.o)
                0x0300edd8                drv_phy_cali_rtbl_set
 .text.drv_phy_cali_rtbl_export
                0x0300ee34        0x4 icomlib.a(drv_phy.o)
                0x0300ee34                drv_phy_cali_rtbl_export
 .text.drv_phy_init_cali
                0x0300ee38       0xc4 icomlib.a(drv_phy.o)
                0x0300ee38                drv_phy_init_cali
 .text.drv_phy_evm_tk
                0x0300eefc       0x5c icomlib.a(drv_phy.o)
                0x0300eefc                drv_phy_evm_tk
 .text.drv_phy_tone_tk
                0x0300ef58       0x38 icomlib.a(drv_phy.o)
                0x0300ef58                drv_phy_tone_tk
 .text          0x0300ef90        0x0 icomlib.a(drv_pktbuf_slow)
 .text.ssv6xxx_pbuf_dump_reg
                0x0300ef90      0x4d0 icomlib.a(drv_pktbuf_slow)
                0x0300ef90                ssv6xxx_pbuf_dump_reg
 .text          0x0300f460        0x0 icomlib.a(hash_alg.o)
 .text          0x0300f460        0x0 icomlib.a(hmac_md5.o)
 .text          0x0300f460        0x0 icomlib.a(hmac_sha1.o)
 .text          0x0300f460        0x0 icomlib.a(ieee80211_mgmt.)
 .text.process_thread_scan_channel_process
                0x0300f460       0xd8 icomlib.a(ieee80211_mgmt.)
 .text.process_thread_beacon_process
                0x0300f538      0x25c icomlib.a(ieee80211_mgmt.)
 .text.addAvailableIndex
                0x0300f794       0x3c icomlib.a(ieee80211_mgmt.)
                0x0300f794                addAvailableIndex
 .text.reset_AvailableIndex
                0x0300f7d0       0x14 icomlib.a(ieee80211_mgmt.)
                0x0300f7d0                reset_AvailableIndex
 .text.is_action
                0x0300f7e4       0x14 icomlib.a(ieee80211_mgmt.)
                0x0300f7e4                is_action
 .text.htinfo_detect
                0x0300f7f8       0x74 icomlib.a(ieee80211_mgmt.)
                0x0300f7f8                htinfo_detect
 .text.tx_probe_req
                0x0300f86c      0x190 icomlib.a(ieee80211_mgmt.)
                0x0300f86c                tx_probe_req
 .text.tx_authentication_req_seq1
                0x0300f9fc      0x168 icomlib.a(ieee80211_mgmt.)
                0x0300f9fc                tx_authentication_req_seq1
 .text.tx_authentication_req_seq3
                0x0300fb64      0x128 icomlib.a(ieee80211_mgmt.)
                0x0300fb64                tx_authentication_req_seq3
 .text.tx_deauthentication_req
                0x0300fc8c       0xcc icomlib.a(ieee80211_mgmt.)
                0x0300fc8c                tx_deauthentication_req
 .text.tx_association_req
                0x0300fd58      0x218 icomlib.a(ieee80211_mgmt.)
                0x0300fd58                tx_association_req
 .text.tx_deassociation_req
                0x0300ff70      0x110 icomlib.a(ieee80211_mgmt.)
                0x0300ff70                tx_deassociation_req
 .text.tx_action_BA_rsp
                0x03010080       0xec icomlib.a(ieee80211_mgmt.)
                0x03010080                tx_action_BA_rsp
 .text.rx_probe_rsp
                0x0301016c      0x378 icomlib.a(ieee80211_mgmt.)
                0x0301016c                rx_probe_rsp
 .text.rx_authentication_rsp
                0x030104e4      0x1c0 icomlib.a(ieee80211_mgmt.)
                0x030104e4                rx_authentication_rsp
 .text.rx_association_rsp
                0x030106a4       0x78 icomlib.a(ieee80211_mgmt.)
                0x030106a4                rx_association_rsp
 .text.rx_action_rsp
                0x0301071c       0x24 icomlib.a(ieee80211_mgmt.)
                0x0301071c                rx_action_rsp
 .text.rx_disassoc_rsp
                0x03010740       0x94 icomlib.a(ieee80211_mgmt.)
                0x03010740                rx_disassoc_rsp
 .text.rx_deauth_rsp
                0x030107d4       0x94 icomlib.a(ieee80211_mgmt.)
                0x030107d4                rx_deauth_rsp
 .text.calculateSignalLevel
                0x03010868       0x44 icomlib.a(ieee80211_mgmt.)
                0x03010868                calculateSignalLevel
 .text.startrecordAP
                0x030108ac       0x14 icomlib.a(ieee80211_mgmt.)
                0x030108ac                startrecordAP
 .text.stoprecordAP
                0x030108c0       0x14 icomlib.a(ieee80211_mgmt.)
                0x030108c0                stoprecordAP
 .text.removeAP_fromlist
                0x030108d4       0xe0 icomlib.a(ieee80211_mgmt.)
                0x030108d4                removeAP_fromlist
 .text.bss_mgmt_reboot
                0x030109b4       0x60 icomlib.a(ieee80211_mgmt.)
                0x030109b4                bss_mgmt_reboot
 .text.bss_mgmt_scan
                0x03010a14       0x40 icomlib.a(ieee80211_mgmt.)
                0x03010a14                bss_mgmt_scan
 .text.bss_mgmt_scan_custom
                0x03010a54       0x34 icomlib.a(ieee80211_mgmt.)
                0x03010a54                bss_mgmt_scan_custom
 .text.bss_mgmt_connect
                0x03010a88       0x78 icomlib.a(ieee80211_mgmt.)
                0x03010a88                bss_mgmt_connect
 .text.bss_mgmt_disconnect
                0x03010b00       0x68 icomlib.a(ieee80211_mgmt.)
                0x03010b00                bss_mgmt_disconnect
 .text.bss_mgmt_init
                0x03010b68       0xd4 icomlib.a(ieee80211_mgmt.)
                0x03010b68                bss_mgmt_init
 .text.startscanchannel
                0x03010c3c       0x1c icomlib.a(ieee80211_mgmt.)
                0x03010c3c                startscanchannel
 .text.stopscanchannel
                0x03010c58       0x14 icomlib.a(ieee80211_mgmt.)
                0x03010c58                stopscanchannel
 .text.recordAP
                0x03010c6c       0xc0 icomlib.a(ieee80211_mgmt.)
                0x03010c6c                recordAP
 .text.removeAP
                0x03010d2c       0xdc icomlib.a(ieee80211_mgmt.)
                0x03010d2c                removeAP
 .text.process_thread_bss_reconnect_process
                0x03010e08      0x554 icomlib.a(ieee80211_mgmt.)
 .text.bss_nslookup
                0x0301135c       0x3c icomlib.a(ieee80211_mgmt.)
                0x0301135c                bss_nslookup
 .text          0x03011398        0x0 icomlib.a(irq.o)
 .text.irq_request
                0x03011398      0x1c0 icomlib.a(irq.o)
                0x03011398                irq_request
 .text.irq_init
                0x03011558       0xb0 icomlib.a(irq.o)
                0x03011558                irq_init
 .text          0x03011608        0x0 icomlib.a(netstack.o)
 .text.netstack_init
                0x03011608       0x38 icomlib.a(netstack.o)
                0x03011608                netstack_init
 .text          0x03011640        0x0 icomlib.a(sha1.o)
 .text          0x03011640        0x0 icomlib.a(wpa.o)
 .text.wpa_derive_ptk
                0x03011640       0xf4 icomlib.a(wpa.o)
 .text.init_wpa_ctx
                0x03011734       0x48 icomlib.a(wpa.o)
                0x03011734                init_wpa_ctx
 .text.init_AP_wpa_ctx
                0x0301177c       0xec icomlib.a(wpa.o)
                0x0301177c                init_AP_wpa_ctx
 .text.get_oui_subtype
                0x03011868       0x50 icomlib.a(wpa.o)
                0x03011868                get_oui_subtype
 .text.find_group_oui
                0x030118b8       0x20 icomlib.a(wpa.o)
                0x030118b8                find_group_oui
 .text.find_pairwise_oui_for_autoScan
                0x030118d8       0x80 icomlib.a(wpa.o)
                0x030118d8                find_pairwise_oui_for_autoScan
 .text.find_pairwise_oui
                0x03011958       0xf0 icomlib.a(wpa.o)
                0x03011958                find_pairwise_oui
 .text.find_akm_oui
                0x03011a48       0xe4 icomlib.a(wpa.o)
                0x03011a48                find_akm_oui
 .text.sec80211_detect
                0x03011b2c      0x14c icomlib.a(wpa.o)
                0x03011b2c                sec80211_detect
 .text.sec80211_detect_for_autoScan
                0x03011c78       0xe4 icomlib.a(wpa.o)
                0x03011c78                sec80211_detect_for_autoScan
 .text.pack_wpa2
                0x03011d5c       0x40 icomlib.a(wpa.o)
                0x03011d5c                pack_wpa2
 .text.cal_mic  0x03011d9c       0x68 icomlib.a(wpa.o)
                0x03011d9c                cal_mic
 .text.check_mic
                0x03011e04       0x74 icomlib.a(wpa.o)
                0x03011e04                check_mic
 .text.decrypt_keydata
                0x03011e78       0xb4 icomlib.a(wpa.o)
                0x03011e78                decrypt_keydata
 .text.install_key
                0x03011f2c       0x9c icomlib.a(wpa.o)
                0x03011f2c                install_key
 .text.InitPacketbuffer
                0x03011fc8       0x6c icomlib.a(wpa.o)
                0x03011fc8                InitPacketbuffer
 .text.tx_wpa_2_of_4
                0x03012034      0x110 icomlib.a(wpa.o)
                0x03012034                tx_wpa_2_of_4
 .text.rx_wpa_1_of_4
                0x03012144       0x5c icomlib.a(wpa.o)
                0x03012144                rx_wpa_1_of_4
 .text.tx_wpa_4_of_4
                0x030121a0      0x140 icomlib.a(wpa.o)
                0x030121a0                tx_wpa_4_of_4
 .text.rx_wpa_3_of_4
                0x030122e0      0x1ac icomlib.a(wpa.o)
                0x030122e0                rx_wpa_3_of_4
 .text.rx_wpa_1_of_2
                0x0301248c      0x1b8 icomlib.a(wpa.o)
                0x0301248c                rx_wpa_1_of_2
 .text.tx_wpa_1_of_4
                0x03012644       0xcc icomlib.a(wpa.o)
                0x03012644                tx_wpa_1_of_4
 .text.rx_wpa_2_of_4
                0x03012710      0x1d8 icomlib.a(wpa.o)
                0x03012710                rx_wpa_2_of_4
 .text.tx_wpa_3_of_4
                0x030128e8      0x1c8 icomlib.a(wpa.o)
                0x030128e8                tx_wpa_3_of_4
 .text          0x03012ab0        0x0 icomlib.a(sys_status_api.)
 .text.get_local_mac
                0x03012ab0       0x38 icomlib.a(sys_status_api.)
                0x03012ab0                get_local_mac
 .text.get_connectAP_mac
                0x03012ae8       0x38 icomlib.a(sys_status_api.)
                0x03012ae8                get_connectAP_mac
 .text.get_wifi_connect_status
                0x03012b20       0x10 icomlib.a(sys_status_api.)
                0x03012b20                get_wifi_connect_status
 .text.get_wifi_connected
                0x03012b30       0x10 icomlib.a(sys_status_api.)
                0x03012b30                get_wifi_connected
 .text.get_ap_lsit_total_num
                0x03012b40        0x4 icomlib.a(sys_status_api.)
                0x03012b40                get_ap_lsit_total_num
 .text.set_nslookup
                0x03012b44        0x4 icomlib.a(sys_status_api.)
                0x03012b44                set_nslookup
 .text.set_slink_ready_and_ack
                0x03012b48        0x4 icomlib.a(sys_status_api.)
                0x03012b48                set_slink_ready_and_ack
 .text          0x03012b4c        0x0 icomlib.a(arc4.o)
 .text          0x03012b4c        0x0 icomlib.a(md5.o)
 .text.Encode   0x03012b4c       0x48 icomlib.a(md5.o)
 .text.MD5Transform
                0x03012b94      0xa54 icomlib.a(md5.o)
 .text          0x030135e8        0x0 icomlib.a(wep.o)
 .text.crc32_le.constprop.0
                0x030135e8       0x50 icomlib.a(wep.o)
 .text.getAuthChallengeTextLen
                0x03013638       0x10 icomlib.a(wep.o)
                0x03013638                getAuthChallengeTextLen
 .text.getAuthAlgNum
                0x03013648       0x10 icomlib.a(wep.o)
                0x03013648                getAuthAlgNum
 .text.getAuthSeqNum
                0x03013658       0x10 icomlib.a(wep.o)
                0x03013658                getAuthSeqNum
 .text.getAuthStatus
                0x03013668       0x10 icomlib.a(wep.o)
                0x03013668                getAuthStatus
 .text.SetAuthChallengeText
                0x03013678       0x30 icomlib.a(wep.o)
                0x03013678                SetAuthChallengeText
 .text.SetAuthChallengeTextLen
                0x030136a8       0x18 icomlib.a(wep.o)
                0x030136a8                SetAuthChallengeTextLen
 .text.SetAuthAlgNum
                0x030136c0       0x10 icomlib.a(wep.o)
                0x030136c0                SetAuthAlgNum
 .text.setAuthSeqNum
                0x030136d0       0x10 icomlib.a(wep.o)
                0x030136d0                setAuthSeqNum
 .text.setAuthStatus
                0x030136e0       0x10 icomlib.a(wep.o)
                0x030136e0                setAuthStatus
 .text.setKeyAndIV
                0x030136f0       0x48 icomlib.a(wep.o)
                0x030136f0                setKeyAndIV
 .text.saveAftEncData
                0x03013738       0x84 icomlib.a(wep.o)
                0x03013738                saveAftEncData
 .text.setBefEncData
                0x030137bc       0x84 icomlib.a(wep.o)
                0x030137bc                setBefEncData
 .text.getEncDecData
                0x03013840       0xbc icomlib.a(wep.o)
                0x03013840                getEncDecData
 .text.encDecSrcData
                0x030138fc       0xa4 icomlib.a(wep.o)
                0x030138fc                encDecSrcData
 .text.initKeyAndIV
                0x030139a0       0x2c icomlib.a(wep.o)
                0x030139a0                initKeyAndIV
 .text.randIV   0x030139cc       0x3c icomlib.a(wep.o)
                0x030139cc                randIV
 .text.savePassToTotalKey
                0x03013a08      0x180 icomlib.a(wep.o)
                0x03013a08                savePassToTotalKey
 .text.initWEP  0x03013b88       0x80 icomlib.a(wep.o)
                0x03013b88                initWEP
 .text.clearParaWithWEP
                0x03013c08       0x24 icomlib.a(wep.o)
                0x03013c08                clearParaWithWEP
 .text          0x03013c2c        0x0 icomlib.a(autostart.o)
 .text.autostart_start
                0x03013c2c       0x24 icomlib.a(autostart.o)
                0x03013c2c                autostart_start
 .text.autostart_exit
                0x03013c50       0x20 icomlib.a(autostart.o)
                0x03013c50                autostart_exit
 .text          0x03013c70        0x0 icomlib.a(shell-ping.o)
 .text.process_thread_shell_ping_process
                0x03013c70      0x250 icomlib.a(shell-ping.o)
 .text.ping_start
                0x03013ec0       0x34 icomlib.a(shell-ping.o)
                0x03013ec0                ping_start
 .text          0x03013ef4        0x0 icomlib.a(random.o)
 .text.random_init
                0x03013ef4        0x4 icomlib.a(random.o)
                0x03013ef4                random_init
 .text.random_rand
                0x03013ef8       0x14 icomlib.a(random.o)
                0x03013ef8                random_rand
 .text          0x03013f0c        0x0 icomlib.a(airkiss.o)
 .text.airKissResult
                0x03013f0c       0xd4 icomlib.a(airkiss.o)
                0x03013f0c                airKissResult
 .text.airKissPrintVersion
                0x03013fe0       0x1c icomlib.a(airkiss.o)
                0x03013fe0                airKissPrintVersion
 .text.airKissInit
                0x03013ffc       0x20 icomlib.a(airkiss.o)
                0x03013ffc                airKissInit
 .text.SetAirkissStart
                0x0301401c       0x40 icomlib.a(airkiss.o)
                0x0301401c                SetAirkissStart
 .text.clearAirKissBuf
                0x0301405c       0x30 icomlib.a(airkiss.o)
                0x0301405c                clearAirKissBuf
 .text.resetAirkiss
                0x0301408c       0x24 icomlib.a(airkiss.o)
                0x0301408c                resetAirkiss
 .text.process_thread_airkiss_conf_process
                0x030140b0      0x12c icomlib.a(airkiss.o)
 .text.initAirKiss
                0x030141dc       0x50 icomlib.a(airkiss.o)
                0x030141dc                initAirKiss
 .text          0x0301422c        0x0 icomlib.a(bsp_info.o)
 .text.bsp_get_boot_info
                0x0301422c       0xbc icomlib.a(bsp_info.o)
                0x0301422c                bsp_get_boot_info
 .text.get_boot_stack_fence
                0x030142e8       0x3c icomlib.a(bsp_info.o)
                0x030142e8                get_boot_stack_fence
 .text.bsp_get_mp_info
                0x03014324      0x534 icomlib.a(bsp_info.o)
                0x03014324                bsp_get_mp_info
 .text.bsp_get_define_info
                0x03014858       0xc4 icomlib.a(bsp_info.o)
                0x03014858                bsp_get_define_info
 .text.bsp_get_config_info
                0x0301491c      0x374 icomlib.a(bsp_info.o)
                0x0301491c                bsp_get_config_info
 .text          0x03014c90        0x0 icomlib.a(cfs-coffee.o)
 .text.load_file
                0x03014c90       0xa8 icomlib.a(cfs-coffee.o)
 .text.read_header
                0x03014d38       0x18 icomlib.a(cfs-coffee.o)
 .text.file_end
                0x03014d50       0x94 icomlib.a(cfs-coffee.o)
 .text.write_header
                0x03014de4       0x24 icomlib.a(cfs-coffee.o)
 .text.next_file.isra.0
                0x03014e08       0x2c icomlib.a(cfs-coffee.o)
 .text.find_file
                0x03014e34       0xec icomlib.a(cfs-coffee.o)
 .text.find_contiguous_pages
                0x03014f20       0xe4 icomlib.a(cfs-coffee.o)
 .text.remove_by_page.isra.1
                0x03015004      0x118 icomlib.a(cfs-coffee.o)
 .text.reserve.constprop.3
                0x0301511c      0x354 icomlib.a(cfs-coffee.o)
 .text.cfs_open
                0x03015470       0xf0 icomlib.a(cfs-coffee.o)
                0x03015470                cfs_open
 .text.cfs_close
                0x03015560       0x44 icomlib.a(cfs-coffee.o)
                0x03015560                cfs_close
 .text.cfs_seek
                0x030155a4       0x94 icomlib.a(cfs-coffee.o)
                0x030155a4                cfs_seek
 .text.cfs_remove
                0x03015638       0x34 icomlib.a(cfs-coffee.o)
                0x03015638                cfs_remove
 .text.cfs_read
                0x0301566c       0x9c icomlib.a(cfs-coffee.o)
                0x0301566c                cfs_read
 .text.cfs_write
                0x03015708      0x298 icomlib.a(cfs-coffee.o)
                0x03015708                cfs_write
 .text.cfs_opendir
                0x030159a0       0x18 icomlib.a(cfs-coffee.o)
                0x030159a0                cfs_opendir
 .text.cfs_readdir
                0x030159b8       0xe4 icomlib.a(cfs-coffee.o)
                0x030159b8                cfs_readdir
 .text.cfs_closedir
                0x03015a9c        0x4 icomlib.a(cfs-coffee.o)
                0x03015a9c                cfs_closedir
 .text.cfs_coffee_reserve
                0x03015aa0       0x2c icomlib.a(cfs-coffee.o)
                0x03015aa0                cfs_coffee_reserve
 .text.cfs_coffee_configure_log
                0x03015acc       0x9c icomlib.a(cfs-coffee.o)
                0x03015acc                cfs_coffee_configure_log
 .text.get_cabrio_fs_table_marker
                0x03015b68       0x40 icomlib.a(cfs-coffee.o)
                0x03015b68                get_cabrio_fs_table_marker
 .text.cfs_dbg_flash_dump_data
                0x03015ba8        0x4 icomlib.a(cfs-coffee.o)
                0x03015ba8                cfs_dbg_flash_dump_data
 .text.set_cabrio_fs_table_marker
                0x03015bac       0x14 icomlib.a(cfs-coffee.o)
                0x03015bac                set_cabrio_fs_table_marker
 .text.cfs_coffee_format
                0x03015bc0       0x50 icomlib.a(cfs-coffee.o)
                0x03015bc0                cfs_coffee_format
 .text.cfs_coffee_get_protected_mem
                0x03015c10       0x14 icomlib.a(cfs-coffee.o)
                0x03015c10                cfs_coffee_get_protected_mem
 .text          0x03015c24        0x0 icomlib.a(console.o)
 .text.console_init
                0x03015c24       0x5c icomlib.a(console.o)
                0x03015c24                console_init
 .text          0x03015c80        0x0 icomlib.a(drv_gpio.o)
 .text.get_PAD_Addr
                0x03015c80       0x28 icomlib.a(drv_gpio.o)
                0x03015c80                get_PAD_Addr
 .text.drv_gpio_Output
                0x03015ca8      0x194 icomlib.a(drv_gpio.o)
                0x03015ca8                drv_gpio_Output
 .text.drv_gpio_Input
                0x03015e3c       0x88 icomlib.a(drv_gpio.o)
                0x03015e3c                drv_gpio_Input
 .text.drv_gpio_write
                0x03015ec4       0x40 icomlib.a(drv_gpio.o)
                0x03015ec4                drv_gpio_write
 .text.drv_gpio_read
                0x03015f04       0x34 icomlib.a(drv_gpio.o)
                0x03015f04                drv_gpio_read
 .text.drv_gpio_set_irq
                0x03015f38       0xfc icomlib.a(drv_gpio.o)
                0x03015f38                drv_gpio_set_irq
 .text.drv_gpio_func
                0x03016034      0x1e8 icomlib.a(drv_gpio.o)
                0x03016034                drv_gpio_func
 .text          0x0301621c        0x0 icomlib.a(drv_pmu.o)
 .text.drv_pmu_setwake_cnt
                0x0301621c       0x44 icomlib.a(drv_pmu.o)
                0x0301621c                drv_pmu_setwake_cnt
 .text.drv_pmu_tu0
                0x03016260       0x60 icomlib.a(drv_pmu.o)
                0x03016260                drv_pmu_tu0
 .text.drv_pmu_tm0
                0x030162c0       0x60 icomlib.a(drv_pmu.o)
                0x030162c0                drv_pmu_tm0
 .text.drv_pmu_sleep
                0x03016320      0x260 icomlib.a(drv_pmu.o)
                0x03016320                drv_pmu_sleep
 .text.drv_pmu_init
                0x03016580       0x40 icomlib.a(drv_pmu.o)
                0x03016580                drv_pmu_init
 .text.drv_pmu_chk
                0x030165c0       0x18 icomlib.a(drv_pmu.o)
                0x030165c0                drv_pmu_chk
 .text.drv_pmu_check_interupt_event
                0x030165d8       0x20 icomlib.a(drv_pmu.o)
                0x030165d8                drv_pmu_check_interupt_event
 .text          0x030165f8        0x0 icomlib.a(drv_wdog.o)
 .text.drv_wdog_reboot
                0x030165f8       0x48 icomlib.a(drv_wdog.o)
                0x030165f8                drv_wdog_reboot
 .text.drv_wdog_period_5000ms
                0x03016640       0x50 icomlib.a(drv_wdog.o)
                0x03016640                drv_wdog_period_5000ms
 .text.drv_wdog_period_10000ms
                0x03016690       0x50 icomlib.a(drv_wdog.o)
                0x03016690                drv_wdog_period_10000ms
 .text.drv_wdog_period_cutommed
                0x030166e0       0x48 icomlib.a(drv_wdog.o)
                0x030166e0                drv_wdog_period_cutommed
 .text.drv_wdog_stop
                0x03016728       0x40 icomlib.a(drv_wdog.o)
                0x03016728                drv_wdog_stop
 .text          0x03016768        0x0 icomlib.a(fence.o)
 .text.do_fence
                0x03016768       0x1c icomlib.a(fence.o)
                0x03016768                do_fence
 .text.fence_init
                0x03016784       0x28 icomlib.a(fence.o)
                0x03016784                fence_init
 .text          0x030167ac        0x0 icomlib.a(smartComm.o)
 .text.set_slink_ready_ack
                0x030167ac       0x10 icomlib.a(smartComm.o)
                0x030167ac                set_slink_ready_ack
 .text.enableSmartHwFilter
                0x030167bc      0x220 icomlib.a(smartComm.o)
                0x030167bc                enableSmartHwFilter
 .text.disableSmartHwFilter
                0x030169dc      0x248 icomlib.a(smartComm.o)
                0x030169dc                disableSmartHwFilter
 .text.setSmartCmdStatus
                0x03016c24       0x1c icomlib.a(smartComm.o)
                0x03016c24                setSmartCmdStatus
 .text.disableSendToPhone
                0x03016c40       0x14 icomlib.a(smartComm.o)
                0x03016c40                disableSendToPhone
 .text.getSendToPhoneStatus
                0x03016c54       0x10 icomlib.a(smartComm.o)
                0x03016c54                getSendToPhoneStatus
 .text.enableSendToPhoneData
                0x03016c64       0x14 icomlib.a(smartComm.o)
                0x03016c64                enableSendToPhoneData
 .text.disableSendToPhoneData
                0x03016c78       0x14 icomlib.a(smartComm.o)
                0x03016c78                disableSendToPhoneData
 .text.setSmartPhoneIP
                0x03016c8c       0x18 icomlib.a(smartComm.o)
                0x03016c8c                setSmartPhoneIP
 .text.getPhoneMac
                0x03016ca4       0x10 icomlib.a(smartComm.o)
                0x03016ca4                getPhoneMac
 .text.setPhoneMAC
                0x03016cb4       0x18 icomlib.a(smartComm.o)
                0x03016cb4                setPhoneMAC
 .text.setPhoneData
                0x03016ccc       0x20 icomlib.a(smartComm.o)
                0x03016ccc                setPhoneData
 .text.sendMessageToPhone
                0x03016cec      0x124 icomlib.a(smartComm.o)
                0x03016cec                sendMessageToPhone
 .text.process_thread_smart_conf_ack
                0x03016e10       0x64 icomlib.a(smartComm.o)
 .text.smartSetIfconfigAndConnect
                0x03016e74       0x38 icomlib.a(smartComm.o)
                0x03016e74                smartSetIfconfigAndConnect
 .text.checkAndSetAPMac
                0x03016eac      0x130 icomlib.a(smartComm.o)
                0x03016eac                checkAndSetAPMac
 .text          0x03016fdc        0x0 icomlib.a(smartConf.o)
 .text.clearSmartLinkBuf
                0x03016fdc       0x74 icomlib.a(smartConf.o)
                0x03016fdc                clearSmartLinkBuf
 .text.clearAllSmartLinkBuf
                0x03017050       0x48 icomlib.a(smartConf.o)
                0x03017050                clearAllSmartLinkBuf
 .text.resetSmartLink
                0x03017098       0x58 icomlib.a(smartConf.o)
                0x03017098                resetSmartLink
 .text.process_thread_smart_conf_process
                0x030170f0      0x17c icomlib.a(smartConf.o)
 .text.initSmartLink
                0x0301726c       0xe4 icomlib.a(smartConf.o)
                0x0301726c                initSmartLink
 .text          0x03017350        0x0 icomlib.a(userSmart.o)
 .text.SET_FILTER_TABLE0
                0x03017350       0x68 icomlib.a(userSmart.o)
                0x03017350                SET_FILTER_TABLE0
 .text.SET_FILTER_TABLE1
                0x030173b8       0x88 icomlib.a(userSmart.o)
                0x030173b8                SET_FILTER_TABLE1
 .text.SET_FILTER_TABLE2
                0x03017440       0xa0 icomlib.a(userSmart.o)
                0x03017440                SET_FILTER_TABLE2
 .text.SET_FILTER_TABLE3
                0x030174e0       0xc4 icomlib.a(userSmart.o)
                0x030174e0                SET_FILTER_TABLE3
 .text.rejectAllFrame
                0x030175a4      0x20c icomlib.a(userSmart.o)
                0x030175a4                rejectAllFrame
 .text.AutoScanAP
                0x030177b0        0x4 icomlib.a(userSmart.o)
                0x030177b0                AutoScanAP
 .text.userSmartSetChannel
                0x030177b4       0x38 icomlib.a(userSmart.o)
                0x030177b4                userSmartSetChannel
 .text.SetUserReceFilter
                0x030177ec       0x48 icomlib.a(userSmart.o)
                0x030177ec                SetUserReceFilter
 .text.EnableUserReceFilter
                0x03017834       0xa4 icomlib.a(userSmart.o)
                0x03017834                EnableUserReceFilter
 .text.DisableUserReceFilter
                0x030178d8       0x3c icomlib.a(userSmart.o)
                0x030178d8                DisableUserReceFilter
 .text.SetCallBackFunction
                0x03017914       0x10 icomlib.a(userSmart.o)
                0x03017914                SetCallBackFunction
 .text.EnableCallBackFrame
                0x03017924       0x38 icomlib.a(userSmart.o)
                0x03017924                EnableCallBackFrame
 .text.DisableCallBackFrame
                0x0301795c       0x18 icomlib.a(userSmart.o)
                0x0301795c                DisableCallBackFrame
 .text.EnableUserSmartMode
                0x03017974       0xa8 icomlib.a(userSmart.o)
                0x03017974                EnableUserSmartMode
 .text.DisableUserSmartMode
                0x03017a1c      0x11c icomlib.a(userSmart.o)
                0x03017a1c                DisableUserSmartMode
 .text          0x03017b38        0x0 icomlib.a(ieee80211_mac.o)
 .text.off      0x03017b38       0x18 icomlib.a(ieee80211_mac.o)
 .text.channel_check_interval
                0x03017b50        0x8 icomlib.a(ieee80211_mac.o)
 .text.init     0x03017b58       0x14 icomlib.a(ieee80211_mac.o)
 .text.on       0x03017b6c       0x1c icomlib.a(ieee80211_mac.o)
 .text.dump_data
                0x03017b88       0x64 icomlib.a(ieee80211_mac.o)
                0x03017b88                dump_data
 .text.data_decryt
                0x03017bec       0x80 icomlib.a(ieee80211_mac.o)
                0x03017bec                data_decryt
 .text          0x03017c6c        0x0 icomlib.a(drv_fence.o)
 .text.hwfence_init
                0x03017c6c       0x1c icomlib.a(drv_fence.o)
                0x03017c6c                hwfence_init
 .text.hwfence_start
                0x03017c88       0x14 icomlib.a(drv_fence.o)
                0x03017c88                hwfence_start
 .text          0x03017c9c        0x0 icomlib.a(drv_mbox.o)
 .text.drv_mailbox_cpu_pri_ff
                0x03017c9c       0x30 icomlib.a(drv_mbox.o)
                0x03017c9c                drv_mailbox_cpu_pri_ff
 .text          0x03017ccc        0x0 icomlib.a(EAPOL.o)
 .text.rx_process_wpa
                0x03017ccc      0x190 icomlib.a(EAPOL.o)
                0x03017ccc                rx_process_wpa
 .text.rx_process_eapol
                0x03017e5c       0x58 icomlib.a(EAPOL.o)
                0x03017e5c                rx_process_eapol
 .text.tx_eapol_start_req
                0x03017eb4        0x4 icomlib.a(EAPOL.o)
                0x03017eb4                tx_eapol_start_req
 .text          0x03017eb8        0x0 icomapps.a(atcmd.o)
 .text.process_thread_poll_tx_process
                0x03017eb8       0xa0 icomapps.a(atcmd.o)
 .text.process_thread_nslookup_process
                0x03017f58       0xb4 icomapps.a(atcmd.o)
 .text.allocate_buffer_in
                0x0301800c       0x40 icomapps.a(atcmd.o)
                0x0301800c                allocate_buffer_in
 .text.process_thread_tcp_connect_process
                0x0301804c      0x260 icomapps.a(atcmd.o)
 .text.release_buffer_in
                0x030182ac       0x30 icomapps.a(atcmd.o)
                0x030182ac                release_buffer_in
 .text.allocate_buffer_out
                0x030182dc       0x40 icomapps.a(atcmd.o)
                0x030182dc                allocate_buffer_out
 .text.process_thread_http_request_process
                0x0301831c      0x338 icomapps.a(atcmd.o)
 .text.release_buffer_out
                0x03018654       0x30 icomapps.a(atcmd.o)
                0x03018654                release_buffer_out
 .text.parseBuff2Param
                0x03018684       0x94 icomapps.a(atcmd.o)
                0x03018684                parseBuff2Param
 .text.At_EnableSmartReboot
                0x03018718       0xa0 icomapps.a(atcmd.o)
                0x03018718                At_EnableSmartReboot
 .text.At_EnableSmartMode
                0x030187b8       0x8c icomapps.a(atcmd.o)
                0x030187b8                At_EnableSmartMode
 .text.showDataRate
                0x03018844       0x1c icomapps.a(atcmd.o)
                0x03018844                showDataRate
 .text.securityString
                0x03018860       0x1c icomapps.a(atcmd.o)
                0x03018860                securityString
 .text.securitySubString
                0x0301887c       0x1c icomapps.a(atcmd.o)
                0x0301887c                securitySubString
 .text.At_Reboot
                0x03018898       0x1c icomapps.a(atcmd.o)
                0x03018898                At_Reboot
 .text.At_WatchDOG_Start
                0x030188b4       0x30 icomapps.a(atcmd.o)
                0x030188b4                At_WatchDOG_Start
 .text.At_WatchDOG_Stop
                0x030188e4       0x30 icomapps.a(atcmd.o)
                0x030188e4                At_WatchDOG_Stop
 .text.At_ProcessQueKill
                0x03018914       0x60 icomapps.a(atcmd.o)
                0x03018914                At_ProcessQueKill
 .text.At_ProcessKill
                0x03018974       0x60 icomapps.a(atcmd.o)
                0x03018974                At_ProcessKill
 .text.At_ProcessAllQueDump
                0x030189d4       0x34 icomapps.a(atcmd.o)
                0x030189d4                At_ProcessAllQueDump
 .text.At_ProcessAllDump
                0x03018a08       0x34 icomapps.a(atcmd.o)
                0x03018a08                At_ProcessAllDump
 .text.At_ShowNtpTime
                0x03018a3c       0x20 icomapps.a(atcmd.o)
                0x03018a3c                At_ShowNtpTime
 .text.At_ShowAllAP
                0x03018a5c       0xd8 icomapps.a(atcmd.o)
                0x03018a5c                At_ShowAllAP
 .text.At_ShowConnectAP
                0x03018b34      0x140 icomapps.a(atcmd.o)
                0x03018b34                At_ShowConnectAP
 .text.At_SetGpio
                0x03018c74       0xdc icomapps.a(atcmd.o)
                0x03018c74                At_SetGpio
 .text.At_WriteGpio
                0x03018d50       0xbc icomapps.a(atcmd.o)
                0x03018d50                At_WriteGpio
 .text.At_ReadGpio
                0x03018e0c       0x9c icomapps.a(atcmd.o)
                0x03018e0c                At_ReadGpio
 .text.At_ParserRecv
                0x03018ea8       0x4c icomapps.a(atcmd.o)
                0x03018ea8                At_ParserRecv
 .text.At_PowerOn
                0x03018ef4       0x38 icomapps.a(atcmd.o)
                0x03018ef4                At_PowerOn
 .text.At_RX    0x03018f2c       0x38 icomapps.a(atcmd.o)
                0x03018f2c                At_RX
 .text.At_TX    0x03018f64       0x4c icomapps.a(atcmd.o)
                0x03018f64                At_TX
 .text.At_PowerSaving
                0x03018fb0       0xdc icomapps.a(atcmd.o)
                0x03018fb0                At_PowerSaving
 .text.At_TCPChange_Timeout
                0x0301908c       0x98 icomapps.a(atcmd.o)
                0x0301908c                At_TCPChange_Timeout
 .text.At_TCPConnect
                0x03019124      0x150 icomapps.a(atcmd.o)
                0x03019124                At_TCPConnect
 .text.At_TCPSend
                0x03019274      0x108 icomapps.a(atcmd.o)
                0x03019274                At_TCPSend
 .text.At_TCPDisconnect
                0x0301937c       0x48 icomapps.a(atcmd.o)
                0x0301937c                At_TCPDisconnect
 .text.At_TCPListen
                0x030193c4       0xd0 icomapps.a(atcmd.o)
                0x030193c4                At_TCPListen
 .text.At_TCPUnlisten
                0x03019494       0xb4 icomapps.a(atcmd.o)
                0x03019494                At_TCPUnlisten
 .text.At_UDPCreate
                0x03019548       0xd4 icomapps.a(atcmd.o)
                0x03019548                At_UDPCreate
 .text.At_UDPSend
                0x0301961c      0x124 icomapps.a(atcmd.o)
                0x0301961c                At_UDPSend
 .text.At_UDPClose
                0x03019740       0x6c icomapps.a(atcmd.o)
                0x03019740                At_UDPClose
 .text.At_HTTPTest
                0x030197ac      0x184 icomapps.a(atcmd.o)
                0x030197ac                At_HTTPTest
 .text.At_HTTPTestStop
                0x03019930       0x14 icomapps.a(atcmd.o)
                0x03019930                At_HTTPTestStop
 .text.At_NSLookup
                0x03019944       0x58 icomapps.a(atcmd.o)
                0x03019944                At_NSLookup
 .text.At_SET_AP_SSID
                0x0301999c       0x58 icomapps.a(atcmd.o)
                0x0301999c                At_SET_AP_SSID
 .text.At_SET_AUTO_CONNECT
                0x030199f4       0x78 icomapps.a(atcmd.o)
                0x030199f4                At_SET_AUTO_CONNECT
 .text.At_SAVE_CONFIG
                0x03019a6c       0x34 icomapps.a(atcmd.o)
                0x03019a6c                At_SAVE_CONFIG
 .text.At_Clean_Lists
                0x03019aa0       0x18 icomapps.a(atcmd.o)
                0x03019aa0                At_Clean_Lists
 .text.At_AP    0x03019ab8       0x1c icomapps.a(atcmd.o)
                0x03019ab8                At_AP
 .text.At_SET_APCONFIG
                0x03019ad4       0xac icomapps.a(atcmd.o)
                0x03019ad4                At_SET_APCONFIG
 .text.At_AP_EXIT
                0x03019b80       0x1c icomapps.a(atcmd.o)
                0x03019b80                At_AP_EXIT
 .text.At_TestFlashErase
                0x03019b9c       0xc8 icomapps.a(atcmd.o)
                0x03019b9c                At_TestFlashErase
 .text.At_TestFlashWrite
                0x03019c64       0xb8 icomapps.a(atcmd.o)
                0x03019c64                At_TestFlashWrite
 .text.At_BenchFlashRead
                0x03019d1c      0x10c icomapps.a(atcmd.o)
                0x03019d1c                At_BenchFlashRead
 .text.At_BenchFlashWrite
                0x03019e28      0x114 icomapps.a(atcmd.o)
                0x03019e28                At_BenchFlashWrite
 .text.At_TestFlashRead
                0x03019f3c       0xa4 icomapps.a(atcmd.o)
                0x03019f3c                At_TestFlashRead
 .text.At_ParserInd
                0x03019fe0       0xc0 icomapps.a(atcmd.o)
                0x03019fe0                At_ParserInd
 .text.At_Parser
                0x0301a0a0      0xc58 icomapps.a(atcmd.o)
                0x0301a0a0                At_Parser
 .text          0x0301acf8        0x0 icomapps.a(socket_app.o)
 .text.process_thread_discover_process
                0x0301acf8      0x130 icomapps.a(socket_app.o)
 .text.otaProcessDisable
                0x0301ae28       0x14 icomapps.a(socket_app.o)
                0x0301ae28                otaProcessDisable
 .text.setRemoteMAC
                0x0301ae3c       0x48 icomapps.a(socket_app.o)
                0x0301ae3c                setRemoteMAC
 .text.setRrmoteIpAddress
                0x0301ae84       0x1c icomapps.a(socket_app.o)
                0x0301ae84                setRrmoteIpAddress
 .text.getCmdNum
                0x0301aea0       0x88 icomapps.a(socket_app.o)
                0x0301aea0                getCmdNum
 .text.smartTcpSend
                0x0301af28       0x50 icomapps.a(socket_app.o)
                0x0301af28                smartTcpSend
 .text.smartTcpConnect
                0x0301af78       0x74 icomapps.a(socket_app.o)
                0x0301af78                smartTcpConnect
 .text.smartTcpDisConnect
                0x0301afec       0x38 icomapps.a(socket_app.o)
                0x0301afec                smartTcpDisConnect
 .text.process_thread_tcp_client_smartProcess
                0x0301b024      0x1ac icomapps.a(socket_app.o)
 .text.process_thread_tcp_smartlink_process
                0x0301b1d0      0x1e4 icomapps.a(socket_app.o)
 .text.appUdpCreate
                0x0301b3b4       0x48 icomapps.a(socket_app.o)
                0x0301b3b4                appUdpCreate
 .text.appUdpSend
                0x0301b3fc       0x40 icomapps.a(socket_app.o)
                0x0301b3fc                appUdpSend
 .text.appUdpClose
                0x0301b43c       0x2c icomapps.a(socket_app.o)
                0x0301b43c                appUdpClose
 .text.checkCmdAndSendData
                0x0301b468      0x1f8 icomapps.a(socket_app.o)
                0x0301b468                checkCmdAndSendData
 .text.process_thread_udp_server_discoverProcess
                0x0301b660      0x170 icomapps.a(socket_app.o)
 .text          0x0301b7d0        0x0 icomapps.a(soft_ap_init.o)
 .text.softap_combine_ssid_mac
                0x0301b7d0       0x5c icomapps.a(soft_ap_init.o)
                0x0301b7d0                softap_combine_ssid_mac
 .text.softap_dump_dhcp_setting
                0x0301b82c       0x88 icomapps.a(soft_ap_init.o)
                0x0301b82c                softap_dump_dhcp_setting
 .text.softap_dhcp_init
                0x0301b8b4      0x130 icomapps.a(soft_ap_init.o)
                0x0301b8b4                softap_dhcp_init
 .text.softap_init_ex
                0x0301b9e4       0xe8 icomapps.a(soft_ap_init.o)
                0x0301b9e4                softap_init_ex
 .text.softap_init
                0x0301bacc       0x10 icomapps.a(soft_ap_init.o)
                0x0301bacc                softap_init
 .text          0x0301badc        0x0 icomapps.a(tcp_server_demo)
 .text.process_thread_tcpServerDemo_process
                0x0301badc      0x1ec icomapps.a(tcp_server_demo)
 .text.SetPWM   0x0301bcc8       0x38 icomapps.a(tcp_server_demo)
                0x0301bcc8                SetPWM
 .text.EnableLED
                0x0301bd00       0x44 icomapps.a(tcp_server_demo)
                0x0301bd00                EnableLED
 .text.DisableLED
                0x0301bd44       0x40 icomapps.a(tcp_server_demo)
                0x0301bd44                DisableLED
 .text.process_thread_led_blink_process
                0x0301bd84       0xd4 icomapps.a(tcp_server_demo)
 .text.appTcpSend
                0x0301be58       0x50 icomapps.a(tcp_server_demo)
                0x0301be58                appTcpSend
 .text.TCPDataParser
                0x0301bea8      0x104 icomapps.a(tcp_server_demo)
                0x0301bea8                TCPDataParser
 .text.process_thread_tcp_server_demoProcess
                0x0301bfac      0x188 icomapps.a(tcp_server_demo)
 .text          0x0301c134        0x0 icomapps.a(wifi_uart_demo.)
 .text.process_thread_wifiUartDemo_process
                0x0301c134      0x13c icomapps.a(wifi_uart_demo.)
 .text.process_thread_tcp_server_wifiUartProcess
                0x0301c270      0x1c4 icomapps.a(wifi_uart_demo.)
 .text.sampleAppTCPSend
                0x0301c434       0x84 icomapps.a(wifi_uart_demo.)
                0x0301c434                sampleAppTCPSend
 .text.sampleDataUartRead
                0x0301c4b8       0x8c icomapps.a(wifi_uart_demo.)
                0x0301c4b8                sampleDataUartRead
 .text          0x0301c544        0x0 icomapps.a(ota_api.o)
 .text.process_thread_auto_reboot_process
                0x0301c544       0xd8 icomapps.a(ota_api.o)
 .text.cal_ota_checksum
                0x0301c61c       0x5c icomapps.a(ota_api.o)
                0x0301c61c                cal_ota_checksum
 .text.downloadFinish
                0x0301c678      0x1c8 icomapps.a(ota_api.o)
                0x0301c678                downloadFinish
 .text.filesave_from_phone
                0x0301c840      0x174 icomapps.a(ota_api.o)
                0x0301c840                filesave_from_phone
 .text.OtaTcpConnect
                0x0301c9b4       0x54 icomapps.a(ota_api.o)
                0x0301c9b4                OtaTcpConnect
 .text.process_thread_tcp_client_otaProcess
                0x0301ca08      0x2cc icomapps.a(ota_api.o)
 .text.OtaTcpDisConnect
                0x0301ccd4       0x3c icomapps.a(ota_api.o)
                0x0301ccd4                OtaTcpDisConnect
 .text.setOtaRrmoteIp
                0x0301cd10       0x24 icomapps.a(ota_api.o)
                0x0301cd10                setOtaRrmoteIp
 .text.clearOtaParameters
                0x0301cd34       0x38 icomapps.a(ota_api.o)
                0x0301cd34                clearOtaParameters
 .text.process_thread_ota_updateProcess
                0x0301cd6c      0x20c icomapps.a(ota_api.o)
 .text          0x0301cf78        0x0 icomlib.a(pwm_api.o)
 .text.enableHwPWM
                0x0301cf78       0x30 icomlib.a(pwm_api.o)
                0x0301cf78                enableHwPWM
 .text.disableHwPWM
                0x0301cfa8       0x10 icomlib.a(pwm_api.o)
                0x0301cfa8                disableHwPWM
 .text          0x0301cfb8        0x0 icomlib.a(serial_api.o)
 .text.SerialInit
                0x0301cfb8       0x48 icomlib.a(serial_api.o)
                0x0301cfb8                SerialInit
 .text.SerialConfig
                0x0301d000        0xc icomlib.a(serial_api.o)
                0x0301d000                SerialConfig
 .text.SerialDeinit
                0x0301d00c       0x38 icomlib.a(serial_api.o)
                0x0301d00c                SerialDeinit
 .text          0x0301d044        0x0 icomlib.a(drv_pwm.o)
 .text.drv_pwm_setduty
                0x0301d044       0x7c icomlib.a(drv_pwm.o)
                0x0301d044                drv_pwm_setduty
 .text.drv_pwm_init
                0x0301d0c0       0x4c icomlib.a(drv_pwm.o)
                0x0301d0c0                drv_pwm_init
 .text.drv_pwm_enable
                0x0301d10c       0x14 icomlib.a(drv_pwm.o)
                0x0301d10c                drv_pwm_enable
 .text.drv_pwm_deinit
                0x0301d120       0x38 icomlib.a(drv_pwm.o)
                0x0301d120                drv_pwm_deinit
 .text.drv_pwm_disable
                0x0301d158       0x14 icomlib.a(drv_pwm.o)
                0x0301d158                drv_pwm_disable
 .text          0x0301d16c        0x0 contikilib.a(dhcp_process.o)
 .text.process_thread_dhcp_process
                0x0301d16c      0x194 contikilib.a(dhcp_process.o)
 .text.replyAck
                0x0301d300       0x10 contikilib.a(dhcp_process.o)
                0x0301d300                replyAck
 .text.set_node_ip
                0x0301d310       0x90 contikilib.a(dhcp_process.o)
                0x0301d310                set_node_ip
 .text.ip_configure
                0x0301d3a0       0x10 contikilib.a(dhcp_process.o)
                0x0301d3a0                ip_configure
 .text.dhcp_configure
                0x0301d3b0       0xb0 contikilib.a(dhcp_process.o)
                0x0301d3b0                dhcp_configure
 .text          0x0301d460        0x0 contikilib.a(dhcps.o)
 .text.unlikely.find_option
                0x0301d460       0x60 contikilib.a(dhcps.o)
 .text.create_msg
                0x0301d4c0       0x8c contikilib.a(dhcps.o)
 .text.add_lease_time
                0x0301d54c       0x68 contikilib.a(dhcps.o)
 .text.add_config
                0x0301d5b4       0xa8 contikilib.a(dhcps.o)
 .text.unlikely.lookup_lease_ip
                0x0301d65c      0x170 contikilib.a(dhcps.o)
 .text.get_leased_mac
                0x0301d7cc      0x248 contikilib.a(dhcps.o)
 .text.send_nack
                0x0301da14       0x98 contikilib.a(dhcps.o)
 .text.dhcp_dump_info
                0x0301daac       0xc4 contikilib.a(dhcps.o)
                0x0301daac                dhcp_dump_info
 .text.init_lease
                0x0301db70       0x20 contikilib.a(dhcps.o)
                0x0301db70                init_lease
 .text.process_thread_dhcp_server_process
                0x0301db90      0x968 contikilib.a(dhcps.o)
 .text.release_address_by_mac
                0x0301e4f8       0xc8 contikilib.a(dhcps.o)
                0x0301e4f8                release_address_by_mac
 .text.dhcps_init
                0x0301e5c0       0x7c contikilib.a(dhcps.o)
                0x0301e5c0                dhcps_init
 .text.dhcps_exit
                0x0301e63c        0xc contikilib.a(dhcps.o)
                0x0301e63c                dhcps_exit
 .text          0x0301e648        0x0 contikilib.a(resolv.o)
 .text.skip_name
                0x0301e648       0x2c contikilib.a(resolv.o)
 .text.resolv_found.isra.0
                0x0301e674       0x18 contikilib.a(resolv.o)
 .text.process_thread_resolv_process
                0x0301e68c      0x548 contikilib.a(resolv.o)
 .text.resolv_query
                0x0301ebd4      0x150 contikilib.a(resolv.o)
                0x0301ebd4                resolv_query
 .text.resolv_lookup
                0x0301ed24       0xdc contikilib.a(resolv.o)
                0x0301ed24                resolv_lookup
 .text.resolv_getserver
                0x0301ee00        0xc contikilib.a(resolv.o)
                0x0301ee00                resolv_getserver
 .text.resolv_conf
                0x0301ee0c       0x1c contikilib.a(resolv.o)
                0x0301ee0c                resolv_conf
 .text          0x0301ee28        0x0 contikilib.a(simple-udp.o)
 .text.process_thread_simple_udp_process
                0x0301ee28      0x14c contikilib.a(simple-udp.o)
 .text.simple_udp_send
                0x0301ef74       0x48 contikilib.a(simple-udp.o)
                0x0301ef74                simple_udp_send
 .text.simple_udp_sendto
                0x0301efbc       0x44 contikilib.a(simple-udp.o)
                0x0301efbc                simple_udp_sendto
 .text.simple_udp_sendto_port
                0x0301f000       0x40 contikilib.a(simple-udp.o)
                0x0301f000                simple_udp_sendto_port
 .text.simple_udp_register
                0x0301f040       0xcc contikilib.a(simple-udp.o)
                0x0301f040                simple_udp_register
 .text          0x0301f10c        0x0 contikilib.a(uip_arp.o)
 .text.send_arp_request
                0x0301f10c       0xf0 contikilib.a(uip_arp.o)
 .text.process_thread_get_gatewaymac_process
                0x0301f1fc       0xcc contikilib.a(uip_arp.o)
 .text.uip_arp_print
                0x0301f2c8       0x80 contikilib.a(uip_arp.o)
                0x0301f2c8                uip_arp_print
 .text.uip_arp_delete
                0x0301f348       0xac contikilib.a(uip_arp.o)
                0x0301f348                uip_arp_delete
 .text.uip_arp_init
                0x0301f3f4       0x84 contikilib.a(uip_arp.o)
                0x0301f3f4                uip_arp_init
 .text.uip_arp_timer
                0x0301f478       0x84 contikilib.a(uip_arp.o)