Archive member included because of file (symbol)

icomlib.a(etimer.o)           ssv6060-main.o (etimer_set)
icomlib.a(printf.o)           ssv6060-main.o (printf)
icomlib.a(process.o)          icomlib.a(etimer.o) (process_post)
icomlib.a(strformat.o)        icomlib.a(printf.o) (format_str_v)
icomlib.a(timer.o)            icomlib.a(etimer.o) (timer_set)
icomlib.a(atcmd_icomm.o)      ssv6060-main.o (At_Disconnect)
icomlib.a(boot-hiflying.o)    /tmp/ccZRoHFg.o (boot_main)
icomlib.a(clock.o)            icomlib.a(etimer.o) (clock_time)
icomlib.a(contiki-main.o)     icomlib.a(boot-hiflying.o) (main)
icomlib.a(debug-uart.o)       icomlib.a(printf.o) (dbg_send_bytes)
icomlib.a(gpio_api.o)         ssv6060-main.o (pinMode)
icomlib.a(drv_timer.o)        icomlib.a(clock.o) (hwtmr_start)
icomlib.a(drv_uart.o)         icomlib.a(debug-uart.o) (drv_uart_tx)
icomlib.a(hw_init.o)          icomlib.a(drv_uart.o) (ssv_delay)
icomlib.a(hw_regs_api.o)      icomlib.a(hw_init.o) (hw_reg_write)
icomlib.a(ssv_lib.o)          icomlib.a(printf.o) (strlen)
icomlib.a(ssv_lib_slow.o)     icomlib.a(atcmd_icomm.o) (dbg_dump_binary)
icomlib.a(swpwm.o)            icomlib.a(clock.o) (initSwPWM)
icomlib.a(systemconf.o)       icomlib.a(atcmd_icomm.o) (gwifistatus)
icomlib.a(wdog_api.o)         ssv6060-main.o (api_wdog_reboot)
icomlib.a(xmem.o)             icomlib.a(contiki-main.o) (cabrio_flash_init)
icomlib.a(bsp.o)              icomlib.a(hw_init.o) (set_mrx_filter_sta)
icomlib.a(crypthw.o)          icomlib.a(hw_init.o) (g_soc_table)
icomlib.a(dbg-atcmd-api.o)    icomlib.a(hw_init.o) (UpdateConf)
icomlib.a(drv_mac.o)          icomlib.a(dbg-atcmd-api.o) (SET_STA_MAC)
icomlib.a(drv_phy.o)          icomlib.a(hw_init.o) (drv_phy_init)
icomlib.a(drv_pktbuf.o)       icomlib.a(dbg-atcmd-api.o) (setpacketbuf_len)
icomlib.a(drv_pktbuf_slow)    icomlib.a(atcmd_icomm.o) (ssv6xxx_pbuf_dump_reg)
icomlib.a(hash_alg.o)         icomlib.a(atcmd_icomm.o) (pbkdf2_sha1)
icomlib.a(hmac_md5.o)         icomlib.a(hash_alg.o) (hmac_md5_init)
icomlib.a(hmac_sha1.o)        icomlib.a(hash_alg.o) (hmac_sha1_init)
icomlib.a(ieee80211_mgmt.)    icomlib.a(atcmd_icomm.o) (getAvailableIndex)
icomlib.a(ieee80211_rdc.o)    icomlib.a(dbg-atcmd-api.o) (ieee80211_rdc)
icomlib.a(irq.o)              icomlib.a(wdog_api.o) (irq_mask_disable)
icomlib.a(netstack.o)         icomlib.a(contiki-main.o) (netstack_init)
icomlib.a(powersave.o)        icomlib.a(ieee80211_mgmt.) (is_waketime_alive)
icomlib.a(rate_control.o)     icomlib.a(ieee80211_mgmt.) (init_ratecontrol)
icomlib.a(sha1.o)             icomlib.a(hmac_sha1.o) (sha1hw_init)
icomlib.a(soft_ap.o)          icomlib.a(bsp.o) (softap_get_sta_connected)
icomlib.a(ssv6200_rx.o)       icomlib.a(powersave.o) (is_tx_active)
icomlib.a(ssvradio.o)         icomlib.a(ssv6200_rx.o) (ssv6200_radio_retrans)
icomlib.a(wpa.o)              icomlib.a(ieee80211_mgmt.) (init_wpa_ctx)
icomlib.a(sys_status_api.)    icomlib.a(atcmd_icomm.o) (get_local_mac)
icomlib.a(AES_decrypt.o)      icomlib.a(wpa.o) (aes_wrap)
icomlib.a(arc4.o)             icomlib.a(wpa.o) (arc4_skip)
icomlib.a(md5.o)              icomlib.a(hmac_md5.o) (MD5Init)
icomlib.a(wep.o)              icomlib.a(ieee80211_mgmt.) (getAuthChallengeTextLen)
icomlib.a(autostart.o)        icomlib.a(contiki-main.o) (autostart_start)
icomlib.a(shell-ping.o)       icomlib.a(atcmd_icomm.o) (ping_start)
icomlib.a(random.o)           icomlib.a(clock.o) (random_init)
icomlib.a(airkiss.o)          icomlib.a(ieee80211_mgmt.) (clearAirKissBuf)
icomlib.a(bsp_info.o)         icomlib.a(contiki-main.o) (bsp_get_boot_info)
icomlib.a(cfs-coffee.o)       icomlib.a(systemconf.o) (cfs_open)
icomlib.a(console.o)          icomlib.a(contiki-main.o) (console_init)
icomlib.a(drv_flash.o)        icomlib.a(systemconf.o) (drv_flash_get_cache_addr)
icomlib.a(drv_gpio.o)         icomlib.a(swpwm.o) (get_PAD_Addr)
icomlib.a(drv_pmu.o)          icomlib.a(powersave.o) (drv_pmu_powersave_mode)
icomlib.a(drv_wdog.o)         icomlib.a(wdog_api.o) (drv_wdog_reboot)
icomlib.a(fence.o)            icomlib.a(bsp.o) (fence_init)
icomlib.a(flash_api.o)        icomlib.a(systemconf.o) (spi_flash_sector_erase)
icomlib.a(smartComm.o)        icomlib.a(sys_status_api.) (set_slink_ready_ack)
icomlib.a(smartConf.o)        icomlib.a(ieee80211_mgmt.) (clearSmartLinkBuf)
icomlib.a(userSmart.o)        icomlib.a(ssv6200_rx.o) (rx_process_userSmart)
icomlib.a(ieee80211_mac.o)    icomlib.a(ieee80211_mgmt.) (rx_skb)
icomlib.a(ieee80211_net.o)    icomlib.a(netstack.o) (ieee80211_net)
icomlib.a(ssv6200_tx.o)       icomlib.a(ssvradio.o) (ssv6200_transmit)
icomlib.a(drv_fence.o)        icomlib.a(fence.o) (hwfence_init)
icomlib.a(drv_mbox.o)         icomlib.a(ssv6200_tx.o) (drv_mailbox_cpu_ff)
icomlib.a(EAPOL.o)            icomlib.a(ieee80211_net.o) (rx_process_eapol)
icomapps.a(atcmd.o)           icomlib.a(atcmd_icomm.o) (At_ParserInd)
icomapps.a(socket_app.o)      icomlib.a(smartComm.o) (setRemoteMAC)
[...]
Memory Configuration

Name             Origin             Length             Attributes
flash            0x03000000         0x00080000         xr
ram              0x02000000         0x00030000         xrw
*default*        0x00000000         0xffffffff

Linker script and memory map

                0x00080000                _flash_size_ = 0x80000
                0x00030000                _ram_size_ = 0x30000
                0x0202fffc                __stack_end__ = ((ORIGIN (ram) + 0x30000) - 0x4)
                0x00004000                _boot_size = 0x4000
                0x03000000                . = ORIGIN (flash)
                0x03000000                _sitxt0 = .

startup         0x03000000      0x1e0
 *(.startup1)
 .startup1      0x03000000       0x50 /tmp/ccZRoHFg.o
 *(.startup2)
 .startup2      0x03000050      0x184 /tmp/ccZRoHFg.o
                0x03000194                endless_loop
                0x030001e0                . = ALIGN (0x10)
 *fill*         0x030001d4        0xc 
                0x02029000                _vma_boot_text_beg = ((ORIGIN (ram) + 0x30000) - 0x7000)
                0x030001e0                _sitxt0a = (_sitxt0 + SIZEOF (startup))
                0x03004000                . = (ORIGIN (flash) + _boot_size)
                0x03004000                _sitxt2 = .

prog_in_flash   0x03004000    0x2f574
 *(.vars_second_boot)
 .vars_second_boot
                0x03004000       0x48 /tmp/ccZRoHFg.o
 icomlib.a:contiki-main.o(.text.startup.main)
 .text.startup.main
                0x03004048      0x104 icomlib.a(contiki-main.o)
                0x03004048                main
 *(EXCLUDE_FILE(icomlib.a:ssv_lib.o icomlib.a:sha256.o icomlib.a:sha384.o icomlib.a:sha512.o icomlib.a:x905.o icomlib.a:asn1.o icomlib.a:pstmsqrcomba.o icomlib.a:pstmmulcomba.o icomlib.a:pstmmonreduce.o icomlib.a:pstm.o contikilib.a:socket_driver.o icomlib.a:powersave.o icomlib.a:hw_regs_api.o icomlib.a:flash_api.o icomlib.a:drv_flash.o icomlib.a:xmem.o icomlib.a:soft_ap.o icomlib.a:debug-uart.o icomlib.a:dbg-puts.o icomlib.a:strformat.o icomlib.a:dbg-printf.o icomlib.a:rate_control.o icomlib.a:throughput.o icomlib.a:ssv6200_tx.o icomlib.a:ssv6200_rx.o icomlib.a:ssvradio.o icomlib.a:drv_pktbuf.o icomlib.a:packetbuf.o icomlib.a:ieee80211_rdc.o icomlib.a:ieee80211_net.o contikilib.a:tcpip.o icomlib.a:etimer.o icomlib.a:clock.o icomlib.a:timer.o contikilib.a:uip.o icomlib.a:AES_decrypt.o icomlib.a:boot-hiflying.o) .text*)
 .text          0x0300414c        0x0 /tmp/ccZRoHFg.o
 .text          0x0300414c        0x0 ssv6060-main.o
 .text.AT_Customer
                0x0300414c       0x18 ssv6060-main.o
                0x0300414c                AT_Customer
 .text.AT_Customer2
                0x03004164       0x50 ssv6060-main.o
                0x03004164                AT_Customer2
 .text.process_thread_ac_nslookup_process
                0x030041b4       0xec ssv6060-main.o
 .text.process_thread_ac_tcp_connect_process
                0x030042a0      0x288 ssv6060-main.o
 .text.AT_SmartLink
                0x03004528       0x14 ssv6060-main.o
                0x03004528                AT_SmartLink
 .text.AT_Reset
                0x0300453c        0xc ssv6060-main.o
                0x0300453c                AT_Reset
 .text.AT_WIFIUART_DEMO
                0x03004548       0x78 ssv6060-main.o
                0x03004548                AT_WIFIUART_DEMO
 .text.AT_TCPSERVER_DEMO
                0x030045c0       0x78 ssv6060-main.o
                0x030045c0                AT_TCPSERVER_DEMO
 .text.allocate_buffer_in_ext
                0x03004638       0x40 ssv6060-main.o
                0x03004638                allocate_buffer_in_ext
 .text.TurnOffAllLED
                0x03004678       0x70 ssv6060-main.o
                0x03004678                TurnOffAllLED
 .text.SetLED   0x030046e8       0x50 ssv6060-main.o
                0x030046e8                SetLED
 .text.Ac_Dns   0x03004738       0x24 ssv6060-main.o
                0x03004738                Ac_Dns
 .text.Ac_ConnectGateway
                0x0300475c       0x30 ssv6060-main.o
                0x0300475c                Ac_ConnectGateway
 .text.Ac_BcInit
                0x0300478c       0x4c ssv6060-main.o
                0x0300478c                Ac_BcInit
 .text.process_thread_main_process
                0x030047d8       0xac ssv6060-main.o
 .text.Ac_ListenClient
                0x03004884       0x54 ssv6060-main.o
                0x03004884                Ac_ListenClient
 .text          0x030048d8        0x0 icomlib.a(printf.o)
 .text.write_str
                0x030048d8       0x1c icomlib.a(printf.o)
 .text.printf   0x030048f4       0x30 icomlib.a(printf.o)
                0x030048f4                printf
 .text.uart_tx1
                0x03004924       0x14 icomlib.a(printf.o)
                0x03004924                uart_tx1
 .text.printchar
                0x03004938       0x50 icomlib.a(printf.o)
 .text.prints   0x03004988      0x10c icomlib.a(printf.o)
 .text.printi   0x03004a94      0x118 icomlib.a(printf.o)
 .text.print    0x03004bac      0x1f8 icomlib.a(printf.o)
                0x03004bac                print
 .text.sprintf  0x03004da4       0x30 icomlib.a(printf.o)
                0x03004da4                sprintf
 .text.vsprintf
                0x03004dd4       0x1c icomlib.a(printf.o)
                0x03004dd4                vsprintf
 .text.set_log_all_group_enable
                0x03004df0       0x24 icomlib.a(printf.o)
                0x03004df0                set_log_all_group_enable
 .text.set_log_all_group_disable
                0x03004e14       0x24 icomlib.a(printf.o)
                0x03004e14                set_log_all_group_disable
 .text.set_log_all_group
                0x03004e38       0x2c icomlib.a(printf.o)
                0x03004e38                set_log_all_group
 .text.set_log_all_level
                0x03004e64       0x8c icomlib.a(printf.o)
                0x03004e64                set_log_all_level
 .text.set_log_single_group_level
                0x03004ef0       0x40 icomlib.a(printf.o)
                0x03004ef0                set_log_single_group_level
 .text.dump_log_control_info
                0x03004f30       0x78 icomlib.a(printf.o)
                0x03004f30                dump_log_control_info
 .text          0x03004fa8        0x0 icomlib.a(process.o)
 .text.process_alloc_event
                0x03004fa8       0x18 icomlib.a(process.o)
                0x03004fa8                process_alloc_event
 .text.check_process_in_que
                0x03004fc0       0x64 icomlib.a(process.o)
                0x03004fc0                check_process_in_que
 .text.process_debug
                0x03005024      0x150 icomlib.a(process.o)
                0x03005024                process_debug
 .text          0x03005174        0x0 icomlib.a(atcmd_icomm.o)
 .text.ip2int   0x03005174       0xe4 icomlib.a(atcmd_icomm.o)
                0x03005174                ip2int
 .text.At_RespOK
                0x03005258       0x74 icomlib.a(atcmd_icomm.o)
                0x03005258                At_RespOK
 .text.At_GetLocalMac
                0x030052cc       0x4c icomlib.a(atcmd_icomm.o)
                0x030052cc                At_GetLocalMac
 .text.At_GetVersion
                0x03005318       0x2c icomlib.a(atcmd_icomm.o)
                0x03005318                At_GetVersion
 .text.At_GetManufactureInfo
                0x03005344       0x2c icomlib.a(atcmd_icomm.o)
                0x03005344                At_GetManufactureInfo
 .text.At_SetWifiConfig
                0x03005370      0x214 icomlib.a(atcmd_icomm.o)
                0x03005370                At_SetWifiConfig
 .text.At_GetConfigure
                0x03005584       0xb4 icomlib.a(atcmd_icomm.o)
                0x03005584                At_GetConfigure
 .text.At_SetIfConfigure
                0x03005638      0x19c icomlib.a(atcmd_icomm.o)
                0x03005638                At_SetIfConfigure
 .text.At_GetNetStatus
                0x030057d4       0x30 icomlib.a(atcmd_icomm.o)
                0x030057d4                At_GetNetStatus
 .text.At_Ping  0x03005804       0x80 icomlib.a(atcmd_icomm.o)
                0x03005804                At_Ping
 .text.At_Help  0x03005884      0x210 icomlib.a(atcmd_icomm.o)
                0x03005884                At_Help
 .text.At_GetApStatus
                0x03005a94       0x70 icomlib.a(atcmd_icomm.o)
                0x03005a94                At_GetApStatus
 .text.At_GetWifiStatus
                0x03005b04      0x350 icomlib.a(atcmd_icomm.o)
                0x03005b04                At_GetWifiStatus
 .text.At_GetMRX
                0x03005e54      0x130 icomlib.a(atcmd_icomm.o)
                0x03005e54                At_GetMRX
 .text.At_TestMemRead
                0x03005f84       0x88 icomlib.a(atcmd_icomm.o)
                0x03005f84                At_TestMemRead
 .text.At_MboxDump
                0x0300600c       0x10 icomlib.a(atcmd_icomm.o)
                0x0300600c                At_MboxDump
 .text.At_WifiReset
                0x0300601c       0x10 icomlib.a(atcmd_icomm.o)
                0x0300601c                At_WifiReset
 .text.At_GetIPconf
                0x0300602c       0x4c icomlib.a(atcmd_icomm.o)
                0x0300602c                At_GetIPconf
 .text.At_NetScan
                0x03006078       0x14 icomlib.a(atcmd_icomm.o)
                0x03006078                At_NetScan
 .text.At_NetScan_Custom
                0x0300608c       0xb4 icomlib.a(atcmd_icomm.o)
                0x0300608c                At_NetScan_Custom
 .text.At_Connect
                0x03006140       0x58 icomlib.a(atcmd_icomm.o)
                0x03006140                At_Connect
 .text.process_thread_Cabrio_ate_process
                0x03006198      0x120 icomlib.a(atcmd_icomm.o)
 .text.At_Disconnect
                0x030062b8       0x10 icomlib.a(atcmd_icomm.o)
                0x030062b8                At_Disconnect
 .text.At_POWERSAVE
                0x030062c8       0x34 icomlib.a(atcmd_icomm.o)
                0x030062c8                At_POWERSAVE
 .text.At_WriteReg32
                0x030062fc       0xd4 icomlib.a(atcmd_icomm.o)
                0x030062fc                At_WriteReg32
 .text.At_ReadReg32
                0x030063d0       0x94 icomlib.a(atcmd_icomm.o)
                0x030063d0                At_ReadReg32
 .text.At_SetChannel
                0x03006464       0x9c icomlib.a(atcmd_icomm.o)
                0x03006464                At_SetChannel
 .text.At_GetRfStatus
                0x03006500      0x198 icomlib.a(atcmd_icomm.o)
                0x03006500                At_GetRfStatus
 .text.At_ShowRfCommand
                0x03006698      0x1cc icomlib.a(atcmd_icomm.o)
                0x03006698                At_ShowRfCommand
 .text.AT_RemoveCfsConf
                0x03006864        0x4 icomlib.a(atcmd_icomm.o)
                0x03006864                AT_RemoveCfsConf
 .text.At_bmode_count
                0x03006868       0x44 icomlib.a(atcmd_icomm.o)
                0x03006868                At_bmode_count
 .text.At_bmode_reset
                0x030068ac       0x1c icomlib.a(atcmd_icomm.o)
                0x030068ac                At_bmode_reset
 .text.At_gmode_count
                0x030068c8       0x48 icomlib.a(atcmd_icomm.o)
                0x030068c8                At_gmode_count
 .text.At_gmode_reset
                0x03006910       0x20 icomlib.a(atcmd_icomm.o)
                0x03006910                At_gmode_reset
 .text.At_filter_reset
                0x03006930      0x1f0 icomlib.a(atcmd_icomm.o)
                0x03006930                At_filter_reset
 .text.At_filter_count
                0x03006b20       0x5c icomlib.a(atcmd_icomm.o)
                0x03006b20                At_filter_count
 .text.at_cmd_start
                0x03006b7c       0x1c icomlib.a(atcmd_icomm.o)
                0x03006b7c                at_cmd_start
 .text.at_cmd_exit
                0x03006b98       0x18 icomlib.a(atcmd_icomm.o)
                0x03006b98                at_cmd_exit
 .text          0x03006bb0        0x0 icomlib.a(contiki-main.o)
 .text.test_rtimer
                0x03006bb0        0xc icomlib.a(contiki-main.o)
                0x03006bb0                test_rtimer
 .text.send_frame_rtimer
                0x03006bbc        0xc icomlib.a(contiki-main.o)
                0x03006bbc                send_frame_rtimer
 .text.dump_boot_message
                0x03006bc8       0x60 icomlib.a(contiki-main.o)
                0x03006bc8                dump_boot_message
 .text.get_all_config
                0x03006c28       0x38 icomlib.a(contiki-main.o)
                0x03006c28                get_all_config
 .text.log_init
                0x03006c60       0x10 icomlib.a(contiki-main.o)
                0x03006c60                log_init
 .text          0x03006c70        0x0 icomlib.a(gpio_api.o)
 .text.pinMode  0x03006c70       0x44 icomlib.a(gpio_api.o)
                0x03006c70                pinMode
 .text.digitalWrite
                0x03006cb4       0x10 icomlib.a(gpio_api.o)
                0x03006cb4                digitalWrite
 .text.digitalRead
                0x03006cc4        0x4 icomlib.a(gpio_api.o)
                0x03006cc4                digitalRead
 .text.gpio_irq_enable
                0x03006cc8       0x40 icomlib.a(gpio_api.o)
                0x03006cc8                gpio_irq_enable
 .text.gpio_irq_disable
                0x03006d08       0x10 icomlib.a(gpio_api.o)
                0x03006d08                gpio_irq_disable
 .text          0x03006d18        0x0 icomlib.a(drv_timer.o)
 .text.hwtmr_stop
                0x03006d18       0x20 icomlib.a(drv_timer.o)
                0x03006d18                hwtmr_stop
 .text.hwtmr_start
                0x03006d38       0x34 icomlib.a(drv_timer.o)
                0x03006d38                hwtmr_start
 .text.hwtmr_init
                0x03006d6c       0x2c icomlib.a(drv_timer.o)
                0x03006d6c                hwtmr_init
 .text          0x03006d98        0x0 icomlib.a(drv_uart.o)
 .text.drv_uart_init
                0x03006d98       0x78 icomlib.a(drv_uart.o)
                0x03006d98                drv_uart_init
 .text.drv_uart_tx_0
                0x03006e10        0xc icomlib.a(drv_uart.o)
                0x03006e10                drv_uart_tx_0
 .text.drv_uart_is_tx_busy_0
                0x03006e1c       0x18 icomlib.a(drv_uart.o)
                0x03006e1c                drv_uart_is_tx_busy_0
 .text.drv_uart_multiple_tx_0
                0x03006e34       0x28 icomlib.a(drv_uart.o)
                0x03006e34                drv_uart_multiple_tx_0
 .text.drv_uart_get_uart_fifo_length_0
                0x03006e5c        0x8 icomlib.a(drv_uart.o)
                0x03006e5c                drv_uart_get_uart_fifo_length_0
 .text.drv_uart_enable_tx_int_0
                0x03006e64       0x14 icomlib.a(drv_uart.o)
                0x03006e64                drv_uart_enable_tx_int_0
 .text.drv_uart_disable_tx_int_0
                0x03006e78       0x14 icomlib.a(drv_uart.o)
                0x03006e78                drv_uart_disable_tx_int_0
 .text.drv_uart_enable_rx_int_0
                0x03006e8c       0x14 icomlib.a(drv_uart.o)
                0x03006e8c                drv_uart_enable_rx_int_0
 .text.drv_uart_disable_rx_int_0
                0x03006ea0       0x14 icomlib.a(drv_uart.o)
                0x03006ea0                drv_uart_disable_rx_int_0
 .text.drv_datauart_init
                0x03006eb4      0x160 icomlib.a(drv_uart.o)
                0x03006eb4                drv_datauart_init
 .text.drv_datauart_Deinit
                0x03007014       0x58 icomlib.a(drv_uart.o)
                0x03007014                drv_datauart_Deinit
 .text.drv_datauart_conf
                0x0300706c       0x7c icomlib.a(drv_uart.o)
                0x0300706c                drv_datauart_conf
 .text          0x030070e8        0x0 icomlib.a(hw_init.o)
 .text.hw_tbl_write
                0x030070e8       0x60 icomlib.a(hw_init.o)
 .text.modulator_and_pll_reset
                0x03007148       0xd4 icomlib.a(hw_init.o)
                0x03007148                modulator_and_pll_reset
 .text.ssv6xxx_phy_disable
                0x0300721c       0x14 icomlib.a(hw_init.o)
                0x0300721c                ssv6xxx_phy_disable
 .text.ssv6xxx_mac_disable
                0x03007230       0x14 icomlib.a(hw_init.o)
                0x03007230                ssv6xxx_mac_disable
 .text.ssv6xxx_hw_rf_phy_mac_reset
                0x03007244      0x1a8 icomlib.a(hw_init.o)
                0x03007244                ssv6xxx_hw_rf_phy_mac_reset
 .text.ssv6xxx_hw_radio_init
                0x030073ec      0x1b0 icomlib.a(hw_init.o)
                0x030073ec                ssv6xxx_hw_radio_init
 .text          0x0300759c        0x0 icomlib.a(ssv_lib_slow.o)
 .text.mac_atoi
                0x0300759c       0x44 icomlib.a(ssv_lib_slow.o)
                0x0300759c                mac_atoi
 .text.dbg_dump_reg_pc
                0x030075e0       0x10 icomlib.a(ssv_lib_slow.o)
                0x030075e0                dbg_dump_reg_pc
 .text.dbg_dump_reg_sp
                0x030075f0       0x10 icomlib.a(ssv_lib_slow.o)
                0x030075f0                dbg_dump_reg_sp
 .text.dbg_dump_reg_cpsr
                0x03007600       0xa0 icomlib.a(ssv_lib_slow.o)
                0x03007600                dbg_dump_reg_cpsr
 .text.dbg_dump_binary
                0x030076a0       0x78 icomlib.a(ssv_lib_slow.o)
                0x030076a0                dbg_dump_binary
 .text.dbg_dump_mac
                0x03007718       0x48 icomlib.a(ssv_lib_slow.o)
                0x03007718                dbg_dump_mac
 .text.dbg_dump_ip
                0x03007760       0x38 icomlib.a(ssv_lib_slow.o)
                0x03007760                dbg_dump_ip
 .text          0x03007798        0x0 icomlib.a(swpwm.o)
 .text.initSwPWM
                0x03007798       0x28 icomlib.a(swpwm.o)
                0x03007798                initSwPWM
 .text.pwm_unregister
                0x030077c0       0xa0 icomlib.a(swpwm.o)
                0x030077c0                pwm_unregister
 .text.disableSwPWM
                0x03007860       0x34 icomlib.a(swpwm.o)
                0x03007860                disableSwPWM
 .text.pwm_register
                0x03007894       0xe4 icomlib.a(swpwm.o)
                0x03007894                pwm_register
 .text.enableSwPWM
                0x03007978       0x6c icomlib.a(swpwm.o)
                0x03007978                enableSwPWM
 .text          0x030079e4        0x0 icomlib.a(systemconf.o)
 .text.gconfig_gen_header_to_mem
                0x030079e4       0x3c icomlib.a(systemconf.o)
                0x030079e4                gconfig_gen_header_to_mem
 .text.gconfig_gen_config_to_mem
                0x03007a20       0x48 icomlib.a(systemconf.o)
                0x03007a20                gconfig_gen_config_to_mem
 .text.gconfig_gen_config_table
                0x03007a68      0x114 icomlib.a(systemconf.o)
                0x03007a68                gconfig_gen_config_table
 .text.gconfig_save_config
                0x03007b7c       0x48 icomlib.a(systemconf.o)
                0x03007b7c                gconfig_save_config
 .text.gconfig_set_softap_ssid
                0x03007bc4       0xb4 icomlib.a(systemconf.o)
                0x03007bc4                gconfig_set_softap_ssid
 .text.gconfig_set_enable_smart
                0x03007c78       0x78 icomlib.a(systemconf.o)
                0x03007c78                gconfig_set_enable_smart
 .text.gconfig_set_auto_connect
                0x03007cf0       0x40 icomlib.a(systemconf.o)
                0x03007cf0                gconfig_set_auto_connect
 .text.gconfig_init_global_conf_by_define
                0x03007d30       0x14 icomlib.a(systemconf.o)
                0x03007d30                gconfig_init_global_conf_by_define
 .text.reset_global_conf
                0x03007d44       0x3c icomlib.a(systemconf.o)
                0x03007d44                reset_global_conf
 .text.remove_sysconfig
                0x03007d80       0x58 icomlib.a(systemconf.o)
                0x03007d80                remove_sysconfig
 .text.write_wifi_config
                0x03007dd8       0xa4 icomlib.a(systemconf.o)
                0x03007dd8                write_wifi_config
 .text.read_wifi_config
                0x03007e7c       0x90 icomlib.a(systemconf.o)
                0x03007e7c                read_wifi_config
 .text.init_global_conf
                0x03007f0c      0x144 icomlib.a(systemconf.o)
                0x03007f0c                init_global_conf
 .text.clear_ap_lists
                0x03008050       0x3c icomlib.a(systemconf.o)
                0x03008050                clear_ap_lists
 .text          0x0300808c        0x0 icomlib.a(wdog_api.o)
 .text.process_thread_watchdog_process
                0x0300808c       0xf4 icomlib.a(wdog_api.o)
 .text.api_wdog_reboot
                0x03008180        0x4 icomlib.a(wdog_api.o)
                0x03008180                api_wdog_reboot
 .text.api_wdog_period_5000ms
                0x03008184        0x4 icomlib.a(wdog_api.o)
                0x03008184                api_wdog_period_5000ms
 .text.api_wdog_period_10000ms
                0x03008188        0x4 icomlib.a(wdog_api.o)
                0x03008188                api_wdog_period_10000ms
 .text.api_wdog_period_cutommed
                0x0300818c        0x4 icomlib.a(wdog_api.o)
                0x0300818c                api_wdog_period_cutommed
 .text.api_wdog_stop
                0x03008190        0x4 icomlib.a(wdog_api.o)
                0x03008190                api_wdog_stop
 .text.clear_rx_fifo
                0x03008194       0xc8 icomlib.a(wdog_api.o)
                0x03008194                clear_rx_fifo
 .text          0x0300825c        0x0 icomlib.a(bsp.o)
 .text.set_mrx_filter_sta
                0x0300825c      0x254 icomlib.a(bsp.o)
                0x0300825c                set_mrx_filter_sta
 .text.set_softap_trap_enable
                0x030084b0       0x14 icomlib.a(bsp.o)
                0x030084b0                set_softap_trap_enable
 .text.set_softap_trap_disable
                0x030084c4       0x14 icomlib.a(bsp.o)
                0x030084c4                set_softap_trap_disable
 .text.set_mrx_filter_softap
                0x030084d8      0x2ac icomlib.a(bsp.o)
                0x030084d8                set_mrx_filter_softap
 .text.chk_chip_valid
                0x03008784       0x2c icomlib.a(bsp.o)
                0x03008784                chk_chip_valid
 .text.bsp_init
                0x030087b0       0x8c icomlib.a(bsp.o)
                0x030087b0                bsp_init
 .text.enable_dcdc_mode
                0x0300883c       0x20 icomlib.a(bsp.o)
                0x0300883c                enable_dcdc_mode
 .text          0x0300885c        0x0 icomlib.a(crypthw.o)
 .text.drv_id_mng_alloc
                0x0300885c       0x7c icomlib.a(crypthw.o)
                0x0300885c                drv_id_mng_alloc
 .text.PBUF_MAlloc_Raw
                0x030088d8       0x50 icomlib.a(crypthw.o)
                0x030088d8                PBUF_MAlloc_Raw
 .text.wpa_drv_init
                0x03008928       0x40 icomlib.a(crypthw.o)
                0x03008928                wpa_drv_init
 .text.soft_mac_init
                0x03008968       0x68 icomlib.a(crypthw.o)
                0x03008968                soft_mac_init
 .text          0x030089d0        0x0 icomlib.a(dbg-atcmd-api.o)
 .text.LogTemperature
                0x030089d0       0x94 icomlib.a(dbg-atcmd-api.o)
                0x030089d0                LogTemperature
 .text.Channel2Index
                0x03008a64       0x1c icomlib.a(dbg-atcmd-api.o)
                0x03008a64                Channel2Index
 .text.Gain2Power
                0x03008a80      0x15c icomlib.a(dbg-atcmd-api.o)
                0x03008a80                Gain2Power
 .text.Power2BGain
                0x03008bdc      0x1a0 icomlib.a(dbg-atcmd-api.o)
                0x03008bdc                Power2BGain
 .text.Power2GGain
                0x03008d7c      0x188 icomlib.a(dbg-atcmd-api.o)
                0x03008d7c                Power2GGain
 .text.GetDefaultGain
                0x03008f04       0xb4 icomlib.a(dbg-atcmd-api.o)
                0x03008f04                GetDefaultGain
 .text.Freq2P   0x03008fb8        0xc icomlib.a(dbg-atcmd-api.o)
                0x03008fb8                Freq2P
 .text.Freq2N   0x03008fc4        0xc icomlib.a(dbg-atcmd-api.o)
                0x03008fc4                Freq2N
 .text.UpdateConf
                0x03008fd0      0x368 icomlib.a(dbg-atcmd-api.o)
                0x03008fd0                UpdateConf
 .text.drv_phy_wait_rdy2
                0x03009338       0x30 icomlib.a(dbg-atcmd-api.o)
                0x03009338                drv_phy_wait_rdy2
 .text.mac_transfer
                0x03009368       0x40 icomlib.a(dbg-atcmd-api.o)
                0x03009368                mac_transfer
 .text.serial_transfer
                0x030093a8       0x58 icomlib.a(dbg-atcmd-api.o)
                0x030093a8                serial_transfer
 .text._DBG_AT_SET_PEERMAC
                0x03009400       0x2c icomlib.a(dbg-atcmd-api.o)
                0x03009400                _DBG_AT_SET_PEERMAC
 .text._DBG_AT_SET_PEERMAC_SOFTAP
                0x0300942c       0x38 icomlib.a(dbg-atcmd-api.o)
                0x0300942c                _DBG_AT_SET_PEERMAC_SOFTAP
 .text._DBG_AT_RESET_PEERMAC_SOFTAP
                0x03009464       0x38 icomlib.a(dbg-atcmd-api.o)
                0x03009464                _DBG_AT_RESET_PEERMAC_SOFTAP
 .text._DBG_AT_SET_CHANNEL
                0x0300949c       0x50 icomlib.a(dbg-atcmd-api.o)
                0x0300949c                _DBG_AT_SET_CHANNEL
 .text._DBG_AT_SET_MAC
                0x030094ec        0x4 icomlib.a(dbg-atcmd-api.o)
                0x030094ec                _DBG_AT_SET_MAC
 .text._DBG_AT_SET_BSSID
                0x030094f0        0x4 icomlib.a(dbg-atcmd-api.o)
                0x030094f0                _DBG_AT_SET_BSSID
 .text._DBG_AT_SEND
                0x030094f4       0x58 icomlib.a(dbg-atcmd-api.o)
                0x030094f4                _DBG_AT_SEND
 .text.process_thread_start_tx_process
                0x0300954c      0x120 icomlib.a(dbg-atcmd-api.o)
 .text.RFStart  0x0300966c      0x2b8 icomlib.a(dbg-atcmd-api.o)
                0x0300966c                RFStart
 .text.process_thread_rf_start_process
                0x03009924       0xf0 icomlib.a(dbg-atcmd-api.o)
 .text.RFRate   0x03009a14      0x2ac icomlib.a(dbg-atcmd-api.o)
                0x03009a14                RFRate
 .text.RFBGain  0x03009cc0       0x88 icomlib.a(dbg-atcmd-api.o)
                0x03009cc0                RFBGain
 .text.RFGNGain
                0x03009d48       0x88 icomlib.a(dbg-atcmd-api.o)
                0x03009d48                RFGNGain
 .text.RFIQPhase
                0x03009dd0       0x88 icomlib.a(dbg-atcmd-api.o)
                0x03009dd0                RFIQPhase
 .text.RFIQAmp  0x03009e58       0x88 icomlib.a(dbg-atcmd-api.o)
                0x03009e58                RFIQAmp
 .text.RFStop   0x03009ee0       0x3c icomlib.a(dbg-atcmd-api.o)
                0x03009ee0                RFStop
 .text.RFReset  0x03009f1c      0x454 icomlib.a(dbg-atcmd-api.o)
                0x03009f1c                RFReset
 .text.RFCount  0x0300a370       0x58 icomlib.a(dbg-atcmd-api.o)
                0x0300a370                RFCount
 .text.RFFreqOffset
                0x0300a3c8       0xf0 icomlib.a(dbg-atcmd-api.o)
                0x0300a3c8                RFFreqOffset
 .text.RFTempcsHT
                0x0300a4b8       0xa8 icomlib.a(dbg-atcmd-api.o)
                0x0300a4b8                RFTempcsHT
 .text.RFTempcsRT
                0x0300a560       0xa8 icomlib.a(dbg-atcmd-api.o)
                0x0300a560                RFTempcsRT
 .text.RFTempcsLT
                0x0300a608       0xa8 icomlib.a(dbg-atcmd-api.o)
                0x0300a608                RFTempcsLT
 .text.ReadTemperature
                0x0300a6b0       0xc8 icomlib.a(dbg-atcmd-api.o)
                0x0300a6b0                ReadTemperature
 .text.process_thread_temperature_compensator_process
                0x0300a778      0x298 icomlib.a(dbg-atcmd-api.o)
 .text.EnableTemperatureCompensator
                0x0300aa10       0x1c icomlib.a(dbg-atcmd-api.o)
                0x0300aa10                EnableTemperatureCompensator
 .text.DumpRFParam
                0x0300aa2c       0xec icomlib.a(dbg-atcmd-api.o)
                0x0300aa2c                DumpRFParam
 .text.WriteParam2Flash
                0x0300ab18      0x2e0 icomlib.a(dbg-atcmd-api.o)
                0x0300ab18                WriteParam2Flash
 .text.RFSetLDO
                0x0300adf8       0x7c icomlib.a(dbg-atcmd-api.o)
                0x0300adf8                RFSetLDO
 .text.RFSetPA1
                0x0300ae74       0x5c icomlib.a(dbg-atcmd-api.o)
                0x0300ae74                RFSetPA1
 .text.RFSetPA2
                0x0300aed0       0x60 icomlib.a(dbg-atcmd-api.o)
                0x0300aed0                RFSetPA2
 .text.RFSetPA3
                0x0300af30       0x5c icomlib.a(dbg-atcmd-api.o)
                0x0300af30                RFSetPA3
 .text.RFSetXTAL
                0x0300af8c       0x60 icomlib.a(dbg-atcmd-api.o)
                0x0300af8c                RFSetXTAL
 .text.RFSetFlashXTAL
                0x0300afec       0x9c icomlib.a(dbg-atcmd-api.o)
                0x0300afec                RFSetFlashXTAL
 .text.SetTemperatureBoundary
                0x0300b088       0x90 icomlib.a(dbg-atcmd-api.o)
                0x0300b088                SetTemperatureBoundary
 .text.Radio_Command
                0x0300b118     0x10c4 icomlib.a(dbg-atcmd-api.o)
                0x0300b118                Radio_Command
 .text.Parse_Radio_Command
                0x0300c1dc       0x88 icomlib.a(dbg-atcmd-api.o)
                0x0300c1dc                Parse_Radio_Command
 .text          0x0300c264        0x0 icomlib.a(drv_mac.o)
 .text.SET_STA_MAC
                0x0300c264       0x74 icomlib.a(drv_mac.o)
                0x0300c264                SET_STA_MAC
 .text.GET_STA_MAC
                0x0300c2d8       0x4c icomlib.a(drv_mac.o)
                0x0300c2d8                GET_STA_MAC
 .text.SET_BSSID
                0x0300c324       0x74 icomlib.a(drv_mac.o)
                0x0300c324                SET_BSSID
 .text.GET_BSSID
                0x0300c398       0x4c icomlib.a(drv_mac.o)
                0x0300c398                GET_BSSID
 .text.SET_PEER_MAC0
                0x0300c3e4       0x74 icomlib.a(drv_mac.o)
                0x0300c3e4                SET_PEER_MAC0
 .text.GET_PEER_MAC0
                0x0300c458       0x4c icomlib.a(drv_mac.o)
                0x0300c458                GET_PEER_MAC0
 .text.SET_PEER_MAC1
                0x0300c4a4       0x74 icomlib.a(drv_mac.o)
                0x0300c4a4                SET_PEER_MAC1
 .text.GET_PEER_MAC1
                0x0300c518       0x4c icomlib.a(drv_mac.o)
                0x0300c518                GET_PEER_MAC1
 .text.SET_MRX_MCAST_TB0
                0x0300c564       0x74 icomlib.a(drv_mac.o)
                0x0300c564                SET_MRX_MCAST_TB0
 .text.GET_MRX_MCAST_TB0
                0x0300c5d8       0x4c icomlib.a(drv_mac.o)
                0x0300c5d8                GET_MRX_MCAST_TB0
 .text.SET_MRX_MCAST_TB1
                0x0300c624       0x74 icomlib.a(drv_mac.o)
                0x0300c624                SET_MRX_MCAST_TB1
 .text.GET_MRX_MCAST_TB1
                0x0300c698       0x4c icomlib.a(drv_mac.o)
                0x0300c698                GET_MRX_MCAST_TB1
 .text.SET_MRX_MCAST_TB2
                0x0300c6e4       0x74 icomlib.a(drv_mac.o)
                0x0300c6e4                SET_MRX_MCAST_TB2
 .text.GET_MRX_MCAST_TB2
                0x0300c758       0x4c icomlib.a(drv_mac.o)
                0x0300c758                GET_MRX_MCAST_TB2
 .text.SET_MRX_MCAST_TB3
                0x0300c7a4       0x74 icomlib.a(drv_mac.o)
                0x0300c7a4                SET_MRX_MCAST_TB3
 .text.GET_MRX_MCAST_TB3
                0x0300c818       0x4c icomlib.a(drv_mac.o)
                0x0300c818                GET_MRX_MCAST_TB3
 .text.SET_MRX_MCAST_MASK0
                0x0300c864       0x74 icomlib.a(drv_mac.o)
                0x0300c864                SET_MRX_MCAST_MASK0
 .text.GET_MRX_MCAST_MASK0
                0x0300c8d8       0x4c icomlib.a(drv_mac.o)
                0x0300c8d8                GET_MRX_MCAST_MASK0
 .text.SET_MRX_MCAST_MASK1
                0x0300c924       0x74 icomlib.a(drv_mac.o)
                0x0300c924                SET_MRX_MCAST_MASK1
 .text.GET_MRX_MCAST_MASK1
                0x0300c998       0x4c icomlib.a(drv_mac.o)
                0x0300c998                GET_MRX_MCAST_MASK1
 .text.SET_MRX_MCAST_MASK2
                0x0300c9e4       0x74 icomlib.a(drv_mac.o)
                0x0300c9e4                SET_MRX_MCAST_MASK2
 .text.GET_MRX_MCAST_MASK2
                0x0300ca58       0x4c icomlib.a(drv_mac.o)
                0x0300ca58                GET_MRX_MCAST_MASK2
 .text.SET_MRX_MCAST_MASK3
                0x0300caa4       0x74 icomlib.a(drv_mac.o)
                0x0300caa4                SET_MRX_MCAST_MASK3
 .text.GET_MRX_MCAST_MASK3
                0x0300cb18       0x4c icomlib.a(drv_mac.o)
                0x0300cb18                GET_MRX_MCAST_MASK3
 .text.SET_BA_TA
                0x0300cb64       0x74 icomlib.a(drv_mac.o)
                0x0300cb64                SET_BA_TA
 .text.GET_BA_TA
                0x0300cbd8       0x4c icomlib.a(drv_mac.o)
                0x0300cbd8                GET_BA_TA
 .text.SET_ACK_GEN_RA
                0x0300cc24       0x74 icomlib.a(drv_mac.o)
                0x0300cc24                SET_ACK_GEN_RA
 .text.GET_ACK_GEN_RA
                0x0300cc98       0x4c icomlib.a(drv_mac.o)
                0x0300cc98                GET_ACK_GEN_RA
 .text          0x0300cce4        0x0 icomlib.a(drv_phy.o)
 .text.rg_idacai_pgag0_load
                0x0300cce4       0x1c icomlib.a(drv_phy.o)
                0x0300cce4                rg_idacai_pgag0_load
 .text.rg_idacai_pgag1_load
                0x0300cd00       0x1c icomlib.a(drv_phy.o)
                0x0300cd00                rg_idacai_pgag1_load
 .text.rg_idacai_pgag2_load
                0x0300cd1c       0x1c icomlib.a(drv_phy.o)
                0x0300cd1c                rg_idacai_pgag2_load
 .text.rg_idacai_pgag3_load
                0x0300cd38       0x1c icomlib.a(drv_phy.o)
                0x0300cd38                rg_idacai_pgag3_load
 .text.rg_idacai_pgag4_load
                0x0300cd54       0x1c icomlib.a(drv_phy.o)
                0x0300cd54                rg_idacai_pgag4_load
 .text.rg_idacai_pgag5_load
                0x0300cd70       0x1c icomlib.a(drv_phy.o)
                0x0300cd70                rg_idacai_pgag5_load
 .text.rg_idacai_pgag6_load
                0x0300cd8c       0x1c icomlib.a(drv_phy.o)
                0x0300cd8c                rg_idacai_pgag6_load
 .text.rg_idacai_pgag7_load
                0x0300cda8       0x1c icomlib.a(drv_phy.o)
                0x0300cda8                rg_idacai_pgag7_load
 .text.rg_idacai_pgag8_load
                0x0300cdc4       0x1c icomlib.a(drv_phy.o)
                0x0300cdc4                rg_idacai_pgag8_load
 .text.rg_idacai_pgag9_load
                0x0300cde0       0x1c icomlib.a(drv_phy.o)
                0x0300cde0                rg_idacai_pgag9_load
 .text.rg_idacai_pgag10_load
                0x0300cdfc       0x1c icomlib.a(drv_phy.o)
                0x0300cdfc                rg_idacai_pgag10_load
 .text.rg_idacai_pgag11_load
                0x0300ce18       0x1c icomlib.a(drv_phy.o)
                0x0300ce18                rg_idacai_pgag11_load
 .text.rg_idacai_pgag12_load
                0x0300ce34       0x1c icomlib.a(drv_phy.o)
                0x0300ce34                rg_idacai_pgag12_load
 .text.rg_idacai_pgag13_load
                0x0300ce50       0x1c icomlib.a(drv_phy.o)
                0x0300ce50                rg_idacai_pgag13_load
 .text.rg_idacai_pgag14_load
                0x0300ce6c       0x1c icomlib.a(drv_phy.o)
                0x0300ce6c                rg_idacai_pgag14_load
 .text.rg_idacai_pgag15_load
                0x0300ce88       0x1c icomlib.a(drv_phy.o)
                0x0300ce88                rg_idacai_pgag15_load
 .text.rg_idacaq_pgag0_load
                0x0300cea4       0x1c icomlib.a(drv_phy.o)
                0x0300cea4                rg_idacaq_pgag0_load
 .text.rg_idacaq_pgag1_load
                0x0300cec0       0x1c icomlib.a(drv_phy.o)
                0x0300cec0                rg_idacaq_pgag1_load
 .text.rg_idacaq_pgag2_load
                0x0300cedc       0x1c icomlib.a(drv_phy.o)
                0x0300cedc                rg_idacaq_pgag2_load
 .text.rg_idacaq_pgag3_load
                0x0300cef8       0x1c icomlib.a(drv_phy.o)
                0x0300cef8                rg_idacaq_pgag3_load
 .text.rg_idacaq_pgag4_load
                0x0300cf14       0x1c icomlib.a(drv_phy.o)
                0x0300cf14                rg_idacaq_pgag4_load
 .text.rg_idacaq_pgag5_load
                0x0300cf30       0x1c icomlib.a(drv_phy.o)
                0x0300cf30                rg_idacaq_pgag5_load
 .text.rg_idacaq_pgag6_load
                0x0300cf4c       0x1c icomlib.a(drv_phy.o)
                0x0300cf4c                rg_idacaq_pgag6_load
 .text.rg_idacaq_pgag7_load
                0x0300cf68       0x1c icomlib.a(drv_phy.o)
                0x0300cf68                rg_idacaq_pgag7_load
 .text.rg_idacaq_pgag8_load
                0x0300cf84       0x1c icomlib.a(drv_phy.o)
                0x0300cf84                rg_idacaq_pgag8_load
 .text.rg_idacaq_pgag9_load
                0x0300cfa0       0x1c icomlib.a(drv_phy.o)
                0x0300cfa0                rg_idacaq_pgag9_load
 .text.rg_idacaq_pgag10_load
                0x0300cfbc       0x1c icomlib.a(drv_phy.o)
                0x0300cfbc                rg_idacaq_pgag10_load
 .text.rg_idacaq_pgag11_load
                0x0300cfd8       0x1c icomlib.a(drv_phy.o)
                0x0300cfd8                rg_idacaq_pgag11_load
 .text.rg_idacaq_pgag12_load
                0x0300cff4       0x1c icomlib.a(drv_phy.o)
                0x0300cff4                rg_idacaq_pgag12_load
 .text.rg_idacaq_pgag13_load
                0x0300d010       0x1c icomlib.a(drv_phy.o)
                0x0300d010                rg_idacaq_pgag13_load
 .text.rg_idacaq_pgag14_load
                0x0300d02c       0x1c icomlib.a(drv_phy.o)
                0x0300d02c                rg_idacaq_pgag14_load
 .text.rg_idacaq_pgag15_load
                0x0300d048       0x1c icomlib.a(drv_phy.o)
                0x0300d048                rg_idacaq_pgag15_load
 .text.rfreg_byxtal_load
                0x0300d064       0x84 icomlib.a(drv_phy.o)
                0x0300d064                rfreg_byxtal_load
 .text.rfreg_bych_load
                0x0300d0e8       0x7c icomlib.a(drv_phy.o)
                0x0300d0e8                rfreg_bych_load
 .text.rfreg_bypa_load
                0x0300d164       0x44 icomlib.a(drv_phy.o)
                0x0300d164                rfreg_bypa_load
 .text.drv_phy_tbl_load
                0x0300d1a8       0x38 icomlib.a(drv_phy.o)
                0x0300d1a8                drv_phy_tbl_load
 .text.drv_phy_cfgtbl_load
                0x0300d1e0       0x20 icomlib.a(drv_phy.o)
                0x0300d1e0                drv_phy_cfgtbl_load
 .text.drv_phy_wait_rdy
                0x0300d200       0x30 icomlib.a(drv_phy.o)
                0x0300d200                drv_phy_wait_rdy
 .text.drv_phy_cali_rcal
                0x0300d230       0x68 icomlib.a(drv_phy.o)
                0x0300d230                drv_phy_cali_rcal
 .text.drv_phy_cali_tssi
                0x0300d298      0x1b8 icomlib.a(drv_phy.o)
                0x0300d298                drv_phy_cali_tssi
 .text.drv_phy_temperature
                0x0300d450       0x90 icomlib.a(drv_phy.o)
                0x0300d450                drv_phy_temperature
 .text.drv_phy_cali_papd_learning
                0x0300d4e0      0x1ec icomlib.a(drv_phy.o)
                0x0300d4e0                drv_phy_cali_papd_learning
 .text.drv_phy_channel_change
                0x0300d6cc       0x74 icomlib.a(drv_phy.o)
                0x0300d6cc                drv_phy_channel_change
 .text.drv_phy_sprm
                0x0300d740       0x64 icomlib.a(drv_phy.o)
                0x0300d740                drv_phy_sprm
 .text.drv_phy_cali_txlo
                0x0300d7a4      0x16c icomlib.a(drv_phy.o)
                0x0300d7a4                drv_phy_cali_txlo
 .text.drv_phy_cali_txiq
                0x0300d910      0x160 icomlib.a(drv_phy.o)
                0x0300d910                drv_phy_cali_txiq
 .text.drv_phy_cali_rxrc
                0x0300da70      0x23c icomlib.a(drv_phy.o)
                0x0300da70                drv_phy_cali_rxrc
 .text.drv_phy_fft_enrg
                0x0300dcac       0x54 icomlib.a(drv_phy.o)
                0x0300dcac                drv_phy_fft_enrg
 .text.drv_phy_cali_rxiq_fft
                0x0300dd00      0x1a4 icomlib.a(drv_phy.o)
                0x0300dd00                drv_phy_cali_rxiq_fft
 .text.rtbl_cali_reg_rmw
                0x0300dea4       0x28 icomlib.a(drv_phy.o)
                0x0300dea4                rtbl_cali_reg_rmw
 .text.rtbl_cali_pre_load
                0x0300decc       0x68 icomlib.a(drv_phy.o)
                0x0300decc                rtbl_cali_pre_load
 .text.drv_phy_cali_rxdc
                0x0300df34      0x224 icomlib.a(drv_phy.o)
                0x0300df34                drv_phy_cali_rxdc
 .text.rtbl_cali_load
                0x0300e158       0x24 icomlib.a(drv_phy.o)
                0x0300e158                rtbl_cali_load
 .text.rtbl_cali_export
                0x0300e17c       0x18 icomlib.a(drv_phy.o)
                0x0300e17c                rtbl_cali_export
 .text.rtbl_cali_load_def
                0x0300e194       0x68 icomlib.a(drv_phy.o)
                0x0300e194                rtbl_cali_load_def
 .text.rtbl_cali_reset
                0x0300e1fc       0x38 icomlib.a(drv_phy.o)
                0x0300e1fc                rtbl_cali_reset
 .text.rtbl_cali_set
                0x0300e234       0x84 icomlib.a(drv_phy.o)
                0x0300e234                rtbl_cali_set
 .text.drv_phy_init
                0x0300e2b8       0x90 icomlib.a(drv_phy.o)
                0x0300e2b8                drv_phy_init
 .text.drv_phy_off
                0x0300e348       0x14 icomlib.a(drv_phy.o)
                0x0300e348                drv_phy_off
 .text.drv_phy_b_only
                0x0300e35c       0x10 icomlib.a(drv_phy.o)
                0x0300e35c                drv_phy_b_only
 .text.drv_phy_bgn
                0x0300e36c       0x14 icomlib.a(drv_phy.o)
                0x0300e36c                drv_phy_bgn
 .text.drv_phy_on
                0x0300e380       0x14 icomlib.a(drv_phy.o)
                0x0300e380                drv_phy_on
 .text.drv_phy_cali_ro_iqcal_o
                0x0300e394        0xc icomlib.a(drv_phy.o)
                0x0300e394                drv_phy_cali_ro_iqcal_o
 .text.drv_phy_cali_papd_div
                0x0300e3a0       0x84 icomlib.a(drv_phy.o)
                0x0300e3a0                drv_phy_cali_papd_div
 .text.drv_phy_cali_papd_gain_est
                0x0300e424      0x160 icomlib.a(drv_phy.o)
                0x0300e424                drv_phy_cali_papd_gain_est
 .text.drv_phy_cali_ph_wrap
                0x0300e584       0x1c icomlib.a(drv_phy.o)
                0x0300e584                drv_phy_cali_ph_wrap
 .text.drv_phy_cali_papd
                0x0300e5a0      0x5a4 icomlib.a(drv_phy.o)
                0x0300e5a0                drv_phy_cali_papd
 .text.drv_phy_reg_init
                0x0300eb44       0xd0 icomlib.a(drv_phy.o)
                0x0300eb44                drv_phy_reg_init
 .text.drv_phy_cali_rtbl_load
                0x0300ec14       0x5c icomlib.a(drv_phy.o)
                0x0300ec14                drv_phy_cali_rtbl_load
 .text.phy_cali_config_load
                0x0300ec70      0x124 icomlib.a(drv_phy.o)
                0x0300ec70                phy_cali_config_load
 .text.drv_phy_cali_rtbl_load_def
                0x0300ed94       0x5c icomlib.a(drv_phy.o)
                0x0300ed94                drv_phy_cali_rtbl_load_def
 .text.drv_phy_cali_rtbl_reset
                0x0300edf0       0x5c icomlib.a(drv_phy.o)
                0x0300edf0                drv_phy_cali_rtbl_reset
 .text.drv_phy_cali_rtbl_set
                0x0300ee4c       0x5c icomlib.a(drv_phy.o)
                0x0300ee4c                drv_phy_cali_rtbl_set
 .text.drv_phy_cali_rtbl_export
                0x0300eea8        0x4 icomlib.a(drv_phy.o)
                0x0300eea8                drv_phy_cali_rtbl_export
 .text.drv_phy_init_cali
                0x0300eeac       0xc4 icomlib.a(drv_phy.o)
                0x0300eeac                drv_phy_init_cali
 .text.drv_phy_evm_tk
                0x0300ef70       0x5c icomlib.a(drv_phy.o)
                0x0300ef70                drv_phy_evm_tk
 .text.drv_phy_tone_tk
                0x0300efcc       0x38 icomlib.a(drv_phy.o)
                0x0300efcc                drv_phy_tone_tk
 .text          0x0300f004        0x0 icomlib.a(drv_pktbuf_slow)
 .text.ssv6xxx_pbuf_dump_reg
                0x0300f004      0x4d0 icomlib.a(drv_pktbuf_slow)
                0x0300f004                ssv6xxx_pbuf_dump_reg
 .text          0x0300f4d4        0x0 icomlib.a(hash_alg.o)
 .text          0x0300f4d4        0x0 icomlib.a(hmac_md5.o)
 .text          0x0300f4d4        0x0 icomlib.a(hmac_sha1.o)
 .text          0x0300f4d4        0x0 icomlib.a(ieee80211_mgmt.)
 .text.process_thread_scan_channel_process
                0x0300f4d4       0xd8 icomlib.a(ieee80211_mgmt.)
 .text.process_thread_beacon_process
                0x0300f5ac      0x25c icomlib.a(ieee80211_mgmt.)
 .text.addAvailableIndex
                0x0300f808       0x3c icomlib.a(ieee80211_mgmt.)
                0x0300f808                addAvailableIndex
 .text.reset_AvailableIndex
                0x0300f844       0x14 icomlib.a(ieee80211_mgmt.)
                0x0300f844                reset_AvailableIndex
 .text.is_action
                0x0300f858       0x14 icomlib.a(ieee80211_mgmt.)
                0x0300f858                is_action
 .text.htinfo_detect
                0x0300f86c       0x74 icomlib.a(ieee80211_mgmt.)
                0x0300f86c                htinfo_detect
 .text.tx_probe_req
                0x0300f8e0      0x190 icomlib.a(ieee80211_mgmt.)
                0x0300f8e0                tx_probe_req
 .text.tx_authentication_req_seq1
                0x0300fa70      0x168 icomlib.a(ieee80211_mgmt.)
                0x0300fa70                tx_authentication_req_seq1
 .text.tx_authentication_req_seq3
                0x0300fbd8      0x128 icomlib.a(ieee80211_mgmt.)
                0x0300fbd8                tx_authentication_req_seq3
 .text.tx_deauthentication_req
                0x0300fd00       0xcc icomlib.a(ieee80211_mgmt.)
                0x0300fd00                tx_deauthentication_req
 .text.tx_association_req
                0x0300fdcc      0x218 icomlib.a(ieee80211_mgmt.)
                0x0300fdcc                tx_association_req
 .text.tx_deassociation_req
                0x0300ffe4      0x110 icomlib.a(ieee80211_mgmt.)
                0x0300ffe4                tx_deassociation_req
 .text.tx_action_BA_rsp
                0x030100f4       0xec icomlib.a(ieee80211_mgmt.)
                0x030100f4                tx_action_BA_rsp
 .text.rx_probe_rsp
                0x030101e0      0x378 icomlib.a(ieee80211_mgmt.)
                0x030101e0                rx_probe_rsp
 .text.rx_authentication_rsp
                0x03010558      0x1c0 icomlib.a(ieee80211_mgmt.)
                0x03010558                rx_authentication_rsp
 .text.rx_association_rsp
                0x03010718       0x78 icomlib.a(ieee80211_mgmt.)
                0x03010718                rx_association_rsp
 .text.rx_action_rsp
                0x03010790       0x24 icomlib.a(ieee80211_mgmt.)
                0x03010790                rx_action_rsp
 .text.rx_disassoc_rsp
                0x030107b4       0x94 icomlib.a(ieee80211_mgmt.)
                0x030107b4                rx_disassoc_rsp
 .text.rx_deauth_rsp
                0x03010848       0x94 icomlib.a(ieee80211_mgmt.)
                0x03010848                rx_deauth_rsp
 .text.calculateSignalLevel
                0x030108dc       0x44 icomlib.a(ieee80211_mgmt.)
                0x030108dc                calculateSignalLevel
 .text.startrecordAP
                0x03010920       0x14 icomlib.a(ieee80211_mgmt.)
                0x03010920                startrecordAP
 .text.stoprecordAP
                0x03010934       0x14 icomlib.a(ieee80211_mgmt.)
                0x03010934                stoprecordAP
 .text.removeAP_fromlist
                0x03010948       0xe0 icomlib.a(ieee80211_mgmt.)
                0x03010948                removeAP_fromlist
 .text.bss_mgmt_reboot
                0x03010a28       0x60 icomlib.a(ieee80211_mgmt.)
                0x03010a28                bss_mgmt_reboot
 .text.bss_mgmt_scan
                0x03010a88       0x40 icomlib.a(ieee80211_mgmt.)
                0x03010a88                bss_mgmt_scan
 .text.bss_mgmt_scan_custom
                0x03010ac8       0x34 icomlib.a(ieee80211_mgmt.)
                0x03010ac8                bss_mgmt_scan_custom
 .text.bss_mgmt_connect
                0x03010afc       0x78 icomlib.a(ieee80211_mgmt.)
                0x03010afc                bss_mgmt_connect
 .text.bss_mgmt_disconnect
                0x03010b74       0x68 icomlib.a(ieee80211_mgmt.)
                0x03010b74                bss_mgmt_disconnect
 .text.bss_mgmt_init
                0x03010bdc       0xd4 icomlib.a(ieee80211_mgmt.)
                0x03010bdc                bss_mgmt_init
 .text.startscanchannel
                0x03010cb0       0x1c icomlib.a(ieee80211_mgmt.)
                0x03010cb0                startscanchannel
 .text.stopscanchannel
                0x03010ccc       0x14 icomlib.a(ieee80211_mgmt.)
                0x03010ccc                stopscanchannel
 .text.recordAP
                0x03010ce0       0xc0 icomlib.a(ieee80211_mgmt.)
                0x03010ce0                recordAP
 .text.removeAP
                0x03010da0       0xdc icomlib.a(ieee80211_mgmt.)
                0x03010da0                removeAP
 .text.process_thread_bss_reconnect_process
                0x03010e7c      0x554 icomlib.a(ieee80211_mgmt.)
 .text.bss_nslookup
                0x030113d0       0x3c icomlib.a(ieee80211_mgmt.)
                0x030113d0                bss_nslookup
 .text          0x0301140c        0x0 icomlib.a(irq.o)
 .text.irq_request
                0x0301140c      0x1c0 icomlib.a(irq.o)
                0x0301140c                irq_request
 .text.irq_init
                0x030115cc       0xb0 icomlib.a(irq.o)
                0x030115cc                irq_init
 .text          0x0301167c        0x0 icomlib.a(netstack.o)
 .text.netstack_init
                0x0301167c       0x38 icomlib.a(netstack.o)
                0x0301167c                netstack_init
 .text          0x030116b4        0x0 icomlib.a(sha1.o)
 .text          0x030116b4        0x0 icomlib.a(wpa.o)
 .text.wpa_derive_ptk
                0x030116b4       0xf4 icomlib.a(wpa.o)
 .text.init_wpa_ctx
                0x030117a8       0x48 icomlib.a(wpa.o)
                0x030117a8                init_wpa_ctx
 .text.init_AP_wpa_ctx
                0x030117f0       0xec icomlib.a(wpa.o)
                0x030117f0                init_AP_wpa_ctx
 .text.get_oui_subtype
                0x030118dc       0x50 icomlib.a(wpa.o)
                0x030118dc                get_oui_subtype
 .text.find_group_oui
                0x0301192c       0x20 icomlib.a(wpa.o)
                0x0301192c                find_group_oui
 .text.find_pairwise_oui_for_autoScan
                0x0301194c       0x80 icomlib.a(wpa.o)
                0x0301194c                find_pairwise_oui_for_autoScan
 .text.find_pairwise_oui
                0x030119cc       0xf0 icomlib.a(wpa.o)
                0x030119cc                find_pairwise_oui
 .text.find_akm_oui
                0x03011abc       0xe4 icomlib.a(wpa.o)
                0x03011abc                find_akm_oui
 .text.sec80211_detect
                0x03011ba0      0x14c icomlib.a(wpa.o)
                0x03011ba0                sec80211_detect
 .text.sec80211_detect_for_autoScan
                0x03011cec       0xe4 icomlib.a(wpa.o)
                0x03011cec                sec80211_detect_for_autoScan
 .text.pack_wpa2
                0x03011dd0       0x40 icomlib.a(wpa.o)
                0x03011dd0                pack_wpa2
 .text.cal_mic  0x03011e10       0x68 icomlib.a(wpa.o)
                0x03011e10                cal_mic
 .text.check_mic
                0x03011e78       0x74 icomlib.a(wpa.o)
                0x03011e78                check_mic
 .text.decrypt_keydata
                0x03011eec       0xb4 icomlib.a(wpa.o)
                0x03011eec                decrypt_keydata
 .text.install_key
                0x03011fa0       0x9c icomlib.a(wpa.o)
                0x03011fa0                install_key
 .text.InitPacketbuffer
                0x0301203c       0x6c icomlib.a(wpa.o)
                0x0301203c                InitPacketbuffer
 .text.tx_wpa_2_of_4
                0x030120a8      0x110 icomlib.a(wpa.o)
                0x030120a8                tx_wpa_2_of_4
 .text.rx_wpa_1_of_4
                0x030121b8       0x5c icomlib.a(wpa.o)
                0x030121b8                rx_wpa_1_of_4
 .text.tx_wpa_4_of_4
                0x03012214      0x140 icomlib.a(wpa.o)
                0x03012214                tx_wpa_4_of_4
 .text.rx_wpa_3_of_4
                0x03012354      0x1ac icomlib.a(wpa.o)
                0x03012354                rx_wpa_3_of_4
 .text.rx_wpa_1_of_2
                0x03012500      0x1b8 icomlib.a(wpa.o)
                0x03012500                rx_wpa_1_of_2
 .text.tx_wpa_1_of_4
                0x030126b8       0xcc icomlib.a(wpa.o)
                0x030126b8                tx_wpa_1_of_4
 .text.rx_wpa_2_of_4
                0x03012784      0x1d8 icomlib.a(wpa.o)
                0x03012784                rx_wpa_2_of_4
 .text.tx_wpa_3_of_4
                0x0301295c      0x1c8 icomlib.a(wpa.o)
                0x0301295c                tx_wpa_3_of_4
 .text          0x03012b24        0x0 icomlib.a(sys_status_api.)
 .text.get_local_mac
                0x03012b24       0x38 icomlib.a(sys_status_api.)
                0x03012b24                get_local_mac
 .text.get_connectAP_mac
                0x03012b5c       0x38 icomlib.a(sys_status_api.)
                0x03012b5c                get_connectAP_mac
 .text.get_wifi_connect_status
                0x03012b94       0x10 icomlib.a(sys_status_api.)
                0x03012b94                get_wifi_connect_status
 .text.get_wifi_connected
                0x03012ba4       0x10 icomlib.a(sys_status_api.)
                0x03012ba4                get_wifi_connected
 .text.get_ap_lsit_total_num
                0x03012bb4        0x4 icomlib.a(sys_status_api.)
                0x03012bb4                get_ap_lsit_total_num
 .text.set_nslookup
                0x03012bb8        0x4 icomlib.a(sys_status_api.)
                0x03012bb8                set_nslookup
 .text.set_slink_ready_and_ack
                0x03012bbc        0x4 icomlib.a(sys_status_api.)
                0x03012bbc                set_slink_ready_and_ack
 .text          0x03012bc0        0x0 icomlib.a(arc4.o)
 .text          0x03012bc0        0x0 icomlib.a(md5.o)
 .text.Encode   0x03012bc0       0x48 icomlib.a(md5.o)
 .text.MD5Transform
                0x03012c08      0xa54 icomlib.a(md5.o)
 .text          0x0301365c        0x0 icomlib.a(wep.o)
 .text.crc32_le.constprop.0
                0x0301365c       0x50 icomlib.a(wep.o)
 .text.getAuthChallengeTextLen
                0x030136ac       0x10 icomlib.a(wep.o)
                0x030136ac                getAuthChallengeTextLen
 .text.getAuthAlgNum
                0x030136bc       0x10 icomlib.a(wep.o)
                0x030136bc                getAuthAlgNum
 .text.getAuthSeqNum
                0x030136cc       0x10 icomlib.a(wep.o)
                0x030136cc                getAuthSeqNum
 .text.getAuthStatus
                0x030136dc       0x10 icomlib.a(wep.o)
                0x030136dc                getAuthStatus
 .text.SetAuthChallengeText
                0x030136ec       0x30 icomlib.a(wep.o)
                0x030136ec                SetAuthChallengeText
 .text.SetAuthChallengeTextLen
                0x0301371c       0x18 icomlib.a(wep.o)
                0x0301371c                SetAuthChallengeTextLen
 .text.SetAuthAlgNum
                0x03013734       0x10 icomlib.a(wep.o)
                0x03013734                SetAuthAlgNum
 .text.setAuthSeqNum
                0x03013744       0x10 icomlib.a(wep.o)
                0x03013744                setAuthSeqNum
 .text.setAuthStatus
                0x03013754       0x10 icomlib.a(wep.o)
                0x03013754                setAuthStatus
 .text.setKeyAndIV
                0x03013764       0x48 icomlib.a(wep.o)
                0x03013764                setKeyAndIV
 .text.saveAftEncData
                0x030137ac       0x84 icomlib.a(wep.o)
                0x030137ac                saveAftEncData
 .text.setBefEncData
                0x03013830       0x84 icomlib.a(wep.o)
                0x03013830                setBefEncData
 .text.getEncDecData
                0x030138b4       0xbc icomlib.a(wep.o)
                0x030138b4                getEncDecData
 .text.encDecSrcData
                0x03013970       0xa4 icomlib.a(wep.o)
                0x03013970                encDecSrcData
 .text.initKeyAndIV
                0x03013a14       0x2c icomlib.a(wep.o)
                0x03013a14                initKeyAndIV
 .text.randIV   0x03013a40       0x3c icomlib.a(wep.o)
                0x03013a40                randIV
 .text.savePassToTotalKey
                0x03013a7c      0x180 icomlib.a(wep.o)
                0x03013a7c                savePassToTotalKey
 .text.initWEP  0x03013bfc       0x80 icomlib.a(wep.o)
                0x03013bfc                initWEP
 .text.clearParaWithWEP
                0x03013c7c       0x24 icomlib.a(wep.o)
                0x03013c7c                clearParaWithWEP
 .text          0x03013ca0        0x0 icomlib.a(autostart.o)
 .text.autostart_start
                0x03013ca0       0x24 icomlib.a(autostart.o)
                0x03013ca0                autostart_start
 .text.autostart_exit
                0x03013cc4       0x20 icomlib.a(autostart.o)
                0x03013cc4                autostart_exit
 .text          0x03013ce4        0x0 icomlib.a(shell-ping.o)
 .text.process_thread_shell_ping_process
                0x03013ce4      0x250 icomlib.a(shell-ping.o)
 .text.ping_start
                0x03013f34       0x34 icomlib.a(shell-ping.o)
                0x03013f34                ping_start
 .text          0x03013f68        0x0 icomlib.a(random.o)
 .text.random_init
                0x03013f68        0x4 icomlib.a(random.o)
                0x03013f68                random_init
 .text.random_rand
                0x03013f6c       0x14 icomlib.a(random.o)
                0x03013f6c                random_rand
 .text          0x03013f80        0x0 icomlib.a(airkiss.o)
 .text.airKissResult
                0x03013f80       0xd4 icomlib.a(airkiss.o)
                0x03013f80                airKissResult
 .text.airKissPrintVersion
                0x03014054       0x1c icomlib.a(airkiss.o)
                0x03014054                airKissPrintVersion
 .text.airKissInit
                0x03014070       0x20 icomlib.a(airkiss.o)
                0x03014070                airKissInit
 .text.SetAirkissStart
                0x03014090       0x40 icomlib.a(airkiss.o)
                0x03014090                SetAirkissStart
 .text.clearAirKissBuf
                0x030140d0       0x30 icomlib.a(airkiss.o)
                0x030140d0                clearAirKissBuf
 .text.resetAirkiss
                0x03014100       0x24 icomlib.a(airkiss.o)
                0x03014100                resetAirkiss
 .text.process_thread_airkiss_conf_process
                0x03014124      0x12c icomlib.a(airkiss.o)
 .text.initAirKiss
                0x03014250       0x50 icomlib.a(airkiss.o)
                0x03014250                initAirKiss
 .text          0x030142a0        0x0 icomlib.a(bsp_info.o)
 .text.bsp_get_boot_info
                0x030142a0       0xbc icomlib.a(bsp_info.o)
                0x030142a0                bsp_get_boot_info
 .text.get_boot_stack_fence
                0x0301435c       0x3c icomlib.a(bsp_info.o)
                0x0301435c                get_boot_stack_fence
 .text.bsp_get_mp_info
                0x03014398      0x534 icomlib.a(bsp_info.o)
                0x03014398                bsp_get_mp_info
 .text.bsp_get_define_info
                0x030148cc       0xc4 icomlib.a(bsp_info.o)
                0x030148cc                bsp_get_define_info
 .text.bsp_get_config_info
                0x03014990      0x374 icomlib.a(bsp_info.o)
                0x03014990                bsp_get_config_info
 .text          0x03014d04        0x0 icomlib.a(cfs-coffee.o)
 .text.load_file
                0x03014d04       0xa8 icomlib.a(cfs-coffee.o)
 .text.read_header
                0x03014dac       0x18 icomlib.a(cfs-coffee.o)
 .text.file_end
                0x03014dc4       0x94 icomlib.a(cfs-coffee.o)
 .text.write_header
                0x03014e58       0x24 icomlib.a(cfs-coffee.o)
 .text.next_file.isra.0
                0x03014e7c       0x2c icomlib.a(cfs-coffee.o)
 .text.find_file
                0x03014ea8       0xec icomlib.a(cfs-coffee.o)
 .text.find_contiguous_pages
                0x03014f94       0xe4 icomlib.a(cfs-coffee.o)
 .text.remove_by_page.isra.1
                0x03015078      0x118 icomlib.a(cfs-coffee.o)
 .text.reserve.constprop.3
                0x03015190      0x354 icomlib.a(cfs-coffee.o)
 .text.cfs_open
                0x030154e4       0xf0 icomlib.a(cfs-coffee.o)
                0x030154e4                cfs_open
 .text.cfs_close
                0x030155d4       0x44 icomlib.a(cfs-coffee.o)
                0x030155d4                cfs_close
 .text.cfs_seek
                0x03015618       0x94 icomlib.a(cfs-coffee.o)
                0x03015618                cfs_seek
 .text.cfs_remove
                0x030156ac       0x34 icomlib.a(cfs-coffee.o)
                0x030156ac                cfs_remove
 .text.cfs_read
                0x030156e0       0x9c icomlib.a(cfs-coffee.o)
                0x030156e0                cfs_read
 .text.cfs_write
                0x0301577c      0x298 icomlib.a(cfs-coffee.o)
                0x0301577c                cfs_write
 .text.cfs_opendir
                0x03015a14       0x18 icomlib.a(cfs-coffee.o)
                0x03015a14                cfs_opendir
 .text.cfs_readdir
                0x03015a2c       0xe4 icomlib.a(cfs-coffee.o)
                0x03015a2c                cfs_readdir
 .text.cfs_closedir
                0x03015b10        0x4 icomlib.a(cfs-coffee.o)
                0x03015b10                cfs_closedir
 .text.cfs_coffee_reserve
                0x03015b14       0x2c icomlib.a(cfs-coffee.o)
                0x03015b14                cfs_coffee_reserve
 .text.cfs_coffee_configure_log
                0x03015b40       0x9c icomlib.a(cfs-coffee.o)
                0x03015b40                cfs_coffee_configure_log
 .text.get_cabrio_fs_table_marker
                0x03015bdc       0x40 icomlib.a(cfs-coffee.o)
                0x03015bdc                get_cabrio_fs_table_marker
 .text.cfs_dbg_flash_dump_data
                0x03015c1c        0x4 icomlib.a(cfs-coffee.o)
                0x03015c1c                cfs_dbg_flash_dump_data
 .text.set_cabrio_fs_table_marker
                0x03015c20       0x14 icomlib.a(cfs-coffee.o)
                0x03015c20                set_cabrio_fs_table_marker
 .text.cfs_coffee_format
                0x03015c34       0x50 icomlib.a(cfs-coffee.o)
                0x03015c34                cfs_coffee_format
 .text.cfs_coffee_get_protected_mem
                0x03015c84       0x14 icomlib.a(cfs-coffee.o)
                0x03015c84                cfs_coffee_get_protected_mem
 .text          0x03015c98        0x0 icomlib.a(console.o)
 .text.console_init
                0x03015c98       0x5c icomlib.a(console.o)
                0x03015c98                console_init
 .text          0x03015cf4        0x0 icomlib.a(drv_gpio.o)
 .text.get_PAD_Addr
                0x03015cf4       0x28 icomlib.a(drv_gpio.o)
                0x03015cf4                get_PAD_Addr
 .text.drv_gpio_Output
                0x03015d1c      0x194 icomlib.a(drv_gpio.o)
                0x03015d1c                drv_gpio_Output
 .text.drv_gpio_Input
                0x03015eb0       0x88 icomlib.a(drv_gpio.o)
                0x03015eb0                drv_gpio_Input
 .text.drv_gpio_write
                0x03015f38       0x40 icomlib.a(drv_gpio.o)
                0x03015f38                drv_gpio_write
 .text.drv_gpio_read
                0x03015f78       0x34 icomlib.a(drv_gpio.o)
                0x03015f78                drv_gpio_read
 .text.drv_gpio_set_irq
                0x03015fac       0xfc icomlib.a(drv_gpio.o)
                0x03015fac                drv_gpio_set_irq
 .text.drv_gpio_func
                0x030160a8      0x1e8 icomlib.a(drv_gpio.o)
                0x030160a8                drv_gpio_func
 .text          0x03016290        0x0 icomlib.a(drv_pmu.o)
 .text.drv_pmu_setwake_cnt
                0x03016290       0x44 icomlib.a(drv_pmu.o)
                0x03016290                drv_pmu_setwake_cnt
 .text.drv_pmu_tu0
                0x030162d4       0x60 icomlib.a(drv_pmu.o)
                0x030162d4                drv_pmu_tu0
 .text.drv_pmu_tm0
                0x03016334       0x60 icomlib.a(drv_pmu.o)
                0x03016334                drv_pmu_tm0
 .text.drv_pmu_sleep
                0x03016394      0x260 icomlib.a(drv_pmu.o)
                0x03016394                drv_pmu_sleep
 .text.drv_pmu_init
                0x030165f4       0x40 icomlib.a(drv_pmu.o)
                0x030165f4                drv_pmu_init
 .text.drv_pmu_chk
                0x03016634       0x18 icomlib.a(drv_pmu.o)
                0x03016634                drv_pmu_chk
 .text.drv_pmu_check_interupt_event
                0x0301664c       0x20 icomlib.a(drv_pmu.o)
                0x0301664c                drv_pmu_check_interupt_event
 .text          0x0301666c        0x0 icomlib.a(drv_wdog.o)
 .text.drv_wdog_reboot
                0x0301666c       0x48 icomlib.a(drv_wdog.o)
                0x0301666c                drv_wdog_reboot
 .text.drv_wdog_period_5000ms
                0x030166b4       0x50 icomlib.a(drv_wdog.o)
                0x030166b4                drv_wdog_period_5000ms
 .text.drv_wdog_period_10000ms
                0x03016704       0x50 icomlib.a(drv_wdog.o)
                0x03016704                drv_wdog_period_10000ms
 .text.drv_wdog_period_cutommed
                0x03016754       0x48 icomlib.a(drv_wdog.o)
                0x03016754                drv_wdog_period_cutommed
 .text.drv_wdog_stop
                0x0301679c       0x40 icomlib.a(drv_wdog.o)
                0x0301679c                drv_wdog_stop
 .text          0x030167dc        0x0 icomlib.a(fence.o)
 .text.do_fence
                0x030167dc       0x1c icomlib.a(fence.o)
                0x030167dc                do_fence
 .text.fence_init
                0x030167f8       0x28 icomlib.a(fence.o)
                0x030167f8                fence_init
 .text          0x03016820        0x0 icomlib.a(smartComm.o)
 .text.set_slink_ready_ack
                0x03016820       0x10 icomlib.a(smartComm.o)
                0x03016820                set_slink_ready_ack
 .text.enableSmartHwFilter
                0x03016830      0x220 icomlib.a(smartComm.o)
                0x03016830                enableSmartHwFilter
 .text.disableSmartHwFilter
                0x03016a50      0x248 icomlib.a(smartComm.o)
                0x03016a50                disableSmartHwFilter
 .text.setSmartCmdStatus
                0x03016c98       0x1c icomlib.a(smartComm.o)
                0x03016c98                setSmartCmdStatus
 .text.disableSendToPhone
                0x03016cb4       0x14 icomlib.a(smartComm.o)
                0x03016cb4                disableSendToPhone
 .text.getSendToPhoneStatus
                0x03016cc8       0x10 icomlib.a(smartComm.o)
                0x03016cc8                getSendToPhoneStatus
 .text.enableSendToPhoneData
                0x03016cd8       0x14 icomlib.a(smartComm.o)
                0x03016cd8                enableSendToPhoneData
 .text.disableSendToPhoneData
                0x03016cec       0x14 icomlib.a(smartComm.o)
                0x03016cec                disableSendToPhoneData
 .text.setSmartPhoneIP
                0x03016d00       0x18 icomlib.a(smartComm.o)
                0x03016d00                setSmartPhoneIP
 .text.getPhoneMac
                0x03016d18       0x10 icomlib.a(smartComm.o)
                0x03016d18                getPhoneMac
 .text.setPhoneMAC
                0x03016d28       0x18 icomlib.a(smartComm.o)
                0x03016d28                setPhoneMAC
 .text.setPhoneData
                0x03016d40       0x20 icomlib.a(smartComm.o)
                0x03016d40                setPhoneData
 .text.sendMessageToPhone
                0x03016d60      0x124 icomlib.a(smartComm.o)
                0x03016d60                sendMessageToPhone
 .text.process_thread_smart_conf_ack
                0x03016e84       0x64 icomlib.a(smartComm.o)
 .text.smartSetIfconfigAndConnect
                0x03016ee8       0x38 icomlib.a(smartComm.o)
                0x03016ee8                smartSetIfconfigAndConnect
 .text.checkAndSetAPMac
                0x03016f20      0x130 icomlib.a(smartComm.o)
                0x03016f20                checkAndSetAPMac
 .text          0x03017050        0x0 icomlib.a(smartConf.o)
 .text.clearSmartLinkBuf
                0x03017050       0x74 icomlib.a(smartConf.o)
                0x03017050                clearSmartLinkBuf
 .text.clearAllSmartLinkBuf
                0x030170c4       0x48 icomlib.a(smartConf.o)
                0x030170c4                clearAllSmartLinkBuf
 .text.resetSmartLink
                0x0301710c       0x58 icomlib.a(smartConf.o)
                0x0301710c                resetSmartLink
 .text.process_thread_smart_conf_process
                0x03017164      0x17c icomlib.a(smartConf.o)
 .text.initSmartLink
                0x030172e0       0xe4 icomlib.a(smartConf.o)
                0x030172e0                initSmartLink
 .text          0x030173c4        0x0 icomlib.a(userSmart.o)
 .text.SET_FILTER_TABLE0
                0x030173c4       0x68 icomlib.a(userSmart.o)
                0x030173c4                SET_FILTER_TABLE0
 .text.SET_FILTER_TABLE1
                0x0301742c       0x88 icomlib.a(userSmart.o)
                0x0301742c                SET_FILTER_TABLE1
 .text.SET_FILTER_TABLE2
                0x030174b4       0xa0 icomlib.a(userSmart.o)
                0x030174b4                SET_FILTER_TABLE2
 .text.SET_FILTER_TABLE3
                0x03017554       0xc4 icomlib.a(userSmart.o)
                0x03017554                SET_FILTER_TABLE3
 .text.rejectAllFrame
                0x03017618      0x20c icomlib.a(userSmart.o)
                0x03017618                rejectAllFrame
 .text.AutoScanAP
                0x03017824        0x4 icomlib.a(userSmart.o)
                0x03017824                AutoScanAP
 .text.userSmartSetChannel
                0x03017828       0x38 icomlib.a(userSmart.o)
                0x03017828                userSmartSetChannel
 .text.SetUserReceFilter
                0x03017860       0x48 icomlib.a(userSmart.o)
                0x03017860                SetUserReceFilter
 .text.EnableUserReceFilter
                0x030178a8       0xa4 icomlib.a(userSmart.o)
                0x030178a8                EnableUserReceFilter
 .text.DisableUserReceFilter
                0x0301794c       0x3c icomlib.a(userSmart.o)
                0x0301794c                DisableUserReceFilter
 .text.SetCallBackFunction
                0x03017988       0x10 icomlib.a(userSmart.o)
                0x03017988                SetCallBackFunction
 .text.EnableCallBackFrame
                0x03017998       0x38 icomlib.a(userSmart.o)
                0x03017998                EnableCallBackFrame
 .text.DisableCallBackFrame
                0x030179d0       0x18 icomlib.a(userSmart.o)
                0x030179d0                DisableCallBackFrame
 .text.EnableUserSmartMode
                0x030179e8       0xa8 icomlib.a(userSmart.o)
                0x030179e8                EnableUserSmartMode
 .text.DisableUserSmartMode
                0x03017a90      0x11c icomlib.a(userSmart.o)
                0x03017a90                DisableUserSmartMode
 .text          0x03017bac        0x0 icomlib.a(ieee80211_mac.o)
 .text.off      0x03017bac       0x18 icomlib.a(ieee80211_mac.o)
 .text.channel_check_interval
                0x03017bc4        0x8 icomlib.a(ieee80211_mac.o)
 .text.init     0x03017bcc       0x14 icomlib.a(ieee80211_mac.o)
 .text.on       0x03017be0       0x1c icomlib.a(ieee80211_mac.o)
 .text.dump_data
                0x03017bfc       0x64 icomlib.a(ieee80211_mac.o)
                0x03017bfc                dump_data
 .text.data_decryt
                0x03017c60       0x80 icomlib.a(ieee80211_mac.o)
                0x03017c60                data_decryt
 .text          0x03017ce0        0x0 icomlib.a(drv_fence.o)
 .text.hwfence_init
                0x03017ce0       0x1c icomlib.a(drv_fence.o)
                0x03017ce0                hwfence_init
 .text.hwfence_start
                0x03017cfc       0x14 icomlib.a(drv_fence.o)
                0x03017cfc                hwfence_start
 .text          0x03017d10        0x0 icomlib.a(drv_mbox.o)
 .text.drv_mailbox_cpu_pri_ff
                0x03017d10       0x30 icomlib.a(drv_mbox.o)
                0x03017d10                drv_mailbox_cpu_pri_ff
 .text          0x03017d40        0x0 icomlib.a(EAPOL.o)
 .text.rx_process_wpa
                0x03017d40      0x190 icomlib.a(EAPOL.o)
                0x03017d40                rx_process_wpa
 .text.rx_process_eapol
                0x03017ed0       0x58 icomlib.a(EAPOL.o)
                0x03017ed0                rx_process_eapol
 .text.tx_eapol_start_req
                0x03017f28        0x4 icomlib.a(EAPOL.o)
                0x03017f28                tx_eapol_start_req
 .text          0x03017f2c        0x0 icomapps.a(atcmd.o)
 .text.process_thread_poll_tx_process
                0x03017f2c       0xa0 icomapps.a(atcmd.o)
 .text.process_thread_nslookup_process
                0x03017fcc       0xb4 icomapps.a(atcmd.o)
 .text.allocate_buffer_in
                0x03018080       0x40 icomapps.a(atcmd.o)
                0x03018080                allocate_buffer_in
 .text.process_thread_tcp_connect_process
                0x030180c0      0x260 icomapps.a(atcmd.o)
 .text.release_buffer_in
                0x03018320       0x30 icomapps.a(atcmd.o)
                0x03018320                release_buffer_in
 .text.allocate_buffer_out
                0x03018350       0x40 icomapps.a(atcmd.o)
                0x03018350                allocate_buffer_out
 .text.process_thread_http_request_process
                0x03018390      0x338 icomapps.a(atcmd.o)
 .text.release_buffer_out
                0x030186c8       0x30 icomapps.a(atcmd.o)
                0x030186c8                release_buffer_out
 .text.parseBuff2Param
                0x030186f8       0x94 icomapps.a(atcmd.o)
                0x030186f8                parseBuff2Param
 .text.At_EnableSmartReboot
                0x0301878c       0xa0 icomapps.a(atcmd.o)
                0x0301878c                At_EnableSmartReboot
 .text.At_EnableSmartMode
                0x0301882c       0x8c icomapps.a(atcmd.o)
                0x0301882c                At_EnableSmartMode
 .text.showDataRate
                0x030188b8       0x1c icomapps.a(atcmd.o)
                0x030188b8                showDataRate
 .text.securityString
                0x030188d4       0x1c icomapps.a(atcmd.o)
                0x030188d4                securityString
 .text.securitySubString
                0x030188f0       0x1c icomapps.a(atcmd.o)
                0x030188f0                securitySubString
 .text.At_Reboot
                0x0301890c       0x1c icomapps.a(atcmd.o)
                0x0301890c                At_Reboot
 .text.At_WatchDOG_Start
                0x03018928       0x30 icomapps.a(atcmd.o)
                0x03018928                At_WatchDOG_Start
 .text.At_WatchDOG_Stop
                0x03018958       0x30 icomapps.a(atcmd.o)
                0x03018958                At_WatchDOG_Stop
 .text.At_ProcessQueKill
                0x03018988       0x60 icomapps.a(atcmd.o)
                0x03018988                At_ProcessQueKill
 .text.At_ProcessKill
                0x030189e8       0x60 icomapps.a(atcmd.o)
                0x030189e8                At_ProcessKill
 .text.At_ProcessAllQueDump
                0x03018a48       0x34 icomapps.a(atcmd.o)
                0x03018a48                At_ProcessAllQueDump
 .text.At_ProcessAllDump
                0x03018a7c       0x34 icomapps.a(atcmd.o)
                0x03018a7c                At_ProcessAllDump
 .text.At_ShowNtpTime
                0x03018ab0       0x20 icomapps.a(atcmd.o)
                0x03018ab0                At_ShowNtpTime
 .text.At_ShowAllAP
                0x03018ad0       0xd8 icomapps.a(atcmd.o)
                0x03018ad0                At_ShowAllAP
 .text.At_ShowConnectAP
                0x03018ba8      0x140 icomapps.a(atcmd.o)
                0x03018ba8                At_ShowConnectAP
 .text.At_SetGpio
                0x03018ce8       0xdc icomapps.a(atcmd.o)
                0x03018ce8                At_SetGpio
 .text.At_WriteGpio
                0x03018dc4       0xbc icomapps.a(atcmd.o)
                0x03018dc4                At_WriteGpio
 .text.At_ReadGpio
                0x03018e80       0x9c icomapps.a(atcmd.o)
                0x03018e80                At_ReadGpio
 .text.At_ParserRecv
                0x03018f1c       0x4c icomapps.a(atcmd.o)
                0x03018f1c                At_ParserRecv
 .text.At_PowerOn
                0x03018f68       0x38 icomapps.a(atcmd.o)
                0x03018f68                At_PowerOn
 .text.At_RX    0x03018fa0       0x38 icomapps.a(atcmd.o)
                0x03018fa0                At_RX
 .text.At_TX    0x03018fd8       0x4c icomapps.a(atcmd.o)
                0x03018fd8                At_TX
 .text.At_PowerSaving
                0x03019024       0xdc icomapps.a(atcmd.o)
                0x03019024                At_PowerSaving
 .text.At_TCPChange_Timeout
                0x03019100       0x98 icomapps.a(atcmd.o)
                0x03019100                At_TCPChange_Timeout
 .text.At_TCPConnect
                0x03019198      0x150 icomapps.a(atcmd.o)
                0x03019198                At_TCPConnect
 .text.At_TCPSend
                0x030192e8      0x108 icomapps.a(atcmd.o)
                0x030192e8                At_TCPSend
 .text.At_TCPDisconnect
                0x030193f0       0x48 icomapps.a(atcmd.o)
                0x030193f0                At_TCPDisconnect
 .text.At_TCPListen
                0x03019438       0xd0 icomapps.a(atcmd.o)
                0x03019438                At_TCPListen
 .text.At_TCPUnlisten
                0x03019508       0xb4 icomapps.a(atcmd.o)
                0x03019508                At_TCPUnlisten
 .text.At_UDPCreate
                0x030195bc       0xd4 icomapps.a(atcmd.o)
                0x030195bc                At_UDPCreate
 .text.At_UDPSend
                0x03019690      0x124 icomapps.a(atcmd.o)
                0x03019690                At_UDPSend
 .text.At_UDPClose
                0x030197b4       0x6c icomapps.a(atcmd.o)
                0x030197b4                At_UDPClose
 .text.At_HTTPTest
                0x03019820      0x184 icomapps.a(atcmd.o)
                0x03019820                At_HTTPTest
 .text.At_HTTPTestStop
                0x030199a4       0x14 icomapps.a(atcmd.o)
                0x030199a4                At_HTTPTestStop
 .text.At_NSLookup
                0x030199b8       0x58 icomapps.a(atcmd.o)
                0x030199b8                At_NSLookup
 .text.At_SET_AP_SSID
                0x03019a10       0x58 icomapps.a(atcmd.o)
                0x03019a10                At_SET_AP_SSID
 .text.At_SET_AUTO_CONNECT
                0x03019a68       0x78 icomapps.a(atcmd.o)
                0x03019a68                At_SET_AUTO_CONNECT
 .text.At_SAVE_CONFIG
                0x03019ae0       0x34 icomapps.a(atcmd.o)
                0x03019ae0                At_SAVE_CONFIG
 .text.At_Clean_Lists
                0x03019b14       0x18 icomapps.a(atcmd.o)
                0x03019b14                At_Clean_Lists
 .text.At_AP    0x03019b2c       0x1c icomapps.a(atcmd.o)
                0x03019b2c                At_AP
 .text.At_SET_APCONFIG
                0x03019b48       0xac icomapps.a(atcmd.o)
                0x03019b48                At_SET_APCONFIG
 .text.At_AP_EXIT
                0x03019bf4       0x1c icomapps.a(atcmd.o)
                0x03019bf4                At_AP_EXIT
 .text.At_TestFlashErase
                0x03019c10       0xc8 icomapps.a(atcmd.o)
                0x03019c10                At_TestFlashErase
 .text.At_TestFlashWrite
                0x03019cd8       0xb8 icomapps.a(atcmd.o)
                0x03019cd8                At_TestFlashWrite
 .text.At_BenchFlashRead
                0x03019d90      0x10c icomapps.a(atcmd.o)
                0x03019d90                At_BenchFlashRead
 .text.At_BenchFlashWrite
                0x03019e9c      0x114 icomapps.a(atcmd.o)
                0x03019e9c                At_BenchFlashWrite
 .text.At_TestFlashRead
                0x03019fb0       0xa4 icomapps.a(atcmd.o)
                0x03019fb0                At_TestFlashRead
 .text.At_ParserInd
                0x0301a054       0xc0 icomapps.a(atcmd.o)
                0x0301a054                At_ParserInd
 .text.At_Parser
                0x0301a114      0xc58 icomapps.a(atcmd.o)
                0x0301a114                At_Parser
 .text          0x0301ad6c        0x0 icomapps.a(socket_app.o)
 .text.process_thread_discover_process
                0x0301ad6c      0x130 icomapps.a(socket_app.o)
 .text.otaProcessDisable
                0x0301ae9c       0x14 icomapps.a(socket_app.o)
                0x0301ae9c                otaProcessDisable
 .text.setRemoteMAC
                0x0301aeb0       0x48 icomapps.a(socket_app.o)
                0x0301aeb0                setRemoteMAC
 .text.setRrmoteIpAddress
                0x0301aef8       0x1c icomapps.a(socket_app.o)
                0x0301aef8                setRrmoteIpAddress
 .text.getCmdNum
                0x0301af14       0x88 icomapps.a(socket_app.o)
                0x0301af14                getCmdNum
 .text.smartTcpSend
                0x0301af9c       0x50 icomapps.a(socket_app.o)
                0x0301af9c                smartTcpSend
 .text.smartTcpConnect
                0x0301afec       0x74 icomapps.a(socket_app.o)
                0x0301afec                smartTcpConnect
 .text.smartTcpDisConnect
                0x0301b060       0x38 icomapps.a(socket_app.o)
                0x0301b060                smartTcpDisConnect
 .text.process_thread_tcp_client_smartProcess
                0x0301b098      0x1ac icomapps.a(socket_app.o)
 .text.process_thread_tcp_smartlink_process
                0x0301b244      0x1e4 icomapps.a(socket_app.o)
 .text.appUdpCreate
                0x0301b428       0x48 icomapps.a(socket_app.o)
                0x0301b428                appUdpCreate
 .text.appUdpSend
                0x0301b470       0x40 icomapps.a(socket_app.o)
                0x0301b470                appUdpSend
 .text.appUdpClose
                0x0301b4b0       0x2c icomapps.a(socket_app.o)
                0x0301b4b0                appUdpClose
 .text.checkCmdAndSendData
                0x0301b4dc      0x1f8 icomapps.a(socket_app.o)
                0x0301b4dc                checkCmdAndSendData
 .text.process_thread_udp_server_discoverProcess
                0x0301b6d4      0x170 icomapps.a(socket_app.o)
 .text          0x0301b844        0x0 icomapps.a(soft_ap_init.o)
 .text.softap_combine_ssid_mac
                0x0301b844       0x5c icomapps.a(soft_ap_init.o)
                0x0301b844                softap_combine_ssid_mac
 .text.softap_dump_dhcp_setting
                0x0301b8a0       0x88 icomapps.a(soft_ap_init.o)
                0x0301b8a0                softap_dump_dhcp_setting
 .text.softap_dhcp_init
                0x0301b928      0x130 icomapps.a(soft_ap_init.o)
                0x0301b928                softap_dhcp_init
 .text.softap_init_ex
                0x0301ba58       0xe8 icomapps.a(soft_ap_init.o)
                0x0301ba58                softap_init_ex
 .text.softap_init
                0x0301bb40       0x10 icomapps.a(soft_ap_init.o)
                0x0301bb40                softap_init
 .text          0x0301bb50        0x0 icomapps.a(tcp_server_demo)
 .text.process_thread_tcpServerDemo_process
                0x0301bb50      0x1ec icomapps.a(tcp_server_demo)
 .text.SetPWM   0x0301bd3c       0x38 icomapps.a(tcp_server_demo)
                0x0301bd3c                SetPWM
 .text.EnableLED
                0x0301bd74       0x44 icomapps.a(tcp_server_demo)
                0x0301bd74                EnableLED
 .text.DisableLED
                0x0301bdb8       0x40 icomapps.a(tcp_server_demo)
                0x0301bdb8                DisableLED
 .text.process_thread_led_blink_process
                0x0301bdf8       0xd4 icomapps.a(tcp_server_demo)
 .text.appTcpSend
                0x0301becc       0x50 icomapps.a(tcp_server_demo)
                0x0301becc                appTcpSend
 .text.TCPDataParser
                0x0301bf1c      0x104 icomapps.a(tcp_server_demo)
                0x0301bf1c                TCPDataParser
 .text.process_thread_tcp_server_demoProcess
                0x0301c020      0x188 icomapps.a(tcp_server_demo)
 .text          0x0301c1a8        0x0 icomapps.a(wifi_uart_demo.)
 .text.process_thread_wifiUartDemo_process
                0x0301c1a8      0x13c icomapps.a(wifi_uart_demo.)
 .text.process_thread_tcp_server_wifiUartProcess
                0x0301c2e4      0x1c4 icomapps.a(wifi_uart_demo.)
 .text.sampleAppTCPSend
                0x0301c4a8       0x84 icomapps.a(wifi_uart_demo.)
                0x0301c4a8                sampleAppTCPSend
 .text.sampleDataUartRead
                0x0301c52c       0x8c icomapps.a(wifi_uart_demo.)
                0x0301c52c                sampleDataUartRead
 .text          0x0301c5b8        0x0 icomapps.a(ota_api.o)
 .text.process_thread_auto_reboot_process
                0x0301c5b8       0xd8 icomapps.a(ota_api.o)
 .text.cal_ota_checksum
                0x0301c690       0x5c icomapps.a(ota_api.o)
                0x0301c690                cal_ota_checksum
 .text.downloadFinish
                0x0301c6ec      0x1c8 icomapps.a(ota_api.o)
                0x0301c6ec                downloadFinish
 .text.filesave_from_phone
                0x0301c8b4      0x174 icomapps.a(ota_api.o)
                0x0301c8b4                filesave_from_phone
 .text.OtaTcpConnect
                0x0301ca28       0x54 icomapps.a(ota_api.o)
                0x0301ca28                OtaTcpConnect
 .text.process_thread_tcp_client_otaProcess
                0x0301ca7c      0x2cc icomapps.a(ota_api.o)
 .text.OtaTcpDisConnect
                0x0301cd48       0x3c icomapps.a(ota_api.o)
                0x0301cd48                OtaTcpDisConnect
 .text.setOtaRrmoteIp
                0x0301cd84       0x24 icomapps.a(ota_api.o)
                0x0301cd84                setOtaRrmoteIp
 .text.clearOtaParameters
                0x0301cda8       0x38 icomapps.a(ota_api.o)
                0x0301cda8                clearOtaParameters
 .text.process_thread_ota_updateProcess
                0x0301cde0      0x20c icomapps.a(ota_api.o)
 .text          0x0301cfec        0x0 icomlib.a(pwm_api.o)
 .text.enableHwPWM
                0x0301cfec       0x30 icomlib.a(pwm_api.o)
                0x0301cfec                enableHwPWM
 .text.disableHwPWM
                0x0301d01c       0x10 icomlib.a(pwm_api.o)
                0x0301d01c                disableHwPWM
 .text          0x0301d02c        0x0 icomlib.a(serial_api.o)
 .text.SerialInit
                0x0301d02c       0x48 icomlib.a(serial_api.o)
                0x0301d02c                SerialInit
 .text.SerialConfig
                0x0301d074        0xc icomlib.a(serial_api.o)
                0x0301d074                SerialConfig
 .text.SerialDeinit
                0x0301d080       0x38 icomlib.a(serial_api.o)
                0x0301d080                SerialDeinit
 .text          0x0301d0b8        0x0 icomlib.a(drv_pwm.o)
 .text.drv_pwm_setduty
                0x0301d0b8       0x7c icomlib.a(drv_pwm.o)
                0x0301d0b8                drv_pwm_setduty
 .text.drv_pwm_init
                0x0301d134       0x4c icomlib.a(drv_pwm.o)
                0x0301d134                drv_pwm_init
 .text.drv_pwm_enable
                0x0301d180       0x14 icomlib.a(drv_pwm.o)
                0x0301d180                drv_pwm_enable
 .text.drv_pwm_deinit
                0x0301d194       0x38 icomlib.a(drv_pwm.o)
                0x0301d194                drv_pwm_deinit
 .text.drv_pwm_disable
                0x0301d1cc       0x14 icomlib.a(drv_pwm.o)
                0x0301d1cc                drv_pwm_disable
 .text          0x0301d1e0        0x0 contikilib.a(dhcp_process.o)
 .text.process_thread_dhcp_process
                0x0301d1e0      0x194 contikilib.a(dhcp_process.o)
 .text.replyAck
                0x0301d374       0x10 contikilib.a(dhcp_process.o)
                0x0301d374                replyAck
 .text.set_node_ip
                0x0301d384       0x90 contikilib.a(dhcp_process.o)
                0x0301d384                set_node_ip
 .text.ip_configure
                0x0301d414       0x10 contikilib.a(dhcp_process.o)
                0x0301d414                ip_configure
 .text.dhcp_configure
                0x0301d424       0xb0 contikilib.a(dhcp_process.o)
                0x0301d424                dhcp_configure
 .text          0x0301d4d4        0x0 contikilib.a(dhcps.o)
 .text.unlikely.find_option
                0x0301d4d4       0x60 contikilib.a(dhcps.o)
 .text.create_msg
                0x0301d534       0x8c contikilib.a(dhcps.o)
 .text.add_lease_time
                0x0301d5c0       0x68 contikilib.a(dhcps.o)
 .text.add_config
                0x0301d628       0xa8 contikilib.a(dhcps.o)
 .text.unlikely.lookup_lease_ip
                0x0301d6d0      0x170 contikilib.a(dhcps.o)
 .text.get_leased_mac
                0x0301d840      0x248 contikilib.a(dhcps.o)
 .text.send_nack
                0x0301da88       0x98 contikilib.a(dhcps.o)
 .text.dhcp_dump_info
                0x0301db20       0xc4 contikilib.a(dhcps.o)
                0x0301db20                dhcp_dump_info
 .text.init_lease
                0x0301dbe4       0x20 contikilib.a(dhcps.o)
                0x0301dbe4                init_lease
 .text.process_thread_dhcp_server_process
                0x0301dc04      0x968 contikilib.a(dhcps.o)
 .text.release_address_by_mac
                0x0301e56c       0xc8 contikilib.a(dhcps.o)
                0x0301e56c                release_address_by_mac
 .text.dhcps_init
                0x0301e634       0x7c contikilib.a(dhcps.o)
                0x0301e634                dhcps_init
 .text.dhcps_exit
                0x0301e6b0        0xc contikilib.a(dhcps.o)
                0x0301e6b0                dhcps_exit
 .text          0x0301e6bc        0x0 contikilib.a(resolv.o)
 .text.skip_name
                0x0301e6bc       0x2c contikilib.a(resolv.o)
 .text.resolv_found.isra.0
                0x0301e6e8       0x18 contikilib.a(resolv.o)
 .text.process_thread_resolv_process
                0x0301e700      0x548 contikilib.a(resolv.o)
 .text.resolv_query
                0x0301ec48      0x150 contikilib.a(resolv.o)
                0x0301ec48                resolv_query
 .text.resolv_lookup
                0x0301ed98       0xdc contikilib.a(resolv.o)
                0x0301ed98                resolv_lookup
 .text.resolv_getserver
                0x0301ee74        0xc contikilib.a(resolv.o)
                0x0301ee74                resolv_getserver
 .text.resolv_conf
                0x0301ee80       0x1c contikilib.a(resolv.o)
                0x0301ee80                resolv_conf
 .text          0x0301ee9c        0x0 contikilib.a(simple-udp.o)
 .text.process_thread_simple_udp_process
                0x0301ee9c      0x14c contikilib.a(simple-udp.o)
 .text.simple_udp_send
                0x0301efe8       0x48 contikilib.a(simple-udp.o)
                0x0301efe8                simple_udp_send
 .text.simple_udp_sendto
                0x0301f030       0x44 contikilib.a(simple-udp.o)
                0x0301f030                simple_udp_sendto
 .text.simple_udp_sendto_port
                0x0301f074       0x40 contikilib.a(simple-udp.o)
                0x0301f074                simple_udp_sendto_port
 .text.simple_udp_register
                0x0301f0b4       0xcc contikilib.a(simple-udp.o)
                0x0301f0b4                simple_udp_register
 .text          0x0301f180        0x0 contikilib.a(uip_arp.o)
 .text.send_arp_request
                0x0301f180       0xf0 contikilib.a(uip_arp.o)
 .text.process_thread_get_gatewaymac_process
                0x0301f270       0xcc contikilib.a(uip_arp.o)
 .text.uip_arp_print
                0x0301f33c       0x80 contikilib.a(uip_arp.o)
                0x0301f33c                uip_arp_print
 .text.uip_arp_delete
                0x0301f3bc       0xac contikilib.a(uip_arp.o)
                0x0301f3bc                uip_arp_delete
 .text.uip_arp_init
                0x0301f468       0x84 contikilib.a(uip_arp.o)