Archive member included because of file (symbol)

icomlib.a(etimer.o)           ssv6060-main.o (etimer_set)
icomlib.a(printf.o)           ssv6060-main.o (printf)
icomlib.a(process.o)          icomlib.a(etimer.o) (process_post)
icomlib.a(strformat.o)        icomlib.a(printf.o) (format_str_v)
icomlib.a(timer.o)            icomlib.a(etimer.o) (timer_set)
icomlib.a(boot-hiflying.o)    /tmp/cceJ5d5Y.o (boot_main)
icomlib.a(clock.o)            icomlib.a(etimer.o) (clock_time)
icomlib.a(contiki-main.o)     icomlib.a(boot-hiflying.o) (main)
icomlib.a(debug-uart.o)       icomlib.a(printf.o) (dbg_send_bytes)
icomlib.a(gpio_api.o)         ssv6060-main.o (pinMode)
icomlib.a(drv_timer.o)        icomlib.a(clock.o) (hwtmr_start)
icomlib.a(drv_uart.o)         icomlib.a(debug-uart.o) (drv_uart_tx)
icomlib.a(hw_init.o)          icomlib.a(drv_uart.o) (ssv_delay)
icomlib.a(hw_regs_api.o)      icomlib.a(hw_init.o) (hw_reg_write)
icomlib.a(ssv_lib.o)          icomlib.a(printf.o) (strlen)
icomlib.a(swpwm.o)            icomlib.a(clock.o) (initSwPWM)
icomlib.a(systemconf.o)       icomlib.a(clock.o) (gwifistatus)
icomlib.a(wdog_api.o)         icomlib.a(contiki-main.o) (watchdog_process)
icomlib.a(xmem.o)             icomlib.a(contiki-main.o) (cabrio_flash_init)
icomlib.a(bsp.o)              icomlib.a(hw_init.o) (set_mrx_filter_sta)
icomlib.a(crypthw.o)          icomlib.a(hw_init.o) (g_soc_table)
icomlib.a(dbg-atcmd-api.o)    icomlib.a(hw_init.o) (UpdateConf)
icomlib.a(drv_mac.o)          icomlib.a(dbg-atcmd-api.o) (SET_STA_MAC)
icomlib.a(drv_phy.o)          icomlib.a(hw_init.o) (drv_phy_init)
icomlib.a(drv_pktbuf.o)       icomlib.a(dbg-atcmd-api.o) (setpacketbuf_len)
icomlib.a(drv_pktbuf_slow)    icomlib.a(drv_pktbuf.o) (ssv6xxx_pbuf_dump_reg)
icomlib.a(ieee80211_mgmt.)    icomlib.a(systemconf.o) (reset_AvailableIndex)
icomlib.a(ieee80211_rdc.o)    icomlib.a(dbg-atcmd-api.o) (ieee80211_rdc)
icomlib.a(irq.o)              icomlib.a(wdog_api.o) (irq_mask_disable)
icomlib.a(netstack.o)         icomlib.a(contiki-main.o) (netstack_init)
icomlib.a(powersave.o)        icomlib.a(ieee80211_mgmt.) (is_waketime_alive)
icomlib.a(rate_control.o)     icomlib.a(ieee80211_mgmt.) (init_ratecontrol)
icomlib.a(soft_ap.o)          icomlib.a(bsp.o) (softap_get_sta_connected)
icomlib.a(ssv6200_rx.o)       icomlib.a(powersave.o) (is_tx_active)
icomlib.a(ssvradio.o)         icomlib.a(ssv6200_rx.o) (ssv6200_radio_retrans)
icomlib.a(wpa.o)              icomlib.a(ieee80211_mgmt.) (init_wpa_ctx)
icomlib.a(AES_decrypt.o)      icomlib.a(wpa.o) (aes_wrap)
icomlib.a(arc4.o)             icomlib.a(wpa.o) (arc4_skip)
icomlib.a(wep.o)              icomlib.a(ieee80211_mgmt.) (getAuthChallengeTextLen)
icomlib.a(autostart.o)        icomlib.a(contiki-main.o) (autostart_start)
icomlib.a(random.o)           icomlib.a(clock.o) (random_init)
icomlib.a(airkiss.o)          icomlib.a(ieee80211_mgmt.) (clearAirKissBuf)
icomlib.a(atcmd_icomm.o)      icomlib.a(contiki-main.o) (at_cmd_start)
icomlib.a(bsp_info.o)         icomlib.a(contiki-main.o) (bsp_get_boot_info)
icomlib.a(cfs-coffee.o)       icomlib.a(systemconf.o) (cfs_open)
icomlib.a(console.o)          icomlib.a(contiki-main.o) (console_init)
icomlib.a(drv_flash.o)        icomlib.a(systemconf.o) (drv_flash_get_cache_addr)
icomlib.a(drv_gpio.o)         icomlib.a(swpwm.o) (get_PAD_Addr)
icomlib.a(drv_pmu.o)          icomlib.a(powersave.o) (drv_pmu_powersave_mode)
icomlib.a(drv_wdog.o)         icomlib.a(wdog_api.o) (drv_wdog_reboot)
icomlib.a(fence.o)            icomlib.a(bsp.o) (fence_init)
icomlib.a(flash_api.o)        icomlib.a(systemconf.o) (spi_flash_sector_erase)
icomlib.a(smartComm.o)        icomlib.a(airkiss.o) (enableSmartHwFilter)
icomlib.a(smartConf.o)        icomlib.a(ieee80211_mgmt.) (clearSmartLinkBuf)
icomlib.a(ssv_lib_slow.o)     icomlib.a(dbg-atcmd-api.o) (mac_atoi)
icomlib.a(userSmart.o)        icomlib.a(ssv6200_rx.o) (rx_process_userSmart)
icomlib.a(hash_alg.o)         icomlib.a(wpa.o) (hmac_md5_cal)
icomlib.a(hmac_md5.o)         icomlib.a(hash_alg.o) (hmac_md5_init)
icomlib.a(hmac_sha1.o)        icomlib.a(hash_alg.o) (hmac_sha1_init)
icomlib.a(ieee80211_mac.o)    icomlib.a(ieee80211_mgmt.) (rx_skb)
icomlib.a(ieee80211_net.o)    icomlib.a(netstack.o) (ieee80211_net)
icomlib.a(sha1.o)             icomlib.a(hmac_sha1.o) (sha1hw_init)
icomlib.a(ssv6200_tx.o)       icomlib.a(ssvradio.o) (ssv6200_transmit)
icomlib.a(sys_status_api.)    icomlib.a(atcmd_icomm.o) (get_local_mac)
icomlib.a(md5.o)              icomlib.a(hmac_md5.o) (MD5Init)
icomlib.a(shell-ping.o)       icomlib.a(atcmd_icomm.o) (ping_start)
icomlib.a(drv_fence.o)        icomlib.a(fence.o) (hwfence_init)
icomlib.a(drv_mbox.o)         icomlib.a(ssv6200_tx.o) (drv_mailbox_cpu_ff)
icomlib.a(EAPOL.o)            icomlib.a(ieee80211_net.o) (rx_process_eapol)
icomapps.a(atcmd.o)           icomlib.a(atcmd_icomm.o) (At_ParserInd)
icomapps.a(socket_app.o)      icomlib.a(smartComm.o) (setRemoteMAC)
[...]
Memory Configuration

Name             Origin             Length             Attributes
flash            0x03000000         0x00080000         xr
ram              0x02000000         0x00030000         xrw
*default*        0x00000000         0xffffffff

Linker script and memory map

                0x00080000                _flash_size_ = 0x80000
                0x00030000                _ram_size_ = 0x30000
                0x0202fffc                __stack_end__ = ((ORIGIN (ram) + 0x30000) - 0x4)
                0x00004000                _boot_size = 0x4000
                0x03000000                . = ORIGIN (flash)
                0x03000000                _sitxt0 = .

startup         0x03000000      0x1e0
 *(.startup1)
 .startup1      0x03000000       0x50 /tmp/cceJ5d5Y.o
 *(.startup2)
 .startup2      0x03000050      0x184 /tmp/cceJ5d5Y.o
                0x03000194                endless_loop
                0x030001e0                . = ALIGN (0x10)
 *fill*         0x030001d4        0xc 
                0x02029000                _vma_boot_text_beg = ((ORIGIN (ram) + 0x30000) - 0x7000)
                0x030001e0                _sitxt0a = (_sitxt0 + SIZEOF (startup))
                0x03004000                . = (ORIGIN (flash) + _boot_size)
                0x03004000                _sitxt2 = .

prog_in_flash   0x03004000    0x2f688
 *(.vars_second_boot)
 .vars_second_boot
                0x03004000       0x48 /tmp/cceJ5d5Y.o
 icomlib.a:contiki-main.o(.text.startup.main)
 .text.startup.main
                0x03004048      0x104 icomlib.a(contiki-main.o)
                0x03004048                main
 *(EXCLUDE_FILE(icomlib.a:ssv_lib.o icomlib.a:sha256.o icomlib.a:sha384.o icomlib.a:sha512.o icomlib.a:x905.o icomlib.a:asn1.o icomlib.a:pstmsqrcomba.o icomlib.a:pstmmulcomba.o icomlib.a:pstmmonreduce.o icomlib.a:pstm.o contikilib.a:socket_driver.o icomlib.a:powersave.o icomlib.a:hw_regs_api.o icomlib.a:flash_api.o icomlib.a:drv_flash.o icomlib.a:xmem.o icomlib.a:soft_ap.o icomlib.a:debug-uart.o icomlib.a:dbg-puts.o icomlib.a:strformat.o icomlib.a:dbg-printf.o icomlib.a:rate_control.o icomlib.a:throughput.o icomlib.a:ssv6200_tx.o icomlib.a:ssv6200_rx.o icomlib.a:ssvradio.o icomlib.a:drv_pktbuf.o icomlib.a:packetbuf.o icomlib.a:ieee80211_rdc.o icomlib.a:ieee80211_net.o contikilib.a:tcpip.o icomlib.a:etimer.o icomlib.a:clock.o icomlib.a:timer.o contikilib.a:uip.o icomlib.a:AES_decrypt.o icomlib.a:boot-hiflying.o) .text*)
 .text          0x0300414c        0x0 /tmp/cceJ5d5Y.o
 .text          0x0300414c        0x0 ssv6060-main.o
 .text.AT_Customer
                0x0300414c       0x18 ssv6060-main.o
                0x0300414c                AT_Customer
 .text.AT_Customer2
                0x03004164       0x50 ssv6060-main.o
                0x03004164                AT_Customer2
 .text.process_thread_ac_nslookup_process
                0x030041b4      0x11c ssv6060-main.o
 .text.process_thread_ac_tcp_connect_process
                0x030042d0      0x2a4 ssv6060-main.o
 .text.AT_SmartLink
                0x03004574        0xc ssv6060-main.o
                0x03004574                AT_SmartLink
 .text.AT_Reset
                0x03004580        0xc ssv6060-main.o
                0x03004580                AT_Reset
 .text.AT_WIFIUART_DEMO
                0x0300458c       0x78 ssv6060-main.o
                0x0300458c                AT_WIFIUART_DEMO
 .text.AT_TCPSERVER_DEMO
                0x03004604       0x78 ssv6060-main.o
                0x03004604                AT_TCPSERVER_DEMO
 .text.allocate_buffer_in_ext
                0x0300467c       0x40 ssv6060-main.o
                0x0300467c                allocate_buffer_in_ext
 .text.TurnOffAllLED
                0x030046bc       0x70 ssv6060-main.o
                0x030046bc                TurnOffAllLED
 .text.SetLED   0x0300472c       0x50 ssv6060-main.o
                0x0300472c                SetLED
 .text.Ac_Dns   0x0300477c       0x24 ssv6060-main.o
                0x0300477c                Ac_Dns
 .text.Ac_ConnectGateway
                0x030047a0       0x58 ssv6060-main.o
                0x030047a0                Ac_ConnectGateway
 .text.Ac_BcInit
                0x030047f8       0x4c ssv6060-main.o
                0x030047f8                Ac_BcInit
 .text.process_thread_main_process
                0x03004844       0xb4 ssv6060-main.o
 .text.Ac_ListenClient
                0x030048f8       0x54 ssv6060-main.o
                0x030048f8                Ac_ListenClient
 .text          0x0300494c        0x0 icomlib.a(printf.o)
 .text.write_str
                0x0300494c       0x1c icomlib.a(printf.o)
 .text.printf   0x03004968       0x30 icomlib.a(printf.o)
                0x03004968                printf
 .text.uart_tx1
                0x03004998       0x14 icomlib.a(printf.o)
                0x03004998                uart_tx1
 .text.printchar
                0x030049ac       0x50 icomlib.a(printf.o)
 .text.prints   0x030049fc      0x10c icomlib.a(printf.o)
 .text.printi   0x03004b08      0x118 icomlib.a(printf.o)
 .text.print    0x03004c20      0x1f8 icomlib.a(printf.o)
                0x03004c20                print
 .text.sprintf  0x03004e18       0x30 icomlib.a(printf.o)
                0x03004e18                sprintf
 .text.vsprintf
                0x03004e48       0x1c icomlib.a(printf.o)
                0x03004e48                vsprintf
 .text.set_log_all_group_enable
                0x03004e64       0x24 icomlib.a(printf.o)
                0x03004e64                set_log_all_group_enable
 .text.set_log_all_group_disable
                0x03004e88       0x24 icomlib.a(printf.o)
                0x03004e88                set_log_all_group_disable
 .text.set_log_all_group
                0x03004eac       0x2c icomlib.a(printf.o)
                0x03004eac                set_log_all_group
 .text.set_log_all_level
                0x03004ed8       0x8c icomlib.a(printf.o)
                0x03004ed8                set_log_all_level
 .text.set_log_single_group_level
                0x03004f64       0x40 icomlib.a(printf.o)
                0x03004f64                set_log_single_group_level
 .text.dump_log_control_info
                0x03004fa4       0x78 icomlib.a(printf.o)
                0x03004fa4                dump_log_control_info
 .text          0x0300501c        0x0 icomlib.a(process.o)
 .text.process_alloc_event
                0x0300501c       0x18 icomlib.a(process.o)
                0x0300501c                process_alloc_event
 .text.check_process_in_que
                0x03005034       0x64 icomlib.a(process.o)
                0x03005034                check_process_in_que
 .text.process_debug
                0x03005098      0x150 icomlib.a(process.o)
                0x03005098                process_debug
 .text          0x030051e8        0x0 icomlib.a(contiki-main.o)
 .text.test_rtimer
                0x030051e8        0xc icomlib.a(contiki-main.o)
                0x030051e8                test_rtimer
 .text.send_frame_rtimer
                0x030051f4        0xc icomlib.a(contiki-main.o)
                0x030051f4                send_frame_rtimer
 .text.dump_boot_message
                0x03005200       0x60 icomlib.a(contiki-main.o)
                0x03005200                dump_boot_message
 .text.get_all_config
                0x03005260       0x38 icomlib.a(contiki-main.o)
                0x03005260                get_all_config
 .text.log_init
                0x03005298       0x10 icomlib.a(contiki-main.o)
                0x03005298                log_init
 .text          0x030052a8        0x0 icomlib.a(gpio_api.o)
 .text.pinMode  0x030052a8       0x44 icomlib.a(gpio_api.o)
                0x030052a8                pinMode
 .text.digitalWrite
                0x030052ec       0x10 icomlib.a(gpio_api.o)
                0x030052ec                digitalWrite
 .text.digitalRead
                0x030052fc        0x4 icomlib.a(gpio_api.o)
                0x030052fc                digitalRead
 .text.gpio_irq_enable
                0x03005300       0x40 icomlib.a(gpio_api.o)
                0x03005300                gpio_irq_enable
 .text.gpio_irq_disable
                0x03005340       0x10 icomlib.a(gpio_api.o)
                0x03005340                gpio_irq_disable
 .text          0x03005350        0x0 icomlib.a(drv_timer.o)
 .text.hwtmr_stop
                0x03005350       0x20 icomlib.a(drv_timer.o)
                0x03005350                hwtmr_stop
 .text.hwtmr_start
                0x03005370       0x34 icomlib.a(drv_timer.o)
                0x03005370                hwtmr_start
 .text.hwtmr_init
                0x030053a4       0x2c icomlib.a(drv_timer.o)
                0x030053a4                hwtmr_init
 .text          0x030053d0        0x0 icomlib.a(drv_uart.o)
 .text.drv_uart_init
                0x030053d0       0x78 icomlib.a(drv_uart.o)
                0x030053d0                drv_uart_init
 .text.drv_uart_tx_0
                0x03005448        0xc icomlib.a(drv_uart.o)
                0x03005448                drv_uart_tx_0
 .text.drv_uart_is_tx_busy_0
                0x03005454       0x18 icomlib.a(drv_uart.o)
                0x03005454                drv_uart_is_tx_busy_0
 .text.drv_uart_multiple_tx_0
                0x0300546c       0x28 icomlib.a(drv_uart.o)
                0x0300546c                drv_uart_multiple_tx_0
 .text.drv_uart_get_uart_fifo_length_0
                0x03005494        0x8 icomlib.a(drv_uart.o)
                0x03005494                drv_uart_get_uart_fifo_length_0
 .text.drv_uart_enable_tx_int_0
                0x0300549c       0x14 icomlib.a(drv_uart.o)
                0x0300549c                drv_uart_enable_tx_int_0
 .text.drv_uart_disable_tx_int_0
                0x030054b0       0x14 icomlib.a(drv_uart.o)
                0x030054b0                drv_uart_disable_tx_int_0
 .text.drv_uart_enable_rx_int_0
                0x030054c4       0x14 icomlib.a(drv_uart.o)
                0x030054c4                drv_uart_enable_rx_int_0
 .text.drv_uart_disable_rx_int_0
                0x030054d8       0x14 icomlib.a(drv_uart.o)
                0x030054d8                drv_uart_disable_rx_int_0
 .text.drv_datauart_init
                0x030054ec      0x160 icomlib.a(drv_uart.o)
                0x030054ec                drv_datauart_init
 .text.drv_datauart_Deinit
                0x0300564c       0x58 icomlib.a(drv_uart.o)
                0x0300564c                drv_datauart_Deinit
 .text.drv_datauart_conf
                0x030056a4       0x7c icomlib.a(drv_uart.o)
                0x030056a4                drv_datauart_conf
 .text          0x03005720        0x0 icomlib.a(hw_init.o)
 .text.hw_tbl_write
                0x03005720       0x60 icomlib.a(hw_init.o)
 .text.modulator_and_pll_reset
                0x03005780       0xd4 icomlib.a(hw_init.o)
                0x03005780                modulator_and_pll_reset
 .text.ssv6xxx_phy_disable
                0x03005854       0x14 icomlib.a(hw_init.o)
                0x03005854                ssv6xxx_phy_disable
 .text.ssv6xxx_mac_disable
                0x03005868       0x14 icomlib.a(hw_init.o)
                0x03005868                ssv6xxx_mac_disable
 .text.ssv6xxx_hw_rf_phy_mac_reset
                0x0300587c      0x1a8 icomlib.a(hw_init.o)
                0x0300587c                ssv6xxx_hw_rf_phy_mac_reset
 .text.ssv6xxx_hw_radio_init
                0x03005a24      0x1b0 icomlib.a(hw_init.o)
                0x03005a24                ssv6xxx_hw_radio_init
 .text          0x03005bd4        0x0 icomlib.a(swpwm.o)
 .text.initSwPWM
                0x03005bd4       0x28 icomlib.a(swpwm.o)
                0x03005bd4                initSwPWM
 .text.pwm_unregister
                0x03005bfc       0xa0 icomlib.a(swpwm.o)
                0x03005bfc                pwm_unregister
 .text.disableSwPWM
                0x03005c9c       0x34 icomlib.a(swpwm.o)
                0x03005c9c                disableSwPWM
 .text.pwm_register
                0x03005cd0       0xe4 icomlib.a(swpwm.o)
                0x03005cd0                pwm_register
 .text.enableSwPWM
                0x03005db4       0x6c icomlib.a(swpwm.o)
                0x03005db4                enableSwPWM
 .text          0x03005e20        0x0 icomlib.a(systemconf.o)
 .text.gconfig_gen_header_to_mem
                0x03005e20       0x3c icomlib.a(systemconf.o)
                0x03005e20                gconfig_gen_header_to_mem
 .text.gconfig_gen_config_to_mem
                0x03005e5c       0x48 icomlib.a(systemconf.o)
                0x03005e5c                gconfig_gen_config_to_mem
 .text.gconfig_gen_config_table
                0x03005ea4      0x114 icomlib.a(systemconf.o)
                0x03005ea4                gconfig_gen_config_table
 .text.gconfig_save_config
                0x03005fb8       0x48 icomlib.a(systemconf.o)
                0x03005fb8                gconfig_save_config
 .text.gconfig_set_softap_ssid
                0x03006000       0xb4 icomlib.a(systemconf.o)
                0x03006000                gconfig_set_softap_ssid
 .text.gconfig_set_enable_smart
                0x030060b4       0x78 icomlib.a(systemconf.o)
                0x030060b4                gconfig_set_enable_smart
 .text.gconfig_set_auto_connect
                0x0300612c       0x40 icomlib.a(systemconf.o)
                0x0300612c                gconfig_set_auto_connect
 .text.gconfig_init_global_conf_by_define
                0x0300616c       0x14 icomlib.a(systemconf.o)
                0x0300616c                gconfig_init_global_conf_by_define
 .text.reset_global_conf
                0x03006180       0x3c icomlib.a(systemconf.o)
                0x03006180                reset_global_conf
 .text.remove_sysconfig
                0x030061bc       0x58 icomlib.a(systemconf.o)
                0x030061bc                remove_sysconfig
 .text.write_wifi_config
                0x03006214       0xa4 icomlib.a(systemconf.o)
                0x03006214                write_wifi_config
 .text.read_wifi_config
                0x030062b8       0x90 icomlib.a(systemconf.o)
                0x030062b8                read_wifi_config
 .text.init_global_conf
                0x03006348      0x144 icomlib.a(systemconf.o)
                0x03006348                init_global_conf
 .text.clear_ap_lists
                0x0300648c       0x3c icomlib.a(systemconf.o)
                0x0300648c                clear_ap_lists
 .text          0x030064c8        0x0 icomlib.a(wdog_api.o)
 .text.process_thread_watchdog_process
                0x030064c8       0xf4 icomlib.a(wdog_api.o)
 .text.api_wdog_reboot
                0x030065bc        0x4 icomlib.a(wdog_api.o)
                0x030065bc                api_wdog_reboot
 .text.api_wdog_period_5000ms
                0x030065c0        0x4 icomlib.a(wdog_api.o)
                0x030065c0                api_wdog_period_5000ms
 .text.api_wdog_period_10000ms
                0x030065c4        0x4 icomlib.a(wdog_api.o)
                0x030065c4                api_wdog_period_10000ms
 .text.api_wdog_period_cutommed
                0x030065c8        0x4 icomlib.a(wdog_api.o)
                0x030065c8                api_wdog_period_cutommed
 .text.api_wdog_stop
                0x030065cc        0x4 icomlib.a(wdog_api.o)
                0x030065cc                api_wdog_stop
 .text.clear_rx_fifo
                0x030065d0       0xc8 icomlib.a(wdog_api.o)
                0x030065d0                clear_rx_fifo
 .text          0x03006698        0x0 icomlib.a(bsp.o)
 .text.set_mrx_filter_sta
                0x03006698      0x254 icomlib.a(bsp.o)
                0x03006698                set_mrx_filter_sta
 .text.set_softap_trap_enable
                0x030068ec       0x14 icomlib.a(bsp.o)
                0x030068ec                set_softap_trap_enable
 .text.set_softap_trap_disable
                0x03006900       0x14 icomlib.a(bsp.o)
                0x03006900                set_softap_trap_disable
 .text.set_mrx_filter_softap
                0x03006914      0x2ac icomlib.a(bsp.o)
                0x03006914                set_mrx_filter_softap
 .text.chk_chip_valid
                0x03006bc0       0x2c icomlib.a(bsp.o)
                0x03006bc0                chk_chip_valid
 .text.bsp_init
                0x03006bec       0x8c icomlib.a(bsp.o)
                0x03006bec                bsp_init
 .text.enable_dcdc_mode
                0x03006c78       0x20 icomlib.a(bsp.o)
                0x03006c78                enable_dcdc_mode
 .text          0x03006c98        0x0 icomlib.a(crypthw.o)
 .text.drv_id_mng_alloc
                0x03006c98       0x7c icomlib.a(crypthw.o)
                0x03006c98                drv_id_mng_alloc
 .text.PBUF_MAlloc_Raw
                0x03006d14       0x50 icomlib.a(crypthw.o)
                0x03006d14                PBUF_MAlloc_Raw
 .text.wpa_drv_init
                0x03006d64       0x40 icomlib.a(crypthw.o)
                0x03006d64                wpa_drv_init
 .text.soft_mac_init
                0x03006da4       0x68 icomlib.a(crypthw.o)
                0x03006da4                soft_mac_init
 .text          0x03006e0c        0x0 icomlib.a(dbg-atcmd-api.o)
 .text.LogTemperature
                0x03006e0c       0x94 icomlib.a(dbg-atcmd-api.o)
                0x03006e0c                LogTemperature
 .text.Channel2Index
                0x03006ea0       0x1c icomlib.a(dbg-atcmd-api.o)
                0x03006ea0                Channel2Index
 .text.Gain2Power
                0x03006ebc      0x15c icomlib.a(dbg-atcmd-api.o)
                0x03006ebc                Gain2Power
 .text.Power2BGain
                0x03007018      0x1a0 icomlib.a(dbg-atcmd-api.o)
                0x03007018                Power2BGain
 .text.Power2GGain
                0x030071b8      0x188 icomlib.a(dbg-atcmd-api.o)
                0x030071b8                Power2GGain
 .text.GetDefaultGain
                0x03007340       0xb4 icomlib.a(dbg-atcmd-api.o)
                0x03007340                GetDefaultGain
 .text.Freq2P   0x030073f4        0xc icomlib.a(dbg-atcmd-api.o)
                0x030073f4                Freq2P
 .text.Freq2N   0x03007400        0xc icomlib.a(dbg-atcmd-api.o)
                0x03007400                Freq2N
 .text.UpdateConf
                0x0300740c      0x368 icomlib.a(dbg-atcmd-api.o)
                0x0300740c                UpdateConf
 .text.drv_phy_wait_rdy2
                0x03007774       0x30 icomlib.a(dbg-atcmd-api.o)
                0x03007774                drv_phy_wait_rdy2
 .text.mac_transfer
                0x030077a4       0x40 icomlib.a(dbg-atcmd-api.o)
                0x030077a4                mac_transfer
 .text.serial_transfer
                0x030077e4       0x58 icomlib.a(dbg-atcmd-api.o)
                0x030077e4                serial_transfer
 .text._DBG_AT_SET_PEERMAC
                0x0300783c       0x2c icomlib.a(dbg-atcmd-api.o)
                0x0300783c                _DBG_AT_SET_PEERMAC
 .text._DBG_AT_SET_PEERMAC_SOFTAP
                0x03007868       0x38 icomlib.a(dbg-atcmd-api.o)
                0x03007868                _DBG_AT_SET_PEERMAC_SOFTAP
 .text._DBG_AT_RESET_PEERMAC_SOFTAP
                0x030078a0       0x38 icomlib.a(dbg-atcmd-api.o)
                0x030078a0                _DBG_AT_RESET_PEERMAC_SOFTAP
 .text._DBG_AT_SET_CHANNEL
                0x030078d8       0x50 icomlib.a(dbg-atcmd-api.o)
                0x030078d8                _DBG_AT_SET_CHANNEL
 .text._DBG_AT_SET_MAC
                0x03007928        0x4 icomlib.a(dbg-atcmd-api.o)
                0x03007928                _DBG_AT_SET_MAC
 .text._DBG_AT_SET_BSSID
                0x0300792c        0x4 icomlib.a(dbg-atcmd-api.o)
                0x0300792c                _DBG_AT_SET_BSSID
 .text._DBG_AT_SEND
                0x03007930       0x58 icomlib.a(dbg-atcmd-api.o)
                0x03007930                _DBG_AT_SEND
 .text.process_thread_start_tx_process
                0x03007988      0x120 icomlib.a(dbg-atcmd-api.o)
 .text.RFStart  0x03007aa8      0x2b8 icomlib.a(dbg-atcmd-api.o)
                0x03007aa8                RFStart
 .text.process_thread_rf_start_process
                0x03007d60       0xf0 icomlib.a(dbg-atcmd-api.o)
 .text.RFRate   0x03007e50      0x2ac icomlib.a(dbg-atcmd-api.o)
                0x03007e50                RFRate
 .text.RFBGain  0x030080fc       0x88 icomlib.a(dbg-atcmd-api.o)
                0x030080fc                RFBGain
 .text.RFGNGain
                0x03008184       0x88 icomlib.a(dbg-atcmd-api.o)
                0x03008184                RFGNGain
 .text.RFIQPhase
                0x0300820c       0x88 icomlib.a(dbg-atcmd-api.o)
                0x0300820c                RFIQPhase
 .text.RFIQAmp  0x03008294       0x88 icomlib.a(dbg-atcmd-api.o)
                0x03008294                RFIQAmp
 .text.RFStop   0x0300831c       0x3c icomlib.a(dbg-atcmd-api.o)
                0x0300831c                RFStop
 .text.RFReset  0x03008358      0x454 icomlib.a(dbg-atcmd-api.o)
                0x03008358                RFReset
 .text.RFCount  0x030087ac       0x58 icomlib.a(dbg-atcmd-api.o)
                0x030087ac                RFCount
 .text.RFFreqOffset
                0x03008804       0xf0 icomlib.a(dbg-atcmd-api.o)
                0x03008804                RFFreqOffset
 .text.RFTempcsHT
                0x030088f4       0xa8 icomlib.a(dbg-atcmd-api.o)
                0x030088f4                RFTempcsHT
 .text.RFTempcsRT
                0x0300899c       0xa8 icomlib.a(dbg-atcmd-api.o)
                0x0300899c                RFTempcsRT
 .text.RFTempcsLT
                0x03008a44       0xa8 icomlib.a(dbg-atcmd-api.o)
                0x03008a44                RFTempcsLT
 .text.ReadTemperature
                0x03008aec       0xc8 icomlib.a(dbg-atcmd-api.o)
                0x03008aec                ReadTemperature
 .text.process_thread_temperature_compensator_process
                0x03008bb4      0x298 icomlib.a(dbg-atcmd-api.o)
 .text.EnableTemperatureCompensator
                0x03008e4c       0x1c icomlib.a(dbg-atcmd-api.o)
                0x03008e4c                EnableTemperatureCompensator
 .text.DumpRFParam
                0x03008e68       0xec icomlib.a(dbg-atcmd-api.o)
                0x03008e68                DumpRFParam
 .text.WriteParam2Flash
                0x03008f54      0x2e0 icomlib.a(dbg-atcmd-api.o)
                0x03008f54                WriteParam2Flash
 .text.RFSetLDO
                0x03009234       0x7c icomlib.a(dbg-atcmd-api.o)
                0x03009234                RFSetLDO
 .text.RFSetPA1
                0x030092b0       0x5c icomlib.a(dbg-atcmd-api.o)
                0x030092b0                RFSetPA1
 .text.RFSetPA2
                0x0300930c       0x60 icomlib.a(dbg-atcmd-api.o)
                0x0300930c                RFSetPA2
 .text.RFSetPA3
                0x0300936c       0x5c icomlib.a(dbg-atcmd-api.o)
                0x0300936c                RFSetPA3
 .text.RFSetXTAL
                0x030093c8       0x60 icomlib.a(dbg-atcmd-api.o)
                0x030093c8                RFSetXTAL
 .text.RFSetFlashXTAL
                0x03009428       0x9c icomlib.a(dbg-atcmd-api.o)
                0x03009428                RFSetFlashXTAL
 .text.SetTemperatureBoundary
                0x030094c4       0x90 icomlib.a(dbg-atcmd-api.o)
                0x030094c4                SetTemperatureBoundary
 .text.Radio_Command
                0x03009554     0x10c4 icomlib.a(dbg-atcmd-api.o)
                0x03009554                Radio_Command
 .text.Parse_Radio_Command
                0x0300a618       0x88 icomlib.a(dbg-atcmd-api.o)
                0x0300a618                Parse_Radio_Command
 .text          0x0300a6a0        0x0 icomlib.a(drv_mac.o)
 .text.SET_STA_MAC
                0x0300a6a0       0x74 icomlib.a(drv_mac.o)
                0x0300a6a0                SET_STA_MAC
 .text.GET_STA_MAC
                0x0300a714       0x4c icomlib.a(drv_mac.o)
                0x0300a714                GET_STA_MAC
 .text.SET_BSSID
                0x0300a760       0x74 icomlib.a(drv_mac.o)
                0x0300a760                SET_BSSID
 .text.GET_BSSID
                0x0300a7d4       0x4c icomlib.a(drv_mac.o)
                0x0300a7d4                GET_BSSID
 .text.SET_PEER_MAC0
                0x0300a820       0x74 icomlib.a(drv_mac.o)
                0x0300a820                SET_PEER_MAC0
 .text.GET_PEER_MAC0
                0x0300a894       0x4c icomlib.a(drv_mac.o)
                0x0300a894                GET_PEER_MAC0
 .text.SET_PEER_MAC1
                0x0300a8e0       0x74 icomlib.a(drv_mac.o)
                0x0300a8e0                SET_PEER_MAC1
 .text.GET_PEER_MAC1
                0x0300a954       0x4c icomlib.a(drv_mac.o)
                0x0300a954                GET_PEER_MAC1
 .text.SET_MRX_MCAST_TB0
                0x0300a9a0       0x74 icomlib.a(drv_mac.o)
                0x0300a9a0                SET_MRX_MCAST_TB0
 .text.GET_MRX_MCAST_TB0
                0x0300aa14       0x4c icomlib.a(drv_mac.o)
                0x0300aa14                GET_MRX_MCAST_TB0
 .text.SET_MRX_MCAST_TB1
                0x0300aa60       0x74 icomlib.a(drv_mac.o)
                0x0300aa60                SET_MRX_MCAST_TB1
 .text.GET_MRX_MCAST_TB1
                0x0300aad4       0x4c icomlib.a(drv_mac.o)
                0x0300aad4                GET_MRX_MCAST_TB1
 .text.SET_MRX_MCAST_TB2
                0x0300ab20       0x74 icomlib.a(drv_mac.o)
                0x0300ab20                SET_MRX_MCAST_TB2
 .text.GET_MRX_MCAST_TB2
                0x0300ab94       0x4c icomlib.a(drv_mac.o)
                0x0300ab94                GET_MRX_MCAST_TB2
 .text.SET_MRX_MCAST_TB3
                0x0300abe0       0x74 icomlib.a(drv_mac.o)
                0x0300abe0                SET_MRX_MCAST_TB3
 .text.GET_MRX_MCAST_TB3
                0x0300ac54       0x4c icomlib.a(drv_mac.o)
                0x0300ac54                GET_MRX_MCAST_TB3
 .text.SET_MRX_MCAST_MASK0
                0x0300aca0       0x74 icomlib.a(drv_mac.o)
                0x0300aca0                SET_MRX_MCAST_MASK0
 .text.GET_MRX_MCAST_MASK0
                0x0300ad14       0x4c icomlib.a(drv_mac.o)
                0x0300ad14                GET_MRX_MCAST_MASK0
 .text.SET_MRX_MCAST_MASK1
                0x0300ad60       0x74 icomlib.a(drv_mac.o)
                0x0300ad60                SET_MRX_MCAST_MASK1
 .text.GET_MRX_MCAST_MASK1
                0x0300add4       0x4c icomlib.a(drv_mac.o)
                0x0300add4                GET_MRX_MCAST_MASK1
 .text.SET_MRX_MCAST_MASK2
                0x0300ae20       0x74 icomlib.a(drv_mac.o)
                0x0300ae20                SET_MRX_MCAST_MASK2
 .text.GET_MRX_MCAST_MASK2
                0x0300ae94       0x4c icomlib.a(drv_mac.o)
                0x0300ae94                GET_MRX_MCAST_MASK2
 .text.SET_MRX_MCAST_MASK3
                0x0300aee0       0x74 icomlib.a(drv_mac.o)
                0x0300aee0                SET_MRX_MCAST_MASK3
 .text.GET_MRX_MCAST_MASK3
                0x0300af54       0x4c icomlib.a(drv_mac.o)
                0x0300af54                GET_MRX_MCAST_MASK3
 .text.SET_BA_TA
                0x0300afa0       0x74 icomlib.a(drv_mac.o)
                0x0300afa0                SET_BA_TA
 .text.GET_BA_TA
                0x0300b014       0x4c icomlib.a(drv_mac.o)
                0x0300b014                GET_BA_TA
 .text.SET_ACK_GEN_RA
                0x0300b060       0x74 icomlib.a(drv_mac.o)
                0x0300b060                SET_ACK_GEN_RA
 .text.GET_ACK_GEN_RA
                0x0300b0d4       0x4c icomlib.a(drv_mac.o)
                0x0300b0d4                GET_ACK_GEN_RA
 .text          0x0300b120        0x0 icomlib.a(drv_phy.o)
 .text.rg_idacai_pgag0_load
                0x0300b120       0x1c icomlib.a(drv_phy.o)
                0x0300b120                rg_idacai_pgag0_load
 .text.rg_idacai_pgag1_load
                0x0300b13c       0x1c icomlib.a(drv_phy.o)
                0x0300b13c                rg_idacai_pgag1_load
 .text.rg_idacai_pgag2_load
                0x0300b158       0x1c icomlib.a(drv_phy.o)
                0x0300b158                rg_idacai_pgag2_load
 .text.rg_idacai_pgag3_load
                0x0300b174       0x1c icomlib.a(drv_phy.o)
                0x0300b174                rg_idacai_pgag3_load
 .text.rg_idacai_pgag4_load
                0x0300b190       0x1c icomlib.a(drv_phy.o)
                0x0300b190                rg_idacai_pgag4_load
 .text.rg_idacai_pgag5_load
                0x0300b1ac       0x1c icomlib.a(drv_phy.o)
                0x0300b1ac                rg_idacai_pgag5_load
 .text.rg_idacai_pgag6_load
                0x0300b1c8       0x1c icomlib.a(drv_phy.o)
                0x0300b1c8                rg_idacai_pgag6_load
 .text.rg_idacai_pgag7_load
                0x0300b1e4       0x1c icomlib.a(drv_phy.o)
                0x0300b1e4                rg_idacai_pgag7_load
 .text.rg_idacai_pgag8_load
                0x0300b200       0x1c icomlib.a(drv_phy.o)
                0x0300b200                rg_idacai_pgag8_load
 .text.rg_idacai_pgag9_load
                0x0300b21c       0x1c icomlib.a(drv_phy.o)
                0x0300b21c                rg_idacai_pgag9_load
 .text.rg_idacai_pgag10_load
                0x0300b238       0x1c icomlib.a(drv_phy.o)
                0x0300b238                rg_idacai_pgag10_load
 .text.rg_idacai_pgag11_load
                0x0300b254       0x1c icomlib.a(drv_phy.o)
                0x0300b254                rg_idacai_pgag11_load
 .text.rg_idacai_pgag12_load
                0x0300b270       0x1c icomlib.a(drv_phy.o)
                0x0300b270                rg_idacai_pgag12_load
 .text.rg_idacai_pgag13_load
                0x0300b28c       0x1c icomlib.a(drv_phy.o)
                0x0300b28c                rg_idacai_pgag13_load
 .text.rg_idacai_pgag14_load
                0x0300b2a8       0x1c icomlib.a(drv_phy.o)
                0x0300b2a8                rg_idacai_pgag14_load
 .text.rg_idacai_pgag15_load
                0x0300b2c4       0x1c icomlib.a(drv_phy.o)
                0x0300b2c4                rg_idacai_pgag15_load
 .text.rg_idacaq_pgag0_load
                0x0300b2e0       0x1c icomlib.a(drv_phy.o)
                0x0300b2e0                rg_idacaq_pgag0_load
 .text.rg_idacaq_pgag1_load
                0x0300b2fc       0x1c icomlib.a(drv_phy.o)
                0x0300b2fc                rg_idacaq_pgag1_load
 .text.rg_idacaq_pgag2_load
                0x0300b318       0x1c icomlib.a(drv_phy.o)
                0x0300b318                rg_idacaq_pgag2_load
 .text.rg_idacaq_pgag3_load
                0x0300b334       0x1c icomlib.a(drv_phy.o)
                0x0300b334                rg_idacaq_pgag3_load
 .text.rg_idacaq_pgag4_load
                0x0300b350       0x1c icomlib.a(drv_phy.o)
                0x0300b350                rg_idacaq_pgag4_load
 .text.rg_idacaq_pgag5_load
                0x0300b36c       0x1c icomlib.a(drv_phy.o)
                0x0300b36c                rg_idacaq_pgag5_load
 .text.rg_idacaq_pgag6_load
                0x0300b388       0x1c icomlib.a(drv_phy.o)
                0x0300b388                rg_idacaq_pgag6_load
 .text.rg_idacaq_pgag7_load
                0x0300b3a4       0x1c icomlib.a(drv_phy.o)
                0x0300b3a4                rg_idacaq_pgag7_load
 .text.rg_idacaq_pgag8_load
                0x0300b3c0       0x1c icomlib.a(drv_phy.o)
                0x0300b3c0                rg_idacaq_pgag8_load
 .text.rg_idacaq_pgag9_load
                0x0300b3dc       0x1c icomlib.a(drv_phy.o)
                0x0300b3dc                rg_idacaq_pgag9_load
 .text.rg_idacaq_pgag10_load
                0x0300b3f8       0x1c icomlib.a(drv_phy.o)
                0x0300b3f8                rg_idacaq_pgag10_load
 .text.rg_idacaq_pgag11_load
                0x0300b414       0x1c icomlib.a(drv_phy.o)
                0x0300b414                rg_idacaq_pgag11_load
 .text.rg_idacaq_pgag12_load
                0x0300b430       0x1c icomlib.a(drv_phy.o)
                0x0300b430                rg_idacaq_pgag12_load
 .text.rg_idacaq_pgag13_load
                0x0300b44c       0x1c icomlib.a(drv_phy.o)
                0x0300b44c                rg_idacaq_pgag13_load
 .text.rg_idacaq_pgag14_load
                0x0300b468       0x1c icomlib.a(drv_phy.o)
                0x0300b468                rg_idacaq_pgag14_load
 .text.rg_idacaq_pgag15_load
                0x0300b484       0x1c icomlib.a(drv_phy.o)
                0x0300b484                rg_idacaq_pgag15_load
 .text.rfreg_byxtal_load
                0x0300b4a0       0x84 icomlib.a(drv_phy.o)
                0x0300b4a0                rfreg_byxtal_load
 .text.rfreg_bych_load
                0x0300b524       0x7c icomlib.a(drv_phy.o)
                0x0300b524                rfreg_bych_load
 .text.rfreg_bypa_load
                0x0300b5a0       0x44 icomlib.a(drv_phy.o)
                0x0300b5a0                rfreg_bypa_load
 .text.drv_phy_tbl_load
                0x0300b5e4       0x38 icomlib.a(drv_phy.o)
                0x0300b5e4                drv_phy_tbl_load
 .text.drv_phy_cfgtbl_load
                0x0300b61c       0x20 icomlib.a(drv_phy.o)
                0x0300b61c                drv_phy_cfgtbl_load
 .text.drv_phy_wait_rdy
                0x0300b63c       0x30 icomlib.a(drv_phy.o)
                0x0300b63c                drv_phy_wait_rdy
 .text.drv_phy_cali_rcal
                0x0300b66c       0x68 icomlib.a(drv_phy.o)
                0x0300b66c                drv_phy_cali_rcal
 .text.drv_phy_cali_tssi
                0x0300b6d4      0x1b8 icomlib.a(drv_phy.o)
                0x0300b6d4                drv_phy_cali_tssi
 .text.drv_phy_temperature
                0x0300b88c       0x90 icomlib.a(drv_phy.o)
                0x0300b88c                drv_phy_temperature
 .text.drv_phy_cali_papd_learning
                0x0300b91c      0x1ec icomlib.a(drv_phy.o)
                0x0300b91c                drv_phy_cali_papd_learning
 .text.drv_phy_channel_change
                0x0300bb08       0x74 icomlib.a(drv_phy.o)
                0x0300bb08                drv_phy_channel_change
 .text.drv_phy_sprm
                0x0300bb7c       0x64 icomlib.a(drv_phy.o)
                0x0300bb7c                drv_phy_sprm
 .text.drv_phy_cali_txlo
                0x0300bbe0      0x16c icomlib.a(drv_phy.o)
                0x0300bbe0                drv_phy_cali_txlo
 .text.drv_phy_cali_txiq
                0x0300bd4c      0x160 icomlib.a(drv_phy.o)
                0x0300bd4c                drv_phy_cali_txiq
 .text.drv_phy_cali_rxrc
                0x0300beac      0x23c icomlib.a(drv_phy.o)
                0x0300beac                drv_phy_cali_rxrc
 .text.drv_phy_fft_enrg
                0x0300c0e8       0x54 icomlib.a(drv_phy.o)
                0x0300c0e8                drv_phy_fft_enrg
 .text.drv_phy_cali_rxiq_fft
                0x0300c13c      0x1a4 icomlib.a(drv_phy.o)
                0x0300c13c                drv_phy_cali_rxiq_fft
 .text.rtbl_cali_reg_rmw
                0x0300c2e0       0x28 icomlib.a(drv_phy.o)
                0x0300c2e0                rtbl_cali_reg_rmw
 .text.rtbl_cali_pre_load
                0x0300c308       0x68 icomlib.a(drv_phy.o)
                0x0300c308                rtbl_cali_pre_load
 .text.drv_phy_cali_rxdc
                0x0300c370      0x224 icomlib.a(drv_phy.o)
                0x0300c370                drv_phy_cali_rxdc
 .text.rtbl_cali_load
                0x0300c594       0x24 icomlib.a(drv_phy.o)
                0x0300c594                rtbl_cali_load
 .text.rtbl_cali_export
                0x0300c5b8       0x18 icomlib.a(drv_phy.o)
                0x0300c5b8                rtbl_cali_export
 .text.rtbl_cali_load_def
                0x0300c5d0       0x68 icomlib.a(drv_phy.o)
                0x0300c5d0                rtbl_cali_load_def
 .text.rtbl_cali_reset
                0x0300c638       0x38 icomlib.a(drv_phy.o)
                0x0300c638                rtbl_cali_reset
 .text.rtbl_cali_set
                0x0300c670       0x84 icomlib.a(drv_phy.o)
                0x0300c670                rtbl_cali_set
 .text.drv_phy_init
                0x0300c6f4       0x90 icomlib.a(drv_phy.o)
                0x0300c6f4                drv_phy_init
 .text.drv_phy_off
                0x0300c784       0x14 icomlib.a(drv_phy.o)
                0x0300c784                drv_phy_off
 .text.drv_phy_b_only
                0x0300c798       0x10 icomlib.a(drv_phy.o)
                0x0300c798                drv_phy_b_only
 .text.drv_phy_bgn
                0x0300c7a8       0x14 icomlib.a(drv_phy.o)
                0x0300c7a8                drv_phy_bgn
 .text.drv_phy_on
                0x0300c7bc       0x14 icomlib.a(drv_phy.o)
                0x0300c7bc                drv_phy_on
 .text.drv_phy_cali_ro_iqcal_o
                0x0300c7d0        0xc icomlib.a(drv_phy.o)
                0x0300c7d0                drv_phy_cali_ro_iqcal_o
 .text.drv_phy_cali_papd_div
                0x0300c7dc       0x84 icomlib.a(drv_phy.o)
                0x0300c7dc                drv_phy_cali_papd_div
 .text.drv_phy_cali_papd_gain_est
                0x0300c860      0x160 icomlib.a(drv_phy.o)
                0x0300c860                drv_phy_cali_papd_gain_est
 .text.drv_phy_cali_ph_wrap
                0x0300c9c0       0x1c icomlib.a(drv_phy.o)
                0x0300c9c0                drv_phy_cali_ph_wrap
 .text.drv_phy_cali_papd
                0x0300c9dc      0x5a4 icomlib.a(drv_phy.o)
                0x0300c9dc                drv_phy_cali_papd
 .text.drv_phy_reg_init
                0x0300cf80       0xd0 icomlib.a(drv_phy.o)
                0x0300cf80                drv_phy_reg_init
 .text.drv_phy_cali_rtbl_load
                0x0300d050       0x5c icomlib.a(drv_phy.o)
                0x0300d050                drv_phy_cali_rtbl_load
 .text.phy_cali_config_load
                0x0300d0ac      0x124 icomlib.a(drv_phy.o)
                0x0300d0ac                phy_cali_config_load
 .text.drv_phy_cali_rtbl_load_def
                0x0300d1d0       0x5c icomlib.a(drv_phy.o)
                0x0300d1d0                drv_phy_cali_rtbl_load_def
 .text.drv_phy_cali_rtbl_reset
                0x0300d22c       0x5c icomlib.a(drv_phy.o)
                0x0300d22c                drv_phy_cali_rtbl_reset
 .text.drv_phy_cali_rtbl_set
                0x0300d288       0x5c icomlib.a(drv_phy.o)
                0x0300d288                drv_phy_cali_rtbl_set
 .text.drv_phy_cali_rtbl_export
                0x0300d2e4        0x4 icomlib.a(drv_phy.o)
                0x0300d2e4                drv_phy_cali_rtbl_export
 .text.drv_phy_init_cali
                0x0300d2e8       0xc4 icomlib.a(drv_phy.o)
                0x0300d2e8                drv_phy_init_cali
 .text.drv_phy_evm_tk
                0x0300d3ac       0x5c icomlib.a(drv_phy.o)
                0x0300d3ac                drv_phy_evm_tk
 .text.drv_phy_tone_tk
                0x0300d408       0x38 icomlib.a(drv_phy.o)
                0x0300d408                drv_phy_tone_tk
 .text          0x0300d440        0x0 icomlib.a(drv_pktbuf_slow)
 .text.ssv6xxx_pbuf_dump_reg
                0x0300d440      0x4d0 icomlib.a(drv_pktbuf_slow)
                0x0300d440                ssv6xxx_pbuf_dump_reg
 .text          0x0300d910        0x0 icomlib.a(ieee80211_mgmt.)
 .text.process_thread_scan_channel_process
                0x0300d910       0xd8 icomlib.a(ieee80211_mgmt.)
 .text.process_thread_beacon_process
                0x0300d9e8      0x25c icomlib.a(ieee80211_mgmt.)
 .text.addAvailableIndex
                0x0300dc44       0x3c icomlib.a(ieee80211_mgmt.)
                0x0300dc44                addAvailableIndex
 .text.reset_AvailableIndex
                0x0300dc80       0x14 icomlib.a(ieee80211_mgmt.)
                0x0300dc80                reset_AvailableIndex
 .text.is_action
                0x0300dc94       0x14 icomlib.a(ieee80211_mgmt.)
                0x0300dc94                is_action
 .text.htinfo_detect
                0x0300dca8       0x74 icomlib.a(ieee80211_mgmt.)
                0x0300dca8                htinfo_detect
 .text.tx_probe_req
                0x0300dd1c      0x190 icomlib.a(ieee80211_mgmt.)
                0x0300dd1c                tx_probe_req
 .text.tx_authentication_req_seq1
                0x0300deac      0x168 icomlib.a(ieee80211_mgmt.)
                0x0300deac                tx_authentication_req_seq1
 .text.tx_authentication_req_seq3
                0x0300e014      0x128 icomlib.a(ieee80211_mgmt.)
                0x0300e014                tx_authentication_req_seq3
 .text.tx_deauthentication_req
                0x0300e13c       0xcc icomlib.a(ieee80211_mgmt.)
                0x0300e13c                tx_deauthentication_req
 .text.tx_association_req
                0x0300e208      0x218 icomlib.a(ieee80211_mgmt.)
                0x0300e208                tx_association_req
 .text.tx_deassociation_req
                0x0300e420      0x110 icomlib.a(ieee80211_mgmt.)
                0x0300e420                tx_deassociation_req
 .text.tx_action_BA_rsp
                0x0300e530       0xec icomlib.a(ieee80211_mgmt.)
                0x0300e530                tx_action_BA_rsp
 .text.rx_probe_rsp
                0x0300e61c      0x378 icomlib.a(ieee80211_mgmt.)
                0x0300e61c                rx_probe_rsp
 .text.rx_authentication_rsp
                0x0300e994      0x1c0 icomlib.a(ieee80211_mgmt.)
                0x0300e994                rx_authentication_rsp
 .text.rx_association_rsp
                0x0300eb54       0x78 icomlib.a(ieee80211_mgmt.)
                0x0300eb54                rx_association_rsp
 .text.rx_action_rsp
                0x0300ebcc       0x24 icomlib.a(ieee80211_mgmt.)
                0x0300ebcc                rx_action_rsp
 .text.rx_disassoc_rsp
                0x0300ebf0       0x94 icomlib.a(ieee80211_mgmt.)
                0x0300ebf0                rx_disassoc_rsp
 .text.rx_deauth_rsp
                0x0300ec84       0x94 icomlib.a(ieee80211_mgmt.)
                0x0300ec84                rx_deauth_rsp
 .text.calculateSignalLevel
                0x0300ed18       0x44 icomlib.a(ieee80211_mgmt.)
                0x0300ed18                calculateSignalLevel
 .text.startrecordAP
                0x0300ed5c       0x14 icomlib.a(ieee80211_mgmt.)
                0x0300ed5c                startrecordAP
 .text.stoprecordAP
                0x0300ed70       0x14 icomlib.a(ieee80211_mgmt.)
                0x0300ed70                stoprecordAP
 .text.removeAP_fromlist
                0x0300ed84       0xe0 icomlib.a(ieee80211_mgmt.)
                0x0300ed84                removeAP_fromlist
 .text.bss_mgmt_reboot
                0x0300ee64       0x60 icomlib.a(ieee80211_mgmt.)
                0x0300ee64                bss_mgmt_reboot
 .text.bss_mgmt_scan
                0x0300eec4       0x40 icomlib.a(ieee80211_mgmt.)
                0x0300eec4                bss_mgmt_scan
 .text.bss_mgmt_scan_custom
                0x0300ef04       0x34 icomlib.a(ieee80211_mgmt.)
                0x0300ef04                bss_mgmt_scan_custom
 .text.bss_mgmt_connect
                0x0300ef38       0x78 icomlib.a(ieee80211_mgmt.)
                0x0300ef38                bss_mgmt_connect
 .text.bss_mgmt_disconnect
                0x0300efb0       0x68 icomlib.a(ieee80211_mgmt.)
                0x0300efb0                bss_mgmt_disconnect
 .text.bss_mgmt_init
                0x0300f018       0xd4 icomlib.a(ieee80211_mgmt.)
                0x0300f018                bss_mgmt_init
 .text.startscanchannel
                0x0300f0ec       0x1c icomlib.a(ieee80211_mgmt.)
                0x0300f0ec                startscanchannel
 .text.stopscanchannel
                0x0300f108       0x14 icomlib.a(ieee80211_mgmt.)
                0x0300f108                stopscanchannel
 .text.recordAP
                0x0300f11c       0xc0 icomlib.a(ieee80211_mgmt.)
                0x0300f11c                recordAP
 .text.removeAP
                0x0300f1dc       0xdc icomlib.a(ieee80211_mgmt.)
                0x0300f1dc                removeAP
 .text.process_thread_bss_reconnect_process
                0x0300f2b8      0x554 icomlib.a(ieee80211_mgmt.)
 .text.bss_nslookup
                0x0300f80c       0x3c icomlib.a(ieee80211_mgmt.)
                0x0300f80c                bss_nslookup
 .text          0x0300f848        0x0 icomlib.a(irq.o)
 .text.irq_request
                0x0300f848      0x1c0 icomlib.a(irq.o)
                0x0300f848                irq_request
 .text.irq_init
                0x0300fa08       0xb0 icomlib.a(irq.o)
                0x0300fa08                irq_init
 .text          0x0300fab8        0x0 icomlib.a(netstack.o)
 .text.netstack_init
                0x0300fab8       0x38 icomlib.a(netstack.o)
                0x0300fab8                netstack_init
 .text          0x0300faf0        0x0 icomlib.a(wpa.o)
 .text.wpa_derive_ptk
                0x0300faf0       0xf4 icomlib.a(wpa.o)
 .text.init_wpa_ctx
                0x0300fbe4       0x48 icomlib.a(wpa.o)
                0x0300fbe4                init_wpa_ctx
 .text.init_AP_wpa_ctx
                0x0300fc2c       0xec icomlib.a(wpa.o)
                0x0300fc2c                init_AP_wpa_ctx
 .text.get_oui_subtype
                0x0300fd18       0x50 icomlib.a(wpa.o)
                0x0300fd18                get_oui_subtype
 .text.find_group_oui
                0x0300fd68       0x20 icomlib.a(wpa.o)
                0x0300fd68                find_group_oui
 .text.find_pairwise_oui_for_autoScan
                0x0300fd88       0x80 icomlib.a(wpa.o)
                0x0300fd88                find_pairwise_oui_for_autoScan
 .text.find_pairwise_oui
                0x0300fe08       0xf0 icomlib.a(wpa.o)
                0x0300fe08                find_pairwise_oui
 .text.find_akm_oui
                0x0300fef8       0xe4 icomlib.a(wpa.o)
                0x0300fef8                find_akm_oui
 .text.sec80211_detect
                0x0300ffdc      0x14c icomlib.a(wpa.o)
                0x0300ffdc                sec80211_detect
 .text.sec80211_detect_for_autoScan
                0x03010128       0xe4 icomlib.a(wpa.o)
                0x03010128                sec80211_detect_for_autoScan
 .text.pack_wpa2
                0x0301020c       0x40 icomlib.a(wpa.o)
                0x0301020c                pack_wpa2
 .text.cal_mic  0x0301024c       0x68 icomlib.a(wpa.o)
                0x0301024c                cal_mic
 .text.check_mic
                0x030102b4       0x74 icomlib.a(wpa.o)
                0x030102b4                check_mic
 .text.decrypt_keydata
                0x03010328       0xb4 icomlib.a(wpa.o)
                0x03010328                decrypt_keydata
 .text.install_key
                0x030103dc       0x9c icomlib.a(wpa.o)
                0x030103dc                install_key
 .text.InitPacketbuffer
                0x03010478       0x6c icomlib.a(wpa.o)
                0x03010478                InitPacketbuffer
 .text.tx_wpa_2_of_4
                0x030104e4      0x110 icomlib.a(wpa.o)
                0x030104e4                tx_wpa_2_of_4
 .text.rx_wpa_1_of_4
                0x030105f4       0x5c icomlib.a(wpa.o)
                0x030105f4                rx_wpa_1_of_4
 .text.tx_wpa_4_of_4
                0x03010650      0x140 icomlib.a(wpa.o)
                0x03010650                tx_wpa_4_of_4
 .text.rx_wpa_3_of_4
                0x03010790      0x1ac icomlib.a(wpa.o)
                0x03010790                rx_wpa_3_of_4
 .text.rx_wpa_1_of_2
                0x0301093c      0x1b8 icomlib.a(wpa.o)
                0x0301093c                rx_wpa_1_of_2
 .text.tx_wpa_1_of_4
                0x03010af4       0xcc icomlib.a(wpa.o)
                0x03010af4                tx_wpa_1_of_4
 .text.rx_wpa_2_of_4
                0x03010bc0      0x1d8 icomlib.a(wpa.o)
                0x03010bc0                rx_wpa_2_of_4
 .text.tx_wpa_3_of_4
                0x03010d98      0x1c8 icomlib.a(wpa.o)
                0x03010d98                tx_wpa_3_of_4
 .text          0x03010f60        0x0 icomlib.a(arc4.o)
 .text          0x03010f60        0x0 icomlib.a(wep.o)
 .text.crc32_le.constprop.0
                0x03010f60       0x50 icomlib.a(wep.o)
 .text.getAuthChallengeTextLen
                0x03010fb0       0x10 icomlib.a(wep.o)
                0x03010fb0                getAuthChallengeTextLen
 .text.getAuthAlgNum
                0x03010fc0       0x10 icomlib.a(wep.o)
                0x03010fc0                getAuthAlgNum
 .text.getAuthSeqNum
                0x03010fd0       0x10 icomlib.a(wep.o)
                0x03010fd0                getAuthSeqNum
 .text.getAuthStatus
                0x03010fe0       0x10 icomlib.a(wep.o)
                0x03010fe0                getAuthStatus
 .text.SetAuthChallengeText
                0x03010ff0       0x30 icomlib.a(wep.o)
                0x03010ff0                SetAuthChallengeText
 .text.SetAuthChallengeTextLen
                0x03011020       0x18 icomlib.a(wep.o)
                0x03011020                SetAuthChallengeTextLen
 .text.SetAuthAlgNum
                0x03011038       0x10 icomlib.a(wep.o)
                0x03011038                SetAuthAlgNum
 .text.setAuthSeqNum
                0x03011048       0x10 icomlib.a(wep.o)
                0x03011048                setAuthSeqNum
 .text.setAuthStatus
                0x03011058       0x10 icomlib.a(wep.o)
                0x03011058                setAuthStatus
 .text.setKeyAndIV
                0x03011068       0x48 icomlib.a(wep.o)
                0x03011068                setKeyAndIV
 .text.saveAftEncData
                0x030110b0       0x84 icomlib.a(wep.o)
                0x030110b0                saveAftEncData
 .text.setBefEncData
                0x03011134       0x84 icomlib.a(wep.o)
                0x03011134                setBefEncData
 .text.getEncDecData
                0x030111b8       0xbc icomlib.a(wep.o)
                0x030111b8                getEncDecData
 .text.encDecSrcData
                0x03011274       0xa4 icomlib.a(wep.o)
                0x03011274                encDecSrcData
 .text.initKeyAndIV
                0x03011318       0x2c icomlib.a(wep.o)
                0x03011318                initKeyAndIV
 .text.randIV   0x03011344       0x3c icomlib.a(wep.o)
                0x03011344                randIV
 .text.savePassToTotalKey
                0x03011380      0x180 icomlib.a(wep.o)
                0x03011380                savePassToTotalKey
 .text.initWEP  0x03011500       0x80 icomlib.a(wep.o)
                0x03011500                initWEP
 .text.clearParaWithWEP
                0x03011580       0x24 icomlib.a(wep.o)
                0x03011580                clearParaWithWEP
 .text          0x030115a4        0x0 icomlib.a(autostart.o)
 .text.autostart_start
                0x030115a4       0x24 icomlib.a(autostart.o)
                0x030115a4                autostart_start
 .text.autostart_exit
                0x030115c8       0x20 icomlib.a(autostart.o)
                0x030115c8                autostart_exit
 .text          0x030115e8        0x0 icomlib.a(random.o)
 .text.random_init
                0x030115e8        0x4 icomlib.a(random.o)
                0x030115e8                random_init
 .text.random_rand
                0x030115ec       0x14 icomlib.a(random.o)
                0x030115ec                random_rand
 .text          0x03011600        0x0 icomlib.a(airkiss.o)
 .text.airKissResult
                0x03011600       0xd4 icomlib.a(airkiss.o)
                0x03011600                airKissResult
 .text.airKissPrintVersion
                0x030116d4       0x1c icomlib.a(airkiss.o)
                0x030116d4                airKissPrintVersion
 .text.airKissInit
                0x030116f0       0x20 icomlib.a(airkiss.o)
                0x030116f0                airKissInit
 .text.SetAirkissStart
                0x03011710       0x40 icomlib.a(airkiss.o)
                0x03011710                SetAirkissStart
 .text.clearAirKissBuf
                0x03011750       0x30 icomlib.a(airkiss.o)
                0x03011750                clearAirKissBuf
 .text.resetAirkiss
                0x03011780       0x24 icomlib.a(airkiss.o)
                0x03011780                resetAirkiss
 .text.process_thread_airkiss_conf_process
                0x030117a4      0x12c icomlib.a(airkiss.o)
 .text.initAirKiss
                0x030118d0       0x50 icomlib.a(airkiss.o)
                0x030118d0                initAirKiss
 .text          0x03011920        0x0 icomlib.a(atcmd_icomm.o)
 .text.ip2int   0x03011920       0xe4 icomlib.a(atcmd_icomm.o)
                0x03011920                ip2int
 .text.At_RespOK
                0x03011a04       0x74 icomlib.a(atcmd_icomm.o)
                0x03011a04                At_RespOK
 .text.At_GetLocalMac
                0x03011a78       0x4c icomlib.a(atcmd_icomm.o)
                0x03011a78                At_GetLocalMac
 .text.At_GetVersion
                0x03011ac4       0x2c icomlib.a(atcmd_icomm.o)
                0x03011ac4                At_GetVersion
 .text.At_GetManufactureInfo
                0x03011af0       0x2c icomlib.a(atcmd_icomm.o)
                0x03011af0                At_GetManufactureInfo
 .text.At_SetWifiConfig
                0x03011b1c      0x214 icomlib.a(atcmd_icomm.o)
                0x03011b1c                At_SetWifiConfig
 .text.At_GetConfigure
                0x03011d30       0xb4 icomlib.a(atcmd_icomm.o)
                0x03011d30                At_GetConfigure
 .text.At_SetIfConfigure
                0x03011de4      0x19c icomlib.a(atcmd_icomm.o)
                0x03011de4                At_SetIfConfigure
 .text.At_GetNetStatus
                0x03011f80       0x30 icomlib.a(atcmd_icomm.o)
                0x03011f80                At_GetNetStatus
 .text.At_Ping  0x03011fb0       0x80 icomlib.a(atcmd_icomm.o)
                0x03011fb0                At_Ping
 .text.At_Help  0x03012030      0x210 icomlib.a(atcmd_icomm.o)
                0x03012030                At_Help
 .text.At_GetApStatus
                0x03012240       0x70 icomlib.a(atcmd_icomm.o)
                0x03012240                At_GetApStatus
 .text.At_GetWifiStatus
                0x030122b0      0x350 icomlib.a(atcmd_icomm.o)
                0x030122b0                At_GetWifiStatus
 .text.At_GetMRX
                0x03012600      0x130 icomlib.a(atcmd_icomm.o)
                0x03012600                At_GetMRX
 .text.At_TestMemRead
                0x03012730       0x88 icomlib.a(atcmd_icomm.o)
                0x03012730                At_TestMemRead
 .text.At_MboxDump
                0x030127b8       0x10 icomlib.a(atcmd_icomm.o)
                0x030127b8                At_MboxDump
 .text.At_WifiReset
                0x030127c8       0x10 icomlib.a(atcmd_icomm.o)
                0x030127c8                At_WifiReset
 .text.At_GetIPconf
                0x030127d8       0x4c icomlib.a(atcmd_icomm.o)
                0x030127d8                At_GetIPconf
 .text.At_NetScan
                0x03012824       0x14 icomlib.a(atcmd_icomm.o)
                0x03012824                At_NetScan
 .text.At_NetScan_Custom
                0x03012838       0xb4 icomlib.a(atcmd_icomm.o)
                0x03012838                At_NetScan_Custom
 .text.At_Connect
                0x030128ec       0x58 icomlib.a(atcmd_icomm.o)
                0x030128ec                At_Connect
 .text.process_thread_Cabrio_ate_process
                0x03012944      0x120 icomlib.a(atcmd_icomm.o)
 .text.At_Disconnect
                0x03012a64       0x10 icomlib.a(atcmd_icomm.o)
                0x03012a64                At_Disconnect
 .text.At_POWERSAVE
                0x03012a74       0x34 icomlib.a(atcmd_icomm.o)
                0x03012a74                At_POWERSAVE
 .text.At_WriteReg32
                0x03012aa8       0xd4 icomlib.a(atcmd_icomm.o)
                0x03012aa8                At_WriteReg32
 .text.At_ReadReg32
                0x03012b7c       0x94 icomlib.a(atcmd_icomm.o)
                0x03012b7c                At_ReadReg32
 .text.At_SetChannel
                0x03012c10       0x9c icomlib.a(atcmd_icomm.o)
                0x03012c10                At_SetChannel
 .text.At_GetRfStatus
                0x03012cac      0x198 icomlib.a(atcmd_icomm.o)
                0x03012cac                At_GetRfStatus
 .text.At_ShowRfCommand
                0x03012e44      0x1cc icomlib.a(atcmd_icomm.o)
                0x03012e44                At_ShowRfCommand
 .text.AT_RemoveCfsConf
                0x03013010        0x4 icomlib.a(atcmd_icomm.o)
                0x03013010                AT_RemoveCfsConf
 .text.At_bmode_count
                0x03013014       0x44 icomlib.a(atcmd_icomm.o)
                0x03013014                At_bmode_count
 .text.At_bmode_reset
                0x03013058       0x1c icomlib.a(atcmd_icomm.o)
                0x03013058                At_bmode_reset
 .text.At_gmode_count
                0x03013074       0x48 icomlib.a(atcmd_icomm.o)
                0x03013074                At_gmode_count
 .text.At_gmode_reset
                0x030130bc       0x20 icomlib.a(atcmd_icomm.o)
                0x030130bc                At_gmode_reset
 .text.At_filter_reset
                0x030130dc      0x1f0 icomlib.a(atcmd_icomm.o)
                0x030130dc                At_filter_reset
 .text.At_filter_count
                0x030132cc       0x5c icomlib.a(atcmd_icomm.o)
                0x030132cc                At_filter_count
 .text.at_cmd_start
                0x03013328       0x1c icomlib.a(atcmd_icomm.o)
                0x03013328                at_cmd_start
 .text.at_cmd_exit
                0x03013344       0x18 icomlib.a(atcmd_icomm.o)
                0x03013344                at_cmd_exit
 .text          0x0301335c        0x0 icomlib.a(bsp_info.o)
 .text.bsp_get_boot_info
                0x0301335c       0xbc icomlib.a(bsp_info.o)
                0x0301335c                bsp_get_boot_info
 .text.get_boot_stack_fence
                0x03013418       0x3c icomlib.a(bsp_info.o)
                0x03013418                get_boot_stack_fence
 .text.bsp_get_mp_info
                0x03013454      0x534 icomlib.a(bsp_info.o)
                0x03013454                bsp_get_mp_info
 .text.bsp_get_define_info
                0x03013988       0xc4 icomlib.a(bsp_info.o)
                0x03013988                bsp_get_define_info
 .text.bsp_get_config_info
                0x03013a4c      0x374 icomlib.a(bsp_info.o)
                0x03013a4c                bsp_get_config_info
 .text          0x03013dc0        0x0 icomlib.a(cfs-coffee.o)
 .text.load_file
                0x03013dc0       0xa8 icomlib.a(cfs-coffee.o)
 .text.read_header
                0x03013e68       0x18 icomlib.a(cfs-coffee.o)
 .text.file_end
                0x03013e80       0x94 icomlib.a(cfs-coffee.o)
 .text.write_header
                0x03013f14       0x24 icomlib.a(cfs-coffee.o)
 .text.next_file.isra.0
                0x03013f38       0x2c icomlib.a(cfs-coffee.o)
 .text.find_file
                0x03013f64       0xec icomlib.a(cfs-coffee.o)
 .text.find_contiguous_pages
                0x03014050       0xe4 icomlib.a(cfs-coffee.o)
 .text.remove_by_page.isra.1
                0x03014134      0x118 icomlib.a(cfs-coffee.o)
 .text.reserve.constprop.3
                0x0301424c      0x354 icomlib.a(cfs-coffee.o)
 .text.cfs_open
                0x030145a0       0xf0 icomlib.a(cfs-coffee.o)
                0x030145a0                cfs_open
 .text.cfs_close
                0x03014690       0x44 icomlib.a(cfs-coffee.o)
                0x03014690                cfs_close
 .text.cfs_seek
                0x030146d4       0x94 icomlib.a(cfs-coffee.o)
                0x030146d4                cfs_seek
 .text.cfs_remove
                0x03014768       0x34 icomlib.a(cfs-coffee.o)
                0x03014768                cfs_remove
 .text.cfs_read
                0x0301479c       0x9c icomlib.a(cfs-coffee.o)
                0x0301479c                cfs_read
 .text.cfs_write
                0x03014838      0x298 icomlib.a(cfs-coffee.o)
                0x03014838                cfs_write
 .text.cfs_opendir
                0x03014ad0       0x18 icomlib.a(cfs-coffee.o)
                0x03014ad0                cfs_opendir
 .text.cfs_readdir
                0x03014ae8       0xe4 icomlib.a(cfs-coffee.o)
                0x03014ae8                cfs_readdir
 .text.cfs_closedir
                0x03014bcc        0x4 icomlib.a(cfs-coffee.o)
                0x03014bcc                cfs_closedir
 .text.cfs_coffee_reserve
                0x03014bd0       0x2c icomlib.a(cfs-coffee.o)
                0x03014bd0                cfs_coffee_reserve
 .text.cfs_coffee_configure_log
                0x03014bfc       0x9c icomlib.a(cfs-coffee.o)
                0x03014bfc                cfs_coffee_configure_log
 .text.get_cabrio_fs_table_marker
                0x03014c98       0x40 icomlib.a(cfs-coffee.o)
                0x03014c98                get_cabrio_fs_table_marker
 .text.cfs_dbg_flash_dump_data
                0x03014cd8        0x4 icomlib.a(cfs-coffee.o)
                0x03014cd8                cfs_dbg_flash_dump_data
 .text.set_cabrio_fs_table_marker
                0x03014cdc       0x14 icomlib.a(cfs-coffee.o)
                0x03014cdc                set_cabrio_fs_table_marker
 .text.cfs_coffee_format
                0x03014cf0       0x50 icomlib.a(cfs-coffee.o)
                0x03014cf0                cfs_coffee_format
 .text.cfs_coffee_get_protected_mem
                0x03014d40       0x14 icomlib.a(cfs-coffee.o)
                0x03014d40                cfs_coffee_get_protected_mem
 .text          0x03014d54        0x0 icomlib.a(console.o)
 .text.console_init
                0x03014d54       0x5c icomlib.a(console.o)
                0x03014d54                console_init
 .text          0x03014db0        0x0 icomlib.a(drv_gpio.o)
 .text.get_PAD_Addr
                0x03014db0       0x28 icomlib.a(drv_gpio.o)
                0x03014db0                get_PAD_Addr
 .text.drv_gpio_Output
                0x03014dd8      0x194 icomlib.a(drv_gpio.o)
                0x03014dd8                drv_gpio_Output
 .text.drv_gpio_Input
                0x03014f6c       0x88 icomlib.a(drv_gpio.o)
                0x03014f6c                drv_gpio_Input
 .text.drv_gpio_write
                0x03014ff4       0x40 icomlib.a(drv_gpio.o)
                0x03014ff4                drv_gpio_write
 .text.drv_gpio_read
                0x03015034       0x34 icomlib.a(drv_gpio.o)
                0x03015034                drv_gpio_read
 .text.drv_gpio_set_irq
                0x03015068       0xfc icomlib.a(drv_gpio.o)
                0x03015068                drv_gpio_set_irq
 .text.drv_gpio_func
                0x03015164      0x1e8 icomlib.a(drv_gpio.o)
                0x03015164                drv_gpio_func
 .text          0x0301534c        0x0 icomlib.a(drv_pmu.o)
 .text.drv_pmu_setwake_cnt
                0x0301534c       0x44 icomlib.a(drv_pmu.o)
                0x0301534c                drv_pmu_setwake_cnt
 .text.drv_pmu_tu0
                0x03015390       0x60 icomlib.a(drv_pmu.o)
                0x03015390                drv_pmu_tu0
 .text.drv_pmu_tm0
                0x030153f0       0x60 icomlib.a(drv_pmu.o)
                0x030153f0                drv_pmu_tm0
 .text.drv_pmu_sleep
                0x03015450      0x260 icomlib.a(drv_pmu.o)
                0x03015450                drv_pmu_sleep
 .text.drv_pmu_init
                0x030156b0       0x40 icomlib.a(drv_pmu.o)
                0x030156b0                drv_pmu_init
 .text.drv_pmu_chk
                0x030156f0       0x18 icomlib.a(drv_pmu.o)
                0x030156f0                drv_pmu_chk
 .text.drv_pmu_check_interupt_event
                0x03015708       0x20 icomlib.a(drv_pmu.o)
                0x03015708                drv_pmu_check_interupt_event
 .text          0x03015728        0x0 icomlib.a(drv_wdog.o)
 .text.drv_wdog_reboot
                0x03015728       0x48 icomlib.a(drv_wdog.o)
                0x03015728                drv_wdog_reboot
 .text.drv_wdog_period_5000ms
                0x03015770       0x50 icomlib.a(drv_wdog.o)
                0x03015770                drv_wdog_period_5000ms
 .text.drv_wdog_period_10000ms
                0x030157c0       0x50 icomlib.a(drv_wdog.o)
                0x030157c0                drv_wdog_period_10000ms
 .text.drv_wdog_period_cutommed
                0x03015810       0x48 icomlib.a(drv_wdog.o)
                0x03015810                drv_wdog_period_cutommed
 .text.drv_wdog_stop
                0x03015858       0x40 icomlib.a(drv_wdog.o)
                0x03015858                drv_wdog_stop
 .text          0x03015898        0x0 icomlib.a(fence.o)
 .text.do_fence
                0x03015898       0x1c icomlib.a(fence.o)
                0x03015898                do_fence
 .text.fence_init
                0x030158b4       0x28 icomlib.a(fence.o)
                0x030158b4                fence_init
 .text          0x030158dc        0x0 icomlib.a(smartComm.o)
 .text.set_slink_ready_ack
                0x030158dc       0x10 icomlib.a(smartComm.o)
                0x030158dc                set_slink_ready_ack
 .text.enableSmartHwFilter
                0x030158ec      0x220 icomlib.a(smartComm.o)
                0x030158ec                enableSmartHwFilter
 .text.disableSmartHwFilter
                0x03015b0c      0x248 icomlib.a(smartComm.o)
                0x03015b0c                disableSmartHwFilter
 .text.setSmartCmdStatus
                0x03015d54       0x1c icomlib.a(smartComm.o)
                0x03015d54                setSmartCmdStatus
 .text.disableSendToPhone
                0x03015d70       0x14 icomlib.a(smartComm.o)
                0x03015d70                disableSendToPhone
 .text.getSendToPhoneStatus
                0x03015d84       0x10 icomlib.a(smartComm.o)
                0x03015d84                getSendToPhoneStatus
 .text.enableSendToPhoneData
                0x03015d94       0x14 icomlib.a(smartComm.o)
                0x03015d94                enableSendToPhoneData
 .text.disableSendToPhoneData
                0x03015da8       0x14 icomlib.a(smartComm.o)
                0x03015da8                disableSendToPhoneData
 .text.setSmartPhoneIP
                0x03015dbc       0x18 icomlib.a(smartComm.o)
                0x03015dbc                setSmartPhoneIP
 .text.getPhoneMac
                0x03015dd4       0x10 icomlib.a(smartComm.o)
                0x03015dd4                getPhoneMac
 .text.setPhoneMAC
                0x03015de4       0x18 icomlib.a(smartComm.o)
                0x03015de4                setPhoneMAC
 .text.setPhoneData
                0x03015dfc       0x20 icomlib.a(smartComm.o)
                0x03015dfc                setPhoneData
 .text.sendMessageToPhone
                0x03015e1c      0x124 icomlib.a(smartComm.o)
                0x03015e1c                sendMessageToPhone
 .text.process_thread_smart_conf_ack
                0x03015f40       0x64 icomlib.a(smartComm.o)
 .text.smartSetIfconfigAndConnect
                0x03015fa4       0x38 icomlib.a(smartComm.o)
                0x03015fa4                smartSetIfconfigAndConnect
 .text.checkAndSetAPMac
                0x03015fdc      0x130 icomlib.a(smartComm.o)
                0x03015fdc                checkAndSetAPMac
 .text          0x0301610c        0x0 icomlib.a(smartConf.o)
 .text.clearSmartLinkBuf
                0x0301610c       0x74 icomlib.a(smartConf.o)
                0x0301610c                clearSmartLinkBuf
 .text.clearAllSmartLinkBuf
                0x03016180       0x48 icomlib.a(smartConf.o)
                0x03016180                clearAllSmartLinkBuf
 .text.resetSmartLink
                0x030161c8       0x58 icomlib.a(smartConf.o)
                0x030161c8                resetSmartLink
 .text.process_thread_smart_conf_process
                0x03016220      0x17c icomlib.a(smartConf.o)
 .text.initSmartLink
                0x0301639c       0xe4 icomlib.a(smartConf.o)
                0x0301639c                initSmartLink
 .text          0x03016480        0x0 icomlib.a(ssv_lib_slow.o)
 .text.mac_atoi
                0x03016480       0x44 icomlib.a(ssv_lib_slow.o)
                0x03016480                mac_atoi
 .text.dbg_dump_reg_pc
                0x030164c4       0x10 icomlib.a(ssv_lib_slow.o)
                0x030164c4                dbg_dump_reg_pc
 .text.dbg_dump_reg_sp
                0x030164d4       0x10 icomlib.a(ssv_lib_slow.o)
                0x030164d4                dbg_dump_reg_sp
 .text.dbg_dump_reg_cpsr
                0x030164e4       0xa0 icomlib.a(ssv_lib_slow.o)
                0x030164e4                dbg_dump_reg_cpsr
 .text.dbg_dump_binary
                0x03016584       0x78 icomlib.a(ssv_lib_slow.o)
                0x03016584                dbg_dump_binary
 .text.dbg_dump_mac
                0x030165fc       0x48 icomlib.a(ssv_lib_slow.o)
                0x030165fc                dbg_dump_mac
 .text.dbg_dump_ip
                0x03016644       0x38 icomlib.a(ssv_lib_slow.o)
                0x03016644                dbg_dump_ip
 .text          0x0301667c        0x0 icomlib.a(userSmart.o)
 .text.SET_FILTER_TABLE0
                0x0301667c       0x68 icomlib.a(userSmart.o)
                0x0301667c                SET_FILTER_TABLE0
 .text.SET_FILTER_TABLE1
                0x030166e4       0x88 icomlib.a(userSmart.o)
                0x030166e4                SET_FILTER_TABLE1
 .text.SET_FILTER_TABLE2
                0x0301676c       0xa0 icomlib.a(userSmart.o)
                0x0301676c                SET_FILTER_TABLE2
 .text.SET_FILTER_TABLE3
                0x0301680c       0xc4 icomlib.a(userSmart.o)
                0x0301680c                SET_FILTER_TABLE3
 .text.rejectAllFrame
                0x030168d0      0x20c icomlib.a(userSmart.o)
                0x030168d0                rejectAllFrame
 .text.AutoScanAP
                0x03016adc        0x4 icomlib.a(userSmart.o)
                0x03016adc                AutoScanAP
 .text.userSmartSetChannel
                0x03016ae0       0x38 icomlib.a(userSmart.o)
                0x03016ae0                userSmartSetChannel
 .text.SetUserReceFilter
                0x03016b18       0x48 icomlib.a(userSmart.o)
                0x03016b18                SetUserReceFilter
 .text.EnableUserReceFilter
                0x03016b60       0xa4 icomlib.a(userSmart.o)
                0x03016b60                EnableUserReceFilter
 .text.DisableUserReceFilter
                0x03016c04       0x3c icomlib.a(userSmart.o)
                0x03016c04                DisableUserReceFilter
 .text.SetCallBackFunction
                0x03016c40       0x10 icomlib.a(userSmart.o)
                0x03016c40                SetCallBackFunction
 .text.EnableCallBackFrame
                0x03016c50       0x38 icomlib.a(userSmart.o)
                0x03016c50                EnableCallBackFrame
 .text.DisableCallBackFrame
                0x03016c88       0x18 icomlib.a(userSmart.o)
                0x03016c88                DisableCallBackFrame
 .text.EnableUserSmartMode
                0x03016ca0       0xa8 icomlib.a(userSmart.o)
                0x03016ca0                EnableUserSmartMode
 .text.DisableUserSmartMode
                0x03016d48      0x11c icomlib.a(userSmart.o)
                0x03016d48                DisableUserSmartMode
 .text          0x03016e64        0x0 icomlib.a(hash_alg.o)
 .text          0x03016e64        0x0 icomlib.a(hmac_md5.o)
 .text          0x03016e64        0x0 icomlib.a(hmac_sha1.o)
 .text          0x03016e64        0x0 icomlib.a(ieee80211_mac.o)
 .text.off      0x03016e64       0x18 icomlib.a(ieee80211_mac.o)
 .text.channel_check_interval
                0x03016e7c        0x8 icomlib.a(ieee80211_mac.o)
 .text.init     0x03016e84       0x14 icomlib.a(ieee80211_mac.o)
 .text.on       0x03016e98       0x1c icomlib.a(ieee80211_mac.o)
 .text.dump_data
                0x03016eb4       0x64 icomlib.a(ieee80211_mac.o)
                0x03016eb4                dump_data
 .text.data_decryt
                0x03016f18       0x80 icomlib.a(ieee80211_mac.o)
                0x03016f18                data_decryt
 .text          0x03016f98        0x0 icomlib.a(sha1.o)
 .text          0x03016f98        0x0 icomlib.a(sys_status_api.)
 .text.get_local_mac
                0x03016f98       0x38 icomlib.a(sys_status_api.)
                0x03016f98                get_local_mac
 .text.get_connectAP_mac
                0x03016fd0       0x38 icomlib.a(sys_status_api.)
                0x03016fd0                get_connectAP_mac
 .text.get_wifi_connect_status
                0x03017008       0x10 icomlib.a(sys_status_api.)
                0x03017008                get_wifi_connect_status
 .text.get_wifi_connected
                0x03017018       0x10 icomlib.a(sys_status_api.)
                0x03017018                get_wifi_connected
 .text.get_ap_lsit_total_num
                0x03017028        0x4 icomlib.a(sys_status_api.)
                0x03017028                get_ap_lsit_total_num
 .text.set_nslookup
                0x0301702c        0x4 icomlib.a(sys_status_api.)
                0x0301702c                set_nslookup
 .text.set_slink_ready_and_ack
                0x03017030        0x4 icomlib.a(sys_status_api.)
                0x03017030                set_slink_ready_and_ack
 .text          0x03017034        0x0 icomlib.a(md5.o)
 .text.Encode   0x03017034       0x48 icomlib.a(md5.o)
 .text.MD5Transform
                0x0301707c      0xa54 icomlib.a(md5.o)
 .text          0x03017ad0        0x0 icomlib.a(shell-ping.o)
 .text.process_thread_shell_ping_process
                0x03017ad0      0x250 icomlib.a(shell-ping.o)
 .text.ping_start
                0x03017d20       0x34 icomlib.a(shell-ping.o)
                0x03017d20                ping_start
 .text          0x03017d54        0x0 icomlib.a(drv_fence.o)
 .text.hwfence_init
                0x03017d54       0x1c icomlib.a(drv_fence.o)
                0x03017d54                hwfence_init
 .text.hwfence_start
                0x03017d70       0x14 icomlib.a(drv_fence.o)
                0x03017d70                hwfence_start
 .text          0x03017d84        0x0 icomlib.a(drv_mbox.o)
 .text.drv_mailbox_cpu_pri_ff
                0x03017d84       0x30 icomlib.a(drv_mbox.o)
                0x03017d84                drv_mailbox_cpu_pri_ff
 .text          0x03017db4        0x0 icomlib.a(EAPOL.o)
 .text.rx_process_wpa
                0x03017db4      0x190 icomlib.a(EAPOL.o)
                0x03017db4                rx_process_wpa
 .text.rx_process_eapol
                0x03017f44       0x58 icomlib.a(EAPOL.o)
                0x03017f44                rx_process_eapol
 .text.tx_eapol_start_req
                0x03017f9c        0x4 icomlib.a(EAPOL.o)
                0x03017f9c                tx_eapol_start_req
 .text          0x03017fa0        0x0 icomapps.a(atcmd.o)
 .text.process_thread_poll_tx_process
                0x03017fa0       0xa0 icomapps.a(atcmd.o)
 .text.process_thread_nslookup_process
                0x03018040       0xb4 icomapps.a(atcmd.o)
 .text.allocate_buffer_in
                0x030180f4       0x40 icomapps.a(atcmd.o)
                0x030180f4                allocate_buffer_in
 .text.process_thread_tcp_connect_process
                0x03018134      0x260 icomapps.a(atcmd.o)
 .text.release_buffer_in
                0x03018394       0x30 icomapps.a(atcmd.o)
                0x03018394                release_buffer_in
 .text.allocate_buffer_out
                0x030183c4       0x40 icomapps.a(atcmd.o)
                0x030183c4                allocate_buffer_out
 .text.process_thread_http_request_process
                0x03018404      0x338 icomapps.a(atcmd.o)
 .text.release_buffer_out
                0x0301873c       0x30 icomapps.a(atcmd.o)
                0x0301873c                release_buffer_out
 .text.parseBuff2Param
                0x0301876c       0x94 icomapps.a(atcmd.o)
                0x0301876c                parseBuff2Param
 .text.At_EnableSmartReboot
                0x03018800       0xa0 icomapps.a(atcmd.o)
                0x03018800                At_EnableSmartReboot
 .text.At_EnableSmartMode
                0x030188a0       0x8c icomapps.a(atcmd.o)
                0x030188a0                At_EnableSmartMode
 .text.showDataRate
                0x0301892c       0x1c icomapps.a(atcmd.o)
                0x0301892c                showDataRate
 .text.securityString
                0x03018948       0x1c icomapps.a(atcmd.o)
                0x03018948                securityString
 .text.securitySubString
                0x03018964       0x1c icomapps.a(atcmd.o)
                0x03018964                securitySubString
 .text.At_Reboot
                0x03018980       0x1c icomapps.a(atcmd.o)
                0x03018980                At_Reboot
 .text.At_WatchDOG_Start
                0x0301899c       0x30 icomapps.a(atcmd.o)
                0x0301899c                At_WatchDOG_Start
 .text.At_WatchDOG_Stop
                0x030189cc       0x30 icomapps.a(atcmd.o)
                0x030189cc                At_WatchDOG_Stop
 .text.At_ProcessQueKill
                0x030189fc       0x60 icomapps.a(atcmd.o)
                0x030189fc                At_ProcessQueKill
 .text.At_ProcessKill
                0x03018a5c       0x60 icomapps.a(atcmd.o)
                0x03018a5c                At_ProcessKill
 .text.At_ProcessAllQueDump
                0x03018abc       0x34 icomapps.a(atcmd.o)
                0x03018abc                At_ProcessAllQueDump
 .text.At_ProcessAllDump
                0x03018af0       0x34 icomapps.a(atcmd.o)
                0x03018af0                At_ProcessAllDump
 .text.At_ShowNtpTime
                0x03018b24       0x20 icomapps.a(atcmd.o)
                0x03018b24                At_ShowNtpTime
 .text.At_ShowAllAP
                0x03018b44       0xd8 icomapps.a(atcmd.o)
                0x03018b44                At_ShowAllAP
 .text.At_ShowConnectAP
                0x03018c1c      0x140 icomapps.a(atcmd.o)
                0x03018c1c                At_ShowConnectAP
 .text.At_SetGpio
                0x03018d5c       0xdc icomapps.a(atcmd.o)
                0x03018d5c                At_SetGpio
 .text.At_WriteGpio
                0x03018e38       0xbc icomapps.a(atcmd.o)
                0x03018e38                At_WriteGpio
 .text.At_ReadGpio
                0x03018ef4       0x9c icomapps.a(atcmd.o)
                0x03018ef4                At_ReadGpio
 .text.At_ParserRecv
                0x03018f90       0x4c icomapps.a(atcmd.o)
                0x03018f90                At_ParserRecv
 .text.At_PowerOn
                0x03018fdc       0x38 icomapps.a(atcmd.o)
                0x03018fdc                At_PowerOn
 .text.At_RX    0x03019014       0x38 icomapps.a(atcmd.o)
                0x03019014                At_RX
 .text.At_TX    0x0301904c       0x4c icomapps.a(atcmd.o)
                0x0301904c                At_TX
 .text.At_PowerSaving
                0x03019098       0xdc icomapps.a(atcmd.o)
                0x03019098                At_PowerSaving
 .text.At_TCPChange_Timeout
                0x03019174       0x98 icomapps.a(atcmd.o)
                0x03019174                At_TCPChange_Timeout
 .text.At_TCPConnect
                0x0301920c      0x150 icomapps.a(atcmd.o)
                0x0301920c                At_TCPConnect
 .text.At_TCPSend
                0x0301935c      0x108 icomapps.a(atcmd.o)
                0x0301935c                At_TCPSend
 .text.At_TCPDisconnect
                0x03019464       0x48 icomapps.a(atcmd.o)
                0x03019464                At_TCPDisconnect
 .text.At_TCPListen
                0x030194ac       0xd0 icomapps.a(atcmd.o)
                0x030194ac                At_TCPListen
 .text.At_TCPUnlisten
                0x0301957c       0xb4 icomapps.a(atcmd.o)
                0x0301957c                At_TCPUnlisten
 .text.At_UDPCreate
                0x03019630       0xd4 icomapps.a(atcmd.o)
                0x03019630                At_UDPCreate
 .text.At_UDPSend
                0x03019704      0x124 icomapps.a(atcmd.o)
                0x03019704                At_UDPSend
 .text.At_UDPClose
                0x03019828       0x6c icomapps.a(atcmd.o)
                0x03019828                At_UDPClose
 .text.At_HTTPTest
                0x03019894      0x184 icomapps.a(atcmd.o)
                0x03019894                At_HTTPTest
 .text.At_HTTPTestStop
                0x03019a18       0x14 icomapps.a(atcmd.o)
                0x03019a18                At_HTTPTestStop
 .text.At_NSLookup
                0x03019a2c       0x58 icomapps.a(atcmd.o)
                0x03019a2c                At_NSLookup
 .text.At_SET_AP_SSID
                0x03019a84       0x58 icomapps.a(atcmd.o)
                0x03019a84                At_SET_AP_SSID
 .text.At_SET_AUTO_CONNECT
                0x03019adc       0x78 icomapps.a(atcmd.o)
                0x03019adc                At_SET_AUTO_CONNECT
 .text.At_SAVE_CONFIG
                0x03019b54       0x34 icomapps.a(atcmd.o)
                0x03019b54                At_SAVE_CONFIG
 .text.At_Clean_Lists
                0x03019b88       0x18 icomapps.a(atcmd.o)
                0x03019b88                At_Clean_Lists
 .text.At_AP    0x03019ba0       0x1c icomapps.a(atcmd.o)
                0x03019ba0                At_AP
 .text.At_SET_APCONFIG
                0x03019bbc       0xac icomapps.a(atcmd.o)
                0x03019bbc                At_SET_APCONFIG
 .text.At_AP_EXIT
                0x03019c68       0x1c icomapps.a(atcmd.o)
                0x03019c68                At_AP_EXIT
 .text.At_TestFlashErase
                0x03019c84       0xc8 icomapps.a(atcmd.o)
                0x03019c84                At_TestFlashErase
 .text.At_TestFlashWrite
                0x03019d4c       0xb8 icomapps.a(atcmd.o)
                0x03019d4c                At_TestFlashWrite
 .text.At_BenchFlashRead
                0x03019e04      0x10c icomapps.a(atcmd.o)
                0x03019e04                At_BenchFlashRead
 .text.At_BenchFlashWrite
                0x03019f10      0x114 icomapps.a(atcmd.o)
                0x03019f10                At_BenchFlashWrite
 .text.At_TestFlashRead
                0x0301a024       0xa4 icomapps.a(atcmd.o)
                0x0301a024                At_TestFlashRead
 .text.At_ParserInd
                0x0301a0c8       0xc0 icomapps.a(atcmd.o)
                0x0301a0c8                At_ParserInd
 .text.At_Parser
                0x0301a188      0xc58 icomapps.a(atcmd.o)
                0x0301a188                At_Parser
 .text          0x0301ade0        0x0 icomapps.a(socket_app.o)
 .text.process_thread_discover_process
                0x0301ade0      0x130 icomapps.a(socket_app.o)
 .text.otaProcessDisable
                0x0301af10       0x14 icomapps.a(socket_app.o)
                0x0301af10                otaProcessDisable
 .text.setRemoteMAC
                0x0301af24       0x48 icomapps.a(socket_app.o)
                0x0301af24                setRemoteMAC
 .text.setRrmoteIpAddress
                0x0301af6c       0x1c icomapps.a(socket_app.o)
                0x0301af6c                setRrmoteIpAddress
 .text.getCmdNum
                0x0301af88       0x88 icomapps.a(socket_app.o)
                0x0301af88                getCmdNum
 .text.smartTcpSend
                0x0301b010       0x50 icomapps.a(socket_app.o)
                0x0301b010                smartTcpSend
 .text.smartTcpConnect
                0x0301b060       0x74 icomapps.a(socket_app.o)
                0x0301b060                smartTcpConnect
 .text.smartTcpDisConnect
                0x0301b0d4       0x38 icomapps.a(socket_app.o)
                0x0301b0d4                smartTcpDisConnect
 .text.process_thread_tcp_client_smartProcess
                0x0301b10c      0x1ac icomapps.a(socket_app.o)
 .text.process_thread_tcp_smartlink_process
                0x0301b2b8      0x1e4 icomapps.a(socket_app.o)
 .text.appUdpCreate
                0x0301b49c       0x48 icomapps.a(socket_app.o)
                0x0301b49c                appUdpCreate
 .text.appUdpSend
                0x0301b4e4       0x40 icomapps.a(socket_app.o)
                0x0301b4e4                appUdpSend
 .text.appUdpClose
                0x0301b524       0x2c icomapps.a(socket_app.o)
                0x0301b524                appUdpClose
 .text.checkCmdAndSendData
                0x0301b550      0x1f8 icomapps.a(socket_app.o)
                0x0301b550                checkCmdAndSendData
 .text.process_thread_udp_server_discoverProcess
                0x0301b748      0x170 icomapps.a(socket_app.o)
 .text          0x0301b8b8        0x0 icomapps.a(soft_ap_init.o)
 .text.softap_combine_ssid_mac
                0x0301b8b8       0x5c icomapps.a(soft_ap_init.o)
                0x0301b8b8                softap_combine_ssid_mac
 .text.softap_dump_dhcp_setting
                0x0301b914       0x88 icomapps.a(soft_ap_init.o)
                0x0301b914                softap_dump_dhcp_setting
 .text.softap_dhcp_init
                0x0301b99c      0x130 icomapps.a(soft_ap_init.o)
                0x0301b99c                softap_dhcp_init
 .text.softap_init_ex
                0x0301bacc       0xe8 icomapps.a(soft_ap_init.o)
                0x0301bacc                softap_init_ex
 .text.softap_init
                0x0301bbb4       0x10 icomapps.a(soft_ap_init.o)
                0x0301bbb4                softap_init
 .text          0x0301bbc4        0x0 icomapps.a(tcp_server_demo)
 .text.process_thread_tcpServerDemo_process
                0x0301bbc4      0x1ec icomapps.a(tcp_server_demo)
 .text.SetPWM   0x0301bdb0       0x38 icomapps.a(tcp_server_demo)
                0x0301bdb0                SetPWM
 .text.EnableLED
                0x0301bde8       0x44 icomapps.a(tcp_server_demo)
                0x0301bde8                EnableLED
 .text.DisableLED
                0x0301be2c       0x40 icomapps.a(tcp_server_demo)
                0x0301be2c                DisableLED
 .text.process_thread_led_blink_process
                0x0301be6c       0xd4 icomapps.a(tcp_server_demo)
 .text.appTcpSend
                0x0301bf40       0x50 icomapps.a(tcp_server_demo)
                0x0301bf40                appTcpSend
 .text.TCPDataParser
                0x0301bf90      0x104 icomapps.a(tcp_server_demo)
                0x0301bf90                TCPDataParser
 .text.process_thread_tcp_server_demoProcess
                0x0301c094      0x188 icomapps.a(tcp_server_demo)
 .text          0x0301c21c        0x0 icomapps.a(wifi_uart_demo.)
 .text.process_thread_wifiUartDemo_process
                0x0301c21c      0x13c icomapps.a(wifi_uart_demo.)
 .text.process_thread_tcp_server_wifiUartProcess
                0x0301c358      0x1c4 icomapps.a(wifi_uart_demo.)
 .text.sampleAppTCPSend
                0x0301c51c       0x84 icomapps.a(wifi_uart_demo.)
                0x0301c51c                sampleAppTCPSend
 .text.sampleDataUartRead
                0x0301c5a0       0x8c icomapps.a(wifi_uart_demo.)
                0x0301c5a0                sampleDataUartRead
 .text          0x0301c62c        0x0 icomapps.a(ota_api.o)
 .text.process_thread_auto_reboot_process
                0x0301c62c       0xd8 icomapps.a(ota_api.o)
 .text.cal_ota_checksum
                0x0301c704       0x5c icomapps.a(ota_api.o)
                0x0301c704                cal_ota_checksum
 .text.downloadFinish
                0x0301c760      0x1c8 icomapps.a(ota_api.o)
                0x0301c760                downloadFinish
 .text.filesave_from_phone
                0x0301c928      0x174 icomapps.a(ota_api.o)
                0x0301c928                filesave_from_phone
 .text.OtaTcpConnect
                0x0301ca9c       0x54 icomapps.a(ota_api.o)
                0x0301ca9c                OtaTcpConnect
 .text.process_thread_tcp_client_otaProcess
                0x0301caf0      0x2cc icomapps.a(ota_api.o)
 .text.OtaTcpDisConnect
                0x0301cdbc       0x3c icomapps.a(ota_api.o)
                0x0301cdbc                OtaTcpDisConnect
 .text.setOtaRrmoteIp
                0x0301cdf8       0x24 icomapps.a(ota_api.o)
                0x0301cdf8                setOtaRrmoteIp
 .text.clearOtaParameters
                0x0301ce1c       0x38 icomapps.a(ota_api.o)
                0x0301ce1c                clearOtaParameters
 .text.process_thread_ota_updateProcess
                0x0301ce54      0x20c icomapps.a(ota_api.o)
 .text          0x0301d060        0x0 icomlib.a(pwm_api.o)
 .text.enableHwPWM
                0x0301d060       0x30 icomlib.a(pwm_api.o)
                0x0301d060                enableHwPWM
 .text.disableHwPWM
                0x0301d090       0x10 icomlib.a(pwm_api.o)
                0x0301d090                disableHwPWM
 .text          0x0301d0a0        0x0 icomlib.a(serial_api.o)
 .text.SerialInit
                0x0301d0a0       0x48 icomlib.a(serial_api.o)
                0x0301d0a0                SerialInit
 .text.SerialConfig
                0x0301d0e8        0xc icomlib.a(serial_api.o)
                0x0301d0e8                SerialConfig
 .text.SerialDeinit
                0x0301d0f4       0x38 icomlib.a(serial_api.o)
                0x0301d0f4                SerialDeinit
 .text          0x0301d12c        0x0 icomlib.a(drv_pwm.o)
 .text.drv_pwm_setduty
                0x0301d12c       0x7c icomlib.a(drv_pwm.o)
                0x0301d12c                drv_pwm_setduty
 .text.drv_pwm_init
                0x0301d1a8       0x4c icomlib.a(drv_pwm.o)
                0x0301d1a8                drv_pwm_init
 .text.drv_pwm_enable
                0x0301d1f4       0x14 icomlib.a(drv_pwm.o)
                0x0301d1f4                drv_pwm_enable
 .text.drv_pwm_deinit
                0x0301d208       0x38 icomlib.a(drv_pwm.o)
                0x0301d208                drv_pwm_deinit
 .text.drv_pwm_disable
                0x0301d240       0x14 icomlib.a(drv_pwm.o)
                0x0301d240                drv_pwm_disable
 .text          0x0301d254        0x0 contikilib.a(dhcp_process.o)
 .text.process_thread_dhcp_process
                0x0301d254      0x194 contikilib.a(dhcp_process.o)
 .text.replyAck
                0x0301d3e8       0x10 contikilib.a(dhcp_process.o)
                0x0301d3e8                replyAck
 .text.set_node_ip
                0x0301d3f8       0x90 contikilib.a(dhcp_process.o)
                0x0301d3f8                set_node_ip
 .text.ip_configure
                0x0301d488       0x10 contikilib.a(dhcp_process.o)
                0x0301d488                ip_configure
 .text.dhcp_configure
                0x0301d498       0xb0 contikilib.a(dhcp_process.o)
                0x0301d498                dhcp_configure
 .text          0x0301d548        0x0 contikilib.a(dhcps.o)
 .text.unlikely.find_option
                0x0301d548       0x60 contikilib.a(dhcps.o)
 .text.create_msg
                0x0301d5a8       0x8c contikilib.a(dhcps.o)
 .text.add_lease_time
                0x0301d634       0x68 contikilib.a(dhcps.o)
 .text.add_config
                0x0301d69c       0xa8 contikilib.a(dhcps.o)
 .text.unlikely.lookup_lease_ip
                0x0301d744      0x170 contikilib.a(dhcps.o)
 .text.get_leased_mac
                0x0301d8b4      0x248 contikilib.a(dhcps.o)
 .text.send_nack
                0x0301dafc       0x98 contikilib.a(dhcps.o)
 .text.dhcp_dump_info
                0x0301db94       0xc4 contikilib.a(dhcps.o)
                0x0301db94                dhcp_dump_info
 .text.init_lease
                0x0301dc58       0x20 contikilib.a(dhcps.o)
                0x0301dc58                init_lease
 .text.process_thread_dhcp_server_process
                0x0301dc78      0x968 contikilib.a(dhcps.o)
 .text.release_address_by_mac
                0x0301e5e0       0xc8 contikilib.a(dhcps.o)
                0x0301e5e0                release_address_by_mac
 .text.dhcps_init
                0x0301e6a8       0x7c contikilib.a(dhcps.o)
                0x0301e6a8                dhcps_init
 .text.dhcps_exit
                0x0301e724        0xc contikilib.a(dhcps.o)
                0x0301e724                dhcps_exit
 .text          0x0301e730        0x0 contikilib.a(resolv.o)
 .text.skip_name
                0x0301e730       0x2c contikilib.a(resolv.o)
 .text.resolv_found.isra.0
                0x0301e75c       0x18 contikilib.a(resolv.o)
 .text.process_thread_resolv_process
                0x0301e774      0x548 contikilib.a(resolv.o)
 .text.resolv_query
                0x0301ecbc      0x150 contikilib.a(resolv.o)
                0x0301ecbc                resolv_query
 .text.resolv_lookup
                0x0301ee0c       0xdc contikilib.a(resolv.o)
                0x0301ee0c                resolv_lookup
 .text.resolv_getserver
                0x0301eee8        0xc contikilib.a(resolv.o)
                0x0301eee8                resolv_getserver
 .text.resolv_conf
                0x0301eef4       0x1c contikilib.a(resolv.o)
                0x0301eef4                resolv_conf
 .text          0x0301ef10        0x0 contikilib.a(simple-udp.o)
 .text.process_thread_simple_udp_process
                0x0301ef10      0x14c contikilib.a(simple-udp.o)
 .text.simple_udp_send
                0x0301f05c       0x48 contikilib.a(simple-udp.o)
                0x0301f05c                simple_udp_send
 .text.simple_udp_sendto
                0x0301f0a4       0x44 contikilib.a(simple-udp.o)
                0x0301f0a4                simple_udp_sendto
 .text.simple_udp_sendto_port
                0x0301f0e8       0x40 contikilib.a(simple-udp.o)
                0x0301f0e8                simple_udp_sendto_port
 .text.simple_udp_register
                0x0301f128       0xcc contikilib.a(simple-udp.o)
                0x0301f128                simple_udp_register
 .text          0x0301f1f4        0x0 contikilib.a(uip_arp.o)
 .text.send_arp_request
                0x0301f1f4       0xf0 contikilib.a(uip_arp.o)
 .text.process_thread_get_gatewaymac_process
                0x0301f2e4       0xcc contikilib.a(uip_arp.o)
 .text.uip_arp_print
                0x0301f3b0       0x80 contikilib.a(uip_arp.o)
                0x0301f3b0                uip_arp_print
 .text.uip_arp_delete
                0x0301f430       0xac contikilib.a(uip_arp.o)
                0x0301f430                uip_arp_delete
 .text.uip_arp_init
                0x0301f4dc       0x84 contikilib.a(uip_arp.o)